
G:\Xlinix-workspace\projekt-hls\hls4ml_projects\wedrowiec_hls\wedrowiec_hls_prj\solution1\sim\verilog>set PATH= 

G:\Xlinix-workspace\projekt-hls\hls4ml_projects\wedrowiec_hls\wedrowiec_hls_prj\solution1\sim\verilog>call G:/Xilinx/Vivado/2024.2/bin/xelab xil_defaultlib.apatb_wedrowiec_hls_axi_top glbl -Oenable_linking_all_libraries  -prj wedrowiec_hls_axi.prj -L smartconnect_v1_0 -L axi_protocol_checker_v1_1_12 -L axi_protocol_checker_v1_1_13 -L axis_protocol_checker_v1_1_11 -L axis_protocol_checker_v1_1_12 -L xil_defaultlib -L unisims_ver -L xpm  -L floating_point_v7_0_24 -L floating_point_v7_1_19 --lib "ieee_proposed=./ieee_proposed" -s wedrowiec_hls_axi -debug all 
Vivado Simulator v2024.2.0
Copyright 1986-2022 Xilinx, Inc. All Rights Reserved.
Copyright 2022-2024 Advanced Micro Devices, Inc. All Rights Reserved.
Running: G:/Xilinx/Vivado/2024.2/bin/unwrapped/win64.o/xelab.exe xil_defaultlib.apatb_wedrowiec_hls_axi_top glbl -Oenable_linking_all_libraries -prj wedrowiec_hls_axi.prj -L smartconnect_v1_0 -L axi_protocol_checker_v1_1_12 -L axi_protocol_checker_v1_1_13 -L axis_protocol_checker_v1_1_11 -L axis_protocol_checker_v1_1_12 -L xil_defaultlib -L unisims_ver -L xpm -L floating_point_v7_0_24 -L floating_point_v7_1_19 --lib ieee_proposed=./ieee_proposed -s wedrowiec_hls_axi -debug all 
Multi-threading is on. Using 22 slave threads.
INFO: [VRFC 10-2263] Analyzing SystemVerilog file "G:/Xlinix-workspace/projekt-hls/hls4ml_projects/wedrowiec_hls/wedrowiec_hls_prj/solution1/sim/verilog/ip/xil_defaultlib/wedrowiec_hls_axi_fpext_32ns_64_2_no_dsp_1_ip.v" into library xil_defaultlib
INFO: [VRFC 10-311] analyzing module wedrowiec_hls_axi_fpext_32ns_64_2_no_dsp_1_ip
INFO: [VRFC 10-2263] Analyzing SystemVerilog file "G:/Xlinix-workspace/projekt-hls/hls4ml_projects/wedrowiec_hls/wedrowiec_hls_prj/solution1/sim/verilog/glbl.v" into library work
INFO: [VRFC 10-311] analyzing module glbl
INFO: [VRFC 10-2263] Analyzing SystemVerilog file "G:/Xlinix-workspace/projekt-hls/hls4ml_projects/wedrowiec_hls/wedrowiec_hls_prj/solution1/sim/verilog/AESL_axi_s_in_r.v" into library xil_defaultlib
INFO: [VRFC 10-311] analyzing module AESL_axi_s_in_r
INFO: [VRFC 10-2263] Analyzing SystemVerilog file "G:/Xlinix-workspace/projekt-hls/hls4ml_projects/wedrowiec_hls/wedrowiec_hls_prj/solution1/sim/verilog/AESL_axi_s_out_r.v" into library xil_defaultlib
INFO: [VRFC 10-311] analyzing module AESL_axi_s_out_r
INFO: [VRFC 10-2263] Analyzing SystemVerilog file "G:/Xlinix-workspace/projekt-hls/hls4ml_projects/wedrowiec_hls/wedrowiec_hls_prj/solution1/sim/verilog/AESL_deadlock_detection_unit.v" into library xil_defaultlib
INFO: [VRFC 10-311] analyzing module AESL_deadlock_detect_unit
INFO: [VRFC 10-2263] Analyzing SystemVerilog file "G:/Xlinix-workspace/projekt-hls/hls4ml_projects/wedrowiec_hls/wedrowiec_hls_prj/solution1/sim/verilog/AESL_deadlock_detector.v" into library xil_defaultlib
INFO: [VRFC 10-311] analyzing module AESL_deadlock_detector
INFO: [VRFC 10-2263] Analyzing SystemVerilog file "G:/Xlinix-workspace/projekt-hls/hls4ml_projects/wedrowiec_hls/wedrowiec_hls_prj/solution1/sim/verilog/AESL_deadlock_idx0_monitor.v" into library xil_defaultlib
INFO: [VRFC 10-311] analyzing module AESL_deadlock_idx0_monitor
INFO: [VRFC 10-2263] Analyzing SystemVerilog file "G:/Xlinix-workspace/projekt-hls/hls4ml_projects/wedrowiec_hls/wedrowiec_hls_prj/solution1/sim/verilog/AESL_deadlock_kernel_monitor_top.v" into library xil_defaultlib
INFO: [VRFC 10-311] analyzing module AESL_deadlock_kernel_monitor_top
INFO: [VRFC 10-2263] Analyzing SystemVerilog file "G:/Xlinix-workspace/projekt-hls/hls4ml_projects/wedrowiec_hls/wedrowiec_hls_prj/solution1/sim/verilog/AESL_deadlock_report_unit.v" into library xil_defaultlib
INFO: [VRFC 10-311] analyzing module AESL_deadlock_report_unit
INFO: [VRFC 10-2263] Analyzing SystemVerilog file "G:/Xlinix-workspace/projekt-hls/hls4ml_projects/wedrowiec_hls/wedrowiec_hls_prj/solution1/sim/verilog/AESL_fifo.v" into library xil_defaultlib
INFO: [VRFC 10-311] analyzing module fifo
INFO: [VRFC 10-2263] Analyzing SystemVerilog file "G:/Xlinix-workspace/projekt-hls/hls4ml_projects/wedrowiec_hls/wedrowiec_hls_prj/solution1/sim/verilog/wedrowiec_hls_axi.autotb.v" into library xil_defaultlib
INFO: [VRFC 10-311] analyzing module apatb_wedrowiec_hls_axi_top
INFO: [VRFC 10-2263] Analyzing SystemVerilog file "G:/Xlinix-workspace/projekt-hls/hls4ml_projects/wedrowiec_hls/wedrowiec_hls_prj/solution1/sim/verilog/wedrowiec_hls_axi.v" into library xil_defaultlib
INFO: [VRFC 10-311] analyzing module wedrowiec_hls_axi
INFO: [VRFC 10-2263] Analyzing SystemVerilog file "G:/Xlinix-workspace/projekt-hls/hls4ml_projects/wedrowiec_hls/wedrowiec_hls_prj/solution1/sim/verilog/wedrowiec_hls_axi_bitselect_1ns_25ns_32s_1_1_1.v" into library xil_defaultlib
INFO: [VRFC 10-311] analyzing module wedrowiec_hls_axi_bitselect_1ns_25ns_32s_1_1_1
INFO: [VRFC 10-2263] Analyzing SystemVerilog file "G:/Xlinix-workspace/projekt-hls/hls4ml_projects/wedrowiec_hls/wedrowiec_hls_prj/solution1/sim/verilog/wedrowiec_hls_axi_bitselect_1ns_54ns_32ns_1_1_1.v" into library xil_defaultlib
INFO: [VRFC 10-311] analyzing module wedrowiec_hls_axi_bitselect_1ns_54ns_32ns_1_1_1
INFO: [VRFC 10-2263] Analyzing SystemVerilog file "G:/Xlinix-workspace/projekt-hls/hls4ml_projects/wedrowiec_hls/wedrowiec_hls_prj/solution1/sim/verilog/wedrowiec_hls_axi_bitselect_1ns_54ns_32s_1_1_1.v" into library xil_defaultlib
INFO: [VRFC 10-311] analyzing module wedrowiec_hls_axi_bitselect_1ns_54ns_32s_1_1_1
INFO: [VRFC 10-2263] Analyzing SystemVerilog file "G:/Xlinix-workspace/projekt-hls/hls4ml_projects/wedrowiec_hls/wedrowiec_hls_prj/solution1/sim/verilog/wedrowiec_hls_axi_ctlz_25_25_1_1.v" into library xil_defaultlib
INFO: [VRFC 10-311] analyzing module wedrowiec_hls_axi_ctlz_25_25_1_1
INFO: [VRFC 10-2263] Analyzing SystemVerilog file "G:/Xlinix-workspace/projekt-hls/hls4ml_projects/wedrowiec_hls/wedrowiec_hls_prj/solution1/sim/verilog/wedrowiec_hls_axi_ctype_RAM_AUTO_1R1W.v" into library xil_defaultlib
INFO: [VRFC 10-311] analyzing module wedrowiec_hls_axi_ctype_RAM_AUTO_1R1W
INFO: [VRFC 10-2263] Analyzing SystemVerilog file "G:/Xlinix-workspace/projekt-hls/hls4ml_projects/wedrowiec_hls/wedrowiec_hls_prj/solution1/sim/verilog/wedrowiec_hls_axi_dense_array_ap_fixed_16u_array_ap_fixed_25_13_5_3_0_4u_config9_s.v" into library xil_defaultlib
INFO: [VRFC 10-311] analyzing module wedrowiec_hls_axi_dense_array_ap_fixed_16u_array_ap_fixed_25_13_5_3_0_4u_config9_s
INFO: [VRFC 10-2263] Analyzing SystemVerilog file "G:/Xlinix-workspace/projekt-hls/hls4ml_projects/wedrowiec_hls/wedrowiec_hls_prj/solution1/sim/verilog/wedrowiec_hls_axi_dense_array_ap_fixed_32u_array_ap_fixed_26_14_5_3_0_16u_config7_s.v" into library xil_defaultlib
INFO: [VRFC 10-311] analyzing module wedrowiec_hls_axi_dense_array_ap_fixed_32u_array_ap_fixed_26_14_5_3_0_16u_config7_s
INFO: [VRFC 10-2263] Analyzing SystemVerilog file "G:/Xlinix-workspace/projekt-hls/hls4ml_projects/wedrowiec_hls/wedrowiec_hls_prj/solution1/sim/verilog/wedrowiec_hls_axi_dense_array_ap_fixed_32u_array_ap_fixed_26_14_5_3_0_32u_config5_s.v" into library xil_defaultlib
INFO: [VRFC 10-311] analyzing module wedrowiec_hls_axi_dense_array_ap_fixed_32u_array_ap_fixed_26_14_5_3_0_32u_config5_s
INFO: [VRFC 10-2263] Analyzing SystemVerilog file "G:/Xlinix-workspace/projekt-hls/hls4ml_projects/wedrowiec_hls/wedrowiec_hls_prj/solution1/sim/verilog/wedrowiec_hls_axi_dense_array_ap_ufixed_8u_array_ap_fixed_25_12_5_3_0_32u_config3_s.v" into library xil_defaultlib
INFO: [VRFC 10-311] analyzing module wedrowiec_hls_axi_dense_array_ap_ufixed_8u_array_ap_fixed_25_12_5_3_0_32u_config3_s
INFO: [VRFC 10-2263] Analyzing SystemVerilog file "G:/Xlinix-workspace/projekt-hls/hls4ml_projects/wedrowiec_hls/wedrowiec_hls_prj/solution1/sim/verilog/wedrowiec_hls_axi_dense_array_array_ap_fixed_25_12_5_3_0_32u_config3_Pipeline_DataPrepare.v" into library xil_defaultlib
INFO: [VRFC 10-311] analyzing module wedrowiec_hls_axi_dense_array_array_ap_fixed_25_12_5_3_0_32u_config3_Pipeline_DataPrepare
INFO: [VRFC 10-2263] Analyzing SystemVerilog file "G:/Xlinix-workspace/projekt-hls/hls4ml_projects/wedrowiec_hls/wedrowiec_hls_prj/solution1/sim/verilog/wedrowiec_hls_axi_dense_resource_rf_gt_nin_rem0_ap_fixed_ap_fixed_25_13_5_3_0_config9_s.v" into library xil_defaultlib
INFO: [VRFC 10-311] analyzing module wedrowiec_hls_axi_dense_resource_rf_gt_nin_rem0_ap_fixed_ap_fixed_25_13_5_3_0_config9_s
INFO: [VRFC 10-2263] Analyzing SystemVerilog file "G:/Xlinix-workspace/projekt-hls/hls4ml_projects/wedrowiec_hls/wedrowiec_hls_prj/solution1/sim/verilog/wedrowiec_hls_axi_dense_resource_rf_gt_nin_rem0_ap_fixed_ap_fixed_25_13_5_3_0_config9_s_outidx_hbi.v" into library xil_defaultlib
INFO: [VRFC 10-311] analyzing module wedrowiec_hls_axi_dense_resource_rf_gt_nin_rem0_ap_fixed_ap_fixed_25_13_5_3_0_config9_s_outidx_hbi
INFO: [VRFC 10-2263] Analyzing SystemVerilog file "G:/Xlinix-workspace/projekt-hls/hls4ml_projects/wedrowiec_hls/wedrowiec_hls_prj/solution1/sim/verilog/wedrowiec_hls_axi_dense_resource_rf_gt_nin_rem0_ap_fixed_ap_fixed_25_13_5_3_0_config9_s_w9_ROM_ibs.v" into library xil_defaultlib
INFO: [VRFC 10-311] analyzing module wedrowiec_hls_axi_dense_resource_rf_gt_nin_rem0_ap_fixed_ap_fixed_25_13_5_3_0_config9_s_w9_ROM_ibs
INFO: [VRFC 10-2263] Analyzing SystemVerilog file "G:/Xlinix-workspace/projekt-hls/hls4ml_projects/wedrowiec_hls/wedrowiec_hls_prj/solution1/sim/verilog/wedrowiec_hls_axi_dense_resource_rf_gt_nin_rem0_ap_fixed_ap_fixed_26_14_5_3_0_config5_s.v" into library xil_defaultlib
INFO: [VRFC 10-311] analyzing module wedrowiec_hls_axi_dense_resource_rf_gt_nin_rem0_ap_fixed_ap_fixed_26_14_5_3_0_config5_s
INFO: [VRFC 10-2263] Analyzing SystemVerilog file "G:/Xlinix-workspace/projekt-hls/hls4ml_projects/wedrowiec_hls/wedrowiec_hls_prj/solution1/sim/verilog/wedrowiec_hls_axi_dense_resource_rf_gt_nin_rem0_ap_fixed_ap_fixed_26_14_5_3_0_config5_s_outidx_dEe.v" into library xil_defaultlib
INFO: [VRFC 10-311] analyzing module wedrowiec_hls_axi_dense_resource_rf_gt_nin_rem0_ap_fixed_ap_fixed_26_14_5_3_0_config5_s_outidx_dEe
INFO: [VRFC 10-2263] Analyzing SystemVerilog file "G:/Xlinix-workspace/projekt-hls/hls4ml_projects/wedrowiec_hls/wedrowiec_hls_prj/solution1/sim/verilog/wedrowiec_hls_axi_dense_resource_rf_gt_nin_rem0_ap_fixed_ap_fixed_26_14_5_3_0_config5_s_w5_ROM_eOg.v" into library xil_defaultlib
INFO: [VRFC 10-311] analyzing module wedrowiec_hls_axi_dense_resource_rf_gt_nin_rem0_ap_fixed_ap_fixed_26_14_5_3_0_config5_s_w5_ROM_eOg
INFO: [VRFC 10-2263] Analyzing SystemVerilog file "G:/Xlinix-workspace/projekt-hls/hls4ml_projects/wedrowiec_hls/wedrowiec_hls_prj/solution1/sim/verilog/wedrowiec_hls_axi_dense_resource_rf_gt_nin_rem0_ap_fixed_ap_fixed_26_14_5_3_0_config7_s.v" into library xil_defaultlib
INFO: [VRFC 10-311] analyzing module wedrowiec_hls_axi_dense_resource_rf_gt_nin_rem0_ap_fixed_ap_fixed_26_14_5_3_0_config7_s
INFO: [VRFC 10-2263] Analyzing SystemVerilog file "G:/Xlinix-workspace/projekt-hls/hls4ml_projects/wedrowiec_hls/wedrowiec_hls_prj/solution1/sim/verilog/wedrowiec_hls_axi_dense_resource_rf_gt_nin_rem0_ap_fixed_ap_fixed_26_14_5_3_0_config7_s_outidx_fYi.v" into library xil_defaultlib
INFO: [VRFC 10-311] analyzing module wedrowiec_hls_axi_dense_resource_rf_gt_nin_rem0_ap_fixed_ap_fixed_26_14_5_3_0_config7_s_outidx_fYi
INFO: [VRFC 10-2263] Analyzing SystemVerilog file "G:/Xlinix-workspace/projekt-hls/hls4ml_projects/wedrowiec_hls/wedrowiec_hls_prj/solution1/sim/verilog/wedrowiec_hls_axi_dense_resource_rf_gt_nin_rem0_ap_fixed_ap_fixed_26_14_5_3_0_config7_s_w7_ROM_g8j.v" into library xil_defaultlib
INFO: [VRFC 10-311] analyzing module wedrowiec_hls_axi_dense_resource_rf_gt_nin_rem0_ap_fixed_ap_fixed_26_14_5_3_0_config7_s_w7_ROM_g8j
INFO: [VRFC 10-2263] Analyzing SystemVerilog file "G:/Xlinix-workspace/projekt-hls/hls4ml_projects/wedrowiec_hls/wedrowiec_hls_prj/solution1/sim/verilog/wedrowiec_hls_axi_dense_resource_rf_gt_nin_rem0_ap_ufixed_ap_fixed_25_12_5_3_0_config3_s.v" into library xil_defaultlib
INFO: [VRFC 10-311] analyzing module wedrowiec_hls_axi_dense_resource_rf_gt_nin_rem0_ap_ufixed_ap_fixed_25_12_5_3_0_config3_s
INFO: [VRFC 10-2263] Analyzing SystemVerilog file "G:/Xlinix-workspace/projekt-hls/hls4ml_projects/wedrowiec_hls/wedrowiec_hls_prj/solution1/sim/verilog/wedrowiec_hls_axi_dense_resource_rf_gt_nin_rem0_ap_ufixed_ap_fixed_25_12_5_3_0_config3_s_outidxbkb.v" into library xil_defaultlib
INFO: [VRFC 10-311] analyzing module wedrowiec_hls_axi_dense_resource_rf_gt_nin_rem0_ap_ufixed_ap_fixed_25_12_5_3_0_config3_s_outidxbkb
INFO: [VRFC 10-2263] Analyzing SystemVerilog file "G:/Xlinix-workspace/projekt-hls/hls4ml_projects/wedrowiec_hls/wedrowiec_hls_prj/solution1/sim/verilog/wedrowiec_hls_axi_dense_resource_rf_gt_nin_rem0_ap_ufixed_ap_fixed_25_12_5_3_0_config3_s_w3_ROMcud.v" into library xil_defaultlib
INFO: [VRFC 10-311] analyzing module wedrowiec_hls_axi_dense_resource_rf_gt_nin_rem0_ap_ufixed_ap_fixed_25_12_5_3_0_config3_s_w3_ROMcud
INFO: [VRFC 10-2263] Analyzing SystemVerilog file "G:/Xlinix-workspace/projekt-hls/hls4ml_projects/wedrowiec_hls/wedrowiec_hls_prj/solution1/sim/verilog/wedrowiec_hls_axi_fifo_w100_d1_S.v" into library xil_defaultlib
INFO: [VRFC 10-311] analyzing module wedrowiec_hls_axi_fifo_w100_d1_S
INFO: [VRFC 10-311] analyzing module wedrowiec_hls_axi_fifo_w100_d1_S_ShiftReg
INFO: [VRFC 10-2263] Analyzing SystemVerilog file "G:/Xlinix-workspace/projekt-hls/hls4ml_projects/wedrowiec_hls/wedrowiec_hls_prj/solution1/sim/verilog/wedrowiec_hls_axi_fifo_w160_d1_S.v" into library xil_defaultlib
INFO: [VRFC 10-311] analyzing module wedrowiec_hls_axi_fifo_w160_d1_S
INFO: [VRFC 10-311] analyzing module wedrowiec_hls_axi_fifo_w160_d1_S_ShiftReg
INFO: [VRFC 10-2263] Analyzing SystemVerilog file "G:/Xlinix-workspace/projekt-hls/hls4ml_projects/wedrowiec_hls/wedrowiec_hls_prj/solution1/sim/verilog/wedrowiec_hls_axi_fifo_w320_d1_S.v" into library xil_defaultlib
INFO: [VRFC 10-311] analyzing module wedrowiec_hls_axi_fifo_w320_d1_S
INFO: [VRFC 10-311] analyzing module wedrowiec_hls_axi_fifo_w320_d1_S_ShiftReg
INFO: [VRFC 10-2263] Analyzing SystemVerilog file "G:/Xlinix-workspace/projekt-hls/hls4ml_projects/wedrowiec_hls/wedrowiec_hls_prj/solution1/sim/verilog/wedrowiec_hls_axi_fifo_w416_d1_S.v" into library xil_defaultlib
INFO: [VRFC 10-311] analyzing module wedrowiec_hls_axi_fifo_w416_d1_S
INFO: [VRFC 10-311] analyzing module wedrowiec_hls_axi_fifo_w416_d1_S_ShiftReg
INFO: [VRFC 10-2263] Analyzing SystemVerilog file "G:/Xlinix-workspace/projekt-hls/hls4ml_projects/wedrowiec_hls/wedrowiec_hls_prj/solution1/sim/verilog/wedrowiec_hls_axi_fifo_w64_d8_S.v" into library xil_defaultlib
INFO: [VRFC 10-311] analyzing module wedrowiec_hls_axi_fifo_w64_d8_S
INFO: [VRFC 10-311] analyzing module wedrowiec_hls_axi_fifo_w64_d8_S_ShiftReg
INFO: [VRFC 10-2263] Analyzing SystemVerilog file "G:/Xlinix-workspace/projekt-hls/hls4ml_projects/wedrowiec_hls/wedrowiec_hls_prj/solution1/sim/verilog/wedrowiec_hls_axi_fifo_w800_d1_S.v" into library xil_defaultlib
INFO: [VRFC 10-311] analyzing module wedrowiec_hls_axi_fifo_w800_d1_S
INFO: [VRFC 10-311] analyzing module wedrowiec_hls_axi_fifo_w800_d1_S_ShiftReg
INFO: [VRFC 10-2263] Analyzing SystemVerilog file "G:/Xlinix-workspace/projekt-hls/hls4ml_projects/wedrowiec_hls/wedrowiec_hls_prj/solution1/sim/verilog/wedrowiec_hls_axi_fifo_w832_d1_S.v" into library xil_defaultlib
INFO: [VRFC 10-311] analyzing module wedrowiec_hls_axi_fifo_w832_d1_S
INFO: [VRFC 10-311] analyzing module wedrowiec_hls_axi_fifo_w832_d1_S_ShiftReg
INFO: [VRFC 10-2263] Analyzing SystemVerilog file "G:/Xlinix-workspace/projekt-hls/hls4ml_projects/wedrowiec_hls/wedrowiec_hls_prj/solution1/sim/verilog/wedrowiec_hls_axi_flow_control_loop_pipe_sequential_init.v" into library xil_defaultlib
INFO: [VRFC 10-311] analyzing module wedrowiec_hls_axi_flow_control_loop_pipe_sequential_init
INFO: [VRFC 10-2263] Analyzing SystemVerilog file "G:/Xlinix-workspace/projekt-hls/hls4ml_projects/wedrowiec_hls/wedrowiec_hls_prj/solution1/sim/verilog/wedrowiec_hls_axi_fpext_32ns_64_2_no_dsp_1.v" into library xil_defaultlib
INFO: [VRFC 10-311] analyzing module wedrowiec_hls_axi_fpext_32ns_64_2_no_dsp_1
INFO: [VRFC 10-2263] Analyzing SystemVerilog file "G:/Xlinix-workspace/projekt-hls/hls4ml_projects/wedrowiec_hls/wedrowiec_hls_prj/solution1/sim/verilog/wedrowiec_hls_axi_mac_muladd_10s_7s_25s_26_1_1.v" into library xil_defaultlib
INFO: [VRFC 10-311] analyzing module wedrowiec_hls_axi_mac_muladd_10s_7s_25s_26_1_1_DSP48_0
INFO: [VRFC 10-311] analyzing module wedrowiec_hls_axi_mac_muladd_10s_7s_25s_26_1_1
INFO: [VRFC 10-2263] Analyzing SystemVerilog file "G:/Xlinix-workspace/projekt-hls/hls4ml_projects/wedrowiec_hls/wedrowiec_hls_prj/solution1/sim/verilog/wedrowiec_hls_axi_mac_muladd_10s_7s_26s_27_1_1.v" into library xil_defaultlib
INFO: [VRFC 10-311] analyzing module wedrowiec_hls_axi_mac_muladd_10s_7s_26s_27_1_1_DSP48_0
INFO: [VRFC 10-311] analyzing module wedrowiec_hls_axi_mac_muladd_10s_7s_26s_27_1_1
INFO: [VRFC 10-2263] Analyzing SystemVerilog file "G:/Xlinix-workspace/projekt-hls/hls4ml_projects/wedrowiec_hls/wedrowiec_hls_prj/solution1/sim/verilog/wedrowiec_hls_axi_mac_muladd_8ns_7s_25s_26_1_1.v" into library xil_defaultlib
INFO: [VRFC 10-311] analyzing module wedrowiec_hls_axi_mac_muladd_8ns_7s_25s_26_1_1_DSP48_0
INFO: [VRFC 10-311] analyzing module wedrowiec_hls_axi_mac_muladd_8ns_7s_25s_26_1_1
INFO: [VRFC 10-2263] Analyzing SystemVerilog file "G:/Xlinix-workspace/projekt-hls/hls4ml_projects/wedrowiec_hls/wedrowiec_hls_prj/solution1/sim/verilog/wedrowiec_hls_axi_mul_10s_5ns_14_1_1.v" into library xil_defaultlib
INFO: [VRFC 10-311] analyzing module wedrowiec_hls_axi_mul_10s_5ns_14_1_1
INFO: [VRFC 10-2263] Analyzing SystemVerilog file "G:/Xlinix-workspace/projekt-hls/hls4ml_projects/wedrowiec_hls/wedrowiec_hls_prj/solution1/sim/verilog/wedrowiec_hls_axi_mul_10s_5ns_15_1_1.v" into library xil_defaultlib
INFO: [VRFC 10-311] analyzing module wedrowiec_hls_axi_mul_10s_5ns_15_1_1
INFO: [VRFC 10-2263] Analyzing SystemVerilog file "G:/Xlinix-workspace/projekt-hls/hls4ml_projects/wedrowiec_hls/wedrowiec_hls_prj/solution1/sim/verilog/wedrowiec_hls_axi_mul_10s_5s_14_1_1.v" into library xil_defaultlib
INFO: [VRFC 10-311] analyzing module wedrowiec_hls_axi_mul_10s_5s_14_1_1
INFO: [VRFC 10-2263] Analyzing SystemVerilog file "G:/Xlinix-workspace/projekt-hls/hls4ml_projects/wedrowiec_hls/wedrowiec_hls_prj/solution1/sim/verilog/wedrowiec_hls_axi_mul_10s_5s_15_1_1.v" into library xil_defaultlib
INFO: [VRFC 10-311] analyzing module wedrowiec_hls_axi_mul_10s_5s_15_1_1
INFO: [VRFC 10-2263] Analyzing SystemVerilog file "G:/Xlinix-workspace/projekt-hls/hls4ml_projects/wedrowiec_hls/wedrowiec_hls_prj/solution1/sim/verilog/wedrowiec_hls_axi_mul_10s_6ns_15_1_1.v" into library xil_defaultlib
INFO: [VRFC 10-311] analyzing module wedrowiec_hls_axi_mul_10s_6ns_15_1_1
INFO: [VRFC 10-2263] Analyzing SystemVerilog file "G:/Xlinix-workspace/projekt-hls/hls4ml_projects/wedrowiec_hls/wedrowiec_hls_prj/solution1/sim/verilog/wedrowiec_hls_axi_mul_10s_6ns_16_1_1.v" into library xil_defaultlib
INFO: [VRFC 10-311] analyzing module wedrowiec_hls_axi_mul_10s_6ns_16_1_1
INFO: [VRFC 10-2263] Analyzing SystemVerilog file "G:/Xlinix-workspace/projekt-hls/hls4ml_projects/wedrowiec_hls/wedrowiec_hls_prj/solution1/sim/verilog/wedrowiec_hls_axi_mul_10s_6s_15_1_1.v" into library xil_defaultlib
INFO: [VRFC 10-311] analyzing module wedrowiec_hls_axi_mul_10s_6s_15_1_1
INFO: [VRFC 10-2263] Analyzing SystemVerilog file "G:/Xlinix-workspace/projekt-hls/hls4ml_projects/wedrowiec_hls/wedrowiec_hls_prj/solution1/sim/verilog/wedrowiec_hls_axi_mul_10s_6s_16_1_1.v" into library xil_defaultlib
INFO: [VRFC 10-311] analyzing module wedrowiec_hls_axi_mul_10s_6s_16_1_1
INFO: [VRFC 10-2263] Analyzing SystemVerilog file "G:/Xlinix-workspace/projekt-hls/hls4ml_projects/wedrowiec_hls/wedrowiec_hls_prj/solution1/sim/verilog/wedrowiec_hls_axi_mul_10s_7ns_16_1_1.v" into library xil_defaultlib
INFO: [VRFC 10-311] analyzing module wedrowiec_hls_axi_mul_10s_7ns_16_1_1
INFO: [VRFC 10-2263] Analyzing SystemVerilog file "G:/Xlinix-workspace/projekt-hls/hls4ml_projects/wedrowiec_hls/wedrowiec_hls_prj/solution1/sim/verilog/wedrowiec_hls_axi_mul_10s_7ns_17_1_1.v" into library xil_defaultlib
INFO: [VRFC 10-311] analyzing module wedrowiec_hls_axi_mul_10s_7ns_17_1_1
INFO: [VRFC 10-2263] Analyzing SystemVerilog file "G:/Xlinix-workspace/projekt-hls/hls4ml_projects/wedrowiec_hls/wedrowiec_hls_prj/solution1/sim/verilog/wedrowiec_hls_axi_mul_10s_7s_16_1_1.v" into library xil_defaultlib
INFO: [VRFC 10-311] analyzing module wedrowiec_hls_axi_mul_10s_7s_16_1_1
INFO: [VRFC 10-2263] Analyzing SystemVerilog file "G:/Xlinix-workspace/projekt-hls/hls4ml_projects/wedrowiec_hls/wedrowiec_hls_prj/solution1/sim/verilog/wedrowiec_hls_axi_mul_10s_7s_17_1_1.v" into library xil_defaultlib
INFO: [VRFC 10-311] analyzing module wedrowiec_hls_axi_mul_10s_7s_17_1_1
INFO: [VRFC 10-2263] Analyzing SystemVerilog file "G:/Xlinix-workspace/projekt-hls/hls4ml_projects/wedrowiec_hls/wedrowiec_hls_prj/solution1/sim/verilog/wedrowiec_hls_axi_mul_10s_8s_17_1_1.v" into library xil_defaultlib
INFO: [VRFC 10-311] analyzing module wedrowiec_hls_axi_mul_10s_8s_17_1_1
INFO: [VRFC 10-2263] Analyzing SystemVerilog file "G:/Xlinix-workspace/projekt-hls/hls4ml_projects/wedrowiec_hls/wedrowiec_hls_prj/solution1/sim/verilog/wedrowiec_hls_axi_mul_11s_5ns_15_1_1.v" into library xil_defaultlib
INFO: [VRFC 10-311] analyzing module wedrowiec_hls_axi_mul_11s_5ns_15_1_1
INFO: [VRFC 10-2263] Analyzing SystemVerilog file "G:/Xlinix-workspace/projekt-hls/hls4ml_projects/wedrowiec_hls/wedrowiec_hls_prj/solution1/sim/verilog/wedrowiec_hls_axi_mul_11s_6ns_16_1_1.v" into library xil_defaultlib
INFO: [VRFC 10-311] analyzing module wedrowiec_hls_axi_mul_11s_6ns_16_1_1
INFO: [VRFC 10-2263] Analyzing SystemVerilog file "G:/Xlinix-workspace/projekt-hls/hls4ml_projects/wedrowiec_hls/wedrowiec_hls_prj/solution1/sim/verilog/wedrowiec_hls_axi_mul_11s_6s_16_1_1.v" into library xil_defaultlib
INFO: [VRFC 10-311] analyzing module wedrowiec_hls_axi_mul_11s_6s_16_1_1
INFO: [VRFC 10-2263] Analyzing SystemVerilog file "G:/Xlinix-workspace/projekt-hls/hls4ml_projects/wedrowiec_hls/wedrowiec_hls_prj/solution1/sim/verilog/wedrowiec_hls_axi_mul_8ns_5ns_12_1_1.v" into library xil_defaultlib
INFO: [VRFC 10-311] analyzing module wedrowiec_hls_axi_mul_8ns_5ns_12_1_1
INFO: [VRFC 10-2263] Analyzing SystemVerilog file "G:/Xlinix-workspace/projekt-hls/hls4ml_projects/wedrowiec_hls/wedrowiec_hls_prj/solution1/sim/verilog/wedrowiec_hls_axi_mul_8ns_5s_13_1_1.v" into library xil_defaultlib
INFO: [VRFC 10-311] analyzing module wedrowiec_hls_axi_mul_8ns_5s_13_1_1
INFO: [VRFC 10-2263] Analyzing SystemVerilog file "G:/Xlinix-workspace/projekt-hls/hls4ml_projects/wedrowiec_hls/wedrowiec_hls_prj/solution1/sim/verilog/wedrowiec_hls_axi_mul_8ns_6ns_13_1_1.v" into library xil_defaultlib
INFO: [VRFC 10-311] analyzing module wedrowiec_hls_axi_mul_8ns_6ns_13_1_1
INFO: [VRFC 10-2263] Analyzing SystemVerilog file "G:/Xlinix-workspace/projekt-hls/hls4ml_projects/wedrowiec_hls/wedrowiec_hls_prj/solution1/sim/verilog/wedrowiec_hls_axi_mul_8ns_6s_14_1_1.v" into library xil_defaultlib
INFO: [VRFC 10-311] analyzing module wedrowiec_hls_axi_mul_8ns_6s_14_1_1
INFO: [VRFC 10-2263] Analyzing SystemVerilog file "G:/Xlinix-workspace/projekt-hls/hls4ml_projects/wedrowiec_hls/wedrowiec_hls_prj/solution1/sim/verilog/wedrowiec_hls_axi_regslice_both.v" into library xil_defaultlib
INFO: [VRFC 10-311] analyzing module wedrowiec_hls_axi_regslice_both
INFO: [VRFC 10-2263] Analyzing SystemVerilog file "G:/Xlinix-workspace/projekt-hls/hls4ml_projects/wedrowiec_hls/wedrowiec_hls_prj/solution1/sim/verilog/wedrowiec_hls_axi_relu_array_ap_fixed_16u_array_ap_fixed_10_4_0_0_0_16u_relu_config8_s.v" into library xil_defaultlib
INFO: [VRFC 10-311] analyzing module wedrowiec_hls_axi_relu_array_ap_fixed_16u_array_ap_fixed_10_4_0_0_0_16u_relu_config8_s
INFO: [VRFC 10-2263] Analyzing SystemVerilog file "G:/Xlinix-workspace/projekt-hls/hls4ml_projects/wedrowiec_hls/wedrowiec_hls_prj/solution1/sim/verilog/wedrowiec_hls_axi_relu_array_ap_fixed_32u_array_ap_fixed_10_4_0_0_0_32u_relu_config4_s.v" into library xil_defaultlib
INFO: [VRFC 10-311] analyzing module wedrowiec_hls_axi_relu_array_ap_fixed_32u_array_ap_fixed_10_4_0_0_0_32u_relu_config4_s
INFO: [VRFC 10-2263] Analyzing SystemVerilog file "G:/Xlinix-workspace/projekt-hls/hls4ml_projects/wedrowiec_hls/wedrowiec_hls_prj/solution1/sim/verilog/wedrowiec_hls_axi_relu_array_ap_fixed_32u_array_ap_fixed_10_4_0_0_0_32u_relu_config6_s.v" into library xil_defaultlib
INFO: [VRFC 10-311] analyzing module wedrowiec_hls_axi_relu_array_ap_fixed_32u_array_ap_fixed_10_4_0_0_0_32u_relu_config6_s
INFO: [VRFC 10-2263] Analyzing SystemVerilog file "G:/Xlinix-workspace/projekt-hls/hls4ml_projects/wedrowiec_hls/wedrowiec_hls_prj/solution1/sim/verilog/wedrowiec_hls_axi_sparsemux_129_6_8_1_1.v" into library xil_defaultlib
INFO: [VRFC 10-311] analyzing module wedrowiec_hls_axi_sparsemux_129_6_8_1_1
INFO: [VRFC 10-2263] Analyzing SystemVerilog file "G:/Xlinix-workspace/projekt-hls/hls4ml_projects/wedrowiec_hls/wedrowiec_hls_prj/solution1/sim/verilog/wedrowiec_hls_axi_sparsemux_33_4_10_1_1.v" into library xil_defaultlib
INFO: [VRFC 10-311] analyzing module wedrowiec_hls_axi_sparsemux_33_4_10_1_1
INFO: [VRFC 10-2263] Analyzing SystemVerilog file "G:/Xlinix-workspace/projekt-hls/hls4ml_projects/wedrowiec_hls/wedrowiec_hls_prj/solution1/sim/verilog/wedrowiec_hls_axi_sparsemux_33_4_26_1_1.v" into library xil_defaultlib
INFO: [VRFC 10-311] analyzing module wedrowiec_hls_axi_sparsemux_33_4_26_1_1
INFO: [VRFC 10-2263] Analyzing SystemVerilog file "G:/Xlinix-workspace/projekt-hls/hls4ml_projects/wedrowiec_hls/wedrowiec_hls_prj/solution1/sim/verilog/wedrowiec_hls_axi_sparsemux_65_5_10_1_1.v" into library xil_defaultlib
INFO: [VRFC 10-311] analyzing module wedrowiec_hls_axi_sparsemux_65_5_10_1_1
INFO: [VRFC 10-2263] Analyzing SystemVerilog file "G:/Xlinix-workspace/projekt-hls/hls4ml_projects/wedrowiec_hls/wedrowiec_hls_prj/solution1/sim/verilog/wedrowiec_hls_axi_sparsemux_65_5_25_1_1.v" into library xil_defaultlib
INFO: [VRFC 10-311] analyzing module wedrowiec_hls_axi_sparsemux_65_5_25_1_1
INFO: [VRFC 10-2263] Analyzing SystemVerilog file "G:/Xlinix-workspace/projekt-hls/hls4ml_projects/wedrowiec_hls/wedrowiec_hls_prj/solution1/sim/verilog/wedrowiec_hls_axi_sparsemux_65_5_26_1_1.v" into library xil_defaultlib
INFO: [VRFC 10-311] analyzing module wedrowiec_hls_axi_sparsemux_65_5_26_1_1
INFO: [VRFC 10-2263] Analyzing SystemVerilog file "G:/Xlinix-workspace/projekt-hls/hls4ml_projects/wedrowiec_hls/wedrowiec_hls_prj/solution1/sim/verilog/wedrowiec_hls_axi_sparsemux_7_2_1_1_1.v" into library xil_defaultlib
INFO: [VRFC 10-311] analyzing module wedrowiec_hls_axi_sparsemux_7_2_1_1_1
INFO: [VRFC 10-2263] Analyzing SystemVerilog file "G:/Xlinix-workspace/projekt-hls/hls4ml_projects/wedrowiec_hls/wedrowiec_hls_prj/solution1/sim/verilog/wedrowiec_hls_axi_sparsemux_7_2_8_1_1.v" into library xil_defaultlib
INFO: [VRFC 10-311] analyzing module wedrowiec_hls_axi_sparsemux_7_2_8_1_1
INFO: [VRFC 10-2263] Analyzing SystemVerilog file "G:/Xlinix-workspace/projekt-hls/hls4ml_projects/wedrowiec_hls/wedrowiec_hls_prj/solution1/sim/verilog/wedrowiec_hls_axi_sparsemux_9_2_25_1_1.v" into library xil_defaultlib
INFO: [VRFC 10-311] analyzing module wedrowiec_hls_axi_sparsemux_9_2_25_1_1
INFO: [VRFC 10-2263] Analyzing SystemVerilog file "G:/Xlinix-workspace/projekt-hls/hls4ml_projects/wedrowiec_hls/wedrowiec_hls_prj/solution1/sim/verilog/wedrowiec_hls_axi_start_for_dense_array_ap_fixed_16u_array_ap_fixed_25_13_5_3_0_4u_config9_U0.v" into library xil_defaultlib
INFO: [VRFC 10-311] analyzing module wedrowiec_hls_axi_start_for_dense_array_ap_fixed_16u_array_ap_fixed_25_13_5_3_0_4u_config9_U0
INFO: [VRFC 10-311] analyzing module wedrowiec_hls_axi_start_for_dense_array_ap_fixed_16u_array_ap_fixed_25_13_5_3_0_4u_config9_U0_ShiftReg
INFO: [VRFC 10-2263] Analyzing SystemVerilog file "G:/Xlinix-workspace/projekt-hls/hls4ml_projects/wedrowiec_hls/wedrowiec_hls_prj/solution1/sim/verilog/wedrowiec_hls_axi_start_for_dense_array_ap_fixed_32u_array_ap_fixed_26_14_5_3_0_16u_config7_U0.v" into library xil_defaultlib
INFO: [VRFC 10-311] analyzing module wedrowiec_hls_axi_start_for_dense_array_ap_fixed_32u_array_ap_fixed_26_14_5_3_0_16u_config7_U0
INFO: [VRFC 10-311] analyzing module wedrowiec_hls_axi_start_for_dense_array_ap_fixed_32u_array_ap_fixed_26_14_5_3_0_16u_config7_U0_ShiftReg
INFO: [VRFC 10-2263] Analyzing SystemVerilog file "G:/Xlinix-workspace/projekt-hls/hls4ml_projects/wedrowiec_hls/wedrowiec_hls_prj/solution1/sim/verilog/wedrowiec_hls_axi_start_for_dense_array_ap_fixed_32u_array_ap_fixed_26_14_5_3_0_32u_config5_U0.v" into library xil_defaultlib
INFO: [VRFC 10-311] analyzing module wedrowiec_hls_axi_start_for_dense_array_ap_fixed_32u_array_ap_fixed_26_14_5_3_0_32u_config5_U0
INFO: [VRFC 10-311] analyzing module wedrowiec_hls_axi_start_for_dense_array_ap_fixed_32u_array_ap_fixed_26_14_5_3_0_32u_config5_U0_ShiftReg
INFO: [VRFC 10-2263] Analyzing SystemVerilog file "G:/Xlinix-workspace/projekt-hls/hls4ml_projects/wedrowiec_hls/wedrowiec_hls_prj/solution1/sim/verilog/wedrowiec_hls_axi_start_for_relu_array_ap_fixed_16u_array_ap_fixed_10_4_0_0_0_16u_relu_config8_U0.v" into library xil_defaultlib
INFO: [VRFC 10-311] analyzing module wedrowiec_hls_axi_start_for_relu_array_ap_fixed_16u_array_ap_fixed_10_4_0_0_0_16u_relu_config8_U0
INFO: [VRFC 10-311] analyzing module wedrowiec_hls_axi_start_for_relu_array_ap_fixed_16u_array_ap_fixed_10_4_0_0_0_16u_relu_config8_U0_ShiftReg
INFO: [VRFC 10-2263] Analyzing SystemVerilog file "G:/Xlinix-workspace/projekt-hls/hls4ml_projects/wedrowiec_hls/wedrowiec_hls_prj/solution1/sim/verilog/wedrowiec_hls_axi_start_for_relu_array_ap_fixed_32u_array_ap_fixed_10_4_0_0_0_32u_relu_config4_U0.v" into library xil_defaultlib
INFO: [VRFC 10-311] analyzing module wedrowiec_hls_axi_start_for_relu_array_ap_fixed_32u_array_ap_fixed_10_4_0_0_0_32u_relu_config4_U0
INFO: [VRFC 10-311] analyzing module wedrowiec_hls_axi_start_for_relu_array_ap_fixed_32u_array_ap_fixed_10_4_0_0_0_32u_relu_config4_U0_ShiftReg
INFO: [VRFC 10-2263] Analyzing SystemVerilog file "G:/Xlinix-workspace/projekt-hls/hls4ml_projects/wedrowiec_hls/wedrowiec_hls_prj/solution1/sim/verilog/wedrowiec_hls_axi_start_for_relu_array_ap_fixed_32u_array_ap_fixed_10_4_0_0_0_32u_relu_config6_U0.v" into library xil_defaultlib
INFO: [VRFC 10-311] analyzing module wedrowiec_hls_axi_start_for_relu_array_ap_fixed_32u_array_ap_fixed_10_4_0_0_0_32u_relu_config6_U0
INFO: [VRFC 10-311] analyzing module wedrowiec_hls_axi_start_for_relu_array_ap_fixed_32u_array_ap_fixed_10_4_0_0_0_32u_relu_config6_U0_ShiftReg
INFO: [VRFC 10-2263] Analyzing SystemVerilog file "G:/Xlinix-workspace/projekt-hls/hls4ml_projects/wedrowiec_hls/wedrowiec_hls_prj/solution1/sim/verilog/wedrowiec_hls_axi_wedrowiec_hls.v" into library xil_defaultlib
INFO: [VRFC 10-311] analyzing module wedrowiec_hls_axi_wedrowiec_hls
INFO: [VRFC 10-2263] Analyzing SystemVerilog file "G:/Xlinix-workspace/projekt-hls/hls4ml_projects/wedrowiec_hls/wedrowiec_hls_prj/solution1/sim/verilog/wedrowiec_hls_axi_wedrowiec_hls_axi_Pipeline_VITIS_LOOP_16_1.v" into library xil_defaultlib
INFO: [VRFC 10-311] analyzing module wedrowiec_hls_axi_wedrowiec_hls_axi_Pipeline_VITIS_LOOP_16_1
INFO: [VRFC 10-2263] Analyzing SystemVerilog file "G:/Xlinix-workspace/projekt-hls/hls4ml_projects/wedrowiec_hls/wedrowiec_hls_prj/solution1/sim/verilog/wedrowiec_hls_axi_wedrowiec_hls_axi_Pipeline_VITIS_LOOP_31_4.v" into library xil_defaultlib
INFO: [VRFC 10-311] analyzing module wedrowiec_hls_axi_wedrowiec_hls_axi_Pipeline_VITIS_LOOP_31_4
INFO: [VRFC 10-2263] Analyzing SystemVerilog file "G:/Xlinix-workspace/projekt-hls/hls4ml_projects/wedrowiec_hls/wedrowiec_hls_prj/solution1/sim/verilog/dataflow_monitor.sv" into library xil_defaultlib
INFO: [VRFC 10-311] analyzing module dataflow_monitor
Starting static elaboration
Pass Through NonSizing Optimizer
Completed static elaboration
Starting simulation data flow analysis
Completed simulation data flow analysis
Time Resolution for simulation is 1ps
Compiling package std.standard
Compiling package std.textio
Compiling package ieee.std_logic_1164
Compiling package floating_point_v7_1_19.floating_point_v7_1_19_viv_comp
Compiling package ieee.numeric_std
Compiling package xbip_utils_v3_0_14.xbip_utils_v3_0_14_pkg
Compiling package axi_utils_v2_0_10.axi_utils_v2_0_10_pkg
Compiling package floating_point_v7_1_19.floating_point_v7_1_19_consts
Compiling package ieee.math_real
Compiling package floating_point_v7_1_19.floating_point_v7_1_19_exp_table...
Compiling package mult_gen_v12_0_22.mult_gen_v12_0_22_pkg
Compiling package ieee.std_logic_arith
Compiling package ieee.std_logic_signed
Compiling package floating_point_v7_1_19.floating_point_v7_1_19_pkg
Compiling package floating_point_v7_1_19.flt_utils
Compiling package unisim.vcomponents
Compiling package xbip_pipe_v3_0_10.xbip_pipe_v3_0_10_viv_comp
Compiling package xil_defaultlib.$unit_dataflow_monitor_sv
Compiling module xil_defaultlib.wedrowiec_hls_axi_ctype_RAM_AUTO...
Compiling architecture synth of entity xbip_pipe_v3_0_10.xbip_pipe_v3_0_10_viv [\xbip_pipe_v3_0_10_viv(c_has_ce=...]
Compiling architecture rtl of entity floating_point_v7_1_19.delay [\delay(width=23,length=0)\]
Compiling architecture synth of entity xbip_pipe_v3_0_10.xbip_pipe_v3_0_10_viv [\xbip_pipe_v3_0_10_viv(c_has_ce=...]
Compiling architecture rtl of entity floating_point_v7_1_19.delay [\delay(width=8,length=0)\]
Compiling architecture muxcy_v of entity unisim.MUXCY [muxcy_default]
Compiling architecture synth of entity xbip_pipe_v3_0_10.xbip_pipe_v3_0_10_viv [\xbip_pipe_v3_0_10_viv(c_has_ce=...]
Compiling architecture rtl of entity floating_point_v7_1_19.delay [\delay(width=4,length=0)\]
Compiling architecture struct of entity floating_point_v7_1_19.carry_chain [\carry_chain(c_xdevicefamily="ki...]
Compiling architecture synth of entity floating_point_v7_1_19.compare_eq_im [\compare_eq_im(c_xdevicefamily="...]
Compiling architecture rtl of entity floating_point_v7_1_19.delay [\delay(length=0,fast_input=true)...]
Compiling architecture rtl of entity floating_point_v7_1_19.special_detect [\special_detect(a_fw=24,op_delay...]
Compiling architecture synth of entity xbip_pipe_v3_0_10.xbip_pipe_v3_0_10_viv [\xbip_pipe_v3_0_10_viv(c_has_ce=...]
Compiling architecture rtl of entity floating_point_v7_1_19.delay [\delay(length=0)\]
Compiling architecture synth of entity xbip_pipe_v3_0_10.xbip_pipe_v3_0_10_viv [\xbip_pipe_v3_0_10_viv(c_has_ce=...]
Compiling architecture rtl of entity floating_point_v7_1_19.delay [\delay(width=2,length=0)\]
Compiling architecture synth of entity xbip_pipe_v3_0_10.xbip_pipe_v3_0_10_viv [\xbip_pipe_v3_0_10_viv(c_has_ce=...]
Compiling architecture rtl of entity floating_point_v7_1_19.delay [\delay(width=4,length=0,fast_inp...]
Compiling architecture rtl of entity floating_point_v7_1_19.flt_to_flt_conv_exp [\flt_to_flt_conv_exp(r_w=64,r_ew...]
Compiling architecture synth of entity floating_point_v7_1_19.flt_dec_op [\flt_dec_op(c_xdevicefamily="zyn...]
Compiling architecture rtl of entity floating_point_v7_1_19.flt_to_flt_conv [\flt_to_flt_conv(c_xdevicefamily...]
Compiling module unisims_ver.x_lut1_mux2
Compiling module unisims_ver.LUT1
Compiling architecture synth of entity xbip_pipe_v3_0_10.xbip_pipe_v3_0_10_viv [\xbip_pipe_v3_0_10_viv(c_has_ce=...]
Compiling architecture synth of entity xbip_pipe_v3_0_10.xbip_pipe_v3_0_10_viv [\xbip_pipe_v3_0_10_viv(c_has_ce=...]
Compiling architecture rtl of entity floating_point_v7_1_19.delay [\delay(width=64,length=0)\]
Compiling architecture xilinx of entity floating_point_v7_1_19.floating_point_v7_1_19_viv [\floating_point_v7_1_19_viv(c_xd...]
Compiling architecture xilinx of entity floating_point_v7_1_19.floating_point_v7_1_19 [\floating_point_v7_1_19(c_xdevic...]
Compiling module xil_defaultlib.wedrowiec_hls_axi_fpext_32ns_64_...
Compiling module xil_defaultlib.wedrowiec_hls_axi_fpext_32ns_64_...
Compiling module xil_defaultlib.wedrowiec_hls_axi_bitselect_1ns_...
Compiling module xil_defaultlib.wedrowiec_hls_axi_bitselect_1ns_...
Compiling module xil_defaultlib.wedrowiec_hls_axi_sparsemux_7_2_...
Compiling module xil_defaultlib.wedrowiec_hls_axi_sparsemux_7_2_...
Compiling module xil_defaultlib.wedrowiec_hls_axi_flow_control_l...
Compiling module xil_defaultlib.wedrowiec_hls_axi_wedrowiec_hls_...
Compiling module xil_defaultlib.wedrowiec_hls_axi_dense_array_ar...
Compiling module xil_defaultlib.wedrowiec_hls_axi_dense_resource...
Compiling module xil_defaultlib.wedrowiec_hls_axi_dense_resource...
Compiling module xil_defaultlib.wedrowiec_hls_axi_sparsemux_129_...
Compiling module xil_defaultlib.wedrowiec_hls_axi_sparsemux_65_5...
Compiling module xil_defaultlib.wedrowiec_hls_axi_mac_muladd_8ns...
Compiling module xil_defaultlib.wedrowiec_hls_axi_mac_muladd_8ns...
Compiling module xil_defaultlib.wedrowiec_hls_axi_dense_resource...
Compiling module xil_defaultlib.wedrowiec_hls_axi_dense_array_ap...
Compiling module xil_defaultlib.wedrowiec_hls_axi_relu_array_ap_...
Compiling module xil_defaultlib.wedrowiec_hls_axi_dense_resource...
Compiling module xil_defaultlib.wedrowiec_hls_axi_dense_resource...
Compiling module xil_defaultlib.wedrowiec_hls_axi_sparsemux_65_5...
Compiling module xil_defaultlib.wedrowiec_hls_axi_sparsemux_65_5...
Compiling module xil_defaultlib.wedrowiec_hls_axi_mac_muladd_10s...
Compiling module xil_defaultlib.wedrowiec_hls_axi_mac_muladd_10s...
Compiling module xil_defaultlib.wedrowiec_hls_axi_dense_resource...
Compiling module xil_defaultlib.wedrowiec_hls_axi_dense_array_ap...
Compiling module xil_defaultlib.wedrowiec_hls_axi_relu_array_ap_...
Compiling module xil_defaultlib.wedrowiec_hls_axi_dense_resource...
Compiling module xil_defaultlib.wedrowiec_hls_axi_dense_resource...
Compiling module xil_defaultlib.wedrowiec_hls_axi_sparsemux_33_4...
Compiling module xil_defaultlib.wedrowiec_hls_axi_dense_resource...
Compiling module xil_defaultlib.wedrowiec_hls_axi_dense_array_ap...
Compiling module xil_defaultlib.wedrowiec_hls_axi_relu_array_ap_...
Compiling module xil_defaultlib.wedrowiec_hls_axi_dense_resource...
Compiling module xil_defaultlib.wedrowiec_hls_axi_dense_resource...
Compiling module xil_defaultlib.wedrowiec_hls_axi_sparsemux_33_4...
Compiling module xil_defaultlib.wedrowiec_hls_axi_sparsemux_9_2_...
Compiling module xil_defaultlib.wedrowiec_hls_axi_mac_muladd_10s...
Compiling module xil_defaultlib.wedrowiec_hls_axi_mac_muladd_10s...
Compiling module xil_defaultlib.wedrowiec_hls_axi_dense_resource...
Compiling module xil_defaultlib.wedrowiec_hls_axi_dense_array_ap...
Compiling module xil_defaultlib.wedrowiec_hls_axi_fifo_w800_d1_S...
Compiling module xil_defaultlib.wedrowiec_hls_axi_fifo_w800_d1_S...
Compiling module xil_defaultlib.wedrowiec_hls_axi_fifo_w320_d1_S...
Compiling module xil_defaultlib.wedrowiec_hls_axi_fifo_w320_d1_S...
Compiling module xil_defaultlib.wedrowiec_hls_axi_fifo_w832_d1_S...
Compiling module xil_defaultlib.wedrowiec_hls_axi_fifo_w832_d1_S...
Compiling module xil_defaultlib.wedrowiec_hls_axi_fifo_w416_d1_S...
Compiling module xil_defaultlib.wedrowiec_hls_axi_fifo_w416_d1_S...
Compiling module xil_defaultlib.wedrowiec_hls_axi_fifo_w160_d1_S...
Compiling module xil_defaultlib.wedrowiec_hls_axi_fifo_w160_d1_S...
Compiling module xil_defaultlib.wedrowiec_hls_axi_start_for_relu...
Compiling module xil_defaultlib.wedrowiec_hls_axi_start_for_relu...
Compiling module xil_defaultlib.wedrowiec_hls_axi_start_for_dens...
Compiling module xil_defaultlib.wedrowiec_hls_axi_start_for_dens...
Compiling module xil_defaultlib.wedrowiec_hls_axi_start_for_relu...
Compiling module xil_defaultlib.wedrowiec_hls_axi_start_for_relu...
Compiling module xil_defaultlib.wedrowiec_hls_axi_start_for_dens...
Compiling module xil_defaultlib.wedrowiec_hls_axi_start_for_dens...
Compiling module xil_defaultlib.wedrowiec_hls_axi_start_for_relu...
Compiling module xil_defaultlib.wedrowiec_hls_axi_start_for_relu...
Compiling module xil_defaultlib.wedrowiec_hls_axi_start_for_dens...
Compiling module xil_defaultlib.wedrowiec_hls_axi_start_for_dens...
Compiling module xil_defaultlib.wedrowiec_hls_axi_wedrowiec_hls
Compiling module xil_defaultlib.wedrowiec_hls_axi_ctlz_25_25_1_1...
Compiling module xil_defaultlib.wedrowiec_hls_axi_bitselect_1ns_...
Compiling module xil_defaultlib.wedrowiec_hls_axi_wedrowiec_hls_...
Compiling module xil_defaultlib.wedrowiec_hls_axi_fifo_w64_d8_S_...
Compiling module xil_defaultlib.wedrowiec_hls_axi_fifo_w64_d8_S_...
Compiling module xil_defaultlib.wedrowiec_hls_axi_fifo_w100_d1_S...
Compiling module xil_defaultlib.wedrowiec_hls_axi_fifo_w100_d1_S...
Compiling module xil_defaultlib.wedrowiec_hls_axi_regslice_both(...
Compiling module xil_defaultlib.wedrowiec_hls_axi_regslice_both(...
Compiling module xil_defaultlib.wedrowiec_hls_axi
Compiling module xil_defaultlib.fifo(DEPTH=64,WIDTH=32)
Compiling module xil_defaultlib.fifo(DEPTH=64,WIDTH=1)
Compiling module xil_defaultlib.AESL_axi_s_in_r
Compiling module xil_defaultlib.fifo(DEPTH=4,WIDTH=32)
Compiling module xil_defaultlib.fifo(DEPTH=4,WIDTH=1)
Compiling module xil_defaultlib.AESL_axi_s_out_r
Compiling module xil_defaultlib.AESL_deadlock_detect_unit(PROC_N...
Compiling module xil_defaultlib.AESL_deadlock_detect_unit(PROC_N...
Compiling module xil_defaultlib.AESL_deadlock_detect_unit(PROC_N...
Compiling module xil_defaultlib.AESL_deadlock_detect_unit(PROC_N...
Compiling module xil_defaultlib.AESL_deadlock_detect_unit(PROC_N...
Compiling module xil_defaultlib.AESL_deadlock_detect_unit(PROC_N...
Compiling module xil_defaultlib.AESL_deadlock_detect_unit(PROC_N...
Compiling module xil_defaultlib.AESL_deadlock_report_unit(PROC_N...
Compiling module xil_defaultlib.AESL_deadlock_detector_2
Compiling module xil_defaultlib.AESL_deadlock_idx0_monitor
Compiling module xil_defaultlib.AESL_deadlock_kernel_monitor_top...
Compiling module xil_defaultlib.df_fifo_intf_default
Compiling module xil_defaultlib.df_process_intf_default
Compiling module xil_defaultlib.nodf_module_intf_default
Compiling module xil_defaultlib.rewind_loop_intf_default
Compiling module xil_defaultlib.upc_loop_intf(FSM_WIDTH=8)
Compiling module xil_defaultlib.upc_loop_intf(FSM_WIDTH=1)
Compiling module xil_defaultlib.dataflow_monitor_1
Compiling module xil_defaultlib.apatb_wedrowiec_hls_axi_top
Compiling module work.glbl
Built simulation snapshot wedrowiec_hls_axi

****** xsim v2024.2 (64-bit)
  **** SW Build 5239630 on Fri Nov 08 22:35:27 MST 2024
  **** IP Build 5239520 on Sun Nov 10 16:12:51 MST 2024
  **** SharedData Build 5239561 on Fri Nov 08 14:39:27 MST 2024
  **** Start of session at: Fri May 15 14:05:25 2026
    ** Copyright 1986-2022 Xilinx, Inc. All Rights Reserved.
    ** Copyright 2022-2024 Advanced Micro Devices, Inc. All Rights Reserved.

source xsim.dir/wedrowiec_hls_axi/xsim_script.tcl
# xsim {wedrowiec_hls_axi} -view {{wedrowiec_hls_axi_dataflow_ana.wcfg}} -tclbatch {wedrowiec_hls_axi.tcl} -protoinst {wedrowiec_hls_axi.protoinst}
INFO: [Wavedata 42-565] Reading protoinst file wedrowiec_hls_axi.protoinst
INFO: [Wavedata 42-564]   Found protocol instance at /apatb_wedrowiec_hls_axi_top/AESL_inst_wedrowiec_hls_axi/grp_wedrowiec_hls_axi_Pipeline_VITIS_LOOP_16_1_fu_158/grp_wedrowiec_hls_axi_Pipeline_VITIS_LOOP_16_1_fu_158_activity
INFO: [Wavedata 42-564]   Found protocol instance at /apatb_wedrowiec_hls_axi_top/AESL_inst_wedrowiec_hls_axi/grp_wedrowiec_hls_axi_Pipeline_VITIS_LOOP_31_4_fu_190/grp_wedrowiec_hls_axi_Pipeline_VITIS_LOOP_31_4_fu_190_activity
INFO: [Wavedata 42-564]   Found protocol instance at /apatb_wedrowiec_hls_axi_top/AESL_inst_wedrowiec_hls_axi/grp_wedrowiec_hls_fu_168/dense_array_ap_fixed_16u_array_ap_fixed_25_13_5_3_0_4u_config9_U0/dense_array_ap_fixed_16u_array_ap_fixed_25_13_5_3_0_4u_config9_U0_activity
INFO: [Wavedata 42-564]   Found protocol instance at /apatb_wedrowiec_hls_axi_top/AESL_inst_wedrowiec_hls_axi/grp_wedrowiec_hls_fu_168/dense_array_ap_fixed_16u_array_ap_fixed_25_13_5_3_0_4u_config9_U0/grp_dense_resource_rf_gt_nin_rem0_ap_fixed_ap_fixed_25_13_5_3_0_config9_s_fu_101/grp_dense_resource_rf_gt_nin_rem0_ap_fixed_ap_fixed_25_13_5_3_0_config9_s_fu_101_activity
INFO: [Wavedata 42-564]   Found protocol instance at /apatb_wedrowiec_hls_axi_top/AESL_inst_wedrowiec_hls_axi/grp_wedrowiec_hls_fu_168/dense_array_ap_fixed_32u_array_ap_fixed_26_14_5_3_0_16u_config7_U0/dense_array_ap_fixed_32u_array_ap_fixed_26_14_5_3_0_16u_config7_U0_activity
INFO: [Wavedata 42-564]   Found protocol instance at /apatb_wedrowiec_hls_axi_top/AESL_inst_wedrowiec_hls_axi/grp_wedrowiec_hls_fu_168/dense_array_ap_fixed_32u_array_ap_fixed_26_14_5_3_0_16u_config7_U0/grp_dense_resource_rf_gt_nin_rem0_ap_fixed_ap_fixed_26_14_5_3_0_config7_s_fu_165/grp_dense_resource_rf_gt_nin_rem0_ap_fixed_ap_fixed_26_14_5_3_0_config7_s_fu_165_activity
INFO: [Wavedata 42-564]   Found protocol instance at /apatb_wedrowiec_hls_axi_top/AESL_inst_wedrowiec_hls_axi/grp_wedrowiec_hls_fu_168/dense_array_ap_fixed_32u_array_ap_fixed_26_14_5_3_0_32u_config5_U0/dense_array_ap_fixed_32u_array_ap_fixed_26_14_5_3_0_32u_config5_U0_activity
INFO: [Wavedata 42-564]   Found protocol instance at /apatb_wedrowiec_hls_axi_top/AESL_inst_wedrowiec_hls_axi/grp_wedrowiec_hls_fu_168/dense_array_ap_fixed_32u_array_ap_fixed_26_14_5_3_0_32u_config5_U0/grp_dense_resource_rf_gt_nin_rem0_ap_fixed_ap_fixed_26_14_5_3_0_config5_s_fu_165/grp_dense_resource_rf_gt_nin_rem0_ap_fixed_ap_fixed_26_14_5_3_0_config5_s_fu_165_activity
INFO: [Wavedata 42-564]   Found protocol instance at /apatb_wedrowiec_hls_axi_top/AESL_inst_wedrowiec_hls_axi/grp_wedrowiec_hls_fu_168/dense_array_ap_ufixed_8u_array_ap_fixed_25_12_5_3_0_32u_config3_U0/dense_array_ap_ufixed_8u_array_ap_fixed_25_12_5_3_0_32u_config3_U0_activity
INFO: [Wavedata 42-564]   Found protocol instance at /apatb_wedrowiec_hls_axi_top/AESL_inst_wedrowiec_hls_axi/grp_wedrowiec_hls_fu_168/dense_array_ap_ufixed_8u_array_ap_fixed_25_12_5_3_0_32u_config3_U0/grp_dense_array_array_ap_fixed_25_12_5_3_0_32u_config3_Pipeline_DataPrepare_fu_293/grp_dense_array_array_ap_fixed_25_12_5_3_0_32u_config3_Pipeline_DataPrepare_fu_293_activity
INFO: [Wavedata 42-564]   Found protocol instance at /apatb_wedrowiec_hls_axi_top/AESL_inst_wedrowiec_hls_axi/grp_wedrowiec_hls_fu_168/dense_array_ap_ufixed_8u_array_ap_fixed_25_12_5_3_0_32u_config3_U0/grp_dense_resource_rf_gt_nin_rem0_ap_ufixed_ap_fixed_25_12_5_3_0_config3_s_fu_363/grp_dense_resource_rf_gt_nin_rem0_ap_ufixed_ap_fixed_25_12_5_3_0_config3_s_fu_363_activity
INFO: [Wavedata 42-564]   Found protocol instance at /apatb_wedrowiec_hls_axi_top/AESL_inst_wedrowiec_hls_axi/grp_wedrowiec_hls_fu_168/grp_wedrowiec_hls_fu_168_activity
INFO: [Wavedata 42-564]   Found protocol instance at /apatb_wedrowiec_hls_axi_top/AESL_inst_wedrowiec_hls_axi/grp_wedrowiec_hls_fu_168/relu_array_ap_fixed_16u_array_ap_fixed_10_4_0_0_0_16u_relu_config8_U0/relu_array_ap_fixed_16u_array_ap_fixed_10_4_0_0_0_16u_relu_config8_U0_activity
INFO: [Wavedata 42-564]   Found protocol instance at /apatb_wedrowiec_hls_axi_top/AESL_inst_wedrowiec_hls_axi/grp_wedrowiec_hls_fu_168/relu_array_ap_fixed_32u_array_ap_fixed_10_4_0_0_0_32u_relu_config4_U0/relu_array_ap_fixed_32u_array_ap_fixed_10_4_0_0_0_32u_relu_config4_U0_activity
INFO: [Wavedata 42-564]   Found protocol instance at /apatb_wedrowiec_hls_axi_top/AESL_inst_wedrowiec_hls_axi/grp_wedrowiec_hls_fu_168/relu_array_ap_fixed_32u_array_ap_fixed_10_4_0_0_0_32u_relu_config6_U0/relu_array_ap_fixed_32u_array_ap_fixed_10_4_0_0_0_32u_relu_config6_U0_activity
Time resolution is 1 ps
open_wave_config wedrowiec_hls_axi_dataflow_ana.wcfg
source wedrowiec_hls_axi.tcl
## set designtopgroup [add_wave_group "Design Top Signals"]
## set coutputgroup [add_wave_group "C Outputs" -into $designtopgroup]
## set return_group [add_wave_group return(axis) -into $coutputgroup]
## add_wave /apatb_wedrowiec_hls_axi_top/AESL_inst_wedrowiec_hls_axi/out_r_TLAST -into $return_group -color #ffff00 -radix hex
## add_wave /apatb_wedrowiec_hls_axi_top/AESL_inst_wedrowiec_hls_axi/out_r_TREADY -into $return_group -color #ffff00 -radix hex
## add_wave /apatb_wedrowiec_hls_axi_top/AESL_inst_wedrowiec_hls_axi/out_r_TVALID -into $return_group -color #ffff00 -radix hex
## add_wave /apatb_wedrowiec_hls_axi_top/AESL_inst_wedrowiec_hls_axi/out_r_TDATA -into $return_group -radix hex
## set cinputgroup [add_wave_group "C Inputs" -into $designtopgroup]
## set return_group [add_wave_group return(axis) -into $cinputgroup]
## add_wave /apatb_wedrowiec_hls_axi_top/AESL_inst_wedrowiec_hls_axi/in_r_TLAST -into $return_group -color #ffff00 -radix hex
## add_wave /apatb_wedrowiec_hls_axi_top/AESL_inst_wedrowiec_hls_axi/in_r_TREADY -into $return_group -color #ffff00 -radix hex
## add_wave /apatb_wedrowiec_hls_axi_top/AESL_inst_wedrowiec_hls_axi/in_r_TVALID -into $return_group -color #ffff00 -radix hex
## add_wave /apatb_wedrowiec_hls_axi_top/AESL_inst_wedrowiec_hls_axi/in_r_TDATA -into $return_group -radix hex
## set resetgroup [add_wave_group "Reset" -into $designtopgroup]
## add_wave /apatb_wedrowiec_hls_axi_top/AESL_inst_wedrowiec_hls_axi/ap_rst_n -into $resetgroup
## set clockgroup [add_wave_group "Clock" -into $designtopgroup]
## add_wave /apatb_wedrowiec_hls_axi_top/AESL_inst_wedrowiec_hls_axi/ap_clk -into $clockgroup
## set testbenchgroup [add_wave_group "Test Bench Signals"]
## set tbinternalsiggroup [add_wave_group "Internal Signals" -into $testbenchgroup]
## set tb_simstatus_group [add_wave_group "Simulation Status" -into $tbinternalsiggroup]
## set tb_portdepth_group [add_wave_group "Port Depth" -into $tbinternalsiggroup]
## add_wave /apatb_wedrowiec_hls_axi_top/AUTOTB_TRANSACTION_NUM -into $tb_simstatus_group -radix hex
## add_wave /apatb_wedrowiec_hls_axi_top/ready_cnt -into $tb_simstatus_group -radix hex
## add_wave /apatb_wedrowiec_hls_axi_top/done_cnt -into $tb_simstatus_group -radix hex
## add_wave /apatb_wedrowiec_hls_axi_top/ap_c_n_tvin_trans_num_in_r_V_data_V -into $tb_simstatus_group -radix hex
## add_wave /apatb_wedrowiec_hls_axi_top/ap_c_n_tvin_trans_num_in_r_V_last_V -into $tb_simstatus_group -radix hex
## add_wave /apatb_wedrowiec_hls_axi_top/ap_c_n_tvout_trans_num_out_r_V_data_V -into $tb_simstatus_group -radix hex
## add_wave /apatb_wedrowiec_hls_axi_top/ap_c_n_tvout_trans_num_out_r_V_last_V -into $tb_simstatus_group -radix hex
## add_wave /apatb_wedrowiec_hls_axi_top/LENGTH_in_r_V_data_V -into $tb_portdepth_group -radix hex
## add_wave /apatb_wedrowiec_hls_axi_top/LENGTH_in_r_V_last_V -into $tb_portdepth_group -radix hex
## add_wave /apatb_wedrowiec_hls_axi_top/LENGTH_out_r_V_data_V -into $tb_portdepth_group -radix hex
## add_wave /apatb_wedrowiec_hls_axi_top/LENGTH_out_r_V_last_V -into $tb_portdepth_group -radix hex
## set tbcoutputgroup [add_wave_group "C Outputs" -into $testbenchgroup]
## set tb_return_group [add_wave_group return(axis) -into $tbcoutputgroup]
## add_wave /apatb_wedrowiec_hls_axi_top/out_r_TLAST -into $tb_return_group -color #ffff00 -radix hex
## add_wave /apatb_wedrowiec_hls_axi_top/out_r_TREADY -into $tb_return_group -color #ffff00 -radix hex
## add_wave /apatb_wedrowiec_hls_axi_top/out_r_TVALID -into $tb_return_group -color #ffff00 -radix hex
## add_wave /apatb_wedrowiec_hls_axi_top/out_r_TDATA -into $tb_return_group -radix hex
## set tbcinputgroup [add_wave_group "C Inputs" -into $testbenchgroup]
## set tb_return_group [add_wave_group return(axis) -into $tbcinputgroup]
## add_wave /apatb_wedrowiec_hls_axi_top/in_r_TLAST -into $tb_return_group -color #ffff00 -radix hex
## add_wave /apatb_wedrowiec_hls_axi_top/in_r_TREADY -into $tb_return_group -color #ffff00 -radix hex
## add_wave /apatb_wedrowiec_hls_axi_top/in_r_TVALID -into $tb_return_group -color #ffff00 -radix hex
## add_wave /apatb_wedrowiec_hls_axi_top/in_r_TDATA -into $tb_return_group -radix hex
## save_wave_config wedrowiec_hls_axi.wcfg
## run all
////////////////////////////////////////////////////////////////////////////////////
// Inter-Transaction Progress: Completed Transaction / Total Transaction
// Intra-Transaction Progress: Measured Latency / Latency Estimation * 100%
//
// RTL Simulation : "Inter-Transaction Progress" ["Intra-Transaction Progress"] @ "Simulation Time"
////////////////////////////////////////////////////////////////////////////////////
// RTL Simulation : 0 / 5 [0.00%] @ "150000"
// RTL Simulation : 1 / 5 [171.75%] @ "75410000"
// RTL Simulation : 2 / 5 [171.75%] @ "150670000"
// RTL Simulation : 3 / 5 [171.75%] @ "225930000"
// RTL Simulation : 4 / 5 [171.75%] @ "301190000"
// RTL Simulation : 5 / 5 [100.00%] @ "376450000"
////////////////////////////////////////////////////////////////////////////////////
$finish called at time : 376570 ns : File "G:/Xlinix-workspace/projekt-hls/hls4ml_projects/wedrowiec_hls/wedrowiec_hls_prj/solution1/sim/verilog/wedrowiec_hls_axi.autotb.v" Line 214
## quit
INFO: [Common 17-206] Exiting xsim at Fri May 15 14:05:27 2026...
