#-----------------------------------------------------------
# xsim v2024.2 (64-bit)
# SW Build 5239630 on Fri Nov 08 22:35:27 MST 2024
# IP Build 5239520 on Sun Nov 10 16:12:51 MST 2024
# SharedData Build 5239561 on Fri Nov 08 14:39:27 MST 2024
# Start of session at: Fri May 15 14:05:25 2026
# Process ID         : 28940
# Current directory  : G:/Xlinix-workspace/projekt-hls/hls4ml_projects/wedrowiec_hls/wedrowiec_hls_prj/solution1/sim/verilog
# Command line       : xsim.exe -mode tcl -source {xsim.dir/wedrowiec_hls_axi/xsim_script.tcl}
# Log file           : G:/Xlinix-workspace/projekt-hls/hls4ml_projects/wedrowiec_hls/wedrowiec_hls_prj/solution1/sim/verilog/xsim.log
# Journal file       : G:/Xlinix-workspace/projekt-hls/hls4ml_projects/wedrowiec_hls/wedrowiec_hls_prj/solution1/sim/verilog\xsim.jou
# Running On         : TUFIK-2-0
# Platform           : Windows Server 2016 or Windows 10
# Operating System   : 26200
# Processor Detail   : 13th Gen Intel(R) Core(TM) i7-13700KF
# CPU Frequency      : 3418 MHz
# CPU Physical cores : 16
# CPU Logical cores  : 24
# Host memory        : 34138 MB
# Swap memory        : 8589 MB
# Total Virtual      : 42728 MB
# Available Virtual  : 9543 MB
#-----------------------------------------------------------
source xsim.dir/wedrowiec_hls_axi/xsim_script.tcl
# xsim {wedrowiec_hls_axi} -view {{wedrowiec_hls_axi_dataflow_ana.wcfg}} -tclbatch {wedrowiec_hls_axi.tcl} -protoinst {wedrowiec_hls_axi.protoinst}
INFO: [Wavedata 42-565] Reading protoinst file wedrowiec_hls_axi.protoinst
INFO: [Wavedata 42-564]   Found protocol instance at /apatb_wedrowiec_hls_axi_top/AESL_inst_wedrowiec_hls_axi/grp_wedrowiec_hls_axi_Pipeline_VITIS_LOOP_16_1_fu_158/grp_wedrowiec_hls_axi_Pipeline_VITIS_LOOP_16_1_fu_158_activity
INFO: [Wavedata 42-564]   Found protocol instance at /apatb_wedrowiec_hls_axi_top/AESL_inst_wedrowiec_hls_axi/grp_wedrowiec_hls_axi_Pipeline_VITIS_LOOP_31_4_fu_190/grp_wedrowiec_hls_axi_Pipeline_VITIS_LOOP_31_4_fu_190_activity
INFO: [Wavedata 42-564]   Found protocol instance at /apatb_wedrowiec_hls_axi_top/AESL_inst_wedrowiec_hls_axi/grp_wedrowiec_hls_fu_168/dense_array_ap_fixed_16u_array_ap_fixed_25_13_5_3_0_4u_config9_U0/dense_array_ap_fixed_16u_array_ap_fixed_25_13_5_3_0_4u_config9_U0_activity
INFO: [Wavedata 42-564]   Found protocol instance at /apatb_wedrowiec_hls_axi_top/AESL_inst_wedrowiec_hls_axi/grp_wedrowiec_hls_fu_168/dense_array_ap_fixed_16u_array_ap_fixed_25_13_5_3_0_4u_config9_U0/grp_dense_resource_rf_gt_nin_rem0_ap_fixed_ap_fixed_25_13_5_3_0_config9_s_fu_101/grp_dense_resource_rf_gt_nin_rem0_ap_fixed_ap_fixed_25_13_5_3_0_config9_s_fu_101_activity
INFO: [Wavedata 42-564]   Found protocol instance at /apatb_wedrowiec_hls_axi_top/AESL_inst_wedrowiec_hls_axi/grp_wedrowiec_hls_fu_168/dense_array_ap_fixed_32u_array_ap_fixed_26_14_5_3_0_16u_config7_U0/dense_array_ap_fixed_32u_array_ap_fixed_26_14_5_3_0_16u_config7_U0_activity
INFO: [Wavedata 42-564]   Found protocol instance at /apatb_wedrowiec_hls_axi_top/AESL_inst_wedrowiec_hls_axi/grp_wedrowiec_hls_fu_168/dense_array_ap_fixed_32u_array_ap_fixed_26_14_5_3_0_16u_config7_U0/grp_dense_resource_rf_gt_nin_rem0_ap_fixed_ap_fixed_26_14_5_3_0_config7_s_fu_165/grp_dense_resource_rf_gt_nin_rem0_ap_fixed_ap_fixed_26_14_5_3_0_config7_s_fu_165_activity
INFO: [Wavedata 42-564]   Found protocol instance at /apatb_wedrowiec_hls_axi_top/AESL_inst_wedrowiec_hls_axi/grp_wedrowiec_hls_fu_168/dense_array_ap_fixed_32u_array_ap_fixed_26_14_5_3_0_32u_config5_U0/dense_array_ap_fixed_32u_array_ap_fixed_26_14_5_3_0_32u_config5_U0_activity
INFO: [Wavedata 42-564]   Found protocol instance at /apatb_wedrowiec_hls_axi_top/AESL_inst_wedrowiec_hls_axi/grp_wedrowiec_hls_fu_168/dense_array_ap_fixed_32u_array_ap_fixed_26_14_5_3_0_32u_config5_U0/grp_dense_resource_rf_gt_nin_rem0_ap_fixed_ap_fixed_26_14_5_3_0_config5_s_fu_165/grp_dense_resource_rf_gt_nin_rem0_ap_fixed_ap_fixed_26_14_5_3_0_config5_s_fu_165_activity
INFO: [Wavedata 42-564]   Found protocol instance at /apatb_wedrowiec_hls_axi_top/AESL_inst_wedrowiec_hls_axi/grp_wedrowiec_hls_fu_168/dense_array_ap_ufixed_8u_array_ap_fixed_25_12_5_3_0_32u_config3_U0/dense_array_ap_ufixed_8u_array_ap_fixed_25_12_5_3_0_32u_config3_U0_activity
INFO: [Wavedata 42-564]   Found protocol instance at /apatb_wedrowiec_hls_axi_top/AESL_inst_wedrowiec_hls_axi/grp_wedrowiec_hls_fu_168/dense_array_ap_ufixed_8u_array_ap_fixed_25_12_5_3_0_32u_config3_U0/grp_dense_array_array_ap_fixed_25_12_5_3_0_32u_config3_Pipeline_DataPrepare_fu_293/grp_dense_array_array_ap_fixed_25_12_5_3_0_32u_config3_Pipeline_DataPrepare_fu_293_activity
INFO: [Wavedata 42-564]   Found protocol instance at /apatb_wedrowiec_hls_axi_top/AESL_inst_wedrowiec_hls_axi/grp_wedrowiec_hls_fu_168/dense_array_ap_ufixed_8u_array_ap_fixed_25_12_5_3_0_32u_config3_U0/grp_dense_resource_rf_gt_nin_rem0_ap_ufixed_ap_fixed_25_12_5_3_0_config3_s_fu_363/grp_dense_resource_rf_gt_nin_rem0_ap_ufixed_ap_fixed_25_12_5_3_0_config3_s_fu_363_activity
INFO: [Wavedata 42-564]   Found protocol instance at /apatb_wedrowiec_hls_axi_top/AESL_inst_wedrowiec_hls_axi/grp_wedrowiec_hls_fu_168/grp_wedrowiec_hls_fu_168_activity
INFO: [Wavedata 42-564]   Found protocol instance at /apatb_wedrowiec_hls_axi_top/AESL_inst_wedrowiec_hls_axi/grp_wedrowiec_hls_fu_168/relu_array_ap_fixed_16u_array_ap_fixed_10_4_0_0_0_16u_relu_config8_U0/relu_array_ap_fixed_16u_array_ap_fixed_10_4_0_0_0_16u_relu_config8_U0_activity
INFO: [Wavedata 42-564]   Found protocol instance at /apatb_wedrowiec_hls_axi_top/AESL_inst_wedrowiec_hls_axi/grp_wedrowiec_hls_fu_168/relu_array_ap_fixed_32u_array_ap_fixed_10_4_0_0_0_32u_relu_config4_U0/relu_array_ap_fixed_32u_array_ap_fixed_10_4_0_0_0_32u_relu_config4_U0_activity
INFO: [Wavedata 42-564]   Found protocol instance at /apatb_wedrowiec_hls_axi_top/AESL_inst_wedrowiec_hls_axi/grp_wedrowiec_hls_fu_168/relu_array_ap_fixed_32u_array_ap_fixed_10_4_0_0_0_32u_relu_config6_U0/relu_array_ap_fixed_32u_array_ap_fixed_10_4_0_0_0_32u_relu_config6_U0_activity
Time resolution is 1 ps
open_wave_config wedrowiec_hls_axi_dataflow_ana.wcfg
source wedrowiec_hls_axi.tcl
## set designtopgroup [add_wave_group "Design Top Signals"]
## set coutputgroup [add_wave_group "C Outputs" -into $designtopgroup]
## set return_group [add_wave_group return(axis) -into $coutputgroup]
## add_wave /apatb_wedrowiec_hls_axi_top/AESL_inst_wedrowiec_hls_axi/out_r_TLAST -into $return_group -color #ffff00 -radix hex
## add_wave /apatb_wedrowiec_hls_axi_top/AESL_inst_wedrowiec_hls_axi/out_r_TREADY -into $return_group -color #ffff00 -radix hex
## add_wave /apatb_wedrowiec_hls_axi_top/AESL_inst_wedrowiec_hls_axi/out_r_TVALID -into $return_group -color #ffff00 -radix hex
## add_wave /apatb_wedrowiec_hls_axi_top/AESL_inst_wedrowiec_hls_axi/out_r_TDATA -into $return_group -radix hex
## set cinputgroup [add_wave_group "C Inputs" -into $designtopgroup]
## set return_group [add_wave_group return(axis) -into $cinputgroup]
## add_wave /apatb_wedrowiec_hls_axi_top/AESL_inst_wedrowiec_hls_axi/in_r_TLAST -into $return_group -color #ffff00 -radix hex
## add_wave /apatb_wedrowiec_hls_axi_top/AESL_inst_wedrowiec_hls_axi/in_r_TREADY -into $return_group -color #ffff00 -radix hex
## add_wave /apatb_wedrowiec_hls_axi_top/AESL_inst_wedrowiec_hls_axi/in_r_TVALID -into $return_group -color #ffff00 -radix hex
## add_wave /apatb_wedrowiec_hls_axi_top/AESL_inst_wedrowiec_hls_axi/in_r_TDATA -into $return_group -radix hex
## set resetgroup [add_wave_group "Reset" -into $designtopgroup]
## add_wave /apatb_wedrowiec_hls_axi_top/AESL_inst_wedrowiec_hls_axi/ap_rst_n -into $resetgroup
## set clockgroup [add_wave_group "Clock" -into $designtopgroup]
## add_wave /apatb_wedrowiec_hls_axi_top/AESL_inst_wedrowiec_hls_axi/ap_clk -into $clockgroup
## set testbenchgroup [add_wave_group "Test Bench Signals"]
## set tbinternalsiggroup [add_wave_group "Internal Signals" -into $testbenchgroup]
## set tb_simstatus_group [add_wave_group "Simulation Status" -into $tbinternalsiggroup]
## set tb_portdepth_group [add_wave_group "Port Depth" -into $tbinternalsiggroup]
## add_wave /apatb_wedrowiec_hls_axi_top/AUTOTB_TRANSACTION_NUM -into $tb_simstatus_group -radix hex
## add_wave /apatb_wedrowiec_hls_axi_top/ready_cnt -into $tb_simstatus_group -radix hex
## add_wave /apatb_wedrowiec_hls_axi_top/done_cnt -into $tb_simstatus_group -radix hex
## add_wave /apatb_wedrowiec_hls_axi_top/ap_c_n_tvin_trans_num_in_r_V_data_V -into $tb_simstatus_group -radix hex
## add_wave /apatb_wedrowiec_hls_axi_top/ap_c_n_tvin_trans_num_in_r_V_last_V -into $tb_simstatus_group -radix hex
## add_wave /apatb_wedrowiec_hls_axi_top/ap_c_n_tvout_trans_num_out_r_V_data_V -into $tb_simstatus_group -radix hex
## add_wave /apatb_wedrowiec_hls_axi_top/ap_c_n_tvout_trans_num_out_r_V_last_V -into $tb_simstatus_group -radix hex
## add_wave /apatb_wedrowiec_hls_axi_top/LENGTH_in_r_V_data_V -into $tb_portdepth_group -radix hex
## add_wave /apatb_wedrowiec_hls_axi_top/LENGTH_in_r_V_last_V -into $tb_portdepth_group -radix hex
## add_wave /apatb_wedrowiec_hls_axi_top/LENGTH_out_r_V_data_V -into $tb_portdepth_group -radix hex
## add_wave /apatb_wedrowiec_hls_axi_top/LENGTH_out_r_V_last_V -into $tb_portdepth_group -radix hex
## set tbcoutputgroup [add_wave_group "C Outputs" -into $testbenchgroup]
## set tb_return_group [add_wave_group return(axis) -into $tbcoutputgroup]
## add_wave /apatb_wedrowiec_hls_axi_top/out_r_TLAST -into $tb_return_group -color #ffff00 -radix hex
## add_wave /apatb_wedrowiec_hls_axi_top/out_r_TREADY -into $tb_return_group -color #ffff00 -radix hex
## add_wave /apatb_wedrowiec_hls_axi_top/out_r_TVALID -into $tb_return_group -color #ffff00 -radix hex
## add_wave /apatb_wedrowiec_hls_axi_top/out_r_TDATA -into $tb_return_group -radix hex
## set tbcinputgroup [add_wave_group "C Inputs" -into $testbenchgroup]
## set tb_return_group [add_wave_group return(axis) -into $tbcinputgroup]
## add_wave /apatb_wedrowiec_hls_axi_top/in_r_TLAST -into $tb_return_group -color #ffff00 -radix hex
## add_wave /apatb_wedrowiec_hls_axi_top/in_r_TREADY -into $tb_return_group -color #ffff00 -radix hex
## add_wave /apatb_wedrowiec_hls_axi_top/in_r_TVALID -into $tb_return_group -color #ffff00 -radix hex
## add_wave /apatb_wedrowiec_hls_axi_top/in_r_TDATA -into $tb_return_group -radix hex
## save_wave_config wedrowiec_hls_axi.wcfg
## run all
////////////////////////////////////////////////////////////////////////////////////
// Inter-Transaction Progress: Completed Transaction / Total Transaction
// Intra-Transaction Progress: Measured Latency / Latency Estimation * 100%
//
// RTL Simulation : "Inter-Transaction Progress" ["Intra-Transaction Progress"] @ "Simulation Time"
////////////////////////////////////////////////////////////////////////////////////
// RTL Simulation : 0 / 5 [0.00%] @ "150000"
// RTL Simulation : 1 / 5 [171.75%] @ "75410000"
// RTL Simulation : 2 / 5 [171.75%] @ "150670000"
// RTL Simulation : 3 / 5 [171.75%] @ "225930000"
// RTL Simulation : 4 / 5 [171.75%] @ "301190000"
// RTL Simulation : 5 / 5 [100.00%] @ "376450000"
////////////////////////////////////////////////////////////////////////////////////
$finish called at time : 376570 ns : File "G:/Xlinix-workspace/projekt-hls/hls4ml_projects/wedrowiec_hls/wedrowiec_hls_prj/solution1/sim/verilog/wedrowiec_hls_axi.autotb.v" Line 214
## quit
INFO: [Common 17-206] Exiting xsim at Fri May 15 14:05:27 2026...
