#-----------------------------------------------------------
# xsim v2024.2 (64-bit)
# SW Build 5239630 on Fri Nov 08 22:35:27 MST 2024
# IP Build 5239520 on Sun Nov 10 16:12:51 MST 2024
# SharedData Build 5239561 on Fri Nov 08 14:39:27 MST 2024
# Start of session at: Fri May 15 14:05:25 2026
# Process ID         : 28940
# Current directory  : G:/Xlinix-workspace/projekt-hls/hls4ml_projects/wedrowiec_hls/wedrowiec_hls_prj/solution1/sim/verilog
# Command line       : xsim.exe -mode tcl -source {xsim.dir/wedrowiec_hls_axi/xsim_script.tcl}
# Log file           : G:/Xlinix-workspace/projekt-hls/hls4ml_projects/wedrowiec_hls/wedrowiec_hls_prj/solution1/sim/verilog/xsim.log
# Journal file       : G:/Xlinix-workspace/projekt-hls/hls4ml_projects/wedrowiec_hls/wedrowiec_hls_prj/solution1/sim/verilog\xsim.jou
# Running On         : TUFIK-2-0
# Platform           : Windows Server 2016 or Windows 10
# Operating System   : 26200
# Processor Detail   : 13th Gen Intel(R) Core(TM) i7-13700KF
# CPU Frequency      : 3418 MHz
# CPU Physical cores : 16
# CPU Logical cores  : 24
# Host memory        : 34138 MB
# Swap memory        : 8589 MB
# Total Virtual      : 42728 MB
# Available Virtual  : 9543 MB
#-----------------------------------------------------------
source xsim.dir/wedrowiec_hls_axi/xsim_script.tcl
open_wave_config wedrowiec_hls_axi_dataflow_ana.wcfg
source wedrowiec_hls_axi.tcl
