INFO: Unable to open input/predictions file, using default input.
{ data: -0.307861, last: 0 }
 { data: -0.222656, last: 0 }
 { data: -0.109619, last: 0 }
 { data: -0.582764, last: 1 }
 
{ data: -0.307861, last: 0 }
 { data: -0.222656, last: 0 }
 { data: -0.109619, last: 0 }
 { data: -0.582764, last: 1 }
 
{ data: -0.307861, last: 0 }
 { data: -0.222656, last: 0 }
 { data: -0.109619, last: 0 }
 { data: -0.582764, last: 1 }
 
{ data: -0.307861, last: 0 }
 { data: -0.222656, last: 0 }
 { data: -0.109619, last: 0 }
 { data: -0.582764, last: 1 }
 
{ data: -0.307861, last: 0 }
 { data: -0.222656, last: 0 }
 { data: -0.109619, last: 0 }
 { data: -0.582764, last: 1 }
 
INFO: Saved inference results to file: tb_data/rtl_cosim_results.log
INFO [HLS SIM]: The maximum depth reached by any hls::stream() instance in the design is 64
INFO: Unable to open input/predictions file, using default input.
{ data: -0.307861, last: 0 }
 { data: -0.222656, last: 0 }
 { data: -0.109619, last: 0 }
 { data: -0.582764, last: 1 }
 
{ data: -0.307861, last: 0 }
 { data: -0.222656, last: 0 }
 { data: -0.109619, last: 0 }
 { data: -0.582764, last: 1 }
 
{ data: -0.307861, last: 0 }
 { data: -0.222656, last: 0 }
 { data: -0.109619, last: 0 }
 { data: -0.582764, last: 1 }
 
{ data: -0.307861, last: 0 }
 { data: -0.222656, last: 0 }
 { data: -0.109619, last: 0 }
 { data: -0.582764, last: 1 }
 
{ data: -0.307861, last: 0 }
 { data: -0.222656, last: 0 }
 { data: -0.109619, last: 0 }
 { data: -0.582764, last: 1 }
 
INFO: Saved inference results to file: tb_data/rtl_cosim_results.log
INFO [HLS SIM]: The maximum depth reached by any hls::stream() instance in the design is 64
