#-----------------------------------------------------------
# Vivado v2024.2 (64-bit)
# SW Build 5239630 on Fri Nov 08 22:35:27 MST 2024
# IP Build 5239520 on Sun Nov 10 16:12:51 MST 2024
# SharedData Build 5239561 on Fri Nov 08 14:39:27 MST 2024
# Start of session at: Fri May 15 14:04:53 2026
# Process ID         : 38936
# Current directory  : G:/Xlinix-workspace/projekt-hls/hls4ml_projects/wedrowiec_hls/wedrowiec_hls_prj/solution1/.autopilot/db/ip_tmp
# Command line       : vivado.exe -notrace -log vivado.log -mode batch -source run_vivado_gen_ip.tcl
# Log file           : G:/Xlinix-workspace/projekt-hls/hls4ml_projects/wedrowiec_hls/wedrowiec_hls_prj/solution1/.autopilot/db/ip_tmp/vivado.log
# Journal file       : G:/Xlinix-workspace/projekt-hls/hls4ml_projects/wedrowiec_hls/wedrowiec_hls_prj/solution1/.autopilot/db/ip_tmp\vivado.jou
# Running On         : TUFIK-2-0
# Platform           : Windows Server 2016 or Windows 10
# Operating System   : 26200
# Processor Detail   : 13th Gen Intel(R) Core(TM) i7-13700KF
# CPU Frequency      : 3418 MHz
# CPU Physical cores : 16
# CPU Logical cores  : 24
# Host memory        : 34138 MB
# Swap memory        : 8589 MB
# Total Virtual      : 42728 MB
# Available Virtual  : 9478 MB
#-----------------------------------------------------------
source run_vivado_gen_ip.tcl -notrace
INFO: [ProjectBase 1-489] The host OS only allows 260 characters in a normal path. The project is stored in a path with more than 80 characters. If you experience issues with IP, Block Designs, or files not being found, please consider moving the project to a location with a shorter path. Alternately consider using the OS subst command to map part of the path to a drive letter.
Current project path is 'G:/Xlinix-workspace/projekt-hls/hls4ml_projects/wedrowiec_hls/wedrowiec_hls_prj/solution1/.autopilot/db/ip_tmp'
INFO: [IP_Flow 19-234] Refreshing IP repositories
INFO: [IP_Flow 19-1704] No user IP repositories specified
INFO: [IP_Flow 19-2313] Loaded Vivado IP repository 'G:/Xilinx/Vivado/2024.2/data/ip'.
WARNING: [IP_Flow 19-4832] The IP name 'wedrowiec_hls_axi_fpext_32ns_64_2_no_dsp_1_ip' you have specified is long. The Windows operating system has path length limitations. It is recommended you use shorter names to reduce the likelihood of issues.
INFO: [IP_Flow 19-1686] Generating 'Synthesis' target for IP 'wedrowiec_hls_axi_fpext_32ns_64_2_no_dsp_1_ip'...
INFO: [IP_Flow 19-1686] Generating 'Simulation' target for IP 'wedrowiec_hls_axi_fpext_32ns_64_2_no_dsp_1_ip'...
INFO: [Common 17-206] Exiting Vivado at Fri May 15 14:05:03 2026...
