

================================================================
== Vitis HLS Report for 'dense_array_array_ap_fixed_32u_config3_Pipeline_DataPrepare'
================================================================
* Date:           Sun May 17 14:56:04 2026

* Version:        2025.1 (Build 6135595 on May 21 2025)
* Project:        wedrowiec_hls_prj
* Solution:       solution1 (Vivado IP Flow Target)
* Product family: zynq
* Target device:  xc7z020-clg400-1


================================================================
== Performance Estimates
================================================================
+ Timing: 
    * Summary: 
    +--------+----------+----------+------------+
    |  Clock |  Target  | Estimated| Uncertainty|
    +--------+----------+----------+------------+
    |ap_clk  |  20.00 ns|  4.826 ns|     5.40 ns|
    +--------+----------+----------+------------+

+ Latency: 
    * Summary: 
    +---------+---------+----------+----------+-----+-----+------------------------------------------------+
    |  Latency (cycles) |  Latency (absolute) |  Interval |                    Pipeline                    |
    |   min   |   max   |    min   |    max   | min | max |                      Type                      |
    +---------+---------+----------+----------+-----+-----+------------------------------------------------+
    |        9|        9|  0.180 us|  0.180 us|    8|    8|  loop auto-rewind stp (delay=0 clock cycles(s))|
    +---------+---------+----------+----------+-----+-----+------------------------------------------------+

    + Detail: 
        * Instance: 
        N/A

        * Loop: 
        +---------------+---------+---------+----------+-----------+-----------+------+----------+
        |               |  Latency (cycles) | Iteration|  Initiation Interval  | Trip |          |
        |   Loop Name   |   min   |   max   |  Latency |  achieved |   target  | Count| Pipelined|
        +---------------+---------+---------+----------+-----------+-----------+------+----------+
        |- DataPrepare  |        7|        7|         1|          1|          1|     8|       yes|
        +---------------+---------+---------+----------+-----------+-----------+------+----------+

============================================================
+ Verbose Summary: Synthesis Manager
============================================================
InlineROM: 1
ExposeGlobal: 0
============================================================
+ Verbose Summary: CDFG Model
============================================================
IsTopModel: 0
ResetActiveHigh: 1
IsCombinational: 0
IsDatapathOnly: 0
HasWiredReturn: 1
HasMFsm: 2
HasVarLatency: 1
IsPipeline: 0
IsRtlPipelined: 0
IsInstanceOverlapped: 0
IsDontTouch: 0
HasImplIP: 0
IsGatedGlobalClock: 0

+ Individual pipeline summary: 
  * Pipeline-0: initiation interval (II) = 1, depth = 1


============================================================
+ Verbose Summary: Schedule
============================================================
* Number of FSM states : 1
* Pipeline : 1
  Pipeline-0 : II = 1, D = 1, States = { 1 }
* Dataflow Pipeline: 0

* FSM state transitions: 
1 --> 

* FSM state operations: 

State 1 <SV = 0> <Delay = 4.82>
ST_1 : Operation 4 [1/1] (0.00ns)   --->   "%i_in129 = alloca i32 1"   --->   Operation 4 'alloca' 'i_in129' <Predicate = true> <Delay = 0.00>
ST_1 : Operation 5 [1/1] (0.00ns)   --->   "%p_0_7_0_0_01272 = alloca i32 1"   --->   Operation 5 'alloca' 'p_0_7_0_0_01272' <Predicate = true> <Delay = 0.00>
ST_1 : Operation 6 [1/1] (0.00ns)   --->   "%p_0_6_0_0_01254 = alloca i32 1"   --->   Operation 6 'alloca' 'p_0_6_0_0_01254' <Predicate = true> <Delay = 0.00>
ST_1 : Operation 7 [1/1] (0.00ns)   --->   "%p_0_5_0_0_01236 = alloca i32 1"   --->   Operation 7 'alloca' 'p_0_5_0_0_01236' <Predicate = true> <Delay = 0.00>
ST_1 : Operation 8 [1/1] (0.00ns)   --->   "%p_0_4_0_0_01218 = alloca i32 1"   --->   Operation 8 'alloca' 'p_0_4_0_0_01218' <Predicate = true> <Delay = 0.00>
ST_1 : Operation 9 [1/1] (0.00ns)   --->   "%p_0_3_0_0_011910 = alloca i32 1"   --->   Operation 9 'alloca' 'p_0_3_0_0_011910' <Predicate = true> <Delay = 0.00>
ST_1 : Operation 10 [1/1] (0.00ns)   --->   "%p_0_2_0_0_011712 = alloca i32 1"   --->   Operation 10 'alloca' 'p_0_2_0_0_011712' <Predicate = true> <Delay = 0.00>
ST_1 : Operation 11 [1/1] (0.00ns)   --->   "%p_0_1_0_0_011514 = alloca i32 1"   --->   Operation 11 'alloca' 'p_0_1_0_0_011514' <Predicate = true> <Delay = 0.00>
ST_1 : Operation 12 [1/1] (0.00ns)   --->   "%p_0_0_0_0_011316 = alloca i32 1"   --->   Operation 12 'alloca' 'p_0_0_0_0_011316' <Predicate = true> <Delay = 0.00>
ST_1 : Operation 13 [1/1] (0.00ns)   --->   "%p_0_7_0_0_011118 = alloca i32 1"   --->   Operation 13 'alloca' 'p_0_7_0_0_011118' <Predicate = true> <Delay = 0.00>
ST_1 : Operation 14 [1/1] (0.00ns)   --->   "%p_0_6_0_0_010920 = alloca i32 1"   --->   Operation 14 'alloca' 'p_0_6_0_0_010920' <Predicate = true> <Delay = 0.00>
ST_1 : Operation 15 [1/1] (0.00ns)   --->   "%p_0_5_0_0_010722 = alloca i32 1"   --->   Operation 15 'alloca' 'p_0_5_0_0_010722' <Predicate = true> <Delay = 0.00>
ST_1 : Operation 16 [1/1] (0.00ns)   --->   "%p_0_4_0_0_010524 = alloca i32 1"   --->   Operation 16 'alloca' 'p_0_4_0_0_010524' <Predicate = true> <Delay = 0.00>
ST_1 : Operation 17 [1/1] (0.00ns)   --->   "%p_0_3_0_0_010326 = alloca i32 1"   --->   Operation 17 'alloca' 'p_0_3_0_0_010326' <Predicate = true> <Delay = 0.00>
ST_1 : Operation 18 [1/1] (0.00ns)   --->   "%p_0_2_0_0_010128 = alloca i32 1"   --->   Operation 18 'alloca' 'p_0_2_0_0_010128' <Predicate = true> <Delay = 0.00>
ST_1 : Operation 19 [1/1] (0.00ns)   --->   "%p_0_1_0_0_09930 = alloca i32 1"   --->   Operation 19 'alloca' 'p_0_1_0_0_09930' <Predicate = true> <Delay = 0.00>
ST_1 : Operation 20 [1/1] (0.00ns)   --->   "%p_0_0_0_0_09732 = alloca i32 1"   --->   Operation 20 'alloca' 'p_0_0_0_0_09732' <Predicate = true> <Delay = 0.00>
ST_1 : Operation 21 [1/1] (0.00ns)   --->   "%p_0_7_0_0_09534 = alloca i32 1"   --->   Operation 21 'alloca' 'p_0_7_0_0_09534' <Predicate = true> <Delay = 0.00>
ST_1 : Operation 22 [1/1] (0.00ns)   --->   "%p_0_6_0_0_09336 = alloca i32 1"   --->   Operation 22 'alloca' 'p_0_6_0_0_09336' <Predicate = true> <Delay = 0.00>
ST_1 : Operation 23 [1/1] (0.00ns)   --->   "%p_0_5_0_0_09138 = alloca i32 1"   --->   Operation 23 'alloca' 'p_0_5_0_0_09138' <Predicate = true> <Delay = 0.00>
ST_1 : Operation 24 [1/1] (0.00ns)   --->   "%p_0_4_0_0_08940 = alloca i32 1"   --->   Operation 24 'alloca' 'p_0_4_0_0_08940' <Predicate = true> <Delay = 0.00>
ST_1 : Operation 25 [1/1] (0.00ns)   --->   "%p_0_3_0_0_08742 = alloca i32 1"   --->   Operation 25 'alloca' 'p_0_3_0_0_08742' <Predicate = true> <Delay = 0.00>
ST_1 : Operation 26 [1/1] (0.00ns)   --->   "%p_0_2_0_0_08544 = alloca i32 1"   --->   Operation 26 'alloca' 'p_0_2_0_0_08544' <Predicate = true> <Delay = 0.00>
ST_1 : Operation 27 [1/1] (0.00ns)   --->   "%p_0_1_0_0_08346 = alloca i32 1"   --->   Operation 27 'alloca' 'p_0_1_0_0_08346' <Predicate = true> <Delay = 0.00>
ST_1 : Operation 28 [1/1] (0.00ns)   --->   "%p_0_0_0_0_08148 = alloca i32 1"   --->   Operation 28 'alloca' 'p_0_0_0_0_08148' <Predicate = true> <Delay = 0.00>
ST_1 : Operation 29 [1/1] (0.00ns)   --->   "%p_0_7_0_0_07950 = alloca i32 1"   --->   Operation 29 'alloca' 'p_0_7_0_0_07950' <Predicate = true> <Delay = 0.00>
ST_1 : Operation 30 [1/1] (0.00ns)   --->   "%p_0_6_0_0_07752 = alloca i32 1"   --->   Operation 30 'alloca' 'p_0_6_0_0_07752' <Predicate = true> <Delay = 0.00>
ST_1 : Operation 31 [1/1] (0.00ns)   --->   "%p_0_5_0_0_07554 = alloca i32 1"   --->   Operation 31 'alloca' 'p_0_5_0_0_07554' <Predicate = true> <Delay = 0.00>
ST_1 : Operation 32 [1/1] (0.00ns)   --->   "%p_0_4_0_0_07356 = alloca i32 1"   --->   Operation 32 'alloca' 'p_0_4_0_0_07356' <Predicate = true> <Delay = 0.00>
ST_1 : Operation 33 [1/1] (0.00ns)   --->   "%p_0_3_0_0_07158 = alloca i32 1"   --->   Operation 33 'alloca' 'p_0_3_0_0_07158' <Predicate = true> <Delay = 0.00>
ST_1 : Operation 34 [1/1] (0.00ns)   --->   "%p_0_2_0_0_06960 = alloca i32 1"   --->   Operation 34 'alloca' 'p_0_2_0_0_06960' <Predicate = true> <Delay = 0.00>
ST_1 : Operation 35 [1/1] (0.00ns)   --->   "%p_0_1_0_0_06762 = alloca i32 1"   --->   Operation 35 'alloca' 'p_0_1_0_0_06762' <Predicate = true> <Delay = 0.00>
ST_1 : Operation 36 [1/1] (0.00ns)   --->   "%p_0_0_0_0_06564 = alloca i32 1"   --->   Operation 36 'alloca' 'p_0_0_0_0_06564' <Predicate = true> <Delay = 0.00>
ST_1 : Operation 37 [1/1] (0.00ns)   --->   "%p_0_7_0_0_06366 = alloca i32 1"   --->   Operation 37 'alloca' 'p_0_7_0_0_06366' <Predicate = true> <Delay = 0.00>
ST_1 : Operation 38 [1/1] (0.00ns)   --->   "%p_0_6_0_0_06168 = alloca i32 1"   --->   Operation 38 'alloca' 'p_0_6_0_0_06168' <Predicate = true> <Delay = 0.00>
ST_1 : Operation 39 [1/1] (0.00ns)   --->   "%p_0_5_0_0_05970 = alloca i32 1"   --->   Operation 39 'alloca' 'p_0_5_0_0_05970' <Predicate = true> <Delay = 0.00>
ST_1 : Operation 40 [1/1] (0.00ns)   --->   "%p_0_4_0_0_05772 = alloca i32 1"   --->   Operation 40 'alloca' 'p_0_4_0_0_05772' <Predicate = true> <Delay = 0.00>
ST_1 : Operation 41 [1/1] (0.00ns)   --->   "%p_0_3_0_0_05574 = alloca i32 1"   --->   Operation 41 'alloca' 'p_0_3_0_0_05574' <Predicate = true> <Delay = 0.00>
ST_1 : Operation 42 [1/1] (0.00ns)   --->   "%p_0_2_0_0_05376 = alloca i32 1"   --->   Operation 42 'alloca' 'p_0_2_0_0_05376' <Predicate = true> <Delay = 0.00>
ST_1 : Operation 43 [1/1] (0.00ns)   --->   "%p_0_1_0_0_05178 = alloca i32 1"   --->   Operation 43 'alloca' 'p_0_1_0_0_05178' <Predicate = true> <Delay = 0.00>
ST_1 : Operation 44 [1/1] (0.00ns)   --->   "%p_0_0_0_0_04980 = alloca i32 1"   --->   Operation 44 'alloca' 'p_0_0_0_0_04980' <Predicate = true> <Delay = 0.00>
ST_1 : Operation 45 [1/1] (0.00ns)   --->   "%p_0_7_0_0_04782 = alloca i32 1"   --->   Operation 45 'alloca' 'p_0_7_0_0_04782' <Predicate = true> <Delay = 0.00>
ST_1 : Operation 46 [1/1] (0.00ns)   --->   "%p_0_6_0_0_04584 = alloca i32 1"   --->   Operation 46 'alloca' 'p_0_6_0_0_04584' <Predicate = true> <Delay = 0.00>
ST_1 : Operation 47 [1/1] (0.00ns)   --->   "%p_0_5_0_0_04386 = alloca i32 1"   --->   Operation 47 'alloca' 'p_0_5_0_0_04386' <Predicate = true> <Delay = 0.00>
ST_1 : Operation 48 [1/1] (0.00ns)   --->   "%p_0_4_0_0_04188 = alloca i32 1"   --->   Operation 48 'alloca' 'p_0_4_0_0_04188' <Predicate = true> <Delay = 0.00>
ST_1 : Operation 49 [1/1] (0.00ns)   --->   "%p_0_3_0_0_03990 = alloca i32 1"   --->   Operation 49 'alloca' 'p_0_3_0_0_03990' <Predicate = true> <Delay = 0.00>
ST_1 : Operation 50 [1/1] (0.00ns)   --->   "%p_0_2_0_0_03792 = alloca i32 1"   --->   Operation 50 'alloca' 'p_0_2_0_0_03792' <Predicate = true> <Delay = 0.00>
ST_1 : Operation 51 [1/1] (0.00ns)   --->   "%p_0_1_0_0_03594 = alloca i32 1"   --->   Operation 51 'alloca' 'p_0_1_0_0_03594' <Predicate = true> <Delay = 0.00>
ST_1 : Operation 52 [1/1] (0.00ns)   --->   "%p_0_0_0_0_03396 = alloca i32 1"   --->   Operation 52 'alloca' 'p_0_0_0_0_03396' <Predicate = true> <Delay = 0.00>
ST_1 : Operation 53 [1/1] (0.00ns)   --->   "%p_0_7_0_0_03198 = alloca i32 1"   --->   Operation 53 'alloca' 'p_0_7_0_0_03198' <Predicate = true> <Delay = 0.00>
ST_1 : Operation 54 [1/1] (0.00ns)   --->   "%p_0_6_0_0_029100 = alloca i32 1"   --->   Operation 54 'alloca' 'p_0_6_0_0_029100' <Predicate = true> <Delay = 0.00>
ST_1 : Operation 55 [1/1] (0.00ns)   --->   "%p_0_5_0_0_027102 = alloca i32 1"   --->   Operation 55 'alloca' 'p_0_5_0_0_027102' <Predicate = true> <Delay = 0.00>
ST_1 : Operation 56 [1/1] (0.00ns)   --->   "%p_0_4_0_0_025104 = alloca i32 1"   --->   Operation 56 'alloca' 'p_0_4_0_0_025104' <Predicate = true> <Delay = 0.00>
ST_1 : Operation 57 [1/1] (0.00ns)   --->   "%p_0_3_0_0_023106 = alloca i32 1"   --->   Operation 57 'alloca' 'p_0_3_0_0_023106' <Predicate = true> <Delay = 0.00>
ST_1 : Operation 58 [1/1] (0.00ns)   --->   "%p_0_2_0_0_021108 = alloca i32 1"   --->   Operation 58 'alloca' 'p_0_2_0_0_021108' <Predicate = true> <Delay = 0.00>
ST_1 : Operation 59 [1/1] (0.00ns)   --->   "%p_0_1_0_0_019110 = alloca i32 1"   --->   Operation 59 'alloca' 'p_0_1_0_0_019110' <Predicate = true> <Delay = 0.00>
ST_1 : Operation 60 [1/1] (0.00ns)   --->   "%p_0_0_0_0_017112 = alloca i32 1"   --->   Operation 60 'alloca' 'p_0_0_0_0_017112' <Predicate = true> <Delay = 0.00>
ST_1 : Operation 61 [1/1] (0.00ns)   --->   "%p_0_7_0_0_015114 = alloca i32 1"   --->   Operation 61 'alloca' 'p_0_7_0_0_015114' <Predicate = true> <Delay = 0.00>
ST_1 : Operation 62 [1/1] (0.00ns)   --->   "%p_0_6_0_0_013116 = alloca i32 1"   --->   Operation 62 'alloca' 'p_0_6_0_0_013116' <Predicate = true> <Delay = 0.00>
ST_1 : Operation 63 [1/1] (0.00ns)   --->   "%p_0_5_0_0_011118 = alloca i32 1"   --->   Operation 63 'alloca' 'p_0_5_0_0_011118' <Predicate = true> <Delay = 0.00>
ST_1 : Operation 64 [1/1] (0.00ns)   --->   "%p_0_4_0_0_09120 = alloca i32 1"   --->   Operation 64 'alloca' 'p_0_4_0_0_09120' <Predicate = true> <Delay = 0.00>
ST_1 : Operation 65 [1/1] (0.00ns)   --->   "%p_0_3_0_0_07122 = alloca i32 1"   --->   Operation 65 'alloca' 'p_0_3_0_0_07122' <Predicate = true> <Delay = 0.00>
ST_1 : Operation 66 [1/1] (0.00ns)   --->   "%p_0_2_0_0_05124 = alloca i32 1"   --->   Operation 66 'alloca' 'p_0_2_0_0_05124' <Predicate = true> <Delay = 0.00>
ST_1 : Operation 67 [1/1] (0.00ns)   --->   "%p_0_1_0_0_03126 = alloca i32 1"   --->   Operation 67 'alloca' 'p_0_1_0_0_03126' <Predicate = true> <Delay = 0.00>
ST_1 : Operation 68 [1/1] (0.00ns)   --->   "%p_0_0_0_0_01128 = alloca i32 1"   --->   Operation 68 'alloca' 'p_0_0_0_0_01128' <Predicate = true> <Delay = 0.00>
ST_1 : Operation 69 [1/1] (0.00ns)   --->   "%specinterface_ln0 = specinterface void @_ssdm_op_SpecInterface, i64 %input_layer, void @empty, i32 0, i32 0, void @empty_0, i32 0, i32 0, void @empty_1, void @empty_1, void @empty_1, i32 0, i32 0, i32 0, i32 0, void @empty_1, void @empty_1, i32 4294967295, i32 0, i32 0"   --->   Operation 69 'specinterface' 'specinterface_ln0' <Predicate = true> <Delay = 0.00>
ST_1 : Operation 70 [1/1] (1.58ns)   --->   "%store_ln0 = store i3 0, i3 %i_in129"   --->   Operation 70 'store' 'store_ln0' <Predicate = true> <Delay = 1.58>
ST_1 : Operation 71 [1/1] (0.00ns)   --->   "%br_ln33 = br void %for.body.i.split" [firmware/nnet_utils/nnet_dense_stream.h:33->firmware/nnet_utils/nnet_dense_stream.h:93]   --->   Operation 71 'br' 'br_ln33' <Predicate = true> <Delay = 0.00>
ST_1 : Operation 72 [1/1] (0.00ns)   --->   "%i_in129_load = load i3 %i_in129" [firmware/nnet_utils/nnet_dense_stream.h:33->firmware/nnet_utils/nnet_dense_stream.h:93]   --->   Operation 72 'load' 'i_in129_load' <Predicate = true> <Delay = 0.00>
ST_1 : Operation 73 [1/1] (0.00ns)   --->   "%specpipeline_ln34 = specpipeline void @_ssdm_op_SpecPipeline, i32 4294967295, i32 0, i32 0, i32 0, void @empty_1" [firmware/nnet_utils/nnet_dense_stream.h:34->firmware/nnet_utils/nnet_dense_stream.h:93]   --->   Operation 73 'specpipeline' 'specpipeline_ln34' <Predicate = true> <Delay = 0.00>
ST_1 : Operation 74 [1/1] (0.00ns)   --->   "%speclooptripcount_ln33 = speclooptripcount void @_ssdm_op_SpecLoopTripCount, i64 8, i64 8, i64 8" [firmware/nnet_utils/nnet_dense_stream.h:33->firmware/nnet_utils/nnet_dense_stream.h:93]   --->   Operation 74 'speclooptripcount' 'speclooptripcount_ln33' <Predicate = true> <Delay = 0.00>
ST_1 : Operation 75 [1/1] (0.00ns)   --->   "%specloopname_ln33 = specloopname void @_ssdm_op_SpecLoopName, void @empty_5" [firmware/nnet_utils/nnet_dense_stream.h:33->firmware/nnet_utils/nnet_dense_stream.h:93]   --->   Operation 75 'specloopname' 'specloopname_ln33' <Predicate = true> <Delay = 0.00>
ST_1 : Operation 76 [1/1] (0.51ns)   --->   "%input_layer_read = read i64 @_ssdm_op_Read.axis.volatile.i64P128A, i64 %input_layer" [firmware/nnet_utils/nnet_dense_stream.h:35->firmware/nnet_utils/nnet_dense_stream.h:93]   --->   Operation 76 'read' 'input_layer_read' <Predicate = true> <Delay = 0.51> <CoreInst = "regslice">   --->   Core 135 'regslice' <Latency = 0> <II = 1> <Delay = 2.48> <Adapter> <Opcode : 'read' 'write'>
ST_1 : Operation 77 [1/1] (0.00ns)   --->   "%data_pack = trunc i64 %input_layer_read" [firmware/nnet_utils/nnet_dense_stream.h:35->firmware/nnet_utils/nnet_dense_stream.h:93]   --->   Operation 77 'trunc' 'data_pack' <Predicate = true> <Delay = 0.00>
ST_1 : Operation 78 [1/1] (0.00ns)   --->   "%data_pack_1 = partselect i8 @_ssdm_op_PartSelect.i8.i64.i64, i64 %input_layer_read, i64 8" [firmware/nnet_utils/nnet_dense_stream.h:35->firmware/nnet_utils/nnet_dense_stream.h:93]   --->   Operation 78 'partselect' 'data_pack_1' <Predicate = true> <Delay = 0.00>
ST_1 : Operation 79 [1/1] (0.00ns)   --->   "%data_pack_2 = partselect i8 @_ssdm_op_PartSelect.i8.i64.i64, i64 %input_layer_read, i64 16" [firmware/nnet_utils/nnet_dense_stream.h:35->firmware/nnet_utils/nnet_dense_stream.h:93]   --->   Operation 79 'partselect' 'data_pack_2' <Predicate = true> <Delay = 0.00>
ST_1 : Operation 80 [1/1] (0.00ns)   --->   "%data_pack_3 = partselect i8 @_ssdm_op_PartSelect.i8.i64.i64, i64 %input_layer_read, i64 24" [firmware/nnet_utils/nnet_dense_stream.h:35->firmware/nnet_utils/nnet_dense_stream.h:93]   --->   Operation 80 'partselect' 'data_pack_3' <Predicate = true> <Delay = 0.00>
ST_1 : Operation 81 [1/1] (0.00ns)   --->   "%data_pack_4 = partselect i8 @_ssdm_op_PartSelect.i8.i64.i64, i64 %input_layer_read, i64 32" [firmware/nnet_utils/nnet_dense_stream.h:35->firmware/nnet_utils/nnet_dense_stream.h:93]   --->   Operation 81 'partselect' 'data_pack_4' <Predicate = true> <Delay = 0.00>
ST_1 : Operation 82 [1/1] (0.00ns)   --->   "%data_pack_5 = partselect i8 @_ssdm_op_PartSelect.i8.i64.i64, i64 %input_layer_read, i64 40" [firmware/nnet_utils/nnet_dense_stream.h:35->firmware/nnet_utils/nnet_dense_stream.h:93]   --->   Operation 82 'partselect' 'data_pack_5' <Predicate = true> <Delay = 0.00>
ST_1 : Operation 83 [1/1] (0.00ns)   --->   "%data_pack_6 = partselect i8 @_ssdm_op_PartSelect.i8.i64.i64, i64 %input_layer_read, i64 48" [firmware/nnet_utils/nnet_dense_stream.h:35->firmware/nnet_utils/nnet_dense_stream.h:93]   --->   Operation 83 'partselect' 'data_pack_6' <Predicate = true> <Delay = 0.00>
ST_1 : Operation 84 [1/1] (0.00ns)   --->   "%data_pack_7 = partselect i8 @_ssdm_op_PartSelect.i8.i64.i64, i64 %input_layer_read, i64 56" [firmware/nnet_utils/nnet_dense_stream.h:35->firmware/nnet_utils/nnet_dense_stream.h:93]   --->   Operation 84 'partselect' 'data_pack_7' <Predicate = true> <Delay = 0.00>
ST_1 : Operation 85 [1/1] (1.65ns)   --->   "%i_in = add i3 %i_in129_load, i3 1" [firmware/nnet_utils/nnet_dense_stream.h:33->firmware/nnet_utils/nnet_dense_stream.h:93]   --->   Operation 85 'add' 'i_in' <Predicate = true> <Delay = 1.65> <CoreInst = "Adder">   --->   Core 1 'Adder' <Latency = 0> <II = 1> <Delay = 1.65> <FuncUnit> <Opcode : 'add' 'sub'> <InPorts = 2> <OutPorts = 1>
ST_1 : Operation 86 [1/1] (1.65ns)   --->   "%switch_ln39 = switch i3 %i_in129_load, void %arrayidx.i3.7.case.63, i3 0, void %arrayidx.i3.7.case.7, i3 1, void %arrayidx.i3.7.case.15, i3 2, void %arrayidx.i3.7.case.23, i3 3, void %arrayidx.i3.7.case.31, i3 4, void %arrayidx.i3.7.case.39, i3 5, void %arrayidx.i3.7.case.47, i3 6, void %for.body.i.split.arrayidx.i3.7.exit_crit_edge" [firmware/nnet_utils/nnet_dense_stream.h:39->firmware/nnet_utils/nnet_dense_stream.h:93]   --->   Operation 86 'switch' 'switch_ln39' <Predicate = true> <Delay = 1.65>
ST_1 : Operation 87 [1/1] (0.00ns)   --->   "%store_ln35 = store i8 %data_pack, i8 %p_0_0_0_0_01128" [firmware/nnet_utils/nnet_dense_stream.h:35->firmware/nnet_utils/nnet_dense_stream.h:93]   --->   Operation 87 'store' 'store_ln35' <Predicate = (i_in129_load == 6)> <Delay = 0.00>
ST_1 : Operation 88 [1/1] (0.00ns)   --->   "%store_ln35 = store i8 %data_pack_1, i8 %p_0_1_0_0_03126" [firmware/nnet_utils/nnet_dense_stream.h:35->firmware/nnet_utils/nnet_dense_stream.h:93]   --->   Operation 88 'store' 'store_ln35' <Predicate = (i_in129_load == 6)> <Delay = 0.00>
ST_1 : Operation 89 [1/1] (0.00ns)   --->   "%store_ln35 = store i8 %data_pack_2, i8 %p_0_2_0_0_05124" [firmware/nnet_utils/nnet_dense_stream.h:35->firmware/nnet_utils/nnet_dense_stream.h:93]   --->   Operation 89 'store' 'store_ln35' <Predicate = (i_in129_load == 6)> <Delay = 0.00>
ST_1 : Operation 90 [1/1] (0.00ns)   --->   "%store_ln35 = store i8 %data_pack_3, i8 %p_0_3_0_0_07122" [firmware/nnet_utils/nnet_dense_stream.h:35->firmware/nnet_utils/nnet_dense_stream.h:93]   --->   Operation 90 'store' 'store_ln35' <Predicate = (i_in129_load == 6)> <Delay = 0.00>
ST_1 : Operation 91 [1/1] (0.00ns)   --->   "%store_ln35 = store i8 %data_pack_4, i8 %p_0_4_0_0_09120" [firmware/nnet_utils/nnet_dense_stream.h:35->firmware/nnet_utils/nnet_dense_stream.h:93]   --->   Operation 91 'store' 'store_ln35' <Predicate = (i_in129_load == 6)> <Delay = 0.00>
ST_1 : Operation 92 [1/1] (0.00ns)   --->   "%store_ln35 = store i8 %data_pack_5, i8 %p_0_5_0_0_011118" [firmware/nnet_utils/nnet_dense_stream.h:35->firmware/nnet_utils/nnet_dense_stream.h:93]   --->   Operation 92 'store' 'store_ln35' <Predicate = (i_in129_load == 6)> <Delay = 0.00>
ST_1 : Operation 93 [1/1] (0.00ns)   --->   "%store_ln35 = store i8 %data_pack_6, i8 %p_0_6_0_0_013116" [firmware/nnet_utils/nnet_dense_stream.h:35->firmware/nnet_utils/nnet_dense_stream.h:93]   --->   Operation 93 'store' 'store_ln35' <Predicate = (i_in129_load == 6)> <Delay = 0.00>
ST_1 : Operation 94 [1/1] (0.00ns)   --->   "%store_ln35 = store i8 %data_pack_7, i8 %p_0_7_0_0_015114" [firmware/nnet_utils/nnet_dense_stream.h:35->firmware/nnet_utils/nnet_dense_stream.h:93]   --->   Operation 94 'store' 'store_ln35' <Predicate = (i_in129_load == 6)> <Delay = 0.00>
ST_1 : Operation 95 [1/1] (0.00ns)   --->   "%br_ln39 = br void %arrayidx.i3.7.exit" [firmware/nnet_utils/nnet_dense_stream.h:39->firmware/nnet_utils/nnet_dense_stream.h:93]   --->   Operation 95 'br' 'br_ln39' <Predicate = (i_in129_load == 6)> <Delay = 0.00>
ST_1 : Operation 96 [1/1] (0.00ns)   --->   "%store_ln35 = store i8 %data_pack, i8 %p_0_0_0_0_017112" [firmware/nnet_utils/nnet_dense_stream.h:35->firmware/nnet_utils/nnet_dense_stream.h:93]   --->   Operation 96 'store' 'store_ln35' <Predicate = (i_in129_load == 5)> <Delay = 0.00>
ST_1 : Operation 97 [1/1] (0.00ns)   --->   "%store_ln35 = store i8 %data_pack_1, i8 %p_0_1_0_0_019110" [firmware/nnet_utils/nnet_dense_stream.h:35->firmware/nnet_utils/nnet_dense_stream.h:93]   --->   Operation 97 'store' 'store_ln35' <Predicate = (i_in129_load == 5)> <Delay = 0.00>
ST_1 : Operation 98 [1/1] (0.00ns)   --->   "%store_ln35 = store i8 %data_pack_2, i8 %p_0_2_0_0_021108" [firmware/nnet_utils/nnet_dense_stream.h:35->firmware/nnet_utils/nnet_dense_stream.h:93]   --->   Operation 98 'store' 'store_ln35' <Predicate = (i_in129_load == 5)> <Delay = 0.00>
ST_1 : Operation 99 [1/1] (0.00ns)   --->   "%store_ln35 = store i8 %data_pack_3, i8 %p_0_3_0_0_023106" [firmware/nnet_utils/nnet_dense_stream.h:35->firmware/nnet_utils/nnet_dense_stream.h:93]   --->   Operation 99 'store' 'store_ln35' <Predicate = (i_in129_load == 5)> <Delay = 0.00>
ST_1 : Operation 100 [1/1] (0.00ns)   --->   "%store_ln35 = store i8 %data_pack_4, i8 %p_0_4_0_0_025104" [firmware/nnet_utils/nnet_dense_stream.h:35->firmware/nnet_utils/nnet_dense_stream.h:93]   --->   Operation 100 'store' 'store_ln35' <Predicate = (i_in129_load == 5)> <Delay = 0.00>
ST_1 : Operation 101 [1/1] (0.00ns)   --->   "%store_ln35 = store i8 %data_pack_5, i8 %p_0_5_0_0_027102" [firmware/nnet_utils/nnet_dense_stream.h:35->firmware/nnet_utils/nnet_dense_stream.h:93]   --->   Operation 101 'store' 'store_ln35' <Predicate = (i_in129_load == 5)> <Delay = 0.00>
ST_1 : Operation 102 [1/1] (0.00ns)   --->   "%store_ln35 = store i8 %data_pack_6, i8 %p_0_6_0_0_029100" [firmware/nnet_utils/nnet_dense_stream.h:35->firmware/nnet_utils/nnet_dense_stream.h:93]   --->   Operation 102 'store' 'store_ln35' <Predicate = (i_in129_load == 5)> <Delay = 0.00>
ST_1 : Operation 103 [1/1] (0.00ns)   --->   "%store_ln35 = store i8 %data_pack_7, i8 %p_0_7_0_0_03198" [firmware/nnet_utils/nnet_dense_stream.h:35->firmware/nnet_utils/nnet_dense_stream.h:93]   --->   Operation 103 'store' 'store_ln35' <Predicate = (i_in129_load == 5)> <Delay = 0.00>
ST_1 : Operation 104 [1/1] (0.00ns)   --->   "%br_ln39 = br void %arrayidx.i3.7.exit" [firmware/nnet_utils/nnet_dense_stream.h:39->firmware/nnet_utils/nnet_dense_stream.h:93]   --->   Operation 104 'br' 'br_ln39' <Predicate = (i_in129_load == 5)> <Delay = 0.00>
ST_1 : Operation 105 [1/1] (0.00ns)   --->   "%store_ln35 = store i8 %data_pack, i8 %p_0_0_0_0_03396" [firmware/nnet_utils/nnet_dense_stream.h:35->firmware/nnet_utils/nnet_dense_stream.h:93]   --->   Operation 105 'store' 'store_ln35' <Predicate = (i_in129_load == 4)> <Delay = 0.00>
ST_1 : Operation 106 [1/1] (0.00ns)   --->   "%store_ln35 = store i8 %data_pack_1, i8 %p_0_1_0_0_03594" [firmware/nnet_utils/nnet_dense_stream.h:35->firmware/nnet_utils/nnet_dense_stream.h:93]   --->   Operation 106 'store' 'store_ln35' <Predicate = (i_in129_load == 4)> <Delay = 0.00>
ST_1 : Operation 107 [1/1] (0.00ns)   --->   "%store_ln35 = store i8 %data_pack_2, i8 %p_0_2_0_0_03792" [firmware/nnet_utils/nnet_dense_stream.h:35->firmware/nnet_utils/nnet_dense_stream.h:93]   --->   Operation 107 'store' 'store_ln35' <Predicate = (i_in129_load == 4)> <Delay = 0.00>
ST_1 : Operation 108 [1/1] (0.00ns)   --->   "%store_ln35 = store i8 %data_pack_3, i8 %p_0_3_0_0_03990" [firmware/nnet_utils/nnet_dense_stream.h:35->firmware/nnet_utils/nnet_dense_stream.h:93]   --->   Operation 108 'store' 'store_ln35' <Predicate = (i_in129_load == 4)> <Delay = 0.00>
ST_1 : Operation 109 [1/1] (0.00ns)   --->   "%store_ln35 = store i8 %data_pack_4, i8 %p_0_4_0_0_04188" [firmware/nnet_utils/nnet_dense_stream.h:35->firmware/nnet_utils/nnet_dense_stream.h:93]   --->   Operation 109 'store' 'store_ln35' <Predicate = (i_in129_load == 4)> <Delay = 0.00>
ST_1 : Operation 110 [1/1] (0.00ns)   --->   "%store_ln35 = store i8 %data_pack_5, i8 %p_0_5_0_0_04386" [firmware/nnet_utils/nnet_dense_stream.h:35->firmware/nnet_utils/nnet_dense_stream.h:93]   --->   Operation 110 'store' 'store_ln35' <Predicate = (i_in129_load == 4)> <Delay = 0.00>
ST_1 : Operation 111 [1/1] (0.00ns)   --->   "%store_ln35 = store i8 %data_pack_6, i8 %p_0_6_0_0_04584" [firmware/nnet_utils/nnet_dense_stream.h:35->firmware/nnet_utils/nnet_dense_stream.h:93]   --->   Operation 111 'store' 'store_ln35' <Predicate = (i_in129_load == 4)> <Delay = 0.00>
ST_1 : Operation 112 [1/1] (0.00ns)   --->   "%store_ln35 = store i8 %data_pack_7, i8 %p_0_7_0_0_04782" [firmware/nnet_utils/nnet_dense_stream.h:35->firmware/nnet_utils/nnet_dense_stream.h:93]   --->   Operation 112 'store' 'store_ln35' <Predicate = (i_in129_load == 4)> <Delay = 0.00>
ST_1 : Operation 113 [1/1] (0.00ns)   --->   "%br_ln39 = br void %arrayidx.i3.7.exit" [firmware/nnet_utils/nnet_dense_stream.h:39->firmware/nnet_utils/nnet_dense_stream.h:93]   --->   Operation 113 'br' 'br_ln39' <Predicate = (i_in129_load == 4)> <Delay = 0.00>
ST_1 : Operation 114 [1/1] (0.00ns)   --->   "%store_ln35 = store i8 %data_pack, i8 %p_0_0_0_0_04980" [firmware/nnet_utils/nnet_dense_stream.h:35->firmware/nnet_utils/nnet_dense_stream.h:93]   --->   Operation 114 'store' 'store_ln35' <Predicate = (i_in129_load == 3)> <Delay = 0.00>
ST_1 : Operation 115 [1/1] (0.00ns)   --->   "%store_ln35 = store i8 %data_pack_1, i8 %p_0_1_0_0_05178" [firmware/nnet_utils/nnet_dense_stream.h:35->firmware/nnet_utils/nnet_dense_stream.h:93]   --->   Operation 115 'store' 'store_ln35' <Predicate = (i_in129_load == 3)> <Delay = 0.00>
ST_1 : Operation 116 [1/1] (0.00ns)   --->   "%store_ln35 = store i8 %data_pack_2, i8 %p_0_2_0_0_05376" [firmware/nnet_utils/nnet_dense_stream.h:35->firmware/nnet_utils/nnet_dense_stream.h:93]   --->   Operation 116 'store' 'store_ln35' <Predicate = (i_in129_load == 3)> <Delay = 0.00>
ST_1 : Operation 117 [1/1] (0.00ns)   --->   "%store_ln35 = store i8 %data_pack_3, i8 %p_0_3_0_0_05574" [firmware/nnet_utils/nnet_dense_stream.h:35->firmware/nnet_utils/nnet_dense_stream.h:93]   --->   Operation 117 'store' 'store_ln35' <Predicate = (i_in129_load == 3)> <Delay = 0.00>
ST_1 : Operation 118 [1/1] (0.00ns)   --->   "%store_ln35 = store i8 %data_pack_4, i8 %p_0_4_0_0_05772" [firmware/nnet_utils/nnet_dense_stream.h:35->firmware/nnet_utils/nnet_dense_stream.h:93]   --->   Operation 118 'store' 'store_ln35' <Predicate = (i_in129_load == 3)> <Delay = 0.00>
ST_1 : Operation 119 [1/1] (0.00ns)   --->   "%store_ln35 = store i8 %data_pack_5, i8 %p_0_5_0_0_05970" [firmware/nnet_utils/nnet_dense_stream.h:35->firmware/nnet_utils/nnet_dense_stream.h:93]   --->   Operation 119 'store' 'store_ln35' <Predicate = (i_in129_load == 3)> <Delay = 0.00>
ST_1 : Operation 120 [1/1] (0.00ns)   --->   "%store_ln35 = store i8 %data_pack_6, i8 %p_0_6_0_0_06168" [firmware/nnet_utils/nnet_dense_stream.h:35->firmware/nnet_utils/nnet_dense_stream.h:93]   --->   Operation 120 'store' 'store_ln35' <Predicate = (i_in129_load == 3)> <Delay = 0.00>
ST_1 : Operation 121 [1/1] (0.00ns)   --->   "%store_ln35 = store i8 %data_pack_7, i8 %p_0_7_0_0_06366" [firmware/nnet_utils/nnet_dense_stream.h:35->firmware/nnet_utils/nnet_dense_stream.h:93]   --->   Operation 121 'store' 'store_ln35' <Predicate = (i_in129_load == 3)> <Delay = 0.00>
ST_1 : Operation 122 [1/1] (0.00ns)   --->   "%br_ln39 = br void %arrayidx.i3.7.exit" [firmware/nnet_utils/nnet_dense_stream.h:39->firmware/nnet_utils/nnet_dense_stream.h:93]   --->   Operation 122 'br' 'br_ln39' <Predicate = (i_in129_load == 3)> <Delay = 0.00>
ST_1 : Operation 123 [1/1] (0.00ns)   --->   "%store_ln35 = store i8 %data_pack, i8 %p_0_0_0_0_06564" [firmware/nnet_utils/nnet_dense_stream.h:35->firmware/nnet_utils/nnet_dense_stream.h:93]   --->   Operation 123 'store' 'store_ln35' <Predicate = (i_in129_load == 2)> <Delay = 0.00>
ST_1 : Operation 124 [1/1] (0.00ns)   --->   "%store_ln35 = store i8 %data_pack_1, i8 %p_0_1_0_0_06762" [firmware/nnet_utils/nnet_dense_stream.h:35->firmware/nnet_utils/nnet_dense_stream.h:93]   --->   Operation 124 'store' 'store_ln35' <Predicate = (i_in129_load == 2)> <Delay = 0.00>
ST_1 : Operation 125 [1/1] (0.00ns)   --->   "%store_ln35 = store i8 %data_pack_2, i8 %p_0_2_0_0_06960" [firmware/nnet_utils/nnet_dense_stream.h:35->firmware/nnet_utils/nnet_dense_stream.h:93]   --->   Operation 125 'store' 'store_ln35' <Predicate = (i_in129_load == 2)> <Delay = 0.00>
ST_1 : Operation 126 [1/1] (0.00ns)   --->   "%store_ln35 = store i8 %data_pack_3, i8 %p_0_3_0_0_07158" [firmware/nnet_utils/nnet_dense_stream.h:35->firmware/nnet_utils/nnet_dense_stream.h:93]   --->   Operation 126 'store' 'store_ln35' <Predicate = (i_in129_load == 2)> <Delay = 0.00>
ST_1 : Operation 127 [1/1] (0.00ns)   --->   "%store_ln35 = store i8 %data_pack_4, i8 %p_0_4_0_0_07356" [firmware/nnet_utils/nnet_dense_stream.h:35->firmware/nnet_utils/nnet_dense_stream.h:93]   --->   Operation 127 'store' 'store_ln35' <Predicate = (i_in129_load == 2)> <Delay = 0.00>
ST_1 : Operation 128 [1/1] (0.00ns)   --->   "%store_ln35 = store i8 %data_pack_5, i8 %p_0_5_0_0_07554" [firmware/nnet_utils/nnet_dense_stream.h:35->firmware/nnet_utils/nnet_dense_stream.h:93]   --->   Operation 128 'store' 'store_ln35' <Predicate = (i_in129_load == 2)> <Delay = 0.00>
ST_1 : Operation 129 [1/1] (0.00ns)   --->   "%store_ln35 = store i8 %data_pack_6, i8 %p_0_6_0_0_07752" [firmware/nnet_utils/nnet_dense_stream.h:35->firmware/nnet_utils/nnet_dense_stream.h:93]   --->   Operation 129 'store' 'store_ln35' <Predicate = (i_in129_load == 2)> <Delay = 0.00>
ST_1 : Operation 130 [1/1] (0.00ns)   --->   "%store_ln35 = store i8 %data_pack_7, i8 %p_0_7_0_0_07950" [firmware/nnet_utils/nnet_dense_stream.h:35->firmware/nnet_utils/nnet_dense_stream.h:93]   --->   Operation 130 'store' 'store_ln35' <Predicate = (i_in129_load == 2)> <Delay = 0.00>
ST_1 : Operation 131 [1/1] (0.00ns)   --->   "%br_ln39 = br void %arrayidx.i3.7.exit" [firmware/nnet_utils/nnet_dense_stream.h:39->firmware/nnet_utils/nnet_dense_stream.h:93]   --->   Operation 131 'br' 'br_ln39' <Predicate = (i_in129_load == 2)> <Delay = 0.00>
ST_1 : Operation 132 [1/1] (0.00ns)   --->   "%store_ln35 = store i8 %data_pack, i8 %p_0_0_0_0_08148" [firmware/nnet_utils/nnet_dense_stream.h:35->firmware/nnet_utils/nnet_dense_stream.h:93]   --->   Operation 132 'store' 'store_ln35' <Predicate = (i_in129_load == 1)> <Delay = 0.00>
ST_1 : Operation 133 [1/1] (0.00ns)   --->   "%store_ln35 = store i8 %data_pack_1, i8 %p_0_1_0_0_08346" [firmware/nnet_utils/nnet_dense_stream.h:35->firmware/nnet_utils/nnet_dense_stream.h:93]   --->   Operation 133 'store' 'store_ln35' <Predicate = (i_in129_load == 1)> <Delay = 0.00>
ST_1 : Operation 134 [1/1] (0.00ns)   --->   "%store_ln35 = store i8 %data_pack_2, i8 %p_0_2_0_0_08544" [firmware/nnet_utils/nnet_dense_stream.h:35->firmware/nnet_utils/nnet_dense_stream.h:93]   --->   Operation 134 'store' 'store_ln35' <Predicate = (i_in129_load == 1)> <Delay = 0.00>
ST_1 : Operation 135 [1/1] (0.00ns)   --->   "%store_ln35 = store i8 %data_pack_3, i8 %p_0_3_0_0_08742" [firmware/nnet_utils/nnet_dense_stream.h:35->firmware/nnet_utils/nnet_dense_stream.h:93]   --->   Operation 135 'store' 'store_ln35' <Predicate = (i_in129_load == 1)> <Delay = 0.00>
ST_1 : Operation 136 [1/1] (0.00ns)   --->   "%store_ln35 = store i8 %data_pack_4, i8 %p_0_4_0_0_08940" [firmware/nnet_utils/nnet_dense_stream.h:35->firmware/nnet_utils/nnet_dense_stream.h:93]   --->   Operation 136 'store' 'store_ln35' <Predicate = (i_in129_load == 1)> <Delay = 0.00>
ST_1 : Operation 137 [1/1] (0.00ns)   --->   "%store_ln35 = store i8 %data_pack_5, i8 %p_0_5_0_0_09138" [firmware/nnet_utils/nnet_dense_stream.h:35->firmware/nnet_utils/nnet_dense_stream.h:93]   --->   Operation 137 'store' 'store_ln35' <Predicate = (i_in129_load == 1)> <Delay = 0.00>
ST_1 : Operation 138 [1/1] (0.00ns)   --->   "%store_ln35 = store i8 %data_pack_6, i8 %p_0_6_0_0_09336" [firmware/nnet_utils/nnet_dense_stream.h:35->firmware/nnet_utils/nnet_dense_stream.h:93]   --->   Operation 138 'store' 'store_ln35' <Predicate = (i_in129_load == 1)> <Delay = 0.00>
ST_1 : Operation 139 [1/1] (0.00ns)   --->   "%store_ln35 = store i8 %data_pack_7, i8 %p_0_7_0_0_09534" [firmware/nnet_utils/nnet_dense_stream.h:35->firmware/nnet_utils/nnet_dense_stream.h:93]   --->   Operation 139 'store' 'store_ln35' <Predicate = (i_in129_load == 1)> <Delay = 0.00>
ST_1 : Operation 140 [1/1] (0.00ns)   --->   "%br_ln39 = br void %arrayidx.i3.7.exit" [firmware/nnet_utils/nnet_dense_stream.h:39->firmware/nnet_utils/nnet_dense_stream.h:93]   --->   Operation 140 'br' 'br_ln39' <Predicate = (i_in129_load == 1)> <Delay = 0.00>
ST_1 : Operation 141 [1/1] (0.00ns)   --->   "%store_ln35 = store i8 %data_pack, i8 %p_0_0_0_0_09732" [firmware/nnet_utils/nnet_dense_stream.h:35->firmware/nnet_utils/nnet_dense_stream.h:93]   --->   Operation 141 'store' 'store_ln35' <Predicate = (i_in129_load == 0)> <Delay = 0.00>
ST_1 : Operation 142 [1/1] (0.00ns)   --->   "%store_ln35 = store i8 %data_pack_1, i8 %p_0_1_0_0_09930" [firmware/nnet_utils/nnet_dense_stream.h:35->firmware/nnet_utils/nnet_dense_stream.h:93]   --->   Operation 142 'store' 'store_ln35' <Predicate = (i_in129_load == 0)> <Delay = 0.00>
ST_1 : Operation 143 [1/1] (0.00ns)   --->   "%store_ln35 = store i8 %data_pack_2, i8 %p_0_2_0_0_010128" [firmware/nnet_utils/nnet_dense_stream.h:35->firmware/nnet_utils/nnet_dense_stream.h:93]   --->   Operation 143 'store' 'store_ln35' <Predicate = (i_in129_load == 0)> <Delay = 0.00>
ST_1 : Operation 144 [1/1] (0.00ns)   --->   "%store_ln35 = store i8 %data_pack_3, i8 %p_0_3_0_0_010326" [firmware/nnet_utils/nnet_dense_stream.h:35->firmware/nnet_utils/nnet_dense_stream.h:93]   --->   Operation 144 'store' 'store_ln35' <Predicate = (i_in129_load == 0)> <Delay = 0.00>
ST_1 : Operation 145 [1/1] (0.00ns)   --->   "%store_ln35 = store i8 %data_pack_4, i8 %p_0_4_0_0_010524" [firmware/nnet_utils/nnet_dense_stream.h:35->firmware/nnet_utils/nnet_dense_stream.h:93]   --->   Operation 145 'store' 'store_ln35' <Predicate = (i_in129_load == 0)> <Delay = 0.00>
ST_1 : Operation 146 [1/1] (0.00ns)   --->   "%store_ln35 = store i8 %data_pack_5, i8 %p_0_5_0_0_010722" [firmware/nnet_utils/nnet_dense_stream.h:35->firmware/nnet_utils/nnet_dense_stream.h:93]   --->   Operation 146 'store' 'store_ln35' <Predicate = (i_in129_load == 0)> <Delay = 0.00>
ST_1 : Operation 147 [1/1] (0.00ns)   --->   "%store_ln35 = store i8 %data_pack_6, i8 %p_0_6_0_0_010920" [firmware/nnet_utils/nnet_dense_stream.h:35->firmware/nnet_utils/nnet_dense_stream.h:93]   --->   Operation 147 'store' 'store_ln35' <Predicate = (i_in129_load == 0)> <Delay = 0.00>
ST_1 : Operation 148 [1/1] (0.00ns)   --->   "%store_ln35 = store i8 %data_pack_7, i8 %p_0_7_0_0_011118" [firmware/nnet_utils/nnet_dense_stream.h:35->firmware/nnet_utils/nnet_dense_stream.h:93]   --->   Operation 148 'store' 'store_ln35' <Predicate = (i_in129_load == 0)> <Delay = 0.00>
ST_1 : Operation 149 [1/1] (0.00ns)   --->   "%br_ln39 = br void %arrayidx.i3.7.exit" [firmware/nnet_utils/nnet_dense_stream.h:39->firmware/nnet_utils/nnet_dense_stream.h:93]   --->   Operation 149 'br' 'br_ln39' <Predicate = (i_in129_load == 0)> <Delay = 0.00>
ST_1 : Operation 150 [1/1] (0.00ns)   --->   "%store_ln35 = store i8 %data_pack, i8 %p_0_0_0_0_011316" [firmware/nnet_utils/nnet_dense_stream.h:35->firmware/nnet_utils/nnet_dense_stream.h:93]   --->   Operation 150 'store' 'store_ln35' <Predicate = (i_in129_load == 7)> <Delay = 0.00>
ST_1 : Operation 151 [1/1] (0.00ns)   --->   "%store_ln35 = store i8 %data_pack_1, i8 %p_0_1_0_0_011514" [firmware/nnet_utils/nnet_dense_stream.h:35->firmware/nnet_utils/nnet_dense_stream.h:93]   --->   Operation 151 'store' 'store_ln35' <Predicate = (i_in129_load == 7)> <Delay = 0.00>
ST_1 : Operation 152 [1/1] (0.00ns)   --->   "%store_ln35 = store i8 %data_pack_2, i8 %p_0_2_0_0_011712" [firmware/nnet_utils/nnet_dense_stream.h:35->firmware/nnet_utils/nnet_dense_stream.h:93]   --->   Operation 152 'store' 'store_ln35' <Predicate = (i_in129_load == 7)> <Delay = 0.00>
ST_1 : Operation 153 [1/1] (0.00ns)   --->   "%store_ln35 = store i8 %data_pack_3, i8 %p_0_3_0_0_011910" [firmware/nnet_utils/nnet_dense_stream.h:35->firmware/nnet_utils/nnet_dense_stream.h:93]   --->   Operation 153 'store' 'store_ln35' <Predicate = (i_in129_load == 7)> <Delay = 0.00>
ST_1 : Operation 154 [1/1] (0.00ns)   --->   "%store_ln35 = store i8 %data_pack_4, i8 %p_0_4_0_0_01218" [firmware/nnet_utils/nnet_dense_stream.h:35->firmware/nnet_utils/nnet_dense_stream.h:93]   --->   Operation 154 'store' 'store_ln35' <Predicate = (i_in129_load == 7)> <Delay = 0.00>
ST_1 : Operation 155 [1/1] (0.00ns)   --->   "%store_ln35 = store i8 %data_pack_5, i8 %p_0_5_0_0_01236" [firmware/nnet_utils/nnet_dense_stream.h:35->firmware/nnet_utils/nnet_dense_stream.h:93]   --->   Operation 155 'store' 'store_ln35' <Predicate = (i_in129_load == 7)> <Delay = 0.00>
ST_1 : Operation 156 [1/1] (0.00ns)   --->   "%store_ln35 = store i8 %data_pack_6, i8 %p_0_6_0_0_01254" [firmware/nnet_utils/nnet_dense_stream.h:35->firmware/nnet_utils/nnet_dense_stream.h:93]   --->   Operation 156 'store' 'store_ln35' <Predicate = (i_in129_load == 7)> <Delay = 0.00>
ST_1 : Operation 157 [1/1] (0.00ns)   --->   "%store_ln35 = store i8 %data_pack_7, i8 %p_0_7_0_0_01272" [firmware/nnet_utils/nnet_dense_stream.h:35->firmware/nnet_utils/nnet_dense_stream.h:93]   --->   Operation 157 'store' 'store_ln35' <Predicate = (i_in129_load == 7)> <Delay = 0.00>
ST_1 : Operation 158 [1/1] (0.00ns)   --->   "%br_ln39 = br void %arrayidx.i3.7.exit" [firmware/nnet_utils/nnet_dense_stream.h:39->firmware/nnet_utils/nnet_dense_stream.h:93]   --->   Operation 158 'br' 'br_ln39' <Predicate = (i_in129_load == 7)> <Delay = 0.00>
ST_1 : Operation 159 [1/1] (1.65ns)   --->   "%icmp_ln33 = icmp_eq  i3 %i_in129_load, i3 7" [firmware/nnet_utils/nnet_dense_stream.h:33->firmware/nnet_utils/nnet_dense_stream.h:93]   --->   Operation 159 'icmp' 'icmp_ln33' <Predicate = true> <Delay = 1.65> <CoreInst = "Cmp">   --->   Core 9 'Cmp' <Latency = 0> <II = 1> <Delay = 1.65> <FuncUnit> <Opcode : 'seteq' 'setne' 'setle' 'setge' 'setlt' 'setgt'> <InPorts = 2> <OutPorts = 1>
ST_1 : Operation 160 [1/1] (1.58ns)   --->   "%store_ln33 = store i3 %i_in, i3 %i_in129" [firmware/nnet_utils/nnet_dense_stream.h:33->firmware/nnet_utils/nnet_dense_stream.h:93]   --->   Operation 160 'store' 'store_ln33' <Predicate = true> <Delay = 1.58>
ST_1 : Operation 161 [1/1] (0.00ns)   --->   "%br_ln33 = br i1 %icmp_ln33, void %for.body.i.split, void %_ZN4nnet12data_prepareINS_5arrayI6ap_intILi8EELj8EEE7config3EEvRN3hls6streamIT_Li0EEEPNS8_10value_typeE.22.exit.exitStub" [firmware/nnet_utils/nnet_dense_stream.h:33->firmware/nnet_utils/nnet_dense_stream.h:93]   --->   Operation 161 'br' 'br_ln33' <Predicate = true> <Delay = 0.00>
ST_1 : Operation 162 [1/1] (0.00ns)   --->   "%p_0_7_0_0_01272_load = load i8 %p_0_7_0_0_01272"   --->   Operation 162 'load' 'p_0_7_0_0_01272_load' <Predicate = (icmp_ln33)> <Delay = 0.00>
ST_1 : Operation 163 [1/1] (0.00ns)   --->   "%p_0_6_0_0_01254_load = load i8 %p_0_6_0_0_01254"   --->   Operation 163 'load' 'p_0_6_0_0_01254_load' <Predicate = (icmp_ln33)> <Delay = 0.00>
ST_1 : Operation 164 [1/1] (0.00ns)   --->   "%p_0_5_0_0_01236_load = load i8 %p_0_5_0_0_01236"   --->   Operation 164 'load' 'p_0_5_0_0_01236_load' <Predicate = (icmp_ln33)> <Delay = 0.00>
ST_1 : Operation 165 [1/1] (0.00ns)   --->   "%p_0_4_0_0_01218_load = load i8 %p_0_4_0_0_01218"   --->   Operation 165 'load' 'p_0_4_0_0_01218_load' <Predicate = (icmp_ln33)> <Delay = 0.00>
ST_1 : Operation 166 [1/1] (0.00ns)   --->   "%p_0_3_0_0_011910_load = load i8 %p_0_3_0_0_011910"   --->   Operation 166 'load' 'p_0_3_0_0_011910_load' <Predicate = (icmp_ln33)> <Delay = 0.00>
ST_1 : Operation 167 [1/1] (0.00ns)   --->   "%p_0_2_0_0_011712_load = load i8 %p_0_2_0_0_011712"   --->   Operation 167 'load' 'p_0_2_0_0_011712_load' <Predicate = (icmp_ln33)> <Delay = 0.00>
ST_1 : Operation 168 [1/1] (0.00ns)   --->   "%p_0_1_0_0_011514_load = load i8 %p_0_1_0_0_011514"   --->   Operation 168 'load' 'p_0_1_0_0_011514_load' <Predicate = (icmp_ln33)> <Delay = 0.00>
ST_1 : Operation 169 [1/1] (0.00ns)   --->   "%p_0_0_0_0_011316_load = load i8 %p_0_0_0_0_011316"   --->   Operation 169 'load' 'p_0_0_0_0_011316_load' <Predicate = (icmp_ln33)> <Delay = 0.00>
ST_1 : Operation 170 [1/1] (0.00ns)   --->   "%p_0_7_0_0_011118_load = load i8 %p_0_7_0_0_011118"   --->   Operation 170 'load' 'p_0_7_0_0_011118_load' <Predicate = (icmp_ln33)> <Delay = 0.00>
ST_1 : Operation 171 [1/1] (0.00ns)   --->   "%p_0_6_0_0_010920_load = load i8 %p_0_6_0_0_010920"   --->   Operation 171 'load' 'p_0_6_0_0_010920_load' <Predicate = (icmp_ln33)> <Delay = 0.00>
ST_1 : Operation 172 [1/1] (0.00ns)   --->   "%p_0_5_0_0_010722_load = load i8 %p_0_5_0_0_010722"   --->   Operation 172 'load' 'p_0_5_0_0_010722_load' <Predicate = (icmp_ln33)> <Delay = 0.00>
ST_1 : Operation 173 [1/1] (0.00ns)   --->   "%p_0_4_0_0_010524_load = load i8 %p_0_4_0_0_010524"   --->   Operation 173 'load' 'p_0_4_0_0_010524_load' <Predicate = (icmp_ln33)> <Delay = 0.00>
ST_1 : Operation 174 [1/1] (0.00ns)   --->   "%p_0_3_0_0_010326_load = load i8 %p_0_3_0_0_010326"   --->   Operation 174 'load' 'p_0_3_0_0_010326_load' <Predicate = (icmp_ln33)> <Delay = 0.00>
ST_1 : Operation 175 [1/1] (0.00ns)   --->   "%p_0_2_0_0_010128_load = load i8 %p_0_2_0_0_010128"   --->   Operation 175 'load' 'p_0_2_0_0_010128_load' <Predicate = (icmp_ln33)> <Delay = 0.00>
ST_1 : Operation 176 [1/1] (0.00ns)   --->   "%p_0_1_0_0_09930_load = load i8 %p_0_1_0_0_09930"   --->   Operation 176 'load' 'p_0_1_0_0_09930_load' <Predicate = (icmp_ln33)> <Delay = 0.00>
ST_1 : Operation 177 [1/1] (0.00ns)   --->   "%p_0_0_0_0_09732_load = load i8 %p_0_0_0_0_09732"   --->   Operation 177 'load' 'p_0_0_0_0_09732_load' <Predicate = (icmp_ln33)> <Delay = 0.00>
ST_1 : Operation 178 [1/1] (0.00ns)   --->   "%p_0_7_0_0_09534_load = load i8 %p_0_7_0_0_09534"   --->   Operation 178 'load' 'p_0_7_0_0_09534_load' <Predicate = (icmp_ln33)> <Delay = 0.00>
ST_1 : Operation 179 [1/1] (0.00ns)   --->   "%p_0_6_0_0_09336_load = load i8 %p_0_6_0_0_09336"   --->   Operation 179 'load' 'p_0_6_0_0_09336_load' <Predicate = (icmp_ln33)> <Delay = 0.00>
ST_1 : Operation 180 [1/1] (0.00ns)   --->   "%p_0_5_0_0_09138_load = load i8 %p_0_5_0_0_09138"   --->   Operation 180 'load' 'p_0_5_0_0_09138_load' <Predicate = (icmp_ln33)> <Delay = 0.00>
ST_1 : Operation 181 [1/1] (0.00ns)   --->   "%p_0_4_0_0_08940_load = load i8 %p_0_4_0_0_08940"   --->   Operation 181 'load' 'p_0_4_0_0_08940_load' <Predicate = (icmp_ln33)> <Delay = 0.00>
ST_1 : Operation 182 [1/1] (0.00ns)   --->   "%p_0_3_0_0_08742_load = load i8 %p_0_3_0_0_08742"   --->   Operation 182 'load' 'p_0_3_0_0_08742_load' <Predicate = (icmp_ln33)> <Delay = 0.00>
ST_1 : Operation 183 [1/1] (0.00ns)   --->   "%p_0_2_0_0_08544_load = load i8 %p_0_2_0_0_08544"   --->   Operation 183 'load' 'p_0_2_0_0_08544_load' <Predicate = (icmp_ln33)> <Delay = 0.00>
ST_1 : Operation 184 [1/1] (0.00ns)   --->   "%p_0_1_0_0_08346_load = load i8 %p_0_1_0_0_08346"   --->   Operation 184 'load' 'p_0_1_0_0_08346_load' <Predicate = (icmp_ln33)> <Delay = 0.00>
ST_1 : Operation 185 [1/1] (0.00ns)   --->   "%p_0_0_0_0_08148_load = load i8 %p_0_0_0_0_08148"   --->   Operation 185 'load' 'p_0_0_0_0_08148_load' <Predicate = (icmp_ln33)> <Delay = 0.00>
ST_1 : Operation 186 [1/1] (0.00ns)   --->   "%p_0_7_0_0_07950_load = load i8 %p_0_7_0_0_07950"   --->   Operation 186 'load' 'p_0_7_0_0_07950_load' <Predicate = (icmp_ln33)> <Delay = 0.00>
ST_1 : Operation 187 [1/1] (0.00ns)   --->   "%p_0_6_0_0_07752_load = load i8 %p_0_6_0_0_07752"   --->   Operation 187 'load' 'p_0_6_0_0_07752_load' <Predicate = (icmp_ln33)> <Delay = 0.00>
ST_1 : Operation 188 [1/1] (0.00ns)   --->   "%p_0_5_0_0_07554_load = load i8 %p_0_5_0_0_07554"   --->   Operation 188 'load' 'p_0_5_0_0_07554_load' <Predicate = (icmp_ln33)> <Delay = 0.00>
ST_1 : Operation 189 [1/1] (0.00ns)   --->   "%p_0_4_0_0_07356_load = load i8 %p_0_4_0_0_07356"   --->   Operation 189 'load' 'p_0_4_0_0_07356_load' <Predicate = (icmp_ln33)> <Delay = 0.00>
ST_1 : Operation 190 [1/1] (0.00ns)   --->   "%p_0_3_0_0_07158_load = load i8 %p_0_3_0_0_07158"   --->   Operation 190 'load' 'p_0_3_0_0_07158_load' <Predicate = (icmp_ln33)> <Delay = 0.00>
ST_1 : Operation 191 [1/1] (0.00ns)   --->   "%p_0_2_0_0_06960_load = load i8 %p_0_2_0_0_06960"   --->   Operation 191 'load' 'p_0_2_0_0_06960_load' <Predicate = (icmp_ln33)> <Delay = 0.00>
ST_1 : Operation 192 [1/1] (0.00ns)   --->   "%p_0_1_0_0_06762_load = load i8 %p_0_1_0_0_06762"   --->   Operation 192 'load' 'p_0_1_0_0_06762_load' <Predicate = (icmp_ln33)> <Delay = 0.00>
ST_1 : Operation 193 [1/1] (0.00ns)   --->   "%p_0_0_0_0_06564_load = load i8 %p_0_0_0_0_06564"   --->   Operation 193 'load' 'p_0_0_0_0_06564_load' <Predicate = (icmp_ln33)> <Delay = 0.00>
ST_1 : Operation 194 [1/1] (0.00ns)   --->   "%p_0_7_0_0_06366_load = load i8 %p_0_7_0_0_06366"   --->   Operation 194 'load' 'p_0_7_0_0_06366_load' <Predicate = (icmp_ln33)> <Delay = 0.00>
ST_1 : Operation 195 [1/1] (0.00ns)   --->   "%p_0_6_0_0_06168_load = load i8 %p_0_6_0_0_06168"   --->   Operation 195 'load' 'p_0_6_0_0_06168_load' <Predicate = (icmp_ln33)> <Delay = 0.00>
ST_1 : Operation 196 [1/1] (0.00ns)   --->   "%p_0_5_0_0_05970_load = load i8 %p_0_5_0_0_05970"   --->   Operation 196 'load' 'p_0_5_0_0_05970_load' <Predicate = (icmp_ln33)> <Delay = 0.00>
ST_1 : Operation 197 [1/1] (0.00ns)   --->   "%p_0_4_0_0_05772_load = load i8 %p_0_4_0_0_05772"   --->   Operation 197 'load' 'p_0_4_0_0_05772_load' <Predicate = (icmp_ln33)> <Delay = 0.00>
ST_1 : Operation 198 [1/1] (0.00ns)   --->   "%p_0_3_0_0_05574_load = load i8 %p_0_3_0_0_05574"   --->   Operation 198 'load' 'p_0_3_0_0_05574_load' <Predicate = (icmp_ln33)> <Delay = 0.00>
ST_1 : Operation 199 [1/1] (0.00ns)   --->   "%p_0_2_0_0_05376_load = load i8 %p_0_2_0_0_05376"   --->   Operation 199 'load' 'p_0_2_0_0_05376_load' <Predicate = (icmp_ln33)> <Delay = 0.00>
ST_1 : Operation 200 [1/1] (0.00ns)   --->   "%p_0_1_0_0_05178_load = load i8 %p_0_1_0_0_05178"   --->   Operation 200 'load' 'p_0_1_0_0_05178_load' <Predicate = (icmp_ln33)> <Delay = 0.00>
ST_1 : Operation 201 [1/1] (0.00ns)   --->   "%p_0_0_0_0_04980_load = load i8 %p_0_0_0_0_04980"   --->   Operation 201 'load' 'p_0_0_0_0_04980_load' <Predicate = (icmp_ln33)> <Delay = 0.00>
ST_1 : Operation 202 [1/1] (0.00ns)   --->   "%p_0_7_0_0_04782_load = load i8 %p_0_7_0_0_04782"   --->   Operation 202 'load' 'p_0_7_0_0_04782_load' <Predicate = (icmp_ln33)> <Delay = 0.00>
ST_1 : Operation 203 [1/1] (0.00ns)   --->   "%p_0_6_0_0_04584_load = load i8 %p_0_6_0_0_04584"   --->   Operation 203 'load' 'p_0_6_0_0_04584_load' <Predicate = (icmp_ln33)> <Delay = 0.00>
ST_1 : Operation 204 [1/1] (0.00ns)   --->   "%p_0_5_0_0_04386_load = load i8 %p_0_5_0_0_04386"   --->   Operation 204 'load' 'p_0_5_0_0_04386_load' <Predicate = (icmp_ln33)> <Delay = 0.00>
ST_1 : Operation 205 [1/1] (0.00ns)   --->   "%p_0_4_0_0_04188_load = load i8 %p_0_4_0_0_04188"   --->   Operation 205 'load' 'p_0_4_0_0_04188_load' <Predicate = (icmp_ln33)> <Delay = 0.00>
ST_1 : Operation 206 [1/1] (0.00ns)   --->   "%p_0_3_0_0_03990_load = load i8 %p_0_3_0_0_03990"   --->   Operation 206 'load' 'p_0_3_0_0_03990_load' <Predicate = (icmp_ln33)> <Delay = 0.00>
ST_1 : Operation 207 [1/1] (0.00ns)   --->   "%p_0_2_0_0_03792_load = load i8 %p_0_2_0_0_03792"   --->   Operation 207 'load' 'p_0_2_0_0_03792_load' <Predicate = (icmp_ln33)> <Delay = 0.00>
ST_1 : Operation 208 [1/1] (0.00ns)   --->   "%p_0_1_0_0_03594_load = load i8 %p_0_1_0_0_03594"   --->   Operation 208 'load' 'p_0_1_0_0_03594_load' <Predicate = (icmp_ln33)> <Delay = 0.00>
ST_1 : Operation 209 [1/1] (0.00ns)   --->   "%p_0_0_0_0_03396_load = load i8 %p_0_0_0_0_03396"   --->   Operation 209 'load' 'p_0_0_0_0_03396_load' <Predicate = (icmp_ln33)> <Delay = 0.00>
ST_1 : Operation 210 [1/1] (0.00ns)   --->   "%p_0_7_0_0_03198_load = load i8 %p_0_7_0_0_03198"   --->   Operation 210 'load' 'p_0_7_0_0_03198_load' <Predicate = (icmp_ln33)> <Delay = 0.00>
ST_1 : Operation 211 [1/1] (0.00ns)   --->   "%p_0_6_0_0_029100_load = load i8 %p_0_6_0_0_029100"   --->   Operation 211 'load' 'p_0_6_0_0_029100_load' <Predicate = (icmp_ln33)> <Delay = 0.00>
ST_1 : Operation 212 [1/1] (0.00ns)   --->   "%p_0_5_0_0_027102_load = load i8 %p_0_5_0_0_027102"   --->   Operation 212 'load' 'p_0_5_0_0_027102_load' <Predicate = (icmp_ln33)> <Delay = 0.00>
ST_1 : Operation 213 [1/1] (0.00ns)   --->   "%p_0_4_0_0_025104_load = load i8 %p_0_4_0_0_025104"   --->   Operation 213 'load' 'p_0_4_0_0_025104_load' <Predicate = (icmp_ln33)> <Delay = 0.00>
ST_1 : Operation 214 [1/1] (0.00ns)   --->   "%p_0_3_0_0_023106_load = load i8 %p_0_3_0_0_023106"   --->   Operation 214 'load' 'p_0_3_0_0_023106_load' <Predicate = (icmp_ln33)> <Delay = 0.00>
ST_1 : Operation 215 [1/1] (0.00ns)   --->   "%p_0_2_0_0_021108_load = load i8 %p_0_2_0_0_021108"   --->   Operation 215 'load' 'p_0_2_0_0_021108_load' <Predicate = (icmp_ln33)> <Delay = 0.00>
ST_1 : Operation 216 [1/1] (0.00ns)   --->   "%p_0_1_0_0_019110_load = load i8 %p_0_1_0_0_019110"   --->   Operation 216 'load' 'p_0_1_0_0_019110_load' <Predicate = (icmp_ln33)> <Delay = 0.00>
ST_1 : Operation 217 [1/1] (0.00ns)   --->   "%p_0_0_0_0_017112_load = load i8 %p_0_0_0_0_017112"   --->   Operation 217 'load' 'p_0_0_0_0_017112_load' <Predicate = (icmp_ln33)> <Delay = 0.00>
ST_1 : Operation 218 [1/1] (0.00ns)   --->   "%p_0_7_0_0_015114_load = load i8 %p_0_7_0_0_015114"   --->   Operation 218 'load' 'p_0_7_0_0_015114_load' <Predicate = (icmp_ln33)> <Delay = 0.00>
ST_1 : Operation 219 [1/1] (0.00ns)   --->   "%p_0_6_0_0_013116_load = load i8 %p_0_6_0_0_013116"   --->   Operation 219 'load' 'p_0_6_0_0_013116_load' <Predicate = (icmp_ln33)> <Delay = 0.00>
ST_1 : Operation 220 [1/1] (0.00ns)   --->   "%p_0_5_0_0_011118_load = load i8 %p_0_5_0_0_011118"   --->   Operation 220 'load' 'p_0_5_0_0_011118_load' <Predicate = (icmp_ln33)> <Delay = 0.00>
ST_1 : Operation 221 [1/1] (0.00ns)   --->   "%p_0_4_0_0_09120_load = load i8 %p_0_4_0_0_09120"   --->   Operation 221 'load' 'p_0_4_0_0_09120_load' <Predicate = (icmp_ln33)> <Delay = 0.00>
ST_1 : Operation 222 [1/1] (0.00ns)   --->   "%p_0_3_0_0_07122_load = load i8 %p_0_3_0_0_07122"   --->   Operation 222 'load' 'p_0_3_0_0_07122_load' <Predicate = (icmp_ln33)> <Delay = 0.00>
ST_1 : Operation 223 [1/1] (0.00ns)   --->   "%p_0_2_0_0_05124_load = load i8 %p_0_2_0_0_05124"   --->   Operation 223 'load' 'p_0_2_0_0_05124_load' <Predicate = (icmp_ln33)> <Delay = 0.00>
ST_1 : Operation 224 [1/1] (0.00ns)   --->   "%p_0_1_0_0_03126_load = load i8 %p_0_1_0_0_03126"   --->   Operation 224 'load' 'p_0_1_0_0_03126_load' <Predicate = (icmp_ln33)> <Delay = 0.00>
ST_1 : Operation 225 [1/1] (0.00ns)   --->   "%p_0_0_0_0_01128_load = load i8 %p_0_0_0_0_01128"   --->   Operation 225 'load' 'p_0_0_0_0_01128_load' <Predicate = (icmp_ln33)> <Delay = 0.00>
ST_1 : Operation 226 [1/1] (0.00ns)   --->   "%write_ln0 = write void @_ssdm_op_Write.ap_auto.i8P0A, i8 %data_63_out, i8 %p_0_7_0_0_01272_load"   --->   Operation 226 'write' 'write_ln0' <Predicate = (icmp_ln33)> <Delay = 0.00>
ST_1 : Operation 227 [1/1] (0.00ns)   --->   "%write_ln0 = write void @_ssdm_op_Write.ap_auto.i8P0A, i8 %data_62_out, i8 %p_0_6_0_0_01254_load"   --->   Operation 227 'write' 'write_ln0' <Predicate = (icmp_ln33)> <Delay = 0.00>
ST_1 : Operation 228 [1/1] (0.00ns)   --->   "%write_ln0 = write void @_ssdm_op_Write.ap_auto.i8P0A, i8 %data_61_out, i8 %p_0_5_0_0_01236_load"   --->   Operation 228 'write' 'write_ln0' <Predicate = (icmp_ln33)> <Delay = 0.00>
ST_1 : Operation 229 [1/1] (0.00ns)   --->   "%write_ln0 = write void @_ssdm_op_Write.ap_auto.i8P0A, i8 %data_60_out, i8 %p_0_4_0_0_01218_load"   --->   Operation 229 'write' 'write_ln0' <Predicate = (icmp_ln33)> <Delay = 0.00>
ST_1 : Operation 230 [1/1] (0.00ns)   --->   "%write_ln0 = write void @_ssdm_op_Write.ap_auto.i8P0A, i8 %data_59_out, i8 %p_0_3_0_0_011910_load"   --->   Operation 230 'write' 'write_ln0' <Predicate = (icmp_ln33)> <Delay = 0.00>
ST_1 : Operation 231 [1/1] (0.00ns)   --->   "%write_ln0 = write void @_ssdm_op_Write.ap_auto.i8P0A, i8 %data_58_out, i8 %p_0_2_0_0_011712_load"   --->   Operation 231 'write' 'write_ln0' <Predicate = (icmp_ln33)> <Delay = 0.00>
ST_1 : Operation 232 [1/1] (0.00ns)   --->   "%write_ln0 = write void @_ssdm_op_Write.ap_auto.i8P0A, i8 %data_57_out, i8 %p_0_1_0_0_011514_load"   --->   Operation 232 'write' 'write_ln0' <Predicate = (icmp_ln33)> <Delay = 0.00>
ST_1 : Operation 233 [1/1] (0.00ns)   --->   "%write_ln0 = write void @_ssdm_op_Write.ap_auto.i8P0A, i8 %data_56_out, i8 %p_0_0_0_0_011316_load"   --->   Operation 233 'write' 'write_ln0' <Predicate = (icmp_ln33)> <Delay = 0.00>
ST_1 : Operation 234 [1/1] (0.00ns)   --->   "%write_ln0 = write void @_ssdm_op_Write.ap_auto.i8P0A, i8 %data_55_out, i8 %p_0_7_0_0_011118_load"   --->   Operation 234 'write' 'write_ln0' <Predicate = (icmp_ln33)> <Delay = 0.00>
ST_1 : Operation 235 [1/1] (0.00ns)   --->   "%write_ln0 = write void @_ssdm_op_Write.ap_auto.i8P0A, i8 %data_54_out, i8 %p_0_6_0_0_010920_load"   --->   Operation 235 'write' 'write_ln0' <Predicate = (icmp_ln33)> <Delay = 0.00>
ST_1 : Operation 236 [1/1] (0.00ns)   --->   "%write_ln0 = write void @_ssdm_op_Write.ap_auto.i8P0A, i8 %data_53_out, i8 %p_0_5_0_0_010722_load"   --->   Operation 236 'write' 'write_ln0' <Predicate = (icmp_ln33)> <Delay = 0.00>
ST_1 : Operation 237 [1/1] (0.00ns)   --->   "%write_ln0 = write void @_ssdm_op_Write.ap_auto.i8P0A, i8 %data_52_out, i8 %p_0_4_0_0_010524_load"   --->   Operation 237 'write' 'write_ln0' <Predicate = (icmp_ln33)> <Delay = 0.00>
ST_1 : Operation 238 [1/1] (0.00ns)   --->   "%write_ln0 = write void @_ssdm_op_Write.ap_auto.i8P0A, i8 %data_51_out, i8 %p_0_3_0_0_010326_load"   --->   Operation 238 'write' 'write_ln0' <Predicate = (icmp_ln33)> <Delay = 0.00>
ST_1 : Operation 239 [1/1] (0.00ns)   --->   "%write_ln0 = write void @_ssdm_op_Write.ap_auto.i8P0A, i8 %data_50_out, i8 %p_0_2_0_0_010128_load"   --->   Operation 239 'write' 'write_ln0' <Predicate = (icmp_ln33)> <Delay = 0.00>
ST_1 : Operation 240 [1/1] (0.00ns)   --->   "%write_ln0 = write void @_ssdm_op_Write.ap_auto.i8P0A, i8 %data_49_out, i8 %p_0_1_0_0_09930_load"   --->   Operation 240 'write' 'write_ln0' <Predicate = (icmp_ln33)> <Delay = 0.00>
ST_1 : Operation 241 [1/1] (0.00ns)   --->   "%write_ln0 = write void @_ssdm_op_Write.ap_auto.i8P0A, i8 %data_48_out, i8 %p_0_0_0_0_09732_load"   --->   Operation 241 'write' 'write_ln0' <Predicate = (icmp_ln33)> <Delay = 0.00>
ST_1 : Operation 242 [1/1] (0.00ns)   --->   "%write_ln0 = write void @_ssdm_op_Write.ap_auto.i8P0A, i8 %data_47_out, i8 %p_0_7_0_0_09534_load"   --->   Operation 242 'write' 'write_ln0' <Predicate = (icmp_ln33)> <Delay = 0.00>
ST_1 : Operation 243 [1/1] (0.00ns)   --->   "%write_ln0 = write void @_ssdm_op_Write.ap_auto.i8P0A, i8 %data_46_out, i8 %p_0_6_0_0_09336_load"   --->   Operation 243 'write' 'write_ln0' <Predicate = (icmp_ln33)> <Delay = 0.00>
ST_1 : Operation 244 [1/1] (0.00ns)   --->   "%write_ln0 = write void @_ssdm_op_Write.ap_auto.i8P0A, i8 %data_45_out, i8 %p_0_5_0_0_09138_load"   --->   Operation 244 'write' 'write_ln0' <Predicate = (icmp_ln33)> <Delay = 0.00>
ST_1 : Operation 245 [1/1] (0.00ns)   --->   "%write_ln0 = write void @_ssdm_op_Write.ap_auto.i8P0A, i8 %data_44_out, i8 %p_0_4_0_0_08940_load"   --->   Operation 245 'write' 'write_ln0' <Predicate = (icmp_ln33)> <Delay = 0.00>
ST_1 : Operation 246 [1/1] (0.00ns)   --->   "%write_ln0 = write void @_ssdm_op_Write.ap_auto.i8P0A, i8 %data_43_out, i8 %p_0_3_0_0_08742_load"   --->   Operation 246 'write' 'write_ln0' <Predicate = (icmp_ln33)> <Delay = 0.00>
ST_1 : Operation 247 [1/1] (0.00ns)   --->   "%write_ln0 = write void @_ssdm_op_Write.ap_auto.i8P0A, i8 %data_42_out, i8 %p_0_2_0_0_08544_load"   --->   Operation 247 'write' 'write_ln0' <Predicate = (icmp_ln33)> <Delay = 0.00>
ST_1 : Operation 248 [1/1] (0.00ns)   --->   "%write_ln0 = write void @_ssdm_op_Write.ap_auto.i8P0A, i8 %data_41_out, i8 %p_0_1_0_0_08346_load"   --->   Operation 248 'write' 'write_ln0' <Predicate = (icmp_ln33)> <Delay = 0.00>
ST_1 : Operation 249 [1/1] (0.00ns)   --->   "%write_ln0 = write void @_ssdm_op_Write.ap_auto.i8P0A, i8 %data_40_out, i8 %p_0_0_0_0_08148_load"   --->   Operation 249 'write' 'write_ln0' <Predicate = (icmp_ln33)> <Delay = 0.00>
ST_1 : Operation 250 [1/1] (0.00ns)   --->   "%write_ln0 = write void @_ssdm_op_Write.ap_auto.i8P0A, i8 %data_39_out, i8 %p_0_7_0_0_07950_load"   --->   Operation 250 'write' 'write_ln0' <Predicate = (icmp_ln33)> <Delay = 0.00>
ST_1 : Operation 251 [1/1] (0.00ns)   --->   "%write_ln0 = write void @_ssdm_op_Write.ap_auto.i8P0A, i8 %data_38_out, i8 %p_0_6_0_0_07752_load"   --->   Operation 251 'write' 'write_ln0' <Predicate = (icmp_ln33)> <Delay = 0.00>
ST_1 : Operation 252 [1/1] (0.00ns)   --->   "%write_ln0 = write void @_ssdm_op_Write.ap_auto.i8P0A, i8 %data_37_out, i8 %p_0_5_0_0_07554_load"   --->   Operation 252 'write' 'write_ln0' <Predicate = (icmp_ln33)> <Delay = 0.00>
ST_1 : Operation 253 [1/1] (0.00ns)   --->   "%write_ln0 = write void @_ssdm_op_Write.ap_auto.i8P0A, i8 %data_36_out, i8 %p_0_4_0_0_07356_load"   --->   Operation 253 'write' 'write_ln0' <Predicate = (icmp_ln33)> <Delay = 0.00>
ST_1 : Operation 254 [1/1] (0.00ns)   --->   "%write_ln0 = write void @_ssdm_op_Write.ap_auto.i8P0A, i8 %data_35_out, i8 %p_0_3_0_0_07158_load"   --->   Operation 254 'write' 'write_ln0' <Predicate = (icmp_ln33)> <Delay = 0.00>
ST_1 : Operation 255 [1/1] (0.00ns)   --->   "%write_ln0 = write void @_ssdm_op_Write.ap_auto.i8P0A, i8 %data_34_out, i8 %p_0_2_0_0_06960_load"   --->   Operation 255 'write' 'write_ln0' <Predicate = (icmp_ln33)> <Delay = 0.00>
ST_1 : Operation 256 [1/1] (0.00ns)   --->   "%write_ln0 = write void @_ssdm_op_Write.ap_auto.i8P0A, i8 %data_33_out, i8 %p_0_1_0_0_06762_load"   --->   Operation 256 'write' 'write_ln0' <Predicate = (icmp_ln33)> <Delay = 0.00>
ST_1 : Operation 257 [1/1] (0.00ns)   --->   "%write_ln0 = write void @_ssdm_op_Write.ap_auto.i8P0A, i8 %data_32_out, i8 %p_0_0_0_0_06564_load"   --->   Operation 257 'write' 'write_ln0' <Predicate = (icmp_ln33)> <Delay = 0.00>
ST_1 : Operation 258 [1/1] (0.00ns)   --->   "%write_ln0 = write void @_ssdm_op_Write.ap_auto.i8P0A, i8 %data_31_out, i8 %p_0_7_0_0_06366_load"   --->   Operation 258 'write' 'write_ln0' <Predicate = (icmp_ln33)> <Delay = 0.00>
ST_1 : Operation 259 [1/1] (0.00ns)   --->   "%write_ln0 = write void @_ssdm_op_Write.ap_auto.i8P0A, i8 %data_30_out, i8 %p_0_6_0_0_06168_load"   --->   Operation 259 'write' 'write_ln0' <Predicate = (icmp_ln33)> <Delay = 0.00>
ST_1 : Operation 260 [1/1] (0.00ns)   --->   "%write_ln0 = write void @_ssdm_op_Write.ap_auto.i8P0A, i8 %data_29_out, i8 %p_0_5_0_0_05970_load"   --->   Operation 260 'write' 'write_ln0' <Predicate = (icmp_ln33)> <Delay = 0.00>
ST_1 : Operation 261 [1/1] (0.00ns)   --->   "%write_ln0 = write void @_ssdm_op_Write.ap_auto.i8P0A, i8 %data_28_out, i8 %p_0_4_0_0_05772_load"   --->   Operation 261 'write' 'write_ln0' <Predicate = (icmp_ln33)> <Delay = 0.00>
ST_1 : Operation 262 [1/1] (0.00ns)   --->   "%write_ln0 = write void @_ssdm_op_Write.ap_auto.i8P0A, i8 %data_27_out, i8 %p_0_3_0_0_05574_load"   --->   Operation 262 'write' 'write_ln0' <Predicate = (icmp_ln33)> <Delay = 0.00>
ST_1 : Operation 263 [1/1] (0.00ns)   --->   "%write_ln0 = write void @_ssdm_op_Write.ap_auto.i8P0A, i8 %data_26_out, i8 %p_0_2_0_0_05376_load"   --->   Operation 263 'write' 'write_ln0' <Predicate = (icmp_ln33)> <Delay = 0.00>
ST_1 : Operation 264 [1/1] (0.00ns)   --->   "%write_ln0 = write void @_ssdm_op_Write.ap_auto.i8P0A, i8 %data_25_out, i8 %p_0_1_0_0_05178_load"   --->   Operation 264 'write' 'write_ln0' <Predicate = (icmp_ln33)> <Delay = 0.00>
ST_1 : Operation 265 [1/1] (0.00ns)   --->   "%write_ln0 = write void @_ssdm_op_Write.ap_auto.i8P0A, i8 %data_24_out, i8 %p_0_0_0_0_04980_load"   --->   Operation 265 'write' 'write_ln0' <Predicate = (icmp_ln33)> <Delay = 0.00>
ST_1 : Operation 266 [1/1] (0.00ns)   --->   "%write_ln0 = write void @_ssdm_op_Write.ap_auto.i8P0A, i8 %data_23_out, i8 %p_0_7_0_0_04782_load"   --->   Operation 266 'write' 'write_ln0' <Predicate = (icmp_ln33)> <Delay = 0.00>
ST_1 : Operation 267 [1/1] (0.00ns)   --->   "%write_ln0 = write void @_ssdm_op_Write.ap_auto.i8P0A, i8 %data_22_out, i8 %p_0_6_0_0_04584_load"   --->   Operation 267 'write' 'write_ln0' <Predicate = (icmp_ln33)> <Delay = 0.00>
ST_1 : Operation 268 [1/1] (0.00ns)   --->   "%write_ln0 = write void @_ssdm_op_Write.ap_auto.i8P0A, i8 %data_21_out, i8 %p_0_5_0_0_04386_load"   --->   Operation 268 'write' 'write_ln0' <Predicate = (icmp_ln33)> <Delay = 0.00>
ST_1 : Operation 269 [1/1] (0.00ns)   --->   "%write_ln0 = write void @_ssdm_op_Write.ap_auto.i8P0A, i8 %data_20_out, i8 %p_0_4_0_0_04188_load"   --->   Operation 269 'write' 'write_ln0' <Predicate = (icmp_ln33)> <Delay = 0.00>
ST_1 : Operation 270 [1/1] (0.00ns)   --->   "%write_ln0 = write void @_ssdm_op_Write.ap_auto.i8P0A, i8 %data_19_out, i8 %p_0_3_0_0_03990_load"   --->   Operation 270 'write' 'write_ln0' <Predicate = (icmp_ln33)> <Delay = 0.00>
ST_1 : Operation 271 [1/1] (0.00ns)   --->   "%write_ln0 = write void @_ssdm_op_Write.ap_auto.i8P0A, i8 %data_18_out, i8 %p_0_2_0_0_03792_load"   --->   Operation 271 'write' 'write_ln0' <Predicate = (icmp_ln33)> <Delay = 0.00>
ST_1 : Operation 272 [1/1] (0.00ns)   --->   "%write_ln0 = write void @_ssdm_op_Write.ap_auto.i8P0A, i8 %data_17_out, i8 %p_0_1_0_0_03594_load"   --->   Operation 272 'write' 'write_ln0' <Predicate = (icmp_ln33)> <Delay = 0.00>
ST_1 : Operation 273 [1/1] (0.00ns)   --->   "%write_ln0 = write void @_ssdm_op_Write.ap_auto.i8P0A, i8 %data_16_out, i8 %p_0_0_0_0_03396_load"   --->   Operation 273 'write' 'write_ln0' <Predicate = (icmp_ln33)> <Delay = 0.00>
ST_1 : Operation 274 [1/1] (0.00ns)   --->   "%write_ln0 = write void @_ssdm_op_Write.ap_auto.i8P0A, i8 %data_15_out, i8 %p_0_7_0_0_03198_load"   --->   Operation 274 'write' 'write_ln0' <Predicate = (icmp_ln33)> <Delay = 0.00>
ST_1 : Operation 275 [1/1] (0.00ns)   --->   "%write_ln0 = write void @_ssdm_op_Write.ap_auto.i8P0A, i8 %data_14_out, i8 %p_0_6_0_0_029100_load"   --->   Operation 275 'write' 'write_ln0' <Predicate = (icmp_ln33)> <Delay = 0.00>
ST_1 : Operation 276 [1/1] (0.00ns)   --->   "%write_ln0 = write void @_ssdm_op_Write.ap_auto.i8P0A, i8 %data_13_out, i8 %p_0_5_0_0_027102_load"   --->   Operation 276 'write' 'write_ln0' <Predicate = (icmp_ln33)> <Delay = 0.00>
ST_1 : Operation 277 [1/1] (0.00ns)   --->   "%write_ln0 = write void @_ssdm_op_Write.ap_auto.i8P0A, i8 %data_12_out, i8 %p_0_4_0_0_025104_load"   --->   Operation 277 'write' 'write_ln0' <Predicate = (icmp_ln33)> <Delay = 0.00>
ST_1 : Operation 278 [1/1] (0.00ns)   --->   "%write_ln0 = write void @_ssdm_op_Write.ap_auto.i8P0A, i8 %data_11_out, i8 %p_0_3_0_0_023106_load"   --->   Operation 278 'write' 'write_ln0' <Predicate = (icmp_ln33)> <Delay = 0.00>
ST_1 : Operation 279 [1/1] (0.00ns)   --->   "%write_ln0 = write void @_ssdm_op_Write.ap_auto.i8P0A, i8 %data_10_out, i8 %p_0_2_0_0_021108_load"   --->   Operation 279 'write' 'write_ln0' <Predicate = (icmp_ln33)> <Delay = 0.00>
ST_1 : Operation 280 [1/1] (0.00ns)   --->   "%write_ln0 = write void @_ssdm_op_Write.ap_auto.i8P0A, i8 %data_9_out, i8 %p_0_1_0_0_019110_load"   --->   Operation 280 'write' 'write_ln0' <Predicate = (icmp_ln33)> <Delay = 0.00>
ST_1 : Operation 281 [1/1] (0.00ns)   --->   "%write_ln0 = write void @_ssdm_op_Write.ap_auto.i8P0A, i8 %data_8_out, i8 %p_0_0_0_0_017112_load"   --->   Operation 281 'write' 'write_ln0' <Predicate = (icmp_ln33)> <Delay = 0.00>
ST_1 : Operation 282 [1/1] (0.00ns)   --->   "%write_ln0 = write void @_ssdm_op_Write.ap_auto.i8P0A, i8 %data_7_out, i8 %p_0_7_0_0_015114_load"   --->   Operation 282 'write' 'write_ln0' <Predicate = (icmp_ln33)> <Delay = 0.00>
ST_1 : Operation 283 [1/1] (0.00ns)   --->   "%write_ln0 = write void @_ssdm_op_Write.ap_auto.i8P0A, i8 %data_6_out, i8 %p_0_6_0_0_013116_load"   --->   Operation 283 'write' 'write_ln0' <Predicate = (icmp_ln33)> <Delay = 0.00>
ST_1 : Operation 284 [1/1] (0.00ns)   --->   "%write_ln0 = write void @_ssdm_op_Write.ap_auto.i8P0A, i8 %data_5_out, i8 %p_0_5_0_0_011118_load"   --->   Operation 284 'write' 'write_ln0' <Predicate = (icmp_ln33)> <Delay = 0.00>
ST_1 : Operation 285 [1/1] (0.00ns)   --->   "%write_ln0 = write void @_ssdm_op_Write.ap_auto.i8P0A, i8 %data_4_out, i8 %p_0_4_0_0_09120_load"   --->   Operation 285 'write' 'write_ln0' <Predicate = (icmp_ln33)> <Delay = 0.00>
ST_1 : Operation 286 [1/1] (0.00ns)   --->   "%write_ln0 = write void @_ssdm_op_Write.ap_auto.i8P0A, i8 %data_3_out, i8 %p_0_3_0_0_07122_load"   --->   Operation 286 'write' 'write_ln0' <Predicate = (icmp_ln33)> <Delay = 0.00>
ST_1 : Operation 287 [1/1] (0.00ns)   --->   "%write_ln0 = write void @_ssdm_op_Write.ap_auto.i8P0A, i8 %data_2_out, i8 %p_0_2_0_0_05124_load"   --->   Operation 287 'write' 'write_ln0' <Predicate = (icmp_ln33)> <Delay = 0.00>
ST_1 : Operation 288 [1/1] (0.00ns)   --->   "%write_ln0 = write void @_ssdm_op_Write.ap_auto.i8P0A, i8 %data_1_out, i8 %p_0_1_0_0_03126_load"   --->   Operation 288 'write' 'write_ln0' <Predicate = (icmp_ln33)> <Delay = 0.00>
ST_1 : Operation 289 [1/1] (0.00ns)   --->   "%write_ln0 = write void @_ssdm_op_Write.ap_auto.i8P0A, i8 %data_out, i8 %p_0_0_0_0_01128_load"   --->   Operation 289 'write' 'write_ln0' <Predicate = (icmp_ln33)> <Delay = 0.00>
ST_1 : Operation 290 [1/1] (1.58ns)   --->   "%ret_ln0 = ret"   --->   Operation 290 'ret' 'ret_ln0' <Predicate = (icmp_ln33)> <Delay = 1.58>


============================================================
+ Verbose Summary: Timing violations
============================================================
Target clock period: 20.000ns, clock uncertainty: 5.400ns.

 <State 1>: 4.826ns
The critical path consists of the following:
	'store' operation 0 bit ('store_ln0') of constant 0 on local variable 'i_in129' [132]  (1.588 ns)
	'load' operation 3 bit ('i_in129_load', firmware/nnet_utils/nnet_dense_stream.h:33->firmware/nnet_utils/nnet_dense_stream.h:93) on local variable 'i_in129' [135]  (0.000 ns)
	'add' operation 3 bit ('i_in', firmware/nnet_utils/nnet_dense_stream.h:33->firmware/nnet_utils/nnet_dense_stream.h:93) [148]  (1.650 ns)
	'store' operation 0 bit ('store_ln33', firmware/nnet_utils/nnet_dense_stream.h:33->firmware/nnet_utils/nnet_dense_stream.h:93) of variable 'i_in', firmware/nnet_utils/nnet_dense_stream.h:33->firmware/nnet_utils/nnet_dense_stream.h:93 on local variable 'i_in129' [232]  (1.588 ns)


============================================================
+ Verbose Summary: Binding
============================================================
N/A
* FSMD analyzer results:
  - Output states:
 - Input state : 
  - Chain level:
	State 1


============================================================
+ Verbose Summary: Datapath Resource usage 
============================================================
N/A
