

================================================================
== Vitis HLS Report for 'dense_array_ap_fixed_16u_array_ap_fixed_17_13_5_3_0_4u_config9_s'
================================================================
* Date:           Sun May 17 14:56:10 2026

* Version:        2025.1 (Build 6135595 on May 21 2025)
* Project:        wedrowiec_hls_prj
* Solution:       solution1 (Vivado IP Flow Target)
* Product family: zynq
* Target device:  xc7z020-clg400-1


================================================================
== Performance Estimates
================================================================
+ Timing: 
    * Summary: 
    +--------+----------+-----------+------------+
    |  Clock |  Target  | Estimated | Uncertainty|
    +--------+----------+-----------+------------+
    |ap_clk  |  20.00 ns|  13.000 ns|     5.40 ns|
    +--------+----------+-----------+------------+

+ Latency: 
    * Summary: 
    +---------+---------+----------+----------+-----+-----+---------+
    |  Latency (cycles) |  Latency (absolute) |  Interval | Pipeline|
    |   min   |   max   |    min   |    max   | min | max |   Type  |
    +---------+---------+----------+----------+-----+-----+---------+
    |        6|        6|  0.120 us|  0.120 us|    6|    6|       no|
    +---------+---------+----------+----------+-----+-----+---------+

    + Detail: 
        * Instance: 
        N/A

        * Loop: 
        N/A

============================================================
+ Verbose Summary: Synthesis Manager
============================================================
InlineROM: 1
ExposeGlobal: 0
============================================================
+ Verbose Summary: CDFG Model
============================================================
IsTopModel: 0
ResetActiveHigh: 1
IsCombinational: 2
IsDatapathOnly: 0
HasWiredReturn: 1
HasMFsm: 0
HasVarLatency: 1
IsPipeline: 0
IsRtlPipelined: 0
IsInstanceOverlapped: 0
IsDontTouch: 0
HasImplIP: 0
IsGatedGlobalClock: 0


============================================================
+ Verbose Summary: Schedule
============================================================
* Number of FSM states : 5
* Pipeline : 0
* Dataflow Pipeline: 0

* FSM state transitions: 
1 --> 2 
2 --> 3 
3 --> 4 
4 --> 5 
5 --> 

* FSM state operations: 

State 1 <SV = 0> <Delay = 3.63>
ST_1 : Operation 6 [1/1] ( I:3.63ns O:3.63ns )   --->   "%layer8_out_read = read i96 @_ssdm_op_Read.ap_fifo.volatile.i96P0A, i96 %layer8_out" [firmware/nnet_utils/nnet_dense_stream.h:43->firmware/nnet_utils/nnet_dense_stream.h:93]   --->   Operation 6 'read' 'layer8_out_read' <Predicate = true> <Delay = 3.63> <CoreInst = "FIFO_SRL">   --->   Core 80 'FIFO_SRL' <Latency = 0> <II = 1> <Delay = 3.63> <Storage> <Opcode : 'read' 'write' 'nbread' 'nbwrite'> <Ports = 0> <Width = 96> <Depth = 1> <FIFO>
ST_1 : Operation 7 [1/1] (0.00ns)   --->   "%data = trunc i96 %layer8_out_read" [firmware/nnet_utils/nnet_dense_stream.h:43->firmware/nnet_utils/nnet_dense_stream.h:93]   --->   Operation 7 'trunc' 'data' <Predicate = true> <Delay = 0.00>
ST_1 : Operation 8 [1/1] (0.00ns)   --->   "%data_75 = partselect i6 @_ssdm_op_PartSelect.i6.i96.i32.i32, i96 %layer8_out_read, i32 6, i32 11" [firmware/nnet_utils/nnet_dense_stream.h:43->firmware/nnet_utils/nnet_dense_stream.h:93]   --->   Operation 8 'partselect' 'data_75' <Predicate = true> <Delay = 0.00>
ST_1 : Operation 9 [1/1] (0.00ns)   --->   "%data_61 = partselect i6 @_ssdm_op_PartSelect.i6.i96.i32.i32, i96 %layer8_out_read, i32 12, i32 17" [firmware/nnet_utils/nnet_dense_stream.h:43->firmware/nnet_utils/nnet_dense_stream.h:93]   --->   Operation 9 'partselect' 'data_61' <Predicate = true> <Delay = 0.00>
ST_1 : Operation 10 [1/1] (0.00ns)   --->   "%data_62 = partselect i6 @_ssdm_op_PartSelect.i6.i96.i32.i32, i96 %layer8_out_read, i32 18, i32 23" [firmware/nnet_utils/nnet_dense_stream.h:43->firmware/nnet_utils/nnet_dense_stream.h:93]   --->   Operation 10 'partselect' 'data_62' <Predicate = true> <Delay = 0.00>
ST_1 : Operation 11 [1/1] (0.00ns)   --->   "%data_63 = partselect i6 @_ssdm_op_PartSelect.i6.i96.i32.i32, i96 %layer8_out_read, i32 24, i32 29" [firmware/nnet_utils/nnet_dense_stream.h:43->firmware/nnet_utils/nnet_dense_stream.h:93]   --->   Operation 11 'partselect' 'data_63' <Predicate = true> <Delay = 0.00>
ST_1 : Operation 12 [1/1] (0.00ns)   --->   "%data_64 = partselect i6 @_ssdm_op_PartSelect.i6.i96.i32.i32, i96 %layer8_out_read, i32 30, i32 35" [firmware/nnet_utils/nnet_dense_stream.h:43->firmware/nnet_utils/nnet_dense_stream.h:93]   --->   Operation 12 'partselect' 'data_64' <Predicate = true> <Delay = 0.00>
ST_1 : Operation 13 [1/1] (0.00ns)   --->   "%data_65 = partselect i6 @_ssdm_op_PartSelect.i6.i96.i32.i32, i96 %layer8_out_read, i32 36, i32 41" [firmware/nnet_utils/nnet_dense_stream.h:43->firmware/nnet_utils/nnet_dense_stream.h:93]   --->   Operation 13 'partselect' 'data_65' <Predicate = true> <Delay = 0.00>
ST_1 : Operation 14 [1/1] (0.00ns)   --->   "%data_66 = partselect i6 @_ssdm_op_PartSelect.i6.i96.i32.i32, i96 %layer8_out_read, i32 42, i32 47" [firmware/nnet_utils/nnet_dense_stream.h:43->firmware/nnet_utils/nnet_dense_stream.h:93]   --->   Operation 14 'partselect' 'data_66' <Predicate = true> <Delay = 0.00>
ST_1 : Operation 15 [1/1] (0.00ns)   --->   "%data_67 = partselect i6 @_ssdm_op_PartSelect.i6.i96.i32.i32, i96 %layer8_out_read, i32 48, i32 53" [firmware/nnet_utils/nnet_dense_stream.h:43->firmware/nnet_utils/nnet_dense_stream.h:93]   --->   Operation 15 'partselect' 'data_67' <Predicate = true> <Delay = 0.00>
ST_1 : Operation 16 [1/1] (0.00ns)   --->   "%data_68 = partselect i6 @_ssdm_op_PartSelect.i6.i96.i32.i32, i96 %layer8_out_read, i32 54, i32 59" [firmware/nnet_utils/nnet_dense_stream.h:43->firmware/nnet_utils/nnet_dense_stream.h:93]   --->   Operation 16 'partselect' 'data_68' <Predicate = true> <Delay = 0.00>
ST_1 : Operation 17 [1/1] (0.00ns)   --->   "%data_69 = partselect i6 @_ssdm_op_PartSelect.i6.i96.i32.i32, i96 %layer8_out_read, i32 60, i32 65" [firmware/nnet_utils/nnet_dense_stream.h:43->firmware/nnet_utils/nnet_dense_stream.h:93]   --->   Operation 17 'partselect' 'data_69' <Predicate = true> <Delay = 0.00>
ST_1 : Operation 18 [1/1] (0.00ns)   --->   "%data_70 = partselect i6 @_ssdm_op_PartSelect.i6.i96.i32.i32, i96 %layer8_out_read, i32 66, i32 71" [firmware/nnet_utils/nnet_dense_stream.h:43->firmware/nnet_utils/nnet_dense_stream.h:93]   --->   Operation 18 'partselect' 'data_70' <Predicate = true> <Delay = 0.00>
ST_1 : Operation 19 [1/1] (0.00ns)   --->   "%data_71 = partselect i6 @_ssdm_op_PartSelect.i6.i96.i32.i32, i96 %layer8_out_read, i32 72, i32 77" [firmware/nnet_utils/nnet_dense_stream.h:43->firmware/nnet_utils/nnet_dense_stream.h:93]   --->   Operation 19 'partselect' 'data_71' <Predicate = true> <Delay = 0.00>
ST_1 : Operation 20 [1/1] (0.00ns)   --->   "%data_72 = partselect i6 @_ssdm_op_PartSelect.i6.i96.i32.i32, i96 %layer8_out_read, i32 78, i32 83" [firmware/nnet_utils/nnet_dense_stream.h:43->firmware/nnet_utils/nnet_dense_stream.h:93]   --->   Operation 20 'partselect' 'data_72' <Predicate = true> <Delay = 0.00>
ST_1 : Operation 21 [1/1] (0.00ns)   --->   "%data_73 = partselect i6 @_ssdm_op_PartSelect.i6.i96.i32.i32, i96 %layer8_out_read, i32 84, i32 89" [firmware/nnet_utils/nnet_dense_stream.h:43->firmware/nnet_utils/nnet_dense_stream.h:93]   --->   Operation 21 'partselect' 'data_73' <Predicate = true> <Delay = 0.00>
ST_1 : Operation 22 [1/1] (0.00ns)   --->   "%data_74 = partselect i6 @_ssdm_op_PartSelect.i6.i96.i32.i32, i96 %layer8_out_read, i32 90, i32 95" [firmware/nnet_utils/nnet_dense_stream.h:43->firmware/nnet_utils/nnet_dense_stream.h:93]   --->   Operation 22 'partselect' 'data_74' <Predicate = true> <Delay = 0.00>

State 2 <SV = 1> <Delay = 13.0>
ST_2 : Operation 23 [2/2] (13.0ns)   --->   "%call_ret = call i68 @dense_latency_wrapper<ap_fixed,ap_fixed<17,13,5,3,0>,config9>, i6 %data, i6 %data_75, i6 %data_61, i6 %data_62, i6 %data_63, i6 %data_64, i6 %data_65, i6 %data_66, i6 %data_67, i6 %data_68, i6 %data_69, i6 %data_70, i6 %data_71, i6 %data_72, i6 %data_73, i6 %data_74" [firmware/nnet_utils/nnet_dense_stream.h:95]   --->   Operation 23 'call' 'call_ret' <Predicate = true> <Delay = 13.0> <CoreType = "Generic">   --->   Generic Core

State 3 <SV = 2> <Delay = 13.0>
ST_3 : Operation 24 [1/2] (13.0ns)   --->   "%call_ret = call i68 @dense_latency_wrapper<ap_fixed,ap_fixed<17,13,5,3,0>,config9>, i6 %data, i6 %data_75, i6 %data_61, i6 %data_62, i6 %data_63, i6 %data_64, i6 %data_65, i6 %data_66, i6 %data_67, i6 %data_68, i6 %data_69, i6 %data_70, i6 %data_71, i6 %data_72, i6 %data_73, i6 %data_74" [firmware/nnet_utils/nnet_dense_stream.h:95]   --->   Operation 24 'call' 'call_ret' <Predicate = true> <Delay = 13.0> <CoreType = "Generic">   --->   Generic Core
ST_3 : Operation 25 [1/1] (0.00ns)   --->   "%res = extractvalue i68 %call_ret" [firmware/nnet_utils/nnet_dense_stream.h:95]   --->   Operation 25 'extractvalue' 'res' <Predicate = true> <Delay = 0.00>
ST_3 : Operation 26 [1/1] (0.00ns)   --->   "%res_1 = extractvalue i68 %call_ret" [firmware/nnet_utils/nnet_dense_stream.h:95]   --->   Operation 26 'extractvalue' 'res_1' <Predicate = true> <Delay = 0.00>
ST_3 : Operation 27 [1/1] (0.00ns)   --->   "%res_2 = extractvalue i68 %call_ret" [firmware/nnet_utils/nnet_dense_stream.h:95]   --->   Operation 27 'extractvalue' 'res_2' <Predicate = true> <Delay = 0.00>
ST_3 : Operation 28 [1/1] (0.00ns)   --->   "%res_3 = extractvalue i68 %call_ret" [firmware/nnet_utils/nnet_dense_stream.h:95]   --->   Operation 28 'extractvalue' 'res_3' <Predicate = true> <Delay = 0.00>

State 4 <SV = 3> <Delay = 1.72>
ST_4 : Operation 29 [1/1] (0.00ns)   --->   "%tmp = bitconcatenate i113 @_ssdm_op_BitConcatenate.i113.i17.i15.i17.i15.i17.i15.i17, i17 %res_3, i15 0, i17 %res_2, i15 0, i17 %res_1, i15 0, i17 %res" [firmware/nnet_utils/nnet_dense_stream.h:77->firmware/nnet_utils/nnet_dense_stream.h:100]   --->   Operation 29 'bitconcatenate' 'tmp' <Predicate = true> <Delay = 0.00>
ST_4 : Operation 30 [1/1] (0.00ns)   --->   "%zext_ln77 = zext i113 %tmp" [firmware/nnet_utils/nnet_dense_stream.h:77->firmware/nnet_utils/nnet_dense_stream.h:100]   --->   Operation 30 'zext' 'zext_ln77' <Predicate = true> <Delay = 0.00>
ST_4 : Operation 31 [2/2] (1.72ns)   --->   "%write_ln77 = write void @_ssdm_op_Write.axis.volatile.i128P128A, i128 %layer9_out, i128 %zext_ln77" [firmware/nnet_utils/nnet_dense_stream.h:77->firmware/nnet_utils/nnet_dense_stream.h:100]   --->   Operation 31 'write' 'write_ln77' <Predicate = true> <Delay = 1.72> <CoreInst = "regslice">   --->   Core 135 'regslice' <Latency = 0> <II = 1> <Delay = 1.72> <Adapter> <Opcode : 'read' 'write'>

State 5 <SV = 4> <Delay = 1.72>
ST_5 : Operation 32 [1/1] (0.00ns)   --->   "%specinterface_ln0 = specinterface void @_ssdm_op_SpecInterface, i96 %layer8_out, void @empty_2, i32 0, i32 0, void @empty_1, i32 0, i32 0, void @empty_1, void @empty_1, void @empty_1, i32 0, i32 0, i32 0, i32 0, void @empty_1, void @empty_1, i32 4294967295, i32 0, i32 0"   --->   Operation 32 'specinterface' 'specinterface_ln0' <Predicate = true> <Delay = 0.00>
ST_5 : Operation 33 [1/1] (0.00ns)   --->   "%specinterface_ln0 = specinterface void @_ssdm_op_SpecInterface, i128 %layer9_out, void @empty, i32 1, i32 1, void @empty_0, i32 0, i32 0, void @empty_1, void @empty_1, void @empty_1, i32 0, i32 0, i32 0, i32 0, void @empty_1, void @empty_1, i32 4294967295, i32 0, i32 0"   --->   Operation 33 'specinterface' 'specinterface_ln0' <Predicate = true> <Delay = 0.00>
ST_5 : Operation 34 [1/2] (1.72ns)   --->   "%write_ln77 = write void @_ssdm_op_Write.axis.volatile.i128P128A, i128 %layer9_out, i128 %zext_ln77" [firmware/nnet_utils/nnet_dense_stream.h:77->firmware/nnet_utils/nnet_dense_stream.h:100]   --->   Operation 34 'write' 'write_ln77' <Predicate = true> <Delay = 1.72> <CoreInst = "regslice">   --->   Core 135 'regslice' <Latency = 0> <II = 1> <Delay = 1.72> <Adapter> <Opcode : 'read' 'write'>
ST_5 : Operation 35 [1/1] (0.00ns)   --->   "%ret_ln101 = ret" [firmware/nnet_utils/nnet_dense_stream.h:101]   --->   Operation 35 'ret' 'ret_ln101' <Predicate = true> <Delay = 0.00>


============================================================
+ Verbose Summary: Timing violations
============================================================
Target clock period: 20.000ns, clock uncertainty: 5.400ns.

 <State 1>: 3.634ns
The critical path consists of the following:
	fifo read operation ('layer8_out_read', firmware/nnet_utils/nnet_dense_stream.h:43->firmware/nnet_utils/nnet_dense_stream.h:93) on port 'layer8_out' (firmware/nnet_utils/nnet_dense_stream.h:43->firmware/nnet_utils/nnet_dense_stream.h:93) [5]  (3.634 ns)

 <State 2>: 13.000ns
The critical path consists of the following:
	'call' operation 68 bit ('call_ret', firmware/nnet_utils/nnet_dense_stream.h:95) to 'dense_latency_wrapper<ap_fixed,ap_fixed<17,13,5,3,0>,config9>' [22]  (13.000 ns)

 <State 3>: 13.000ns
The critical path consists of the following:
	'call' operation 68 bit ('call_ret', firmware/nnet_utils/nnet_dense_stream.h:95) to 'dense_latency_wrapper<ap_fixed,ap_fixed<17,13,5,3,0>,config9>' [22]  (13.000 ns)

 <State 4>: 1.724ns
The critical path consists of the following:
	axis write operation ('write_ln77', firmware/nnet_utils/nnet_dense_stream.h:77->firmware/nnet_utils/nnet_dense_stream.h:100) on port 'layer9_out' (firmware/nnet_utils/nnet_dense_stream.h:77->firmware/nnet_utils/nnet_dense_stream.h:100) [29]  (1.724 ns)

 <State 5>: 1.724ns
The critical path consists of the following:
	axis write operation ('write_ln77', firmware/nnet_utils/nnet_dense_stream.h:77->firmware/nnet_utils/nnet_dense_stream.h:100) on port 'layer9_out' (firmware/nnet_utils/nnet_dense_stream.h:77->firmware/nnet_utils/nnet_dense_stream.h:100) [29]  (1.724 ns)


============================================================
+ Verbose Summary: Binding
============================================================
N/A
* FSMD analyzer results:
  - Output states:
 - Input state : 
  - Chain level:
	State 1
	State 2
	State 3
	State 4
	State 5


============================================================
+ Verbose Summary: Datapath Resource usage 
============================================================
N/A
