

================================================================
== Vitis HLS Report for 'dense_array_array_ap_fixed_25_12_5_3_0_32u_config3_Pipeline_DataPrepare'
================================================================
* Date:           Fri May 15 14:04:20 2026

* Version:        2024.2 (Build 5238294 on Nov  8 2024)
* Project:        wedrowiec_hls_prj
* Solution:       solution1 (Vivado IP Flow Target)
* Product family: zynq
* Target device:  xc7z020-clg400-1


================================================================
== Performance Estimates
================================================================
+ Timing: 
    * Summary: 
    +--------+----------+----------+------------+
    |  Clock |  Target  | Estimated| Uncertainty|
    +--------+----------+----------+------------+
    |ap_clk  |  20.00 ns|  4.911 ns|     2.50 ns|
    +--------+----------+----------+------------+

+ Latency: 
    * Summary: 
    +---------+---------+----------+----------+-----+-----+------------------------------------------------+
    |  Latency (cycles) |  Latency (absolute) |  Interval |                    Pipeline                    |
    |   min   |   max   |    min   |    max   | min | max |                      Type                      |
    +---------+---------+----------+----------+-----+-----+------------------------------------------------+
    |       10|       10|  0.200 us|  0.200 us|    9|    9|  loop auto-rewind stp (delay=0 clock cycles(s))|
    +---------+---------+----------+----------+-----+-----+------------------------------------------------+

    + Detail: 
        * Instance: 
        N/A

        * Loop: 
        +---------------+---------+---------+----------+-----------+-----------+------+----------+
        |               |  Latency (cycles) | Iteration|  Initiation Interval  | Trip |          |
        |   Loop Name   |   min   |   max   |  Latency |  achieved |   target  | Count| Pipelined|
        +---------------+---------+---------+----------+-----------+-----------+------+----------+
        |- DataPrepare  |        8|        8|         2|          1|          1|     8|       yes|
        +---------------+---------+---------+----------+-----------+-----------+------+----------+

============================================================
+ Verbose Summary: Synthesis Manager
============================================================
InlineROM: 1
ExposeGlobal: 0
============================================================
+ Verbose Summary: CDFG Model
============================================================
IsTopModel: 0
ResetActiveHigh: 1
IsCombinational: 0
IsDatapathOnly: 0
HasWiredReturn: 1
HasMFsm: 2
HasVarLatency: 1
IsPipeline: 0
IsRtlPipelined: 0
IsInstanceOverlapped: 0
IsDontTouch: 0
HasImplIP: 0
IsGatedGlobalClock: 0

+ Individual pipeline summary: 
  * Pipeline-0: initiation interval (II) = 1, depth = 2


============================================================
+ Verbose Summary: Schedule
============================================================
* Number of FSM states : 2
* Pipeline : 1
  Pipeline-0 : II = 1, D = 2, States = { 1 2 }
* Dataflow Pipeline: 0

* FSM state transitions: 
1 --> 2 
2 --> 

* FSM state operations: 

State 1 <SV = 0> <Delay = 4.91>
ST_1 : Operation 5 [1/1] (0.00ns)   --->   "%i_in = alloca i32 1" [firmware/nnet_utils/nnet_dense_stream.h:34]   --->   Operation 5 'alloca' 'i_in' <Predicate = true> <Delay = 0.00>
ST_1 : Operation 6 [1/1] (0.00ns)   --->   "%p_0_0_0_0_01 = alloca i32 1"   --->   Operation 6 'alloca' 'p_0_0_0_0_01' <Predicate = true> <Delay = 0.00>
ST_1 : Operation 7 [1/1] (0.00ns)   --->   "%p_0_1_0_0_03 = alloca i32 1"   --->   Operation 7 'alloca' 'p_0_1_0_0_03' <Predicate = true> <Delay = 0.00>
ST_1 : Operation 8 [1/1] (0.00ns)   --->   "%p_0_2_0_0_05 = alloca i32 1"   --->   Operation 8 'alloca' 'p_0_2_0_0_05' <Predicate = true> <Delay = 0.00>
ST_1 : Operation 9 [1/1] (0.00ns)   --->   "%p_0_3_0_0_07 = alloca i32 1"   --->   Operation 9 'alloca' 'p_0_3_0_0_07' <Predicate = true> <Delay = 0.00>
ST_1 : Operation 10 [1/1] (0.00ns)   --->   "%p_0_4_0_0_09 = alloca i32 1"   --->   Operation 10 'alloca' 'p_0_4_0_0_09' <Predicate = true> <Delay = 0.00>
ST_1 : Operation 11 [1/1] (0.00ns)   --->   "%p_0_5_0_0_011 = alloca i32 1"   --->   Operation 11 'alloca' 'p_0_5_0_0_011' <Predicate = true> <Delay = 0.00>
ST_1 : Operation 12 [1/1] (0.00ns)   --->   "%p_0_6_0_0_013 = alloca i32 1"   --->   Operation 12 'alloca' 'p_0_6_0_0_013' <Predicate = true> <Delay = 0.00>
ST_1 : Operation 13 [1/1] (0.00ns)   --->   "%p_0_7_0_0_015 = alloca i32 1"   --->   Operation 13 'alloca' 'p_0_7_0_0_015' <Predicate = true> <Delay = 0.00>
ST_1 : Operation 14 [1/1] (0.00ns)   --->   "%p_0_0_0_0_017 = alloca i32 1"   --->   Operation 14 'alloca' 'p_0_0_0_0_017' <Predicate = true> <Delay = 0.00>
ST_1 : Operation 15 [1/1] (0.00ns)   --->   "%p_0_1_0_0_019 = alloca i32 1"   --->   Operation 15 'alloca' 'p_0_1_0_0_019' <Predicate = true> <Delay = 0.00>
ST_1 : Operation 16 [1/1] (0.00ns)   --->   "%p_0_2_0_0_021 = alloca i32 1"   --->   Operation 16 'alloca' 'p_0_2_0_0_021' <Predicate = true> <Delay = 0.00>
ST_1 : Operation 17 [1/1] (0.00ns)   --->   "%p_0_3_0_0_023 = alloca i32 1"   --->   Operation 17 'alloca' 'p_0_3_0_0_023' <Predicate = true> <Delay = 0.00>
ST_1 : Operation 18 [1/1] (0.00ns)   --->   "%p_0_4_0_0_025 = alloca i32 1"   --->   Operation 18 'alloca' 'p_0_4_0_0_025' <Predicate = true> <Delay = 0.00>
ST_1 : Operation 19 [1/1] (0.00ns)   --->   "%p_0_5_0_0_027 = alloca i32 1"   --->   Operation 19 'alloca' 'p_0_5_0_0_027' <Predicate = true> <Delay = 0.00>
ST_1 : Operation 20 [1/1] (0.00ns)   --->   "%p_0_6_0_0_029 = alloca i32 1"   --->   Operation 20 'alloca' 'p_0_6_0_0_029' <Predicate = true> <Delay = 0.00>
ST_1 : Operation 21 [1/1] (0.00ns)   --->   "%p_0_7_0_0_031 = alloca i32 1"   --->   Operation 21 'alloca' 'p_0_7_0_0_031' <Predicate = true> <Delay = 0.00>
ST_1 : Operation 22 [1/1] (0.00ns)   --->   "%p_0_0_0_0_033 = alloca i32 1"   --->   Operation 22 'alloca' 'p_0_0_0_0_033' <Predicate = true> <Delay = 0.00>
ST_1 : Operation 23 [1/1] (0.00ns)   --->   "%p_0_1_0_0_035 = alloca i32 1"   --->   Operation 23 'alloca' 'p_0_1_0_0_035' <Predicate = true> <Delay = 0.00>
ST_1 : Operation 24 [1/1] (0.00ns)   --->   "%p_0_2_0_0_037 = alloca i32 1"   --->   Operation 24 'alloca' 'p_0_2_0_0_037' <Predicate = true> <Delay = 0.00>
ST_1 : Operation 25 [1/1] (0.00ns)   --->   "%p_0_3_0_0_039 = alloca i32 1"   --->   Operation 25 'alloca' 'p_0_3_0_0_039' <Predicate = true> <Delay = 0.00>
ST_1 : Operation 26 [1/1] (0.00ns)   --->   "%p_0_4_0_0_041 = alloca i32 1"   --->   Operation 26 'alloca' 'p_0_4_0_0_041' <Predicate = true> <Delay = 0.00>
ST_1 : Operation 27 [1/1] (0.00ns)   --->   "%p_0_5_0_0_043 = alloca i32 1"   --->   Operation 27 'alloca' 'p_0_5_0_0_043' <Predicate = true> <Delay = 0.00>
ST_1 : Operation 28 [1/1] (0.00ns)   --->   "%p_0_6_0_0_045 = alloca i32 1"   --->   Operation 28 'alloca' 'p_0_6_0_0_045' <Predicate = true> <Delay = 0.00>
ST_1 : Operation 29 [1/1] (0.00ns)   --->   "%p_0_7_0_0_047 = alloca i32 1"   --->   Operation 29 'alloca' 'p_0_7_0_0_047' <Predicate = true> <Delay = 0.00>
ST_1 : Operation 30 [1/1] (0.00ns)   --->   "%p_0_0_0_0_049 = alloca i32 1"   --->   Operation 30 'alloca' 'p_0_0_0_0_049' <Predicate = true> <Delay = 0.00>
ST_1 : Operation 31 [1/1] (0.00ns)   --->   "%p_0_1_0_0_051 = alloca i32 1"   --->   Operation 31 'alloca' 'p_0_1_0_0_051' <Predicate = true> <Delay = 0.00>
ST_1 : Operation 32 [1/1] (0.00ns)   --->   "%p_0_2_0_0_053 = alloca i32 1"   --->   Operation 32 'alloca' 'p_0_2_0_0_053' <Predicate = true> <Delay = 0.00>
ST_1 : Operation 33 [1/1] (0.00ns)   --->   "%p_0_3_0_0_055 = alloca i32 1"   --->   Operation 33 'alloca' 'p_0_3_0_0_055' <Predicate = true> <Delay = 0.00>
ST_1 : Operation 34 [1/1] (0.00ns)   --->   "%p_0_4_0_0_057 = alloca i32 1"   --->   Operation 34 'alloca' 'p_0_4_0_0_057' <Predicate = true> <Delay = 0.00>
ST_1 : Operation 35 [1/1] (0.00ns)   --->   "%p_0_5_0_0_059 = alloca i32 1"   --->   Operation 35 'alloca' 'p_0_5_0_0_059' <Predicate = true> <Delay = 0.00>
ST_1 : Operation 36 [1/1] (0.00ns)   --->   "%p_0_6_0_0_061 = alloca i32 1"   --->   Operation 36 'alloca' 'p_0_6_0_0_061' <Predicate = true> <Delay = 0.00>
ST_1 : Operation 37 [1/1] (0.00ns)   --->   "%p_0_7_0_0_063 = alloca i32 1"   --->   Operation 37 'alloca' 'p_0_7_0_0_063' <Predicate = true> <Delay = 0.00>
ST_1 : Operation 38 [1/1] (0.00ns)   --->   "%p_0_0_0_0_065 = alloca i32 1"   --->   Operation 38 'alloca' 'p_0_0_0_0_065' <Predicate = true> <Delay = 0.00>
ST_1 : Operation 39 [1/1] (0.00ns)   --->   "%p_0_1_0_0_067 = alloca i32 1"   --->   Operation 39 'alloca' 'p_0_1_0_0_067' <Predicate = true> <Delay = 0.00>
ST_1 : Operation 40 [1/1] (0.00ns)   --->   "%p_0_2_0_0_069 = alloca i32 1"   --->   Operation 40 'alloca' 'p_0_2_0_0_069' <Predicate = true> <Delay = 0.00>
ST_1 : Operation 41 [1/1] (0.00ns)   --->   "%p_0_3_0_0_071 = alloca i32 1"   --->   Operation 41 'alloca' 'p_0_3_0_0_071' <Predicate = true> <Delay = 0.00>
ST_1 : Operation 42 [1/1] (0.00ns)   --->   "%p_0_4_0_0_073 = alloca i32 1"   --->   Operation 42 'alloca' 'p_0_4_0_0_073' <Predicate = true> <Delay = 0.00>
ST_1 : Operation 43 [1/1] (0.00ns)   --->   "%p_0_5_0_0_075 = alloca i32 1"   --->   Operation 43 'alloca' 'p_0_5_0_0_075' <Predicate = true> <Delay = 0.00>
ST_1 : Operation 44 [1/1] (0.00ns)   --->   "%p_0_6_0_0_077 = alloca i32 1"   --->   Operation 44 'alloca' 'p_0_6_0_0_077' <Predicate = true> <Delay = 0.00>
ST_1 : Operation 45 [1/1] (0.00ns)   --->   "%p_0_7_0_0_079 = alloca i32 1"   --->   Operation 45 'alloca' 'p_0_7_0_0_079' <Predicate = true> <Delay = 0.00>
ST_1 : Operation 46 [1/1] (0.00ns)   --->   "%p_0_0_0_0_081 = alloca i32 1"   --->   Operation 46 'alloca' 'p_0_0_0_0_081' <Predicate = true> <Delay = 0.00>
ST_1 : Operation 47 [1/1] (0.00ns)   --->   "%p_0_1_0_0_083 = alloca i32 1"   --->   Operation 47 'alloca' 'p_0_1_0_0_083' <Predicate = true> <Delay = 0.00>
ST_1 : Operation 48 [1/1] (0.00ns)   --->   "%p_0_2_0_0_085 = alloca i32 1"   --->   Operation 48 'alloca' 'p_0_2_0_0_085' <Predicate = true> <Delay = 0.00>
ST_1 : Operation 49 [1/1] (0.00ns)   --->   "%p_0_3_0_0_087 = alloca i32 1"   --->   Operation 49 'alloca' 'p_0_3_0_0_087' <Predicate = true> <Delay = 0.00>
ST_1 : Operation 50 [1/1] (0.00ns)   --->   "%p_0_4_0_0_089 = alloca i32 1"   --->   Operation 50 'alloca' 'p_0_4_0_0_089' <Predicate = true> <Delay = 0.00>
ST_1 : Operation 51 [1/1] (0.00ns)   --->   "%p_0_5_0_0_091 = alloca i32 1"   --->   Operation 51 'alloca' 'p_0_5_0_0_091' <Predicate = true> <Delay = 0.00>
ST_1 : Operation 52 [1/1] (0.00ns)   --->   "%p_0_6_0_0_093 = alloca i32 1"   --->   Operation 52 'alloca' 'p_0_6_0_0_093' <Predicate = true> <Delay = 0.00>
ST_1 : Operation 53 [1/1] (0.00ns)   --->   "%p_0_7_0_0_095 = alloca i32 1"   --->   Operation 53 'alloca' 'p_0_7_0_0_095' <Predicate = true> <Delay = 0.00>
ST_1 : Operation 54 [1/1] (0.00ns)   --->   "%p_0_0_0_0_097 = alloca i32 1"   --->   Operation 54 'alloca' 'p_0_0_0_0_097' <Predicate = true> <Delay = 0.00>
ST_1 : Operation 55 [1/1] (0.00ns)   --->   "%p_0_1_0_0_099 = alloca i32 1"   --->   Operation 55 'alloca' 'p_0_1_0_0_099' <Predicate = true> <Delay = 0.00>
ST_1 : Operation 56 [1/1] (0.00ns)   --->   "%p_0_2_0_0_0101 = alloca i32 1"   --->   Operation 56 'alloca' 'p_0_2_0_0_0101' <Predicate = true> <Delay = 0.00>
ST_1 : Operation 57 [1/1] (0.00ns)   --->   "%p_0_3_0_0_0103 = alloca i32 1"   --->   Operation 57 'alloca' 'p_0_3_0_0_0103' <Predicate = true> <Delay = 0.00>
ST_1 : Operation 58 [1/1] (0.00ns)   --->   "%p_0_4_0_0_0105 = alloca i32 1"   --->   Operation 58 'alloca' 'p_0_4_0_0_0105' <Predicate = true> <Delay = 0.00>
ST_1 : Operation 59 [1/1] (0.00ns)   --->   "%p_0_5_0_0_0107 = alloca i32 1"   --->   Operation 59 'alloca' 'p_0_5_0_0_0107' <Predicate = true> <Delay = 0.00>
ST_1 : Operation 60 [1/1] (0.00ns)   --->   "%p_0_6_0_0_0109 = alloca i32 1"   --->   Operation 60 'alloca' 'p_0_6_0_0_0109' <Predicate = true> <Delay = 0.00>
ST_1 : Operation 61 [1/1] (0.00ns)   --->   "%p_0_7_0_0_0111 = alloca i32 1"   --->   Operation 61 'alloca' 'p_0_7_0_0_0111' <Predicate = true> <Delay = 0.00>
ST_1 : Operation 62 [1/1] (0.00ns)   --->   "%p_0_0_0_0_0113 = alloca i32 1"   --->   Operation 62 'alloca' 'p_0_0_0_0_0113' <Predicate = true> <Delay = 0.00>
ST_1 : Operation 63 [1/1] (0.00ns)   --->   "%p_0_1_0_0_0115 = alloca i32 1"   --->   Operation 63 'alloca' 'p_0_1_0_0_0115' <Predicate = true> <Delay = 0.00>
ST_1 : Operation 64 [1/1] (0.00ns)   --->   "%p_0_2_0_0_0117 = alloca i32 1"   --->   Operation 64 'alloca' 'p_0_2_0_0_0117' <Predicate = true> <Delay = 0.00>
ST_1 : Operation 65 [1/1] (0.00ns)   --->   "%p_0_3_0_0_0119 = alloca i32 1"   --->   Operation 65 'alloca' 'p_0_3_0_0_0119' <Predicate = true> <Delay = 0.00>
ST_1 : Operation 66 [1/1] (0.00ns)   --->   "%p_0_4_0_0_0121 = alloca i32 1"   --->   Operation 66 'alloca' 'p_0_4_0_0_0121' <Predicate = true> <Delay = 0.00>
ST_1 : Operation 67 [1/1] (0.00ns)   --->   "%p_0_5_0_0_0123 = alloca i32 1"   --->   Operation 67 'alloca' 'p_0_5_0_0_0123' <Predicate = true> <Delay = 0.00>
ST_1 : Operation 68 [1/1] (0.00ns)   --->   "%p_0_6_0_0_0125 = alloca i32 1"   --->   Operation 68 'alloca' 'p_0_6_0_0_0125' <Predicate = true> <Delay = 0.00>
ST_1 : Operation 69 [1/1] (0.00ns)   --->   "%p_0_7_0_0_0127 = alloca i32 1"   --->   Operation 69 'alloca' 'p_0_7_0_0_0127' <Predicate = true> <Delay = 0.00>
ST_1 : Operation 70 [1/1] (0.00ns)   --->   "%specinterface_ln0 = specinterface void @_ssdm_op_SpecInterface, i64 %in_local, void @empty_2, i32 0, i32 0, void @empty_1, i32 0, i32 0, void @empty_1, void @empty_1, void @empty_1, i32 0, i32 0, i32 0, i32 0, void @empty_1, void @empty_1, i32 4294967295, i32 0, i32 0"   --->   Operation 70 'specinterface' 'specinterface_ln0' <Predicate = true> <Delay = 0.00>
ST_1 : Operation 71 [1/1] (1.58ns)   --->   "%store_ln34 = store i4 0, i4 %i_in" [firmware/nnet_utils/nnet_dense_stream.h:34]   --->   Operation 71 'store' 'store_ln34' <Predicate = true> <Delay = 1.58>
ST_1 : Operation 72 [1/1] (0.00ns)   --->   "%br_ln34 = br void %DataPack" [firmware/nnet_utils/nnet_dense_stream.h:34]   --->   Operation 72 'br' 'br_ln34' <Predicate = true> <Delay = 0.00>
ST_1 : Operation 73 [1/1] (0.00ns)   --->   "%i_in_1 = load i4 %i_in" [firmware/nnet_utils/nnet_dense_stream.h:34]   --->   Operation 73 'load' 'i_in_1' <Predicate = true> <Delay = 0.00>
ST_1 : Operation 74 [1/1] (1.73ns)   --->   "%icmp_ln34 = icmp_eq  i4 %i_in_1, i4 8" [firmware/nnet_utils/nnet_dense_stream.h:34]   --->   Operation 74 'icmp' 'icmp_ln34' <Predicate = true> <Delay = 1.73> <CoreInst = "Cmp">   --->   Core 9 'Cmp' <Latency = 0> <II = 1> <Delay = 1.73> <FuncUnit> <Opcode : 'seteq' 'setne' 'setle' 'setge' 'setlt' 'setgt'> <InPorts = 2> <OutPorts = 1>
ST_1 : Operation 75 [1/1] (1.73ns)   --->   "%add_ln34 = add i4 %i_in_1, i4 1" [firmware/nnet_utils/nnet_dense_stream.h:34]   --->   Operation 75 'add' 'add_ln34' <Predicate = true> <Delay = 1.73> <CoreInst = "Adder">   --->   Core 1 'Adder' <Latency = 0> <II = 1> <Delay = 1.73> <FuncUnit> <Opcode : 'add' 'sub'> <InPorts = 2> <OutPorts = 1>
ST_1 : Operation 76 [1/1] (0.00ns)   --->   "%br_ln34 = br i1 %icmp_ln34, void %DataPack.split, void %for.end7.exitStub" [firmware/nnet_utils/nnet_dense_stream.h:34]   --->   Operation 76 'br' 'br_ln34' <Predicate = true> <Delay = 0.00>
ST_1 : Operation 77 [1/1] (0.00ns)   --->   "%trunc_ln34 = trunc i4 %i_in_1" [firmware/nnet_utils/nnet_dense_stream.h:34]   --->   Operation 77 'trunc' 'trunc_ln34' <Predicate = (!icmp_ln34)> <Delay = 0.00>
ST_1 : Operation 78 [1/1] (1.65ns)   --->   "%switch_ln42 = switch i3 %trunc_ln34, void %arrayidx.7.case.63, i3 0, void %arrayidx.7.case.7, i3 1, void %arrayidx.7.case.15, i3 2, void %arrayidx.7.case.23, i3 3, void %arrayidx.7.case.31, i3 4, void %arrayidx.7.case.39, i3 5, void %arrayidx.7.case.47, i3 6, void %DataPack.split.arrayidx.7.exit_crit_edge" [firmware/nnet_utils/nnet_dense_stream.h:42]   --->   Operation 78 'switch' 'switch_ln42' <Predicate = (!icmp_ln34)> <Delay = 1.65>
ST_1 : Operation 79 [1/1] (1.58ns)   --->   "%store_ln34 = store i4 %add_ln34, i4 %i_in" [firmware/nnet_utils/nnet_dense_stream.h:34]   --->   Operation 79 'store' 'store_ln34' <Predicate = (!icmp_ln34)> <Delay = 1.58>
ST_1 : Operation 80 [1/1] (0.00ns)   --->   "%br_ln34 = br void %DataPack" [firmware/nnet_utils/nnet_dense_stream.h:34]   --->   Operation 80 'br' 'br_ln34' <Predicate = (!icmp_ln34)> <Delay = 0.00>
ST_1 : Operation 165 [1/1] (0.00ns)   --->   "%p_0_0_0_0_01_load = load i8 %p_0_0_0_0_01"   --->   Operation 165 'load' 'p_0_0_0_0_01_load' <Predicate = (icmp_ln34)> <Delay = 0.00>
ST_1 : Operation 166 [1/1] (0.00ns)   --->   "%p_0_1_0_0_03_load = load i8 %p_0_1_0_0_03"   --->   Operation 166 'load' 'p_0_1_0_0_03_load' <Predicate = (icmp_ln34)> <Delay = 0.00>
ST_1 : Operation 167 [1/1] (0.00ns)   --->   "%p_0_2_0_0_05_load = load i8 %p_0_2_0_0_05"   --->   Operation 167 'load' 'p_0_2_0_0_05_load' <Predicate = (icmp_ln34)> <Delay = 0.00>
ST_1 : Operation 168 [1/1] (0.00ns)   --->   "%p_0_3_0_0_07_load = load i8 %p_0_3_0_0_07"   --->   Operation 168 'load' 'p_0_3_0_0_07_load' <Predicate = (icmp_ln34)> <Delay = 0.00>
ST_1 : Operation 169 [1/1] (0.00ns)   --->   "%p_0_4_0_0_09_load = load i8 %p_0_4_0_0_09"   --->   Operation 169 'load' 'p_0_4_0_0_09_load' <Predicate = (icmp_ln34)> <Delay = 0.00>
ST_1 : Operation 170 [1/1] (0.00ns)   --->   "%p_0_5_0_0_011_load = load i8 %p_0_5_0_0_011"   --->   Operation 170 'load' 'p_0_5_0_0_011_load' <Predicate = (icmp_ln34)> <Delay = 0.00>
ST_1 : Operation 171 [1/1] (0.00ns)   --->   "%p_0_6_0_0_013_load = load i8 %p_0_6_0_0_013"   --->   Operation 171 'load' 'p_0_6_0_0_013_load' <Predicate = (icmp_ln34)> <Delay = 0.00>
ST_1 : Operation 172 [1/1] (0.00ns)   --->   "%p_0_7_0_0_015_load = load i8 %p_0_7_0_0_015"   --->   Operation 172 'load' 'p_0_7_0_0_015_load' <Predicate = (icmp_ln34)> <Delay = 0.00>
ST_1 : Operation 173 [1/1] (0.00ns)   --->   "%p_0_0_0_0_017_load = load i8 %p_0_0_0_0_017"   --->   Operation 173 'load' 'p_0_0_0_0_017_load' <Predicate = (icmp_ln34)> <Delay = 0.00>
ST_1 : Operation 174 [1/1] (0.00ns)   --->   "%p_0_1_0_0_019_load = load i8 %p_0_1_0_0_019"   --->   Operation 174 'load' 'p_0_1_0_0_019_load' <Predicate = (icmp_ln34)> <Delay = 0.00>
ST_1 : Operation 175 [1/1] (0.00ns)   --->   "%p_0_2_0_0_021_load = load i8 %p_0_2_0_0_021"   --->   Operation 175 'load' 'p_0_2_0_0_021_load' <Predicate = (icmp_ln34)> <Delay = 0.00>
ST_1 : Operation 176 [1/1] (0.00ns)   --->   "%p_0_3_0_0_023_load = load i8 %p_0_3_0_0_023"   --->   Operation 176 'load' 'p_0_3_0_0_023_load' <Predicate = (icmp_ln34)> <Delay = 0.00>
ST_1 : Operation 177 [1/1] (0.00ns)   --->   "%p_0_4_0_0_025_load = load i8 %p_0_4_0_0_025"   --->   Operation 177 'load' 'p_0_4_0_0_025_load' <Predicate = (icmp_ln34)> <Delay = 0.00>
ST_1 : Operation 178 [1/1] (0.00ns)   --->   "%p_0_5_0_0_027_load = load i8 %p_0_5_0_0_027"   --->   Operation 178 'load' 'p_0_5_0_0_027_load' <Predicate = (icmp_ln34)> <Delay = 0.00>
ST_1 : Operation 179 [1/1] (0.00ns)   --->   "%p_0_6_0_0_029_load = load i8 %p_0_6_0_0_029"   --->   Operation 179 'load' 'p_0_6_0_0_029_load' <Predicate = (icmp_ln34)> <Delay = 0.00>
ST_1 : Operation 180 [1/1] (0.00ns)   --->   "%p_0_7_0_0_031_load = load i8 %p_0_7_0_0_031"   --->   Operation 180 'load' 'p_0_7_0_0_031_load' <Predicate = (icmp_ln34)> <Delay = 0.00>
ST_1 : Operation 181 [1/1] (0.00ns)   --->   "%p_0_0_0_0_033_load = load i8 %p_0_0_0_0_033"   --->   Operation 181 'load' 'p_0_0_0_0_033_load' <Predicate = (icmp_ln34)> <Delay = 0.00>
ST_1 : Operation 182 [1/1] (0.00ns)   --->   "%p_0_1_0_0_035_load = load i8 %p_0_1_0_0_035"   --->   Operation 182 'load' 'p_0_1_0_0_035_load' <Predicate = (icmp_ln34)> <Delay = 0.00>
ST_1 : Operation 183 [1/1] (0.00ns)   --->   "%p_0_2_0_0_037_load = load i8 %p_0_2_0_0_037"   --->   Operation 183 'load' 'p_0_2_0_0_037_load' <Predicate = (icmp_ln34)> <Delay = 0.00>
ST_1 : Operation 184 [1/1] (0.00ns)   --->   "%p_0_3_0_0_039_load = load i8 %p_0_3_0_0_039"   --->   Operation 184 'load' 'p_0_3_0_0_039_load' <Predicate = (icmp_ln34)> <Delay = 0.00>
ST_1 : Operation 185 [1/1] (0.00ns)   --->   "%p_0_4_0_0_041_load = load i8 %p_0_4_0_0_041"   --->   Operation 185 'load' 'p_0_4_0_0_041_load' <Predicate = (icmp_ln34)> <Delay = 0.00>
ST_1 : Operation 186 [1/1] (0.00ns)   --->   "%p_0_5_0_0_043_load = load i8 %p_0_5_0_0_043"   --->   Operation 186 'load' 'p_0_5_0_0_043_load' <Predicate = (icmp_ln34)> <Delay = 0.00>
ST_1 : Operation 187 [1/1] (0.00ns)   --->   "%p_0_6_0_0_045_load = load i8 %p_0_6_0_0_045"   --->   Operation 187 'load' 'p_0_6_0_0_045_load' <Predicate = (icmp_ln34)> <Delay = 0.00>
ST_1 : Operation 188 [1/1] (0.00ns)   --->   "%p_0_7_0_0_047_load = load i8 %p_0_7_0_0_047"   --->   Operation 188 'load' 'p_0_7_0_0_047_load' <Predicate = (icmp_ln34)> <Delay = 0.00>
ST_1 : Operation 189 [1/1] (0.00ns)   --->   "%p_0_0_0_0_049_load = load i8 %p_0_0_0_0_049"   --->   Operation 189 'load' 'p_0_0_0_0_049_load' <Predicate = (icmp_ln34)> <Delay = 0.00>
ST_1 : Operation 190 [1/1] (0.00ns)   --->   "%p_0_1_0_0_051_load = load i8 %p_0_1_0_0_051"   --->   Operation 190 'load' 'p_0_1_0_0_051_load' <Predicate = (icmp_ln34)> <Delay = 0.00>
ST_1 : Operation 191 [1/1] (0.00ns)   --->   "%p_0_2_0_0_053_load = load i8 %p_0_2_0_0_053"   --->   Operation 191 'load' 'p_0_2_0_0_053_load' <Predicate = (icmp_ln34)> <Delay = 0.00>
ST_1 : Operation 192 [1/1] (0.00ns)   --->   "%p_0_3_0_0_055_load = load i8 %p_0_3_0_0_055"   --->   Operation 192 'load' 'p_0_3_0_0_055_load' <Predicate = (icmp_ln34)> <Delay = 0.00>
ST_1 : Operation 193 [1/1] (0.00ns)   --->   "%p_0_4_0_0_057_load = load i8 %p_0_4_0_0_057"   --->   Operation 193 'load' 'p_0_4_0_0_057_load' <Predicate = (icmp_ln34)> <Delay = 0.00>
ST_1 : Operation 194 [1/1] (0.00ns)   --->   "%p_0_5_0_0_059_load = load i8 %p_0_5_0_0_059"   --->   Operation 194 'load' 'p_0_5_0_0_059_load' <Predicate = (icmp_ln34)> <Delay = 0.00>
ST_1 : Operation 195 [1/1] (0.00ns)   --->   "%p_0_6_0_0_061_load = load i8 %p_0_6_0_0_061"   --->   Operation 195 'load' 'p_0_6_0_0_061_load' <Predicate = (icmp_ln34)> <Delay = 0.00>
ST_1 : Operation 196 [1/1] (0.00ns)   --->   "%p_0_7_0_0_063_load = load i8 %p_0_7_0_0_063"   --->   Operation 196 'load' 'p_0_7_0_0_063_load' <Predicate = (icmp_ln34)> <Delay = 0.00>
ST_1 : Operation 197 [1/1] (0.00ns)   --->   "%p_0_0_0_0_065_load = load i8 %p_0_0_0_0_065"   --->   Operation 197 'load' 'p_0_0_0_0_065_load' <Predicate = (icmp_ln34)> <Delay = 0.00>
ST_1 : Operation 198 [1/1] (0.00ns)   --->   "%p_0_1_0_0_067_load = load i8 %p_0_1_0_0_067"   --->   Operation 198 'load' 'p_0_1_0_0_067_load' <Predicate = (icmp_ln34)> <Delay = 0.00>
ST_1 : Operation 199 [1/1] (0.00ns)   --->   "%p_0_2_0_0_069_load = load i8 %p_0_2_0_0_069"   --->   Operation 199 'load' 'p_0_2_0_0_069_load' <Predicate = (icmp_ln34)> <Delay = 0.00>
ST_1 : Operation 200 [1/1] (0.00ns)   --->   "%p_0_3_0_0_071_load = load i8 %p_0_3_0_0_071"   --->   Operation 200 'load' 'p_0_3_0_0_071_load' <Predicate = (icmp_ln34)> <Delay = 0.00>
ST_1 : Operation 201 [1/1] (0.00ns)   --->   "%p_0_4_0_0_073_load = load i8 %p_0_4_0_0_073"   --->   Operation 201 'load' 'p_0_4_0_0_073_load' <Predicate = (icmp_ln34)> <Delay = 0.00>
ST_1 : Operation 202 [1/1] (0.00ns)   --->   "%p_0_5_0_0_075_load = load i8 %p_0_5_0_0_075"   --->   Operation 202 'load' 'p_0_5_0_0_075_load' <Predicate = (icmp_ln34)> <Delay = 0.00>
ST_1 : Operation 203 [1/1] (0.00ns)   --->   "%p_0_6_0_0_077_load = load i8 %p_0_6_0_0_077"   --->   Operation 203 'load' 'p_0_6_0_0_077_load' <Predicate = (icmp_ln34)> <Delay = 0.00>
ST_1 : Operation 204 [1/1] (0.00ns)   --->   "%p_0_7_0_0_079_load = load i8 %p_0_7_0_0_079"   --->   Operation 204 'load' 'p_0_7_0_0_079_load' <Predicate = (icmp_ln34)> <Delay = 0.00>
ST_1 : Operation 205 [1/1] (0.00ns)   --->   "%p_0_0_0_0_081_load = load i8 %p_0_0_0_0_081"   --->   Operation 205 'load' 'p_0_0_0_0_081_load' <Predicate = (icmp_ln34)> <Delay = 0.00>
ST_1 : Operation 206 [1/1] (0.00ns)   --->   "%p_0_1_0_0_083_load = load i8 %p_0_1_0_0_083"   --->   Operation 206 'load' 'p_0_1_0_0_083_load' <Predicate = (icmp_ln34)> <Delay = 0.00>
ST_1 : Operation 207 [1/1] (0.00ns)   --->   "%p_0_2_0_0_085_load = load i8 %p_0_2_0_0_085"   --->   Operation 207 'load' 'p_0_2_0_0_085_load' <Predicate = (icmp_ln34)> <Delay = 0.00>
ST_1 : Operation 208 [1/1] (0.00ns)   --->   "%p_0_3_0_0_087_load = load i8 %p_0_3_0_0_087"   --->   Operation 208 'load' 'p_0_3_0_0_087_load' <Predicate = (icmp_ln34)> <Delay = 0.00>
ST_1 : Operation 209 [1/1] (0.00ns)   --->   "%p_0_4_0_0_089_load = load i8 %p_0_4_0_0_089"   --->   Operation 209 'load' 'p_0_4_0_0_089_load' <Predicate = (icmp_ln34)> <Delay = 0.00>
ST_1 : Operation 210 [1/1] (0.00ns)   --->   "%p_0_5_0_0_091_load = load i8 %p_0_5_0_0_091"   --->   Operation 210 'load' 'p_0_5_0_0_091_load' <Predicate = (icmp_ln34)> <Delay = 0.00>
ST_1 : Operation 211 [1/1] (0.00ns)   --->   "%p_0_6_0_0_093_load = load i8 %p_0_6_0_0_093"   --->   Operation 211 'load' 'p_0_6_0_0_093_load' <Predicate = (icmp_ln34)> <Delay = 0.00>
ST_1 : Operation 212 [1/1] (0.00ns)   --->   "%p_0_7_0_0_095_load = load i8 %p_0_7_0_0_095"   --->   Operation 212 'load' 'p_0_7_0_0_095_load' <Predicate = (icmp_ln34)> <Delay = 0.00>
ST_1 : Operation 213 [1/1] (0.00ns)   --->   "%p_0_0_0_0_097_load = load i8 %p_0_0_0_0_097"   --->   Operation 213 'load' 'p_0_0_0_0_097_load' <Predicate = (icmp_ln34)> <Delay = 0.00>
ST_1 : Operation 214 [1/1] (0.00ns)   --->   "%p_0_1_0_0_099_load = load i8 %p_0_1_0_0_099"   --->   Operation 214 'load' 'p_0_1_0_0_099_load' <Predicate = (icmp_ln34)> <Delay = 0.00>
ST_1 : Operation 215 [1/1] (0.00ns)   --->   "%p_0_2_0_0_0101_load = load i8 %p_0_2_0_0_0101"   --->   Operation 215 'load' 'p_0_2_0_0_0101_load' <Predicate = (icmp_ln34)> <Delay = 0.00>
ST_1 : Operation 216 [1/1] (0.00ns)   --->   "%p_0_3_0_0_0103_load = load i8 %p_0_3_0_0_0103"   --->   Operation 216 'load' 'p_0_3_0_0_0103_load' <Predicate = (icmp_ln34)> <Delay = 0.00>
ST_1 : Operation 217 [1/1] (0.00ns)   --->   "%p_0_4_0_0_0105_load = load i8 %p_0_4_0_0_0105"   --->   Operation 217 'load' 'p_0_4_0_0_0105_load' <Predicate = (icmp_ln34)> <Delay = 0.00>
ST_1 : Operation 218 [1/1] (0.00ns)   --->   "%p_0_5_0_0_0107_load = load i8 %p_0_5_0_0_0107"   --->   Operation 218 'load' 'p_0_5_0_0_0107_load' <Predicate = (icmp_ln34)> <Delay = 0.00>
ST_1 : Operation 219 [1/1] (0.00ns)   --->   "%p_0_6_0_0_0109_load = load i8 %p_0_6_0_0_0109"   --->   Operation 219 'load' 'p_0_6_0_0_0109_load' <Predicate = (icmp_ln34)> <Delay = 0.00>
ST_1 : Operation 220 [1/1] (0.00ns)   --->   "%p_0_7_0_0_0111_load = load i8 %p_0_7_0_0_0111"   --->   Operation 220 'load' 'p_0_7_0_0_0111_load' <Predicate = (icmp_ln34)> <Delay = 0.00>
ST_1 : Operation 221 [1/1] (0.00ns)   --->   "%p_0_0_0_0_0113_load = load i8 %p_0_0_0_0_0113"   --->   Operation 221 'load' 'p_0_0_0_0_0113_load' <Predicate = (icmp_ln34)> <Delay = 0.00>
ST_1 : Operation 222 [1/1] (0.00ns)   --->   "%p_0_1_0_0_0115_load = load i8 %p_0_1_0_0_0115"   --->   Operation 222 'load' 'p_0_1_0_0_0115_load' <Predicate = (icmp_ln34)> <Delay = 0.00>
ST_1 : Operation 223 [1/1] (0.00ns)   --->   "%p_0_2_0_0_0117_load = load i8 %p_0_2_0_0_0117"   --->   Operation 223 'load' 'p_0_2_0_0_0117_load' <Predicate = (icmp_ln34)> <Delay = 0.00>
ST_1 : Operation 224 [1/1] (0.00ns)   --->   "%p_0_3_0_0_0119_load = load i8 %p_0_3_0_0_0119"   --->   Operation 224 'load' 'p_0_3_0_0_0119_load' <Predicate = (icmp_ln34)> <Delay = 0.00>
ST_1 : Operation 225 [1/1] (0.00ns)   --->   "%p_0_4_0_0_0121_load = load i8 %p_0_4_0_0_0121"   --->   Operation 225 'load' 'p_0_4_0_0_0121_load' <Predicate = (icmp_ln34)> <Delay = 0.00>
ST_1 : Operation 226 [1/1] (0.00ns)   --->   "%p_0_5_0_0_0123_load = load i8 %p_0_5_0_0_0123"   --->   Operation 226 'load' 'p_0_5_0_0_0123_load' <Predicate = (icmp_ln34)> <Delay = 0.00>
ST_1 : Operation 227 [1/1] (0.00ns)   --->   "%p_0_6_0_0_0125_load = load i8 %p_0_6_0_0_0125"   --->   Operation 227 'load' 'p_0_6_0_0_0125_load' <Predicate = (icmp_ln34)> <Delay = 0.00>
ST_1 : Operation 228 [1/1] (0.00ns)   --->   "%p_0_7_0_0_0127_load = load i8 %p_0_7_0_0_0127"   --->   Operation 228 'load' 'p_0_7_0_0_0127_load' <Predicate = (icmp_ln34)> <Delay = 0.00>
ST_1 : Operation 229 [1/1] (0.00ns)   --->   "%write_ln0 = write void @_ssdm_op_Write.ap_auto.i8P0A, i8 %p_0_7_0_0_0127_out, i8 %p_0_7_0_0_0127_load"   --->   Operation 229 'write' 'write_ln0' <Predicate = (icmp_ln34)> <Delay = 0.00>
ST_1 : Operation 230 [1/1] (0.00ns)   --->   "%write_ln0 = write void @_ssdm_op_Write.ap_auto.i8P0A, i8 %p_0_6_0_0_0125_out, i8 %p_0_6_0_0_0125_load"   --->   Operation 230 'write' 'write_ln0' <Predicate = (icmp_ln34)> <Delay = 0.00>
ST_1 : Operation 231 [1/1] (0.00ns)   --->   "%write_ln0 = write void @_ssdm_op_Write.ap_auto.i8P0A, i8 %p_0_5_0_0_0123_out, i8 %p_0_5_0_0_0123_load"   --->   Operation 231 'write' 'write_ln0' <Predicate = (icmp_ln34)> <Delay = 0.00>
ST_1 : Operation 232 [1/1] (0.00ns)   --->   "%write_ln0 = write void @_ssdm_op_Write.ap_auto.i8P0A, i8 %p_0_4_0_0_0121_out, i8 %p_0_4_0_0_0121_load"   --->   Operation 232 'write' 'write_ln0' <Predicate = (icmp_ln34)> <Delay = 0.00>
ST_1 : Operation 233 [1/1] (0.00ns)   --->   "%write_ln0 = write void @_ssdm_op_Write.ap_auto.i8P0A, i8 %p_0_3_0_0_0119_out, i8 %p_0_3_0_0_0119_load"   --->   Operation 233 'write' 'write_ln0' <Predicate = (icmp_ln34)> <Delay = 0.00>
ST_1 : Operation 234 [1/1] (0.00ns)   --->   "%write_ln0 = write void @_ssdm_op_Write.ap_auto.i8P0A, i8 %p_0_2_0_0_0117_out, i8 %p_0_2_0_0_0117_load"   --->   Operation 234 'write' 'write_ln0' <Predicate = (icmp_ln34)> <Delay = 0.00>
ST_1 : Operation 235 [1/1] (0.00ns)   --->   "%write_ln0 = write void @_ssdm_op_Write.ap_auto.i8P0A, i8 %p_0_1_0_0_0115_out, i8 %p_0_1_0_0_0115_load"   --->   Operation 235 'write' 'write_ln0' <Predicate = (icmp_ln34)> <Delay = 0.00>
ST_1 : Operation 236 [1/1] (0.00ns)   --->   "%write_ln0 = write void @_ssdm_op_Write.ap_auto.i8P0A, i8 %p_0_0_0_0_0113_out, i8 %p_0_0_0_0_0113_load"   --->   Operation 236 'write' 'write_ln0' <Predicate = (icmp_ln34)> <Delay = 0.00>
ST_1 : Operation 237 [1/1] (0.00ns)   --->   "%write_ln0 = write void @_ssdm_op_Write.ap_auto.i8P0A, i8 %p_0_7_0_0_0111_out, i8 %p_0_7_0_0_0111_load"   --->   Operation 237 'write' 'write_ln0' <Predicate = (icmp_ln34)> <Delay = 0.00>
ST_1 : Operation 238 [1/1] (0.00ns)   --->   "%write_ln0 = write void @_ssdm_op_Write.ap_auto.i8P0A, i8 %p_0_6_0_0_0109_out, i8 %p_0_6_0_0_0109_load"   --->   Operation 238 'write' 'write_ln0' <Predicate = (icmp_ln34)> <Delay = 0.00>
ST_1 : Operation 239 [1/1] (0.00ns)   --->   "%write_ln0 = write void @_ssdm_op_Write.ap_auto.i8P0A, i8 %p_0_5_0_0_0107_out, i8 %p_0_5_0_0_0107_load"   --->   Operation 239 'write' 'write_ln0' <Predicate = (icmp_ln34)> <Delay = 0.00>
ST_1 : Operation 240 [1/1] (0.00ns)   --->   "%write_ln0 = write void @_ssdm_op_Write.ap_auto.i8P0A, i8 %p_0_4_0_0_0105_out, i8 %p_0_4_0_0_0105_load"   --->   Operation 240 'write' 'write_ln0' <Predicate = (icmp_ln34)> <Delay = 0.00>
ST_1 : Operation 241 [1/1] (0.00ns)   --->   "%write_ln0 = write void @_ssdm_op_Write.ap_auto.i8P0A, i8 %p_0_3_0_0_0103_out, i8 %p_0_3_0_0_0103_load"   --->   Operation 241 'write' 'write_ln0' <Predicate = (icmp_ln34)> <Delay = 0.00>
ST_1 : Operation 242 [1/1] (0.00ns)   --->   "%write_ln0 = write void @_ssdm_op_Write.ap_auto.i8P0A, i8 %p_0_2_0_0_0101_out, i8 %p_0_2_0_0_0101_load"   --->   Operation 242 'write' 'write_ln0' <Predicate = (icmp_ln34)> <Delay = 0.00>
ST_1 : Operation 243 [1/1] (0.00ns)   --->   "%write_ln0 = write void @_ssdm_op_Write.ap_auto.i8P0A, i8 %p_0_1_0_0_099_out, i8 %p_0_1_0_0_099_load"   --->   Operation 243 'write' 'write_ln0' <Predicate = (icmp_ln34)> <Delay = 0.00>
ST_1 : Operation 244 [1/1] (0.00ns)   --->   "%write_ln0 = write void @_ssdm_op_Write.ap_auto.i8P0A, i8 %p_0_0_0_0_097_out, i8 %p_0_0_0_0_097_load"   --->   Operation 244 'write' 'write_ln0' <Predicate = (icmp_ln34)> <Delay = 0.00>
ST_1 : Operation 245 [1/1] (0.00ns)   --->   "%write_ln0 = write void @_ssdm_op_Write.ap_auto.i8P0A, i8 %p_0_7_0_0_095_out, i8 %p_0_7_0_0_095_load"   --->   Operation 245 'write' 'write_ln0' <Predicate = (icmp_ln34)> <Delay = 0.00>
ST_1 : Operation 246 [1/1] (0.00ns)   --->   "%write_ln0 = write void @_ssdm_op_Write.ap_auto.i8P0A, i8 %p_0_6_0_0_093_out, i8 %p_0_6_0_0_093_load"   --->   Operation 246 'write' 'write_ln0' <Predicate = (icmp_ln34)> <Delay = 0.00>
ST_1 : Operation 247 [1/1] (0.00ns)   --->   "%write_ln0 = write void @_ssdm_op_Write.ap_auto.i8P0A, i8 %p_0_5_0_0_091_out, i8 %p_0_5_0_0_091_load"   --->   Operation 247 'write' 'write_ln0' <Predicate = (icmp_ln34)> <Delay = 0.00>
ST_1 : Operation 248 [1/1] (0.00ns)   --->   "%write_ln0 = write void @_ssdm_op_Write.ap_auto.i8P0A, i8 %p_0_4_0_0_089_out, i8 %p_0_4_0_0_089_load"   --->   Operation 248 'write' 'write_ln0' <Predicate = (icmp_ln34)> <Delay = 0.00>
ST_1 : Operation 249 [1/1] (0.00ns)   --->   "%write_ln0 = write void @_ssdm_op_Write.ap_auto.i8P0A, i8 %p_0_3_0_0_087_out, i8 %p_0_3_0_0_087_load"   --->   Operation 249 'write' 'write_ln0' <Predicate = (icmp_ln34)> <Delay = 0.00>
ST_1 : Operation 250 [1/1] (0.00ns)   --->   "%write_ln0 = write void @_ssdm_op_Write.ap_auto.i8P0A, i8 %p_0_2_0_0_085_out, i8 %p_0_2_0_0_085_load"   --->   Operation 250 'write' 'write_ln0' <Predicate = (icmp_ln34)> <Delay = 0.00>
ST_1 : Operation 251 [1/1] (0.00ns)   --->   "%write_ln0 = write void @_ssdm_op_Write.ap_auto.i8P0A, i8 %p_0_1_0_0_083_out, i8 %p_0_1_0_0_083_load"   --->   Operation 251 'write' 'write_ln0' <Predicate = (icmp_ln34)> <Delay = 0.00>
ST_1 : Operation 252 [1/1] (0.00ns)   --->   "%write_ln0 = write void @_ssdm_op_Write.ap_auto.i8P0A, i8 %p_0_0_0_0_081_out, i8 %p_0_0_0_0_081_load"   --->   Operation 252 'write' 'write_ln0' <Predicate = (icmp_ln34)> <Delay = 0.00>
ST_1 : Operation 253 [1/1] (0.00ns)   --->   "%write_ln0 = write void @_ssdm_op_Write.ap_auto.i8P0A, i8 %p_0_7_0_0_079_out, i8 %p_0_7_0_0_079_load"   --->   Operation 253 'write' 'write_ln0' <Predicate = (icmp_ln34)> <Delay = 0.00>
ST_1 : Operation 254 [1/1] (0.00ns)   --->   "%write_ln0 = write void @_ssdm_op_Write.ap_auto.i8P0A, i8 %p_0_6_0_0_077_out, i8 %p_0_6_0_0_077_load"   --->   Operation 254 'write' 'write_ln0' <Predicate = (icmp_ln34)> <Delay = 0.00>
ST_1 : Operation 255 [1/1] (0.00ns)   --->   "%write_ln0 = write void @_ssdm_op_Write.ap_auto.i8P0A, i8 %p_0_5_0_0_075_out, i8 %p_0_5_0_0_075_load"   --->   Operation 255 'write' 'write_ln0' <Predicate = (icmp_ln34)> <Delay = 0.00>
ST_1 : Operation 256 [1/1] (0.00ns)   --->   "%write_ln0 = write void @_ssdm_op_Write.ap_auto.i8P0A, i8 %p_0_4_0_0_073_out, i8 %p_0_4_0_0_073_load"   --->   Operation 256 'write' 'write_ln0' <Predicate = (icmp_ln34)> <Delay = 0.00>
ST_1 : Operation 257 [1/1] (0.00ns)   --->   "%write_ln0 = write void @_ssdm_op_Write.ap_auto.i8P0A, i8 %p_0_3_0_0_071_out, i8 %p_0_3_0_0_071_load"   --->   Operation 257 'write' 'write_ln0' <Predicate = (icmp_ln34)> <Delay = 0.00>
ST_1 : Operation 258 [1/1] (0.00ns)   --->   "%write_ln0 = write void @_ssdm_op_Write.ap_auto.i8P0A, i8 %p_0_2_0_0_069_out, i8 %p_0_2_0_0_069_load"   --->   Operation 258 'write' 'write_ln0' <Predicate = (icmp_ln34)> <Delay = 0.00>
ST_1 : Operation 259 [1/1] (0.00ns)   --->   "%write_ln0 = write void @_ssdm_op_Write.ap_auto.i8P0A, i8 %p_0_1_0_0_067_out, i8 %p_0_1_0_0_067_load"   --->   Operation 259 'write' 'write_ln0' <Predicate = (icmp_ln34)> <Delay = 0.00>
ST_1 : Operation 260 [1/1] (0.00ns)   --->   "%write_ln0 = write void @_ssdm_op_Write.ap_auto.i8P0A, i8 %p_0_0_0_0_065_out, i8 %p_0_0_0_0_065_load"   --->   Operation 260 'write' 'write_ln0' <Predicate = (icmp_ln34)> <Delay = 0.00>
ST_1 : Operation 261 [1/1] (0.00ns)   --->   "%write_ln0 = write void @_ssdm_op_Write.ap_auto.i8P0A, i8 %p_0_7_0_0_063_out, i8 %p_0_7_0_0_063_load"   --->   Operation 261 'write' 'write_ln0' <Predicate = (icmp_ln34)> <Delay = 0.00>
ST_1 : Operation 262 [1/1] (0.00ns)   --->   "%write_ln0 = write void @_ssdm_op_Write.ap_auto.i8P0A, i8 %p_0_6_0_0_061_out, i8 %p_0_6_0_0_061_load"   --->   Operation 262 'write' 'write_ln0' <Predicate = (icmp_ln34)> <Delay = 0.00>
ST_1 : Operation 263 [1/1] (0.00ns)   --->   "%write_ln0 = write void @_ssdm_op_Write.ap_auto.i8P0A, i8 %p_0_5_0_0_059_out, i8 %p_0_5_0_0_059_load"   --->   Operation 263 'write' 'write_ln0' <Predicate = (icmp_ln34)> <Delay = 0.00>
ST_1 : Operation 264 [1/1] (0.00ns)   --->   "%write_ln0 = write void @_ssdm_op_Write.ap_auto.i8P0A, i8 %p_0_4_0_0_057_out, i8 %p_0_4_0_0_057_load"   --->   Operation 264 'write' 'write_ln0' <Predicate = (icmp_ln34)> <Delay = 0.00>
ST_1 : Operation 265 [1/1] (0.00ns)   --->   "%write_ln0 = write void @_ssdm_op_Write.ap_auto.i8P0A, i8 %p_0_3_0_0_055_out, i8 %p_0_3_0_0_055_load"   --->   Operation 265 'write' 'write_ln0' <Predicate = (icmp_ln34)> <Delay = 0.00>
ST_1 : Operation 266 [1/1] (0.00ns)   --->   "%write_ln0 = write void @_ssdm_op_Write.ap_auto.i8P0A, i8 %p_0_2_0_0_053_out, i8 %p_0_2_0_0_053_load"   --->   Operation 266 'write' 'write_ln0' <Predicate = (icmp_ln34)> <Delay = 0.00>
ST_1 : Operation 267 [1/1] (0.00ns)   --->   "%write_ln0 = write void @_ssdm_op_Write.ap_auto.i8P0A, i8 %p_0_1_0_0_051_out, i8 %p_0_1_0_0_051_load"   --->   Operation 267 'write' 'write_ln0' <Predicate = (icmp_ln34)> <Delay = 0.00>
ST_1 : Operation 268 [1/1] (0.00ns)   --->   "%write_ln0 = write void @_ssdm_op_Write.ap_auto.i8P0A, i8 %p_0_0_0_0_049_out, i8 %p_0_0_0_0_049_load"   --->   Operation 268 'write' 'write_ln0' <Predicate = (icmp_ln34)> <Delay = 0.00>
ST_1 : Operation 269 [1/1] (0.00ns)   --->   "%write_ln0 = write void @_ssdm_op_Write.ap_auto.i8P0A, i8 %p_0_7_0_0_047_out, i8 %p_0_7_0_0_047_load"   --->   Operation 269 'write' 'write_ln0' <Predicate = (icmp_ln34)> <Delay = 0.00>
ST_1 : Operation 270 [1/1] (0.00ns)   --->   "%write_ln0 = write void @_ssdm_op_Write.ap_auto.i8P0A, i8 %p_0_6_0_0_045_out, i8 %p_0_6_0_0_045_load"   --->   Operation 270 'write' 'write_ln0' <Predicate = (icmp_ln34)> <Delay = 0.00>
ST_1 : Operation 271 [1/1] (0.00ns)   --->   "%write_ln0 = write void @_ssdm_op_Write.ap_auto.i8P0A, i8 %p_0_5_0_0_043_out, i8 %p_0_5_0_0_043_load"   --->   Operation 271 'write' 'write_ln0' <Predicate = (icmp_ln34)> <Delay = 0.00>
ST_1 : Operation 272 [1/1] (0.00ns)   --->   "%write_ln0 = write void @_ssdm_op_Write.ap_auto.i8P0A, i8 %p_0_4_0_0_041_out, i8 %p_0_4_0_0_041_load"   --->   Operation 272 'write' 'write_ln0' <Predicate = (icmp_ln34)> <Delay = 0.00>
ST_1 : Operation 273 [1/1] (0.00ns)   --->   "%write_ln0 = write void @_ssdm_op_Write.ap_auto.i8P0A, i8 %p_0_3_0_0_039_out, i8 %p_0_3_0_0_039_load"   --->   Operation 273 'write' 'write_ln0' <Predicate = (icmp_ln34)> <Delay = 0.00>
ST_1 : Operation 274 [1/1] (0.00ns)   --->   "%write_ln0 = write void @_ssdm_op_Write.ap_auto.i8P0A, i8 %p_0_2_0_0_037_out, i8 %p_0_2_0_0_037_load"   --->   Operation 274 'write' 'write_ln0' <Predicate = (icmp_ln34)> <Delay = 0.00>
ST_1 : Operation 275 [1/1] (0.00ns)   --->   "%write_ln0 = write void @_ssdm_op_Write.ap_auto.i8P0A, i8 %p_0_1_0_0_035_out, i8 %p_0_1_0_0_035_load"   --->   Operation 275 'write' 'write_ln0' <Predicate = (icmp_ln34)> <Delay = 0.00>
ST_1 : Operation 276 [1/1] (0.00ns)   --->   "%write_ln0 = write void @_ssdm_op_Write.ap_auto.i8P0A, i8 %p_0_0_0_0_033_out, i8 %p_0_0_0_0_033_load"   --->   Operation 276 'write' 'write_ln0' <Predicate = (icmp_ln34)> <Delay = 0.00>
ST_1 : Operation 277 [1/1] (0.00ns)   --->   "%write_ln0 = write void @_ssdm_op_Write.ap_auto.i8P0A, i8 %p_0_7_0_0_031_out, i8 %p_0_7_0_0_031_load"   --->   Operation 277 'write' 'write_ln0' <Predicate = (icmp_ln34)> <Delay = 0.00>
ST_1 : Operation 278 [1/1] (0.00ns)   --->   "%write_ln0 = write void @_ssdm_op_Write.ap_auto.i8P0A, i8 %p_0_6_0_0_029_out, i8 %p_0_6_0_0_029_load"   --->   Operation 278 'write' 'write_ln0' <Predicate = (icmp_ln34)> <Delay = 0.00>
ST_1 : Operation 279 [1/1] (0.00ns)   --->   "%write_ln0 = write void @_ssdm_op_Write.ap_auto.i8P0A, i8 %p_0_5_0_0_027_out, i8 %p_0_5_0_0_027_load"   --->   Operation 279 'write' 'write_ln0' <Predicate = (icmp_ln34)> <Delay = 0.00>
ST_1 : Operation 280 [1/1] (0.00ns)   --->   "%write_ln0 = write void @_ssdm_op_Write.ap_auto.i8P0A, i8 %p_0_4_0_0_025_out, i8 %p_0_4_0_0_025_load"   --->   Operation 280 'write' 'write_ln0' <Predicate = (icmp_ln34)> <Delay = 0.00>
ST_1 : Operation 281 [1/1] (0.00ns)   --->   "%write_ln0 = write void @_ssdm_op_Write.ap_auto.i8P0A, i8 %p_0_3_0_0_023_out, i8 %p_0_3_0_0_023_load"   --->   Operation 281 'write' 'write_ln0' <Predicate = (icmp_ln34)> <Delay = 0.00>
ST_1 : Operation 282 [1/1] (0.00ns)   --->   "%write_ln0 = write void @_ssdm_op_Write.ap_auto.i8P0A, i8 %p_0_2_0_0_021_out, i8 %p_0_2_0_0_021_load"   --->   Operation 282 'write' 'write_ln0' <Predicate = (icmp_ln34)> <Delay = 0.00>
ST_1 : Operation 283 [1/1] (0.00ns)   --->   "%write_ln0 = write void @_ssdm_op_Write.ap_auto.i8P0A, i8 %p_0_1_0_0_019_out, i8 %p_0_1_0_0_019_load"   --->   Operation 283 'write' 'write_ln0' <Predicate = (icmp_ln34)> <Delay = 0.00>
ST_1 : Operation 284 [1/1] (0.00ns)   --->   "%write_ln0 = write void @_ssdm_op_Write.ap_auto.i8P0A, i8 %p_0_0_0_0_017_out, i8 %p_0_0_0_0_017_load"   --->   Operation 284 'write' 'write_ln0' <Predicate = (icmp_ln34)> <Delay = 0.00>
ST_1 : Operation 285 [1/1] (0.00ns)   --->   "%write_ln0 = write void @_ssdm_op_Write.ap_auto.i8P0A, i8 %p_0_7_0_0_015_out, i8 %p_0_7_0_0_015_load"   --->   Operation 285 'write' 'write_ln0' <Predicate = (icmp_ln34)> <Delay = 0.00>
ST_1 : Operation 286 [1/1] (0.00ns)   --->   "%write_ln0 = write void @_ssdm_op_Write.ap_auto.i8P0A, i8 %p_0_6_0_0_013_out, i8 %p_0_6_0_0_013_load"   --->   Operation 286 'write' 'write_ln0' <Predicate = (icmp_ln34)> <Delay = 0.00>
ST_1 : Operation 287 [1/1] (0.00ns)   --->   "%write_ln0 = write void @_ssdm_op_Write.ap_auto.i8P0A, i8 %p_0_5_0_0_011_out, i8 %p_0_5_0_0_011_load"   --->   Operation 287 'write' 'write_ln0' <Predicate = (icmp_ln34)> <Delay = 0.00>
ST_1 : Operation 288 [1/1] (0.00ns)   --->   "%write_ln0 = write void @_ssdm_op_Write.ap_auto.i8P0A, i8 %p_0_4_0_0_09_out, i8 %p_0_4_0_0_09_load"   --->   Operation 288 'write' 'write_ln0' <Predicate = (icmp_ln34)> <Delay = 0.00>
ST_1 : Operation 289 [1/1] (0.00ns)   --->   "%write_ln0 = write void @_ssdm_op_Write.ap_auto.i8P0A, i8 %p_0_3_0_0_07_out, i8 %p_0_3_0_0_07_load"   --->   Operation 289 'write' 'write_ln0' <Predicate = (icmp_ln34)> <Delay = 0.00>
ST_1 : Operation 290 [1/1] (0.00ns)   --->   "%write_ln0 = write void @_ssdm_op_Write.ap_auto.i8P0A, i8 %p_0_2_0_0_05_out, i8 %p_0_2_0_0_05_load"   --->   Operation 290 'write' 'write_ln0' <Predicate = (icmp_ln34)> <Delay = 0.00>
ST_1 : Operation 291 [1/1] (0.00ns)   --->   "%write_ln0 = write void @_ssdm_op_Write.ap_auto.i8P0A, i8 %p_0_1_0_0_03_out, i8 %p_0_1_0_0_03_load"   --->   Operation 291 'write' 'write_ln0' <Predicate = (icmp_ln34)> <Delay = 0.00>
ST_1 : Operation 292 [1/1] (0.00ns)   --->   "%write_ln0 = write void @_ssdm_op_Write.ap_auto.i8P0A, i8 %p_0_0_0_0_01_out, i8 %p_0_0_0_0_01_load"   --->   Operation 292 'write' 'write_ln0' <Predicate = (icmp_ln34)> <Delay = 0.00>
ST_1 : Operation 293 [1/1] (1.58ns)   --->   "%ret_ln0 = ret"   --->   Operation 293 'ret' 'ret_ln0' <Predicate = (icmp_ln34)> <Delay = 1.58>

State 2 <SV = 1> <Delay = 3.54>
ST_2 : Operation 81 [1/1] (0.00ns)   --->   "%specpipeline_ln34 = specpipeline void @_ssdm_op_SpecPipeline, i32 4294967295, i32 0, i32 0, i32 0, void @empty_1" [firmware/nnet_utils/nnet_dense_stream.h:34]   --->   Operation 81 'specpipeline' 'specpipeline_ln34' <Predicate = true> <Delay = 0.00>
ST_2 : Operation 82 [1/1] (0.00ns)   --->   "%speclooptripcount_ln34 = speclooptripcount void @_ssdm_op_SpecLoopTripCount, i64 8, i64 8, i64 8" [firmware/nnet_utils/nnet_dense_stream.h:34]   --->   Operation 82 'speclooptripcount' 'speclooptripcount_ln34' <Predicate = true> <Delay = 0.00>
ST_2 : Operation 83 [1/1] (0.00ns)   --->   "%specloopname_ln34 = specloopname void @_ssdm_op_SpecLoopName, void @empty_5" [firmware/nnet_utils/nnet_dense_stream.h:34]   --->   Operation 83 'specloopname' 'specloopname_ln34' <Predicate = true> <Delay = 0.00>
ST_2 : Operation 84 [1/1] ( I:3.54ns O:3.54ns )   --->   "%in_local_read = read i64 @_ssdm_op_Read.ap_fifo.volatile.i64P0A, i64 %in_local" [firmware/nnet_utils/nnet_dense_stream.h:38]   --->   Operation 84 'read' 'in_local_read' <Predicate = true> <Delay = 3.54> <CoreInst = "FIFO_SRL">   --->   Core 80 'FIFO_SRL' <Latency = 0> <II = 1> <Delay = 3.54> <Storage> <Opcode : 'read' 'write' 'nbread' 'nbwrite'> <Ports = 0> <Width = 64> <Depth = 8> <FIFO>
ST_2 : Operation 85 [1/1] (0.00ns)   --->   "%trunc_ln38 = trunc i64 %in_local_read" [firmware/nnet_utils/nnet_dense_stream.h:38]   --->   Operation 85 'trunc' 'trunc_ln38' <Predicate = true> <Delay = 0.00>
ST_2 : Operation 86 [1/1] (0.00ns)   --->   "%trunc_ln38_1 = partselect i8 @_ssdm_op_PartSelect.i8.i64.i32.i32, i64 %in_local_read, i32 8, i32 15" [firmware/nnet_utils/nnet_dense_stream.h:38]   --->   Operation 86 'partselect' 'trunc_ln38_1' <Predicate = true> <Delay = 0.00>
ST_2 : Operation 87 [1/1] (0.00ns)   --->   "%trunc_ln38_2 = partselect i8 @_ssdm_op_PartSelect.i8.i64.i32.i32, i64 %in_local_read, i32 16, i32 23" [firmware/nnet_utils/nnet_dense_stream.h:38]   --->   Operation 87 'partselect' 'trunc_ln38_2' <Predicate = true> <Delay = 0.00>
ST_2 : Operation 88 [1/1] (0.00ns)   --->   "%trunc_ln38_3 = partselect i8 @_ssdm_op_PartSelect.i8.i64.i32.i32, i64 %in_local_read, i32 24, i32 31" [firmware/nnet_utils/nnet_dense_stream.h:38]   --->   Operation 88 'partselect' 'trunc_ln38_3' <Predicate = true> <Delay = 0.00>
ST_2 : Operation 89 [1/1] (0.00ns)   --->   "%trunc_ln38_4 = partselect i8 @_ssdm_op_PartSelect.i8.i64.i32.i32, i64 %in_local_read, i32 32, i32 39" [firmware/nnet_utils/nnet_dense_stream.h:38]   --->   Operation 89 'partselect' 'trunc_ln38_4' <Predicate = true> <Delay = 0.00>
ST_2 : Operation 90 [1/1] (0.00ns)   --->   "%trunc_ln38_5 = partselect i8 @_ssdm_op_PartSelect.i8.i64.i32.i32, i64 %in_local_read, i32 40, i32 47" [firmware/nnet_utils/nnet_dense_stream.h:38]   --->   Operation 90 'partselect' 'trunc_ln38_5' <Predicate = true> <Delay = 0.00>
ST_2 : Operation 91 [1/1] (0.00ns)   --->   "%trunc_ln38_6 = partselect i8 @_ssdm_op_PartSelect.i8.i64.i32.i32, i64 %in_local_read, i32 48, i32 55" [firmware/nnet_utils/nnet_dense_stream.h:38]   --->   Operation 91 'partselect' 'trunc_ln38_6' <Predicate = true> <Delay = 0.00>
ST_2 : Operation 92 [1/1] (0.00ns)   --->   "%trunc_ln38_7 = partselect i8 @_ssdm_op_PartSelect.i8.i64.i32.i32, i64 %in_local_read, i32 56, i32 63" [firmware/nnet_utils/nnet_dense_stream.h:38]   --->   Operation 92 'partselect' 'trunc_ln38_7' <Predicate = true> <Delay = 0.00>
ST_2 : Operation 93 [1/1] (0.00ns)   --->   "%store_ln38 = store i8 %trunc_ln38_7, i8 %p_0_7_0_0_015" [firmware/nnet_utils/nnet_dense_stream.h:38]   --->   Operation 93 'store' 'store_ln38' <Predicate = (trunc_ln34 == 6)> <Delay = 0.00>
ST_2 : Operation 94 [1/1] (0.00ns)   --->   "%store_ln38 = store i8 %trunc_ln38_6, i8 %p_0_6_0_0_013" [firmware/nnet_utils/nnet_dense_stream.h:38]   --->   Operation 94 'store' 'store_ln38' <Predicate = (trunc_ln34 == 6)> <Delay = 0.00>
ST_2 : Operation 95 [1/1] (0.00ns)   --->   "%store_ln38 = store i8 %trunc_ln38_5, i8 %p_0_5_0_0_011" [firmware/nnet_utils/nnet_dense_stream.h:38]   --->   Operation 95 'store' 'store_ln38' <Predicate = (trunc_ln34 == 6)> <Delay = 0.00>
ST_2 : Operation 96 [1/1] (0.00ns)   --->   "%store_ln38 = store i8 %trunc_ln38_4, i8 %p_0_4_0_0_09" [firmware/nnet_utils/nnet_dense_stream.h:38]   --->   Operation 96 'store' 'store_ln38' <Predicate = (trunc_ln34 == 6)> <Delay = 0.00>
ST_2 : Operation 97 [1/1] (0.00ns)   --->   "%store_ln38 = store i8 %trunc_ln38_3, i8 %p_0_3_0_0_07" [firmware/nnet_utils/nnet_dense_stream.h:38]   --->   Operation 97 'store' 'store_ln38' <Predicate = (trunc_ln34 == 6)> <Delay = 0.00>
ST_2 : Operation 98 [1/1] (0.00ns)   --->   "%store_ln38 = store i8 %trunc_ln38_2, i8 %p_0_2_0_0_05" [firmware/nnet_utils/nnet_dense_stream.h:38]   --->   Operation 98 'store' 'store_ln38' <Predicate = (trunc_ln34 == 6)> <Delay = 0.00>
ST_2 : Operation 99 [1/1] (0.00ns)   --->   "%store_ln38 = store i8 %trunc_ln38_1, i8 %p_0_1_0_0_03" [firmware/nnet_utils/nnet_dense_stream.h:38]   --->   Operation 99 'store' 'store_ln38' <Predicate = (trunc_ln34 == 6)> <Delay = 0.00>
ST_2 : Operation 100 [1/1] (0.00ns)   --->   "%store_ln38 = store i8 %trunc_ln38, i8 %p_0_0_0_0_01" [firmware/nnet_utils/nnet_dense_stream.h:38]   --->   Operation 100 'store' 'store_ln38' <Predicate = (trunc_ln34 == 6)> <Delay = 0.00>
ST_2 : Operation 101 [1/1] (0.00ns)   --->   "%br_ln42 = br void %arrayidx.7.exit" [firmware/nnet_utils/nnet_dense_stream.h:42]   --->   Operation 101 'br' 'br_ln42' <Predicate = (trunc_ln34 == 6)> <Delay = 0.00>
ST_2 : Operation 102 [1/1] (0.00ns)   --->   "%store_ln38 = store i8 %trunc_ln38_7, i8 %p_0_7_0_0_031" [firmware/nnet_utils/nnet_dense_stream.h:38]   --->   Operation 102 'store' 'store_ln38' <Predicate = (trunc_ln34 == 5)> <Delay = 0.00>
ST_2 : Operation 103 [1/1] (0.00ns)   --->   "%store_ln38 = store i8 %trunc_ln38_6, i8 %p_0_6_0_0_029" [firmware/nnet_utils/nnet_dense_stream.h:38]   --->   Operation 103 'store' 'store_ln38' <Predicate = (trunc_ln34 == 5)> <Delay = 0.00>
ST_2 : Operation 104 [1/1] (0.00ns)   --->   "%store_ln38 = store i8 %trunc_ln38_5, i8 %p_0_5_0_0_027" [firmware/nnet_utils/nnet_dense_stream.h:38]   --->   Operation 104 'store' 'store_ln38' <Predicate = (trunc_ln34 == 5)> <Delay = 0.00>
ST_2 : Operation 105 [1/1] (0.00ns)   --->   "%store_ln38 = store i8 %trunc_ln38_4, i8 %p_0_4_0_0_025" [firmware/nnet_utils/nnet_dense_stream.h:38]   --->   Operation 105 'store' 'store_ln38' <Predicate = (trunc_ln34 == 5)> <Delay = 0.00>
ST_2 : Operation 106 [1/1] (0.00ns)   --->   "%store_ln38 = store i8 %trunc_ln38_3, i8 %p_0_3_0_0_023" [firmware/nnet_utils/nnet_dense_stream.h:38]   --->   Operation 106 'store' 'store_ln38' <Predicate = (trunc_ln34 == 5)> <Delay = 0.00>
ST_2 : Operation 107 [1/1] (0.00ns)   --->   "%store_ln38 = store i8 %trunc_ln38_2, i8 %p_0_2_0_0_021" [firmware/nnet_utils/nnet_dense_stream.h:38]   --->   Operation 107 'store' 'store_ln38' <Predicate = (trunc_ln34 == 5)> <Delay = 0.00>
ST_2 : Operation 108 [1/1] (0.00ns)   --->   "%store_ln38 = store i8 %trunc_ln38_1, i8 %p_0_1_0_0_019" [firmware/nnet_utils/nnet_dense_stream.h:38]   --->   Operation 108 'store' 'store_ln38' <Predicate = (trunc_ln34 == 5)> <Delay = 0.00>
ST_2 : Operation 109 [1/1] (0.00ns)   --->   "%store_ln38 = store i8 %trunc_ln38, i8 %p_0_0_0_0_017" [firmware/nnet_utils/nnet_dense_stream.h:38]   --->   Operation 109 'store' 'store_ln38' <Predicate = (trunc_ln34 == 5)> <Delay = 0.00>
ST_2 : Operation 110 [1/1] (0.00ns)   --->   "%br_ln42 = br void %arrayidx.7.exit" [firmware/nnet_utils/nnet_dense_stream.h:42]   --->   Operation 110 'br' 'br_ln42' <Predicate = (trunc_ln34 == 5)> <Delay = 0.00>
ST_2 : Operation 111 [1/1] (0.00ns)   --->   "%store_ln38 = store i8 %trunc_ln38_7, i8 %p_0_7_0_0_047" [firmware/nnet_utils/nnet_dense_stream.h:38]   --->   Operation 111 'store' 'store_ln38' <Predicate = (trunc_ln34 == 4)> <Delay = 0.00>
ST_2 : Operation 112 [1/1] (0.00ns)   --->   "%store_ln38 = store i8 %trunc_ln38_6, i8 %p_0_6_0_0_045" [firmware/nnet_utils/nnet_dense_stream.h:38]   --->   Operation 112 'store' 'store_ln38' <Predicate = (trunc_ln34 == 4)> <Delay = 0.00>
ST_2 : Operation 113 [1/1] (0.00ns)   --->   "%store_ln38 = store i8 %trunc_ln38_5, i8 %p_0_5_0_0_043" [firmware/nnet_utils/nnet_dense_stream.h:38]   --->   Operation 113 'store' 'store_ln38' <Predicate = (trunc_ln34 == 4)> <Delay = 0.00>
ST_2 : Operation 114 [1/1] (0.00ns)   --->   "%store_ln38 = store i8 %trunc_ln38_4, i8 %p_0_4_0_0_041" [firmware/nnet_utils/nnet_dense_stream.h:38]   --->   Operation 114 'store' 'store_ln38' <Predicate = (trunc_ln34 == 4)> <Delay = 0.00>
ST_2 : Operation 115 [1/1] (0.00ns)   --->   "%store_ln38 = store i8 %trunc_ln38_3, i8 %p_0_3_0_0_039" [firmware/nnet_utils/nnet_dense_stream.h:38]   --->   Operation 115 'store' 'store_ln38' <Predicate = (trunc_ln34 == 4)> <Delay = 0.00>
ST_2 : Operation 116 [1/1] (0.00ns)   --->   "%store_ln38 = store i8 %trunc_ln38_2, i8 %p_0_2_0_0_037" [firmware/nnet_utils/nnet_dense_stream.h:38]   --->   Operation 116 'store' 'store_ln38' <Predicate = (trunc_ln34 == 4)> <Delay = 0.00>
ST_2 : Operation 117 [1/1] (0.00ns)   --->   "%store_ln38 = store i8 %trunc_ln38_1, i8 %p_0_1_0_0_035" [firmware/nnet_utils/nnet_dense_stream.h:38]   --->   Operation 117 'store' 'store_ln38' <Predicate = (trunc_ln34 == 4)> <Delay = 0.00>
ST_2 : Operation 118 [1/1] (0.00ns)   --->   "%store_ln38 = store i8 %trunc_ln38, i8 %p_0_0_0_0_033" [firmware/nnet_utils/nnet_dense_stream.h:38]   --->   Operation 118 'store' 'store_ln38' <Predicate = (trunc_ln34 == 4)> <Delay = 0.00>
ST_2 : Operation 119 [1/1] (0.00ns)   --->   "%br_ln42 = br void %arrayidx.7.exit" [firmware/nnet_utils/nnet_dense_stream.h:42]   --->   Operation 119 'br' 'br_ln42' <Predicate = (trunc_ln34 == 4)> <Delay = 0.00>
ST_2 : Operation 120 [1/1] (0.00ns)   --->   "%store_ln38 = store i8 %trunc_ln38_7, i8 %p_0_7_0_0_063" [firmware/nnet_utils/nnet_dense_stream.h:38]   --->   Operation 120 'store' 'store_ln38' <Predicate = (trunc_ln34 == 3)> <Delay = 0.00>
ST_2 : Operation 121 [1/1] (0.00ns)   --->   "%store_ln38 = store i8 %trunc_ln38_6, i8 %p_0_6_0_0_061" [firmware/nnet_utils/nnet_dense_stream.h:38]   --->   Operation 121 'store' 'store_ln38' <Predicate = (trunc_ln34 == 3)> <Delay = 0.00>
ST_2 : Operation 122 [1/1] (0.00ns)   --->   "%store_ln38 = store i8 %trunc_ln38_5, i8 %p_0_5_0_0_059" [firmware/nnet_utils/nnet_dense_stream.h:38]   --->   Operation 122 'store' 'store_ln38' <Predicate = (trunc_ln34 == 3)> <Delay = 0.00>
ST_2 : Operation 123 [1/1] (0.00ns)   --->   "%store_ln38 = store i8 %trunc_ln38_4, i8 %p_0_4_0_0_057" [firmware/nnet_utils/nnet_dense_stream.h:38]   --->   Operation 123 'store' 'store_ln38' <Predicate = (trunc_ln34 == 3)> <Delay = 0.00>
ST_2 : Operation 124 [1/1] (0.00ns)   --->   "%store_ln38 = store i8 %trunc_ln38_3, i8 %p_0_3_0_0_055" [firmware/nnet_utils/nnet_dense_stream.h:38]   --->   Operation 124 'store' 'store_ln38' <Predicate = (trunc_ln34 == 3)> <Delay = 0.00>
ST_2 : Operation 125 [1/1] (0.00ns)   --->   "%store_ln38 = store i8 %trunc_ln38_2, i8 %p_0_2_0_0_053" [firmware/nnet_utils/nnet_dense_stream.h:38]   --->   Operation 125 'store' 'store_ln38' <Predicate = (trunc_ln34 == 3)> <Delay = 0.00>
ST_2 : Operation 126 [1/1] (0.00ns)   --->   "%store_ln38 = store i8 %trunc_ln38_1, i8 %p_0_1_0_0_051" [firmware/nnet_utils/nnet_dense_stream.h:38]   --->   Operation 126 'store' 'store_ln38' <Predicate = (trunc_ln34 == 3)> <Delay = 0.00>
ST_2 : Operation 127 [1/1] (0.00ns)   --->   "%store_ln38 = store i8 %trunc_ln38, i8 %p_0_0_0_0_049" [firmware/nnet_utils/nnet_dense_stream.h:38]   --->   Operation 127 'store' 'store_ln38' <Predicate = (trunc_ln34 == 3)> <Delay = 0.00>
ST_2 : Operation 128 [1/1] (0.00ns)   --->   "%br_ln42 = br void %arrayidx.7.exit" [firmware/nnet_utils/nnet_dense_stream.h:42]   --->   Operation 128 'br' 'br_ln42' <Predicate = (trunc_ln34 == 3)> <Delay = 0.00>
ST_2 : Operation 129 [1/1] (0.00ns)   --->   "%store_ln38 = store i8 %trunc_ln38_7, i8 %p_0_7_0_0_079" [firmware/nnet_utils/nnet_dense_stream.h:38]   --->   Operation 129 'store' 'store_ln38' <Predicate = (trunc_ln34 == 2)> <Delay = 0.00>
ST_2 : Operation 130 [1/1] (0.00ns)   --->   "%store_ln38 = store i8 %trunc_ln38_6, i8 %p_0_6_0_0_077" [firmware/nnet_utils/nnet_dense_stream.h:38]   --->   Operation 130 'store' 'store_ln38' <Predicate = (trunc_ln34 == 2)> <Delay = 0.00>
ST_2 : Operation 131 [1/1] (0.00ns)   --->   "%store_ln38 = store i8 %trunc_ln38_5, i8 %p_0_5_0_0_075" [firmware/nnet_utils/nnet_dense_stream.h:38]   --->   Operation 131 'store' 'store_ln38' <Predicate = (trunc_ln34 == 2)> <Delay = 0.00>
ST_2 : Operation 132 [1/1] (0.00ns)   --->   "%store_ln38 = store i8 %trunc_ln38_4, i8 %p_0_4_0_0_073" [firmware/nnet_utils/nnet_dense_stream.h:38]   --->   Operation 132 'store' 'store_ln38' <Predicate = (trunc_ln34 == 2)> <Delay = 0.00>
ST_2 : Operation 133 [1/1] (0.00ns)   --->   "%store_ln38 = store i8 %trunc_ln38_3, i8 %p_0_3_0_0_071" [firmware/nnet_utils/nnet_dense_stream.h:38]   --->   Operation 133 'store' 'store_ln38' <Predicate = (trunc_ln34 == 2)> <Delay = 0.00>
ST_2 : Operation 134 [1/1] (0.00ns)   --->   "%store_ln38 = store i8 %trunc_ln38_2, i8 %p_0_2_0_0_069" [firmware/nnet_utils/nnet_dense_stream.h:38]   --->   Operation 134 'store' 'store_ln38' <Predicate = (trunc_ln34 == 2)> <Delay = 0.00>
ST_2 : Operation 135 [1/1] (0.00ns)   --->   "%store_ln38 = store i8 %trunc_ln38_1, i8 %p_0_1_0_0_067" [firmware/nnet_utils/nnet_dense_stream.h:38]   --->   Operation 135 'store' 'store_ln38' <Predicate = (trunc_ln34 == 2)> <Delay = 0.00>
ST_2 : Operation 136 [1/1] (0.00ns)   --->   "%store_ln38 = store i8 %trunc_ln38, i8 %p_0_0_0_0_065" [firmware/nnet_utils/nnet_dense_stream.h:38]   --->   Operation 136 'store' 'store_ln38' <Predicate = (trunc_ln34 == 2)> <Delay = 0.00>
ST_2 : Operation 137 [1/1] (0.00ns)   --->   "%br_ln42 = br void %arrayidx.7.exit" [firmware/nnet_utils/nnet_dense_stream.h:42]   --->   Operation 137 'br' 'br_ln42' <Predicate = (trunc_ln34 == 2)> <Delay = 0.00>
ST_2 : Operation 138 [1/1] (0.00ns)   --->   "%store_ln38 = store i8 %trunc_ln38_7, i8 %p_0_7_0_0_095" [firmware/nnet_utils/nnet_dense_stream.h:38]   --->   Operation 138 'store' 'store_ln38' <Predicate = (trunc_ln34 == 1)> <Delay = 0.00>
ST_2 : Operation 139 [1/1] (0.00ns)   --->   "%store_ln38 = store i8 %trunc_ln38_6, i8 %p_0_6_0_0_093" [firmware/nnet_utils/nnet_dense_stream.h:38]   --->   Operation 139 'store' 'store_ln38' <Predicate = (trunc_ln34 == 1)> <Delay = 0.00>
ST_2 : Operation 140 [1/1] (0.00ns)   --->   "%store_ln38 = store i8 %trunc_ln38_5, i8 %p_0_5_0_0_091" [firmware/nnet_utils/nnet_dense_stream.h:38]   --->   Operation 140 'store' 'store_ln38' <Predicate = (trunc_ln34 == 1)> <Delay = 0.00>
ST_2 : Operation 141 [1/1] (0.00ns)   --->   "%store_ln38 = store i8 %trunc_ln38_4, i8 %p_0_4_0_0_089" [firmware/nnet_utils/nnet_dense_stream.h:38]   --->   Operation 141 'store' 'store_ln38' <Predicate = (trunc_ln34 == 1)> <Delay = 0.00>
ST_2 : Operation 142 [1/1] (0.00ns)   --->   "%store_ln38 = store i8 %trunc_ln38_3, i8 %p_0_3_0_0_087" [firmware/nnet_utils/nnet_dense_stream.h:38]   --->   Operation 142 'store' 'store_ln38' <Predicate = (trunc_ln34 == 1)> <Delay = 0.00>
ST_2 : Operation 143 [1/1] (0.00ns)   --->   "%store_ln38 = store i8 %trunc_ln38_2, i8 %p_0_2_0_0_085" [firmware/nnet_utils/nnet_dense_stream.h:38]   --->   Operation 143 'store' 'store_ln38' <Predicate = (trunc_ln34 == 1)> <Delay = 0.00>
ST_2 : Operation 144 [1/1] (0.00ns)   --->   "%store_ln38 = store i8 %trunc_ln38_1, i8 %p_0_1_0_0_083" [firmware/nnet_utils/nnet_dense_stream.h:38]   --->   Operation 144 'store' 'store_ln38' <Predicate = (trunc_ln34 == 1)> <Delay = 0.00>
ST_2 : Operation 145 [1/1] (0.00ns)   --->   "%store_ln38 = store i8 %trunc_ln38, i8 %p_0_0_0_0_081" [firmware/nnet_utils/nnet_dense_stream.h:38]   --->   Operation 145 'store' 'store_ln38' <Predicate = (trunc_ln34 == 1)> <Delay = 0.00>
ST_2 : Operation 146 [1/1] (0.00ns)   --->   "%br_ln42 = br void %arrayidx.7.exit" [firmware/nnet_utils/nnet_dense_stream.h:42]   --->   Operation 146 'br' 'br_ln42' <Predicate = (trunc_ln34 == 1)> <Delay = 0.00>
ST_2 : Operation 147 [1/1] (0.00ns)   --->   "%store_ln38 = store i8 %trunc_ln38_7, i8 %p_0_7_0_0_0111" [firmware/nnet_utils/nnet_dense_stream.h:38]   --->   Operation 147 'store' 'store_ln38' <Predicate = (trunc_ln34 == 0)> <Delay = 0.00>
ST_2 : Operation 148 [1/1] (0.00ns)   --->   "%store_ln38 = store i8 %trunc_ln38_6, i8 %p_0_6_0_0_0109" [firmware/nnet_utils/nnet_dense_stream.h:38]   --->   Operation 148 'store' 'store_ln38' <Predicate = (trunc_ln34 == 0)> <Delay = 0.00>
ST_2 : Operation 149 [1/1] (0.00ns)   --->   "%store_ln38 = store i8 %trunc_ln38_5, i8 %p_0_5_0_0_0107" [firmware/nnet_utils/nnet_dense_stream.h:38]   --->   Operation 149 'store' 'store_ln38' <Predicate = (trunc_ln34 == 0)> <Delay = 0.00>
ST_2 : Operation 150 [1/1] (0.00ns)   --->   "%store_ln38 = store i8 %trunc_ln38_4, i8 %p_0_4_0_0_0105" [firmware/nnet_utils/nnet_dense_stream.h:38]   --->   Operation 150 'store' 'store_ln38' <Predicate = (trunc_ln34 == 0)> <Delay = 0.00>
ST_2 : Operation 151 [1/1] (0.00ns)   --->   "%store_ln38 = store i8 %trunc_ln38_3, i8 %p_0_3_0_0_0103" [firmware/nnet_utils/nnet_dense_stream.h:38]   --->   Operation 151 'store' 'store_ln38' <Predicate = (trunc_ln34 == 0)> <Delay = 0.00>
ST_2 : Operation 152 [1/1] (0.00ns)   --->   "%store_ln38 = store i8 %trunc_ln38_2, i8 %p_0_2_0_0_0101" [firmware/nnet_utils/nnet_dense_stream.h:38]   --->   Operation 152 'store' 'store_ln38' <Predicate = (trunc_ln34 == 0)> <Delay = 0.00>
ST_2 : Operation 153 [1/1] (0.00ns)   --->   "%store_ln38 = store i8 %trunc_ln38_1, i8 %p_0_1_0_0_099" [firmware/nnet_utils/nnet_dense_stream.h:38]   --->   Operation 153 'store' 'store_ln38' <Predicate = (trunc_ln34 == 0)> <Delay = 0.00>
ST_2 : Operation 154 [1/1] (0.00ns)   --->   "%store_ln38 = store i8 %trunc_ln38, i8 %p_0_0_0_0_097" [firmware/nnet_utils/nnet_dense_stream.h:38]   --->   Operation 154 'store' 'store_ln38' <Predicate = (trunc_ln34 == 0)> <Delay = 0.00>
ST_2 : Operation 155 [1/1] (0.00ns)   --->   "%br_ln42 = br void %arrayidx.7.exit" [firmware/nnet_utils/nnet_dense_stream.h:42]   --->   Operation 155 'br' 'br_ln42' <Predicate = (trunc_ln34 == 0)> <Delay = 0.00>
ST_2 : Operation 156 [1/1] (0.00ns)   --->   "%store_ln38 = store i8 %trunc_ln38_7, i8 %p_0_7_0_0_0127" [firmware/nnet_utils/nnet_dense_stream.h:38]   --->   Operation 156 'store' 'store_ln38' <Predicate = (trunc_ln34 == 7)> <Delay = 0.00>
ST_2 : Operation 157 [1/1] (0.00ns)   --->   "%store_ln38 = store i8 %trunc_ln38_6, i8 %p_0_6_0_0_0125" [firmware/nnet_utils/nnet_dense_stream.h:38]   --->   Operation 157 'store' 'store_ln38' <Predicate = (trunc_ln34 == 7)> <Delay = 0.00>
ST_2 : Operation 158 [1/1] (0.00ns)   --->   "%store_ln38 = store i8 %trunc_ln38_5, i8 %p_0_5_0_0_0123" [firmware/nnet_utils/nnet_dense_stream.h:38]   --->   Operation 158 'store' 'store_ln38' <Predicate = (trunc_ln34 == 7)> <Delay = 0.00>
ST_2 : Operation 159 [1/1] (0.00ns)   --->   "%store_ln38 = store i8 %trunc_ln38_4, i8 %p_0_4_0_0_0121" [firmware/nnet_utils/nnet_dense_stream.h:38]   --->   Operation 159 'store' 'store_ln38' <Predicate = (trunc_ln34 == 7)> <Delay = 0.00>
ST_2 : Operation 160 [1/1] (0.00ns)   --->   "%store_ln38 = store i8 %trunc_ln38_3, i8 %p_0_3_0_0_0119" [firmware/nnet_utils/nnet_dense_stream.h:38]   --->   Operation 160 'store' 'store_ln38' <Predicate = (trunc_ln34 == 7)> <Delay = 0.00>
ST_2 : Operation 161 [1/1] (0.00ns)   --->   "%store_ln38 = store i8 %trunc_ln38_2, i8 %p_0_2_0_0_0117" [firmware/nnet_utils/nnet_dense_stream.h:38]   --->   Operation 161 'store' 'store_ln38' <Predicate = (trunc_ln34 == 7)> <Delay = 0.00>
ST_2 : Operation 162 [1/1] (0.00ns)   --->   "%store_ln38 = store i8 %trunc_ln38_1, i8 %p_0_1_0_0_0115" [firmware/nnet_utils/nnet_dense_stream.h:38]   --->   Operation 162 'store' 'store_ln38' <Predicate = (trunc_ln34 == 7)> <Delay = 0.00>
ST_2 : Operation 163 [1/1] (0.00ns)   --->   "%store_ln38 = store i8 %trunc_ln38, i8 %p_0_0_0_0_0113" [firmware/nnet_utils/nnet_dense_stream.h:38]   --->   Operation 163 'store' 'store_ln38' <Predicate = (trunc_ln34 == 7)> <Delay = 0.00>
ST_2 : Operation 164 [1/1] (0.00ns)   --->   "%br_ln42 = br void %arrayidx.7.exit" [firmware/nnet_utils/nnet_dense_stream.h:42]   --->   Operation 164 'br' 'br_ln42' <Predicate = (trunc_ln34 == 7)> <Delay = 0.00>


============================================================
+ Verbose Summary: Timing violations
============================================================
Target clock period: 20.000ns, clock uncertainty: 2.500ns.

 <State 1>: 4.911ns
The critical path consists of the following:
	'store' operation 0 bit ('store_ln34', firmware/nnet_utils/nnet_dense_stream.h:34) of constant 0 on local variable 'i_in', firmware/nnet_utils/nnet_dense_stream.h:34 [132]  (1.588 ns)
	'load' operation 4 bit ('i_in', firmware/nnet_utils/nnet_dense_stream.h:34) on local variable 'i_in', firmware/nnet_utils/nnet_dense_stream.h:34 [135]  (0.000 ns)
	'icmp' operation 1 bit ('icmp_ln34', firmware/nnet_utils/nnet_dense_stream.h:34) [136]  (1.735 ns)
	'store' operation 0 bit ('store_ln34', firmware/nnet_utils/nnet_dense_stream.h:34) of variable 'add_ln34', firmware/nnet_utils/nnet_dense_stream.h:34 on local variable 'i_in', firmware/nnet_utils/nnet_dense_stream.h:34 [235]  (1.588 ns)

 <State 2>: 3.549ns
The critical path consists of the following:
	fifo read operation ('in_local_read', firmware/nnet_utils/nnet_dense_stream.h:38) on port 'in_local' (firmware/nnet_utils/nnet_dense_stream.h:38) [144]  (3.549 ns)
	'store' operation 0 bit ('store_ln38', firmware/nnet_utils/nnet_dense_stream.h:38) of variable 'trunc_ln38_7', firmware/nnet_utils/nnet_dense_stream.h:38 on local variable 'p_0_7_0_0_0127' [225]  (0.000 ns)


============================================================
+ Verbose Summary: Binding
============================================================
N/A
* FSMD analyzer results:
  - Output states:
 - Input state : 
  - Chain level:
	State 1
	State 2


============================================================
+ Verbose Summary: Datapath Resource usage 
============================================================
N/A
