

================================================================
== Vitis HLS Report for 'dense_array_ap_fixed_32u_array_ap_fixed_18_14_5_3_0_32u_config5_s'
================================================================
* Date:           Sun May 17 14:56:08 2026

* Version:        2025.1 (Build 6135595 on May 21 2025)
* Project:        wedrowiec_hls_prj
* Solution:       solution1 (Vivado IP Flow Target)
* Product family: zynq
* Target device:  xc7z020-clg400-1


================================================================
== Performance Estimates
================================================================
+ Timing: 
    * Summary: 
    +--------+----------+-----------+------------+
    |  Clock |  Target  | Estimated | Uncertainty|
    +--------+----------+-----------+------------+
    |ap_clk  |  20.00 ns|  13.111 ns|     5.40 ns|
    +--------+----------+-----------+------------+

+ Latency: 
    * Summary: 
    +---------+---------+----------+----------+-----+-----+---------+
    |  Latency (cycles) |  Latency (absolute) |  Interval | Pipeline|
    |   min   |   max   |    min   |    max   | min | max |   Type  |
    +---------+---------+----------+----------+-----+-----+---------+
    |        5|        5|  0.100 us|  0.100 us|    5|    5|       no|
    +---------+---------+----------+----------+-----+-----+---------+

    + Detail: 
        * Instance: 
        N/A

        * Loop: 
        N/A

============================================================
+ Verbose Summary: Synthesis Manager
============================================================
InlineROM: 1
ExposeGlobal: 0
============================================================
+ Verbose Summary: CDFG Model
============================================================
IsTopModel: 0
ResetActiveHigh: 1
IsCombinational: 2
IsDatapathOnly: 0
HasWiredReturn: 1
HasMFsm: 0
HasVarLatency: 1
IsPipeline: 0
IsRtlPipelined: 0
IsInstanceOverlapped: 0
IsDontTouch: 0
HasImplIP: 0
IsGatedGlobalClock: 0


============================================================
+ Verbose Summary: Schedule
============================================================
* Number of FSM states : 4
* Pipeline : 0
* Dataflow Pipeline: 0

* FSM state transitions: 
1 --> 2 
2 --> 3 
3 --> 4 
4 --> 

* FSM state operations: 

State 1 <SV = 0> <Delay = 3.63>
ST_1 : Operation 5 [1/1] ( I:3.63ns O:3.63ns )   --->   "%layer4_out_read = read i192 @_ssdm_op_Read.ap_fifo.volatile.i192P0A, i192 %layer4_out" [firmware/nnet_utils/nnet_dense_stream.h:43->firmware/nnet_utils/nnet_dense_stream.h:93]   --->   Operation 5 'read' 'layer4_out_read' <Predicate = true> <Delay = 3.63> <CoreInst = "FIFO_SRL">   --->   Core 80 'FIFO_SRL' <Latency = 0> <II = 1> <Delay = 3.63> <Storage> <Opcode : 'read' 'write' 'nbread' 'nbwrite'> <Ports = 0> <Width = 192> <Depth = 1> <FIFO>
ST_1 : Operation 6 [1/1] (0.00ns)   --->   "%data = trunc i192 %layer4_out_read" [firmware/nnet_utils/nnet_dense_stream.h:43->firmware/nnet_utils/nnet_dense_stream.h:93]   --->   Operation 6 'trunc' 'data' <Predicate = true> <Delay = 0.00>
ST_1 : Operation 7 [1/1] (0.00ns)   --->   "%data_31 = partselect i6 @_ssdm_op_PartSelect.i6.i192.i32.i32, i192 %layer4_out_read, i32 6, i32 11" [firmware/nnet_utils/nnet_dense_stream.h:43->firmware/nnet_utils/nnet_dense_stream.h:93]   --->   Operation 7 'partselect' 'data_31' <Predicate = true> <Delay = 0.00>
ST_1 : Operation 8 [1/1] (0.00ns)   --->   "%data_1 = partselect i6 @_ssdm_op_PartSelect.i6.i192.i32.i32, i192 %layer4_out_read, i32 12, i32 17" [firmware/nnet_utils/nnet_dense_stream.h:43->firmware/nnet_utils/nnet_dense_stream.h:93]   --->   Operation 8 'partselect' 'data_1' <Predicate = true> <Delay = 0.00>
ST_1 : Operation 9 [1/1] (0.00ns)   --->   "%data_2 = partselect i6 @_ssdm_op_PartSelect.i6.i192.i32.i32, i192 %layer4_out_read, i32 18, i32 23" [firmware/nnet_utils/nnet_dense_stream.h:43->firmware/nnet_utils/nnet_dense_stream.h:93]   --->   Operation 9 'partselect' 'data_2' <Predicate = true> <Delay = 0.00>
ST_1 : Operation 10 [1/1] (0.00ns)   --->   "%data_3 = partselect i6 @_ssdm_op_PartSelect.i6.i192.i32.i32, i192 %layer4_out_read, i32 24, i32 29" [firmware/nnet_utils/nnet_dense_stream.h:43->firmware/nnet_utils/nnet_dense_stream.h:93]   --->   Operation 10 'partselect' 'data_3' <Predicate = true> <Delay = 0.00>
ST_1 : Operation 11 [1/1] (0.00ns)   --->   "%data_4 = partselect i6 @_ssdm_op_PartSelect.i6.i192.i32.i32, i192 %layer4_out_read, i32 30, i32 35" [firmware/nnet_utils/nnet_dense_stream.h:43->firmware/nnet_utils/nnet_dense_stream.h:93]   --->   Operation 11 'partselect' 'data_4' <Predicate = true> <Delay = 0.00>
ST_1 : Operation 12 [1/1] (0.00ns)   --->   "%data_5 = partselect i6 @_ssdm_op_PartSelect.i6.i192.i32.i32, i192 %layer4_out_read, i32 36, i32 41" [firmware/nnet_utils/nnet_dense_stream.h:43->firmware/nnet_utils/nnet_dense_stream.h:93]   --->   Operation 12 'partselect' 'data_5' <Predicate = true> <Delay = 0.00>
ST_1 : Operation 13 [1/1] (0.00ns)   --->   "%data_6 = partselect i6 @_ssdm_op_PartSelect.i6.i192.i32.i32, i192 %layer4_out_read, i32 42, i32 47" [firmware/nnet_utils/nnet_dense_stream.h:43->firmware/nnet_utils/nnet_dense_stream.h:93]   --->   Operation 13 'partselect' 'data_6' <Predicate = true> <Delay = 0.00>
ST_1 : Operation 14 [1/1] (0.00ns)   --->   "%data_7 = partselect i6 @_ssdm_op_PartSelect.i6.i192.i32.i32, i192 %layer4_out_read, i32 48, i32 53" [firmware/nnet_utils/nnet_dense_stream.h:43->firmware/nnet_utils/nnet_dense_stream.h:93]   --->   Operation 14 'partselect' 'data_7' <Predicate = true> <Delay = 0.00>
ST_1 : Operation 15 [1/1] (0.00ns)   --->   "%data_8 = partselect i6 @_ssdm_op_PartSelect.i6.i192.i32.i32, i192 %layer4_out_read, i32 54, i32 59" [firmware/nnet_utils/nnet_dense_stream.h:43->firmware/nnet_utils/nnet_dense_stream.h:93]   --->   Operation 15 'partselect' 'data_8' <Predicate = true> <Delay = 0.00>
ST_1 : Operation 16 [1/1] (0.00ns)   --->   "%data_9 = partselect i6 @_ssdm_op_PartSelect.i6.i192.i32.i32, i192 %layer4_out_read, i32 60, i32 65" [firmware/nnet_utils/nnet_dense_stream.h:43->firmware/nnet_utils/nnet_dense_stream.h:93]   --->   Operation 16 'partselect' 'data_9' <Predicate = true> <Delay = 0.00>
ST_1 : Operation 17 [1/1] (0.00ns)   --->   "%data_10 = partselect i6 @_ssdm_op_PartSelect.i6.i192.i32.i32, i192 %layer4_out_read, i32 66, i32 71" [firmware/nnet_utils/nnet_dense_stream.h:43->firmware/nnet_utils/nnet_dense_stream.h:93]   --->   Operation 17 'partselect' 'data_10' <Predicate = true> <Delay = 0.00>
ST_1 : Operation 18 [1/1] (0.00ns)   --->   "%data_11 = partselect i6 @_ssdm_op_PartSelect.i6.i192.i32.i32, i192 %layer4_out_read, i32 72, i32 77" [firmware/nnet_utils/nnet_dense_stream.h:43->firmware/nnet_utils/nnet_dense_stream.h:93]   --->   Operation 18 'partselect' 'data_11' <Predicate = true> <Delay = 0.00>
ST_1 : Operation 19 [1/1] (0.00ns)   --->   "%data_12 = partselect i6 @_ssdm_op_PartSelect.i6.i192.i32.i32, i192 %layer4_out_read, i32 78, i32 83" [firmware/nnet_utils/nnet_dense_stream.h:43->firmware/nnet_utils/nnet_dense_stream.h:93]   --->   Operation 19 'partselect' 'data_12' <Predicate = true> <Delay = 0.00>
ST_1 : Operation 20 [1/1] (0.00ns)   --->   "%data_13 = partselect i6 @_ssdm_op_PartSelect.i6.i192.i32.i32, i192 %layer4_out_read, i32 84, i32 89" [firmware/nnet_utils/nnet_dense_stream.h:43->firmware/nnet_utils/nnet_dense_stream.h:93]   --->   Operation 20 'partselect' 'data_13' <Predicate = true> <Delay = 0.00>
ST_1 : Operation 21 [1/1] (0.00ns)   --->   "%data_14 = partselect i6 @_ssdm_op_PartSelect.i6.i192.i32.i32, i192 %layer4_out_read, i32 90, i32 95" [firmware/nnet_utils/nnet_dense_stream.h:43->firmware/nnet_utils/nnet_dense_stream.h:93]   --->   Operation 21 'partselect' 'data_14' <Predicate = true> <Delay = 0.00>
ST_1 : Operation 22 [1/1] (0.00ns)   --->   "%data_15 = partselect i6 @_ssdm_op_PartSelect.i6.i192.i32.i32, i192 %layer4_out_read, i32 96, i32 101" [firmware/nnet_utils/nnet_dense_stream.h:43->firmware/nnet_utils/nnet_dense_stream.h:93]   --->   Operation 22 'partselect' 'data_15' <Predicate = true> <Delay = 0.00>
ST_1 : Operation 23 [1/1] (0.00ns)   --->   "%data_16 = partselect i6 @_ssdm_op_PartSelect.i6.i192.i32.i32, i192 %layer4_out_read, i32 102, i32 107" [firmware/nnet_utils/nnet_dense_stream.h:43->firmware/nnet_utils/nnet_dense_stream.h:93]   --->   Operation 23 'partselect' 'data_16' <Predicate = true> <Delay = 0.00>
ST_1 : Operation 24 [1/1] (0.00ns)   --->   "%data_17 = partselect i6 @_ssdm_op_PartSelect.i6.i192.i32.i32, i192 %layer4_out_read, i32 108, i32 113" [firmware/nnet_utils/nnet_dense_stream.h:43->firmware/nnet_utils/nnet_dense_stream.h:93]   --->   Operation 24 'partselect' 'data_17' <Predicate = true> <Delay = 0.00>
ST_1 : Operation 25 [1/1] (0.00ns)   --->   "%data_18 = partselect i6 @_ssdm_op_PartSelect.i6.i192.i32.i32, i192 %layer4_out_read, i32 114, i32 119" [firmware/nnet_utils/nnet_dense_stream.h:43->firmware/nnet_utils/nnet_dense_stream.h:93]   --->   Operation 25 'partselect' 'data_18' <Predicate = true> <Delay = 0.00>
ST_1 : Operation 26 [1/1] (0.00ns)   --->   "%data_19 = partselect i6 @_ssdm_op_PartSelect.i6.i192.i32.i32, i192 %layer4_out_read, i32 120, i32 125" [firmware/nnet_utils/nnet_dense_stream.h:43->firmware/nnet_utils/nnet_dense_stream.h:93]   --->   Operation 26 'partselect' 'data_19' <Predicate = true> <Delay = 0.00>
ST_1 : Operation 27 [1/1] (0.00ns)   --->   "%data_20 = partselect i6 @_ssdm_op_PartSelect.i6.i192.i32.i32, i192 %layer4_out_read, i32 126, i32 131" [firmware/nnet_utils/nnet_dense_stream.h:43->firmware/nnet_utils/nnet_dense_stream.h:93]   --->   Operation 27 'partselect' 'data_20' <Predicate = true> <Delay = 0.00>
ST_1 : Operation 28 [1/1] (0.00ns)   --->   "%data_21 = partselect i6 @_ssdm_op_PartSelect.i6.i192.i32.i32, i192 %layer4_out_read, i32 132, i32 137" [firmware/nnet_utils/nnet_dense_stream.h:43->firmware/nnet_utils/nnet_dense_stream.h:93]   --->   Operation 28 'partselect' 'data_21' <Predicate = true> <Delay = 0.00>
ST_1 : Operation 29 [1/1] (0.00ns)   --->   "%data_22 = partselect i6 @_ssdm_op_PartSelect.i6.i192.i32.i32, i192 %layer4_out_read, i32 138, i32 143" [firmware/nnet_utils/nnet_dense_stream.h:43->firmware/nnet_utils/nnet_dense_stream.h:93]   --->   Operation 29 'partselect' 'data_22' <Predicate = true> <Delay = 0.00>
ST_1 : Operation 30 [1/1] (0.00ns)   --->   "%data_23 = partselect i6 @_ssdm_op_PartSelect.i6.i192.i32.i32, i192 %layer4_out_read, i32 144, i32 149" [firmware/nnet_utils/nnet_dense_stream.h:43->firmware/nnet_utils/nnet_dense_stream.h:93]   --->   Operation 30 'partselect' 'data_23' <Predicate = true> <Delay = 0.00>
ST_1 : Operation 31 [1/1] (0.00ns)   --->   "%data_24 = partselect i6 @_ssdm_op_PartSelect.i6.i192.i32.i32, i192 %layer4_out_read, i32 150, i32 155" [firmware/nnet_utils/nnet_dense_stream.h:43->firmware/nnet_utils/nnet_dense_stream.h:93]   --->   Operation 31 'partselect' 'data_24' <Predicate = true> <Delay = 0.00>
ST_1 : Operation 32 [1/1] (0.00ns)   --->   "%data_25 = partselect i6 @_ssdm_op_PartSelect.i6.i192.i32.i32, i192 %layer4_out_read, i32 156, i32 161" [firmware/nnet_utils/nnet_dense_stream.h:43->firmware/nnet_utils/nnet_dense_stream.h:93]   --->   Operation 32 'partselect' 'data_25' <Predicate = true> <Delay = 0.00>
ST_1 : Operation 33 [1/1] (0.00ns)   --->   "%data_26 = partselect i6 @_ssdm_op_PartSelect.i6.i192.i32.i32, i192 %layer4_out_read, i32 162, i32 167" [firmware/nnet_utils/nnet_dense_stream.h:43->firmware/nnet_utils/nnet_dense_stream.h:93]   --->   Operation 33 'partselect' 'data_26' <Predicate = true> <Delay = 0.00>
ST_1 : Operation 34 [1/1] (0.00ns)   --->   "%data_27 = partselect i6 @_ssdm_op_PartSelect.i6.i192.i32.i32, i192 %layer4_out_read, i32 168, i32 173" [firmware/nnet_utils/nnet_dense_stream.h:43->firmware/nnet_utils/nnet_dense_stream.h:93]   --->   Operation 34 'partselect' 'data_27' <Predicate = true> <Delay = 0.00>
ST_1 : Operation 35 [1/1] (0.00ns)   --->   "%data_28 = partselect i6 @_ssdm_op_PartSelect.i6.i192.i32.i32, i192 %layer4_out_read, i32 174, i32 179" [firmware/nnet_utils/nnet_dense_stream.h:43->firmware/nnet_utils/nnet_dense_stream.h:93]   --->   Operation 35 'partselect' 'data_28' <Predicate = true> <Delay = 0.00>
ST_1 : Operation 36 [1/1] (0.00ns)   --->   "%data_29 = partselect i6 @_ssdm_op_PartSelect.i6.i192.i32.i32, i192 %layer4_out_read, i32 180, i32 185" [firmware/nnet_utils/nnet_dense_stream.h:43->firmware/nnet_utils/nnet_dense_stream.h:93]   --->   Operation 36 'partselect' 'data_29' <Predicate = true> <Delay = 0.00>
ST_1 : Operation 37 [1/1] (0.00ns)   --->   "%data_30 = partselect i6 @_ssdm_op_PartSelect.i6.i192.i32.i32, i192 %layer4_out_read, i32 186, i32 191" [firmware/nnet_utils/nnet_dense_stream.h:43->firmware/nnet_utils/nnet_dense_stream.h:93]   --->   Operation 37 'partselect' 'data_30' <Predicate = true> <Delay = 0.00>

State 2 <SV = 1> <Delay = 13.0>
ST_2 : Operation 38 [2/2] (13.0ns)   --->   "%call_ret = call i576 @dense_latency_wrapper<ap_fixed,ap_fixed<18,14,5,3,0>,config5>, i6 %data, i6 %data_31, i6 %data_1, i6 %data_2, i6 %data_3, i6 %data_4, i6 %data_5, i6 %data_6, i6 %data_7, i6 %data_8, i6 %data_9, i6 %data_10, i6 %data_11, i6 %data_12, i6 %data_13, i6 %data_14, i6 %data_15, i6 %data_16, i6 %data_17, i6 %data_18, i6 %data_19, i6 %data_20, i6 %data_21, i6 %data_22, i6 %data_23, i6 %data_24, i6 %data_25, i6 %data_26, i6 %data_27, i6 %data_28, i6 %data_29, i6 %data_30" [firmware/nnet_utils/nnet_dense_stream.h:95]   --->   Operation 38 'call' 'call_ret' <Predicate = true> <Delay = 13.0> <CoreType = "Generic">   --->   Generic Core

State 3 <SV = 2> <Delay = 13.1>
ST_3 : Operation 39 [1/2] (13.1ns)   --->   "%call_ret = call i576 @dense_latency_wrapper<ap_fixed,ap_fixed<18,14,5,3,0>,config5>, i6 %data, i6 %data_31, i6 %data_1, i6 %data_2, i6 %data_3, i6 %data_4, i6 %data_5, i6 %data_6, i6 %data_7, i6 %data_8, i6 %data_9, i6 %data_10, i6 %data_11, i6 %data_12, i6 %data_13, i6 %data_14, i6 %data_15, i6 %data_16, i6 %data_17, i6 %data_18, i6 %data_19, i6 %data_20, i6 %data_21, i6 %data_22, i6 %data_23, i6 %data_24, i6 %data_25, i6 %data_26, i6 %data_27, i6 %data_28, i6 %data_29, i6 %data_30" [firmware/nnet_utils/nnet_dense_stream.h:95]   --->   Operation 39 'call' 'call_ret' <Predicate = true> <Delay = 13.1> <CoreType = "Generic">   --->   Generic Core
ST_3 : Operation 40 [1/1] (0.00ns)   --->   "%res = extractvalue i576 %call_ret" [firmware/nnet_utils/nnet_dense_stream.h:95]   --->   Operation 40 'extractvalue' 'res' <Predicate = true> <Delay = 0.00>
ST_3 : Operation 41 [1/1] (0.00ns)   --->   "%res_1 = extractvalue i576 %call_ret" [firmware/nnet_utils/nnet_dense_stream.h:95]   --->   Operation 41 'extractvalue' 'res_1' <Predicate = true> <Delay = 0.00>
ST_3 : Operation 42 [1/1] (0.00ns)   --->   "%res_2 = extractvalue i576 %call_ret" [firmware/nnet_utils/nnet_dense_stream.h:95]   --->   Operation 42 'extractvalue' 'res_2' <Predicate = true> <Delay = 0.00>
ST_3 : Operation 43 [1/1] (0.00ns)   --->   "%res_3 = extractvalue i576 %call_ret" [firmware/nnet_utils/nnet_dense_stream.h:95]   --->   Operation 43 'extractvalue' 'res_3' <Predicate = true> <Delay = 0.00>
ST_3 : Operation 44 [1/1] (0.00ns)   --->   "%res_4 = extractvalue i576 %call_ret" [firmware/nnet_utils/nnet_dense_stream.h:95]   --->   Operation 44 'extractvalue' 'res_4' <Predicate = true> <Delay = 0.00>
ST_3 : Operation 45 [1/1] (0.00ns)   --->   "%res_5 = extractvalue i576 %call_ret" [firmware/nnet_utils/nnet_dense_stream.h:95]   --->   Operation 45 'extractvalue' 'res_5' <Predicate = true> <Delay = 0.00>
ST_3 : Operation 46 [1/1] (0.00ns)   --->   "%res_6 = extractvalue i576 %call_ret" [firmware/nnet_utils/nnet_dense_stream.h:95]   --->   Operation 46 'extractvalue' 'res_6' <Predicate = true> <Delay = 0.00>
ST_3 : Operation 47 [1/1] (0.00ns)   --->   "%res_7 = extractvalue i576 %call_ret" [firmware/nnet_utils/nnet_dense_stream.h:95]   --->   Operation 47 'extractvalue' 'res_7' <Predicate = true> <Delay = 0.00>
ST_3 : Operation 48 [1/1] (0.00ns)   --->   "%res_8 = extractvalue i576 %call_ret" [firmware/nnet_utils/nnet_dense_stream.h:95]   --->   Operation 48 'extractvalue' 'res_8' <Predicate = true> <Delay = 0.00>
ST_3 : Operation 49 [1/1] (0.00ns)   --->   "%res_9 = extractvalue i576 %call_ret" [firmware/nnet_utils/nnet_dense_stream.h:95]   --->   Operation 49 'extractvalue' 'res_9' <Predicate = true> <Delay = 0.00>
ST_3 : Operation 50 [1/1] (0.00ns)   --->   "%res_32 = extractvalue i576 %call_ret" [firmware/nnet_utils/nnet_dense_stream.h:95]   --->   Operation 50 'extractvalue' 'res_32' <Predicate = true> <Delay = 0.00>
ST_3 : Operation 51 [1/1] (0.00ns)   --->   "%res_33 = extractvalue i576 %call_ret" [firmware/nnet_utils/nnet_dense_stream.h:95]   --->   Operation 51 'extractvalue' 'res_33' <Predicate = true> <Delay = 0.00>
ST_3 : Operation 52 [1/1] (0.00ns)   --->   "%res_34 = extractvalue i576 %call_ret" [firmware/nnet_utils/nnet_dense_stream.h:95]   --->   Operation 52 'extractvalue' 'res_34' <Predicate = true> <Delay = 0.00>
ST_3 : Operation 53 [1/1] (0.00ns)   --->   "%res_35 = extractvalue i576 %call_ret" [firmware/nnet_utils/nnet_dense_stream.h:95]   --->   Operation 53 'extractvalue' 'res_35' <Predicate = true> <Delay = 0.00>
ST_3 : Operation 54 [1/1] (0.00ns)   --->   "%res_36 = extractvalue i576 %call_ret" [firmware/nnet_utils/nnet_dense_stream.h:95]   --->   Operation 54 'extractvalue' 'res_36' <Predicate = true> <Delay = 0.00>
ST_3 : Operation 55 [1/1] (0.00ns)   --->   "%res_37 = extractvalue i576 %call_ret" [firmware/nnet_utils/nnet_dense_stream.h:95]   --->   Operation 55 'extractvalue' 'res_37' <Predicate = true> <Delay = 0.00>
ST_3 : Operation 56 [1/1] (0.00ns)   --->   "%res_38 = extractvalue i576 %call_ret" [firmware/nnet_utils/nnet_dense_stream.h:95]   --->   Operation 56 'extractvalue' 'res_38' <Predicate = true> <Delay = 0.00>
ST_3 : Operation 57 [1/1] (0.00ns)   --->   "%res_39 = extractvalue i576 %call_ret" [firmware/nnet_utils/nnet_dense_stream.h:95]   --->   Operation 57 'extractvalue' 'res_39' <Predicate = true> <Delay = 0.00>
ST_3 : Operation 58 [1/1] (0.00ns)   --->   "%res_40 = extractvalue i576 %call_ret" [firmware/nnet_utils/nnet_dense_stream.h:95]   --->   Operation 58 'extractvalue' 'res_40' <Predicate = true> <Delay = 0.00>
ST_3 : Operation 59 [1/1] (0.00ns)   --->   "%res_41 = extractvalue i576 %call_ret" [firmware/nnet_utils/nnet_dense_stream.h:95]   --->   Operation 59 'extractvalue' 'res_41' <Predicate = true> <Delay = 0.00>
ST_3 : Operation 60 [1/1] (0.00ns)   --->   "%res_42 = extractvalue i576 %call_ret" [firmware/nnet_utils/nnet_dense_stream.h:95]   --->   Operation 60 'extractvalue' 'res_42' <Predicate = true> <Delay = 0.00>
ST_3 : Operation 61 [1/1] (0.00ns)   --->   "%res_43 = extractvalue i576 %call_ret" [firmware/nnet_utils/nnet_dense_stream.h:95]   --->   Operation 61 'extractvalue' 'res_43' <Predicate = true> <Delay = 0.00>
ST_3 : Operation 62 [1/1] (0.00ns)   --->   "%res_44 = extractvalue i576 %call_ret" [firmware/nnet_utils/nnet_dense_stream.h:95]   --->   Operation 62 'extractvalue' 'res_44' <Predicate = true> <Delay = 0.00>
ST_3 : Operation 63 [1/1] (0.00ns)   --->   "%res_45 = extractvalue i576 %call_ret" [firmware/nnet_utils/nnet_dense_stream.h:95]   --->   Operation 63 'extractvalue' 'res_45' <Predicate = true> <Delay = 0.00>
ST_3 : Operation 64 [1/1] (0.00ns)   --->   "%res_46 = extractvalue i576 %call_ret" [firmware/nnet_utils/nnet_dense_stream.h:95]   --->   Operation 64 'extractvalue' 'res_46' <Predicate = true> <Delay = 0.00>
ST_3 : Operation 65 [1/1] (0.00ns)   --->   "%res_47 = extractvalue i576 %call_ret" [firmware/nnet_utils/nnet_dense_stream.h:95]   --->   Operation 65 'extractvalue' 'res_47' <Predicate = true> <Delay = 0.00>
ST_3 : Operation 66 [1/1] (0.00ns)   --->   "%res_48 = extractvalue i576 %call_ret" [firmware/nnet_utils/nnet_dense_stream.h:95]   --->   Operation 66 'extractvalue' 'res_48' <Predicate = true> <Delay = 0.00>
ST_3 : Operation 67 [1/1] (0.00ns)   --->   "%res_49 = extractvalue i576 %call_ret" [firmware/nnet_utils/nnet_dense_stream.h:95]   --->   Operation 67 'extractvalue' 'res_49' <Predicate = true> <Delay = 0.00>
ST_3 : Operation 68 [1/1] (0.00ns)   --->   "%res_50 = extractvalue i576 %call_ret" [firmware/nnet_utils/nnet_dense_stream.h:95]   --->   Operation 68 'extractvalue' 'res_50' <Predicate = true> <Delay = 0.00>
ST_3 : Operation 69 [1/1] (0.00ns)   --->   "%res_51 = extractvalue i576 %call_ret" [firmware/nnet_utils/nnet_dense_stream.h:95]   --->   Operation 69 'extractvalue' 'res_51' <Predicate = true> <Delay = 0.00>
ST_3 : Operation 70 [1/1] (0.00ns)   --->   "%res_52 = extractvalue i576 %call_ret" [firmware/nnet_utils/nnet_dense_stream.h:95]   --->   Operation 70 'extractvalue' 'res_52' <Predicate = true> <Delay = 0.00>
ST_3 : Operation 71 [1/1] (0.00ns)   --->   "%res_53 = extractvalue i576 %call_ret" [firmware/nnet_utils/nnet_dense_stream.h:95]   --->   Operation 71 'extractvalue' 'res_53' <Predicate = true> <Delay = 0.00>

State 4 <SV = 3> <Delay = 3.63>
ST_4 : Operation 72 [1/1] (0.00ns)   --->   "%specinterface_ln0 = specinterface void @_ssdm_op_SpecInterface, i576 %layer5_out, void @empty_2, i32 0, i32 0, void @empty_1, i32 0, i32 0, void @empty_1, void @empty_1, void @empty_1, i32 0, i32 0, i32 0, i32 0, void @empty_1, void @empty_1, i32 4294967295, i32 0, i32 0"   --->   Operation 72 'specinterface' 'specinterface_ln0' <Predicate = true> <Delay = 0.00>
ST_4 : Operation 73 [1/1] (0.00ns)   --->   "%specinterface_ln0 = specinterface void @_ssdm_op_SpecInterface, i192 %layer4_out, void @empty_2, i32 0, i32 0, void @empty_1, i32 0, i32 0, void @empty_1, void @empty_1, void @empty_1, i32 0, i32 0, i32 0, i32 0, void @empty_1, void @empty_1, i32 4294967295, i32 0, i32 0"   --->   Operation 73 'specinterface' 'specinterface_ln0' <Predicate = true> <Delay = 0.00>
ST_4 : Operation 74 [1/1] (0.00ns)   --->   "%p_0 = bitconcatenate i576 @_ssdm_op_BitConcatenate.i576.i18.i18.i18.i18.i18.i18.i18.i18.i18.i18.i18.i18.i18.i18.i18.i18.i18.i18.i18.i18.i18.i18.i18.i18.i18.i18.i18.i18.i18.i18.i18.i18, i18 %res_53, i18 %res_52, i18 %res_51, i18 %res_50, i18 %res_49, i18 %res_48, i18 %res_47, i18 %res_46, i18 %res_45, i18 %res_44, i18 %res_43, i18 %res_42, i18 %res_41, i18 %res_40, i18 %res_39, i18 %res_38, i18 %res_37, i18 %res_36, i18 %res_35, i18 %res_34, i18 %res_33, i18 %res_32, i18 %res_9, i18 %res_8, i18 %res_7, i18 %res_6, i18 %res_5, i18 %res_4, i18 %res_3, i18 %res_2, i18 %res_1, i18 %res" [firmware/nnet_utils/nnet_dense_stream.h:77->firmware/nnet_utils/nnet_dense_stream.h:100]   --->   Operation 74 'bitconcatenate' 'p_0' <Predicate = true> <Delay = 0.00>
ST_4 : Operation 75 [1/1] ( I:3.63ns O:3.63ns )   --->   "%write_ln77 = write void @_ssdm_op_Write.ap_fifo.volatile.i576P0A, i576 %layer5_out, i576 %p_0" [firmware/nnet_utils/nnet_dense_stream.h:77->firmware/nnet_utils/nnet_dense_stream.h:100]   --->   Operation 75 'write' 'write_ln77' <Predicate = true> <Delay = 3.63> <CoreInst = "FIFO_SRL">   --->   Core 80 'FIFO_SRL' <Latency = 0> <II = 1> <Delay = 3.63> <Storage> <Opcode : 'read' 'write' 'nbread' 'nbwrite'> <Ports = 0> <Width = 576> <Depth = 1> <FIFO>
ST_4 : Operation 76 [1/1] (0.00ns)   --->   "%ret_ln101 = ret" [firmware/nnet_utils/nnet_dense_stream.h:101]   --->   Operation 76 'ret' 'ret_ln101' <Predicate = true> <Delay = 0.00>


============================================================
+ Verbose Summary: Timing violations
============================================================
Target clock period: 20.000ns, clock uncertainty: 5.400ns.

 <State 1>: 3.634ns
The critical path consists of the following:
	fifo read operation ('layer4_out_read', firmware/nnet_utils/nnet_dense_stream.h:43->firmware/nnet_utils/nnet_dense_stream.h:93) on port 'layer4_out' (firmware/nnet_utils/nnet_dense_stream.h:43->firmware/nnet_utils/nnet_dense_stream.h:93) [5]  (3.634 ns)

 <State 2>: 13.094ns
The critical path consists of the following:
	'call' operation 576 bit ('call_ret', firmware/nnet_utils/nnet_dense_stream.h:95) to 'dense_latency_wrapper<ap_fixed,ap_fixed<18,14,5,3,0>,config5>' [38]  (13.094 ns)

 <State 3>: 13.111ns
The critical path consists of the following:
	'call' operation 576 bit ('call_ret', firmware/nnet_utils/nnet_dense_stream.h:95) to 'dense_latency_wrapper<ap_fixed,ap_fixed<18,14,5,3,0>,config5>' [38]  (13.111 ns)

 <State 4>: 3.634ns
The critical path consists of the following:
	fifo write operation ('write_ln77', firmware/nnet_utils/nnet_dense_stream.h:77->firmware/nnet_utils/nnet_dense_stream.h:100) on port 'layer5_out' (firmware/nnet_utils/nnet_dense_stream.h:77->firmware/nnet_utils/nnet_dense_stream.h:100) [72]  (3.634 ns)


============================================================
+ Verbose Summary: Binding
============================================================
N/A
* FSMD analyzer results:
  - Output states:
 - Input state : 
  - Chain level:
	State 1
	State 2
	State 3
	State 4


============================================================
+ Verbose Summary: Datapath Resource usage 
============================================================
N/A
