

================================================================
== Vitis HLS Report for 'dense_latency_wrapper_ap_int_8_ap_fixed_21_19_5_3_0_config3_s'
================================================================
* Date:           Sun May 17 14:56:07 2026

* Version:        2025.1 (Build 6135595 on May 21 2025)
* Project:        wedrowiec_hls_prj
* Solution:       solution1 (Vivado IP Flow Target)
* Product family: zynq
* Target device:  xc7z020-clg400-1


================================================================
== Performance Estimates
================================================================
+ Timing: 
    * Summary: 
    +--------+----------+-----------+------------+
    |  Clock |  Target  | Estimated | Uncertainty|
    +--------+----------+-----------+------------+
    |ap_clk  |  20.00 ns|  13.302 ns|     5.40 ns|
    +--------+----------+-----------+------------+

+ Latency: 
    * Summary: 
    +---------+---------+-----------+-----------+-----+-----+---------+
    |  Latency (cycles) |   Latency (absolute)  |  Interval | Pipeline|
    |   min   |   max   |    min    |    max    | min | max |   Type  |
    +---------+---------+-----------+-----------+-----+-----+---------+
    |        3|        3|  60.000 ns|  60.000 ns|    3|    3|       no|
    +---------+---------+-----------+-----------+-----+-----+---------+

    + Detail: 
        * Instance: 
        N/A

        * Loop: 
        N/A

============================================================
+ Verbose Summary: Synthesis Manager
============================================================
InlineROM: 1
ExposeGlobal: 0
============================================================
+ Verbose Summary: CDFG Model
============================================================
IsTopModel: 0
ResetActiveHigh: 1
IsCombinational: 0
IsDatapathOnly: 0
HasWiredReturn: 1
HasMFsm: 0
HasVarLatency: 1
IsPipeline: 0
IsRtlPipelined: 0
IsInstanceOverlapped: 0
IsDontTouch: 0
HasImplIP: 0
IsGatedGlobalClock: 0


============================================================
+ Verbose Summary: Schedule
============================================================
* Number of FSM states : 2
* Pipeline : 0
* Dataflow Pipeline: 0

* FSM state transitions: 
1 --> 2 
2 --> 

* FSM state operations: 

State 1 <SV = 0> <Delay = 13.2>
ST_1 : Operation 3 [1/1] (0.00ns)   --->   "%data_63_val64_read = read i8 @_ssdm_op_Read.ap_auto.i8, i8 %data_63_val64" [firmware/nnet_utils/nnet_dense_stream.h:17]   --->   Operation 3 'read' 'data_63_val64_read' <Predicate = true> <Delay = 0.00>
ST_1 : Operation 4 [1/1] (0.00ns)   --->   "%data_62_val63_read = read i8 @_ssdm_op_Read.ap_auto.i8, i8 %data_62_val63" [firmware/nnet_utils/nnet_dense_stream.h:17]   --->   Operation 4 'read' 'data_62_val63_read' <Predicate = true> <Delay = 0.00>
ST_1 : Operation 5 [1/1] (0.00ns)   --->   "%data_61_val62_read = read i8 @_ssdm_op_Read.ap_auto.i8, i8 %data_61_val62" [firmware/nnet_utils/nnet_dense_stream.h:17]   --->   Operation 5 'read' 'data_61_val62_read' <Predicate = true> <Delay = 0.00>
ST_1 : Operation 6 [1/1] (0.00ns)   --->   "%data_60_val61_read = read i8 @_ssdm_op_Read.ap_auto.i8, i8 %data_60_val61" [firmware/nnet_utils/nnet_dense_stream.h:17]   --->   Operation 6 'read' 'data_60_val61_read' <Predicate = true> <Delay = 0.00>
ST_1 : Operation 7 [1/1] (0.00ns)   --->   "%data_59_val60_read = read i8 @_ssdm_op_Read.ap_auto.i8, i8 %data_59_val60" [firmware/nnet_utils/nnet_dense_stream.h:17]   --->   Operation 7 'read' 'data_59_val60_read' <Predicate = true> <Delay = 0.00>
ST_1 : Operation 8 [1/1] (0.00ns)   --->   "%data_58_val59_read = read i8 @_ssdm_op_Read.ap_auto.i8, i8 %data_58_val59" [firmware/nnet_utils/nnet_dense_stream.h:17]   --->   Operation 8 'read' 'data_58_val59_read' <Predicate = true> <Delay = 0.00>
ST_1 : Operation 9 [1/1] (0.00ns)   --->   "%data_57_val58_read = read i8 @_ssdm_op_Read.ap_auto.i8, i8 %data_57_val58" [firmware/nnet_utils/nnet_dense_stream.h:17]   --->   Operation 9 'read' 'data_57_val58_read' <Predicate = true> <Delay = 0.00>
ST_1 : Operation 10 [1/1] (0.00ns)   --->   "%data_56_val57_read = read i8 @_ssdm_op_Read.ap_auto.i8, i8 %data_56_val57" [firmware/nnet_utils/nnet_dense_stream.h:17]   --->   Operation 10 'read' 'data_56_val57_read' <Predicate = true> <Delay = 0.00>
ST_1 : Operation 11 [1/1] (0.00ns)   --->   "%data_55_val56_read = read i8 @_ssdm_op_Read.ap_auto.i8, i8 %data_55_val56" [firmware/nnet_utils/nnet_dense_stream.h:17]   --->   Operation 11 'read' 'data_55_val56_read' <Predicate = true> <Delay = 0.00>
ST_1 : Operation 12 [1/1] (0.00ns)   --->   "%data_54_val55_read = read i8 @_ssdm_op_Read.ap_auto.i8, i8 %data_54_val55" [firmware/nnet_utils/nnet_dense_stream.h:17]   --->   Operation 12 'read' 'data_54_val55_read' <Predicate = true> <Delay = 0.00>
ST_1 : Operation 13 [1/1] (0.00ns)   --->   "%data_53_val54_read = read i8 @_ssdm_op_Read.ap_auto.i8, i8 %data_53_val54" [firmware/nnet_utils/nnet_dense_stream.h:17]   --->   Operation 13 'read' 'data_53_val54_read' <Predicate = true> <Delay = 0.00>
ST_1 : Operation 14 [1/1] (0.00ns)   --->   "%data_52_val53_read = read i8 @_ssdm_op_Read.ap_auto.i8, i8 %data_52_val53" [firmware/nnet_utils/nnet_dense_stream.h:17]   --->   Operation 14 'read' 'data_52_val53_read' <Predicate = true> <Delay = 0.00>
ST_1 : Operation 15 [1/1] (0.00ns)   --->   "%data_51_val52_read = read i8 @_ssdm_op_Read.ap_auto.i8, i8 %data_51_val52" [firmware/nnet_utils/nnet_dense_stream.h:17]   --->   Operation 15 'read' 'data_51_val52_read' <Predicate = true> <Delay = 0.00>
ST_1 : Operation 16 [1/1] (0.00ns)   --->   "%data_50_val51_read = read i8 @_ssdm_op_Read.ap_auto.i8, i8 %data_50_val51" [firmware/nnet_utils/nnet_dense_stream.h:17]   --->   Operation 16 'read' 'data_50_val51_read' <Predicate = true> <Delay = 0.00>
ST_1 : Operation 17 [1/1] (0.00ns)   --->   "%data_49_val50_read = read i8 @_ssdm_op_Read.ap_auto.i8, i8 %data_49_val50" [firmware/nnet_utils/nnet_dense_stream.h:17]   --->   Operation 17 'read' 'data_49_val50_read' <Predicate = true> <Delay = 0.00>
ST_1 : Operation 18 [1/1] (0.00ns)   --->   "%data_48_val49_read = read i8 @_ssdm_op_Read.ap_auto.i8, i8 %data_48_val49" [firmware/nnet_utils/nnet_dense_stream.h:17]   --->   Operation 18 'read' 'data_48_val49_read' <Predicate = true> <Delay = 0.00>
ST_1 : Operation 19 [1/1] (0.00ns)   --->   "%data_47_val48_read = read i8 @_ssdm_op_Read.ap_auto.i8, i8 %data_47_val48" [firmware/nnet_utils/nnet_dense_stream.h:17]   --->   Operation 19 'read' 'data_47_val48_read' <Predicate = true> <Delay = 0.00>
ST_1 : Operation 20 [1/1] (0.00ns)   --->   "%data_46_val47_read = read i8 @_ssdm_op_Read.ap_auto.i8, i8 %data_46_val47" [firmware/nnet_utils/nnet_dense_stream.h:17]   --->   Operation 20 'read' 'data_46_val47_read' <Predicate = true> <Delay = 0.00>
ST_1 : Operation 21 [1/1] (0.00ns)   --->   "%data_45_val46_read = read i8 @_ssdm_op_Read.ap_auto.i8, i8 %data_45_val46" [firmware/nnet_utils/nnet_dense_stream.h:17]   --->   Operation 21 'read' 'data_45_val46_read' <Predicate = true> <Delay = 0.00>
ST_1 : Operation 22 [1/1] (0.00ns)   --->   "%data_44_val45_read = read i8 @_ssdm_op_Read.ap_auto.i8, i8 %data_44_val45" [firmware/nnet_utils/nnet_dense_stream.h:17]   --->   Operation 22 'read' 'data_44_val45_read' <Predicate = true> <Delay = 0.00>
ST_1 : Operation 23 [1/1] (0.00ns)   --->   "%data_43_val44_read = read i8 @_ssdm_op_Read.ap_auto.i8, i8 %data_43_val44" [firmware/nnet_utils/nnet_dense_stream.h:17]   --->   Operation 23 'read' 'data_43_val44_read' <Predicate = true> <Delay = 0.00>
ST_1 : Operation 24 [1/1] (0.00ns)   --->   "%data_42_val43_read = read i8 @_ssdm_op_Read.ap_auto.i8, i8 %data_42_val43" [firmware/nnet_utils/nnet_dense_stream.h:17]   --->   Operation 24 'read' 'data_42_val43_read' <Predicate = true> <Delay = 0.00>
ST_1 : Operation 25 [1/1] (0.00ns)   --->   "%data_41_val42_read = read i8 @_ssdm_op_Read.ap_auto.i8, i8 %data_41_val42" [firmware/nnet_utils/nnet_dense_stream.h:17]   --->   Operation 25 'read' 'data_41_val42_read' <Predicate = true> <Delay = 0.00>
ST_1 : Operation 26 [1/1] (0.00ns)   --->   "%data_40_val41_read = read i8 @_ssdm_op_Read.ap_auto.i8, i8 %data_40_val41" [firmware/nnet_utils/nnet_dense_stream.h:17]   --->   Operation 26 'read' 'data_40_val41_read' <Predicate = true> <Delay = 0.00>
ST_1 : Operation 27 [1/1] (0.00ns)   --->   "%data_39_val40_read = read i8 @_ssdm_op_Read.ap_auto.i8, i8 %data_39_val40" [firmware/nnet_utils/nnet_dense_stream.h:17]   --->   Operation 27 'read' 'data_39_val40_read' <Predicate = true> <Delay = 0.00>
ST_1 : Operation 28 [1/1] (0.00ns)   --->   "%data_38_val39_read = read i8 @_ssdm_op_Read.ap_auto.i8, i8 %data_38_val39" [firmware/nnet_utils/nnet_dense_stream.h:17]   --->   Operation 28 'read' 'data_38_val39_read' <Predicate = true> <Delay = 0.00>
ST_1 : Operation 29 [1/1] (0.00ns)   --->   "%data_37_val38_read = read i8 @_ssdm_op_Read.ap_auto.i8, i8 %data_37_val38" [firmware/nnet_utils/nnet_dense_stream.h:17]   --->   Operation 29 'read' 'data_37_val38_read' <Predicate = true> <Delay = 0.00>
ST_1 : Operation 30 [1/1] (0.00ns)   --->   "%data_36_val37_read = read i8 @_ssdm_op_Read.ap_auto.i8, i8 %data_36_val37" [firmware/nnet_utils/nnet_dense_stream.h:17]   --->   Operation 30 'read' 'data_36_val37_read' <Predicate = true> <Delay = 0.00>
ST_1 : Operation 31 [1/1] (0.00ns)   --->   "%data_35_val36_read = read i8 @_ssdm_op_Read.ap_auto.i8, i8 %data_35_val36" [firmware/nnet_utils/nnet_dense_stream.h:17]   --->   Operation 31 'read' 'data_35_val36_read' <Predicate = true> <Delay = 0.00>
ST_1 : Operation 32 [1/1] (0.00ns)   --->   "%data_34_val35_read = read i8 @_ssdm_op_Read.ap_auto.i8, i8 %data_34_val35" [firmware/nnet_utils/nnet_dense_stream.h:17]   --->   Operation 32 'read' 'data_34_val35_read' <Predicate = true> <Delay = 0.00>
ST_1 : Operation 33 [1/1] (0.00ns)   --->   "%data_33_val34_read = read i8 @_ssdm_op_Read.ap_auto.i8, i8 %data_33_val34" [firmware/nnet_utils/nnet_dense_stream.h:17]   --->   Operation 33 'read' 'data_33_val34_read' <Predicate = true> <Delay = 0.00>
ST_1 : Operation 34 [1/1] (0.00ns)   --->   "%data_32_val33_read = read i8 @_ssdm_op_Read.ap_auto.i8, i8 %data_32_val33" [firmware/nnet_utils/nnet_dense_stream.h:17]   --->   Operation 34 'read' 'data_32_val33_read' <Predicate = true> <Delay = 0.00>
ST_1 : Operation 35 [1/1] (0.00ns)   --->   "%data_31_val32_read = read i8 @_ssdm_op_Read.ap_auto.i8, i8 %data_31_val32" [firmware/nnet_utils/nnet_dense_stream.h:17]   --->   Operation 35 'read' 'data_31_val32_read' <Predicate = true> <Delay = 0.00>
ST_1 : Operation 36 [1/1] (0.00ns)   --->   "%data_30_val31_read = read i8 @_ssdm_op_Read.ap_auto.i8, i8 %data_30_val31" [firmware/nnet_utils/nnet_dense_stream.h:17]   --->   Operation 36 'read' 'data_30_val31_read' <Predicate = true> <Delay = 0.00>
ST_1 : Operation 37 [1/1] (0.00ns)   --->   "%data_29_val30_read = read i8 @_ssdm_op_Read.ap_auto.i8, i8 %data_29_val30" [firmware/nnet_utils/nnet_dense_stream.h:17]   --->   Operation 37 'read' 'data_29_val30_read' <Predicate = true> <Delay = 0.00>
ST_1 : Operation 38 [1/1] (0.00ns)   --->   "%data_28_val29_read = read i8 @_ssdm_op_Read.ap_auto.i8, i8 %data_28_val29" [firmware/nnet_utils/nnet_dense_stream.h:17]   --->   Operation 38 'read' 'data_28_val29_read' <Predicate = true> <Delay = 0.00>
ST_1 : Operation 39 [1/1] (0.00ns)   --->   "%data_27_val28_read = read i8 @_ssdm_op_Read.ap_auto.i8, i8 %data_27_val28" [firmware/nnet_utils/nnet_dense_stream.h:17]   --->   Operation 39 'read' 'data_27_val28_read' <Predicate = true> <Delay = 0.00>
ST_1 : Operation 40 [1/1] (0.00ns)   --->   "%data_26_val27_read = read i8 @_ssdm_op_Read.ap_auto.i8, i8 %data_26_val27" [firmware/nnet_utils/nnet_dense_stream.h:17]   --->   Operation 40 'read' 'data_26_val27_read' <Predicate = true> <Delay = 0.00>
ST_1 : Operation 41 [1/1] (0.00ns)   --->   "%data_25_val26_read = read i8 @_ssdm_op_Read.ap_auto.i8, i8 %data_25_val26" [firmware/nnet_utils/nnet_dense_stream.h:17]   --->   Operation 41 'read' 'data_25_val26_read' <Predicate = true> <Delay = 0.00>
ST_1 : Operation 42 [1/1] (0.00ns)   --->   "%data_24_val25_read = read i8 @_ssdm_op_Read.ap_auto.i8, i8 %data_24_val25" [firmware/nnet_utils/nnet_dense_stream.h:17]   --->   Operation 42 'read' 'data_24_val25_read' <Predicate = true> <Delay = 0.00>
ST_1 : Operation 43 [1/1] (0.00ns)   --->   "%data_23_val24_read = read i8 @_ssdm_op_Read.ap_auto.i8, i8 %data_23_val24" [firmware/nnet_utils/nnet_dense_stream.h:17]   --->   Operation 43 'read' 'data_23_val24_read' <Predicate = true> <Delay = 0.00>
ST_1 : Operation 44 [1/1] (0.00ns)   --->   "%data_22_val23_read = read i8 @_ssdm_op_Read.ap_auto.i8, i8 %data_22_val23" [firmware/nnet_utils/nnet_dense_stream.h:17]   --->   Operation 44 'read' 'data_22_val23_read' <Predicate = true> <Delay = 0.00>
ST_1 : Operation 45 [1/1] (0.00ns)   --->   "%data_21_val22_read = read i8 @_ssdm_op_Read.ap_auto.i8, i8 %data_21_val22" [firmware/nnet_utils/nnet_dense_stream.h:17]   --->   Operation 45 'read' 'data_21_val22_read' <Predicate = true> <Delay = 0.00>
ST_1 : Operation 46 [1/1] (0.00ns)   --->   "%data_20_val21_read = read i8 @_ssdm_op_Read.ap_auto.i8, i8 %data_20_val21" [firmware/nnet_utils/nnet_dense_stream.h:17]   --->   Operation 46 'read' 'data_20_val21_read' <Predicate = true> <Delay = 0.00>
ST_1 : Operation 47 [1/1] (0.00ns)   --->   "%data_19_val20_read = read i8 @_ssdm_op_Read.ap_auto.i8, i8 %data_19_val20" [firmware/nnet_utils/nnet_dense_stream.h:17]   --->   Operation 47 'read' 'data_19_val20_read' <Predicate = true> <Delay = 0.00>
ST_1 : Operation 48 [1/1] (0.00ns)   --->   "%data_18_val19_read = read i8 @_ssdm_op_Read.ap_auto.i8, i8 %data_18_val19" [firmware/nnet_utils/nnet_dense_stream.h:17]   --->   Operation 48 'read' 'data_18_val19_read' <Predicate = true> <Delay = 0.00>
ST_1 : Operation 49 [1/1] (0.00ns)   --->   "%data_17_val18_read = read i8 @_ssdm_op_Read.ap_auto.i8, i8 %data_17_val18" [firmware/nnet_utils/nnet_dense_stream.h:17]   --->   Operation 49 'read' 'data_17_val18_read' <Predicate = true> <Delay = 0.00>
ST_1 : Operation 50 [1/1] (0.00ns)   --->   "%data_16_val17_read = read i8 @_ssdm_op_Read.ap_auto.i8, i8 %data_16_val17" [firmware/nnet_utils/nnet_dense_stream.h:17]   --->   Operation 50 'read' 'data_16_val17_read' <Predicate = true> <Delay = 0.00>
ST_1 : Operation 51 [1/1] (0.00ns)   --->   "%data_15_val16_read = read i8 @_ssdm_op_Read.ap_auto.i8, i8 %data_15_val16" [firmware/nnet_utils/nnet_dense_stream.h:17]   --->   Operation 51 'read' 'data_15_val16_read' <Predicate = true> <Delay = 0.00>
ST_1 : Operation 52 [1/1] (0.00ns)   --->   "%data_14_val15_read = read i8 @_ssdm_op_Read.ap_auto.i8, i8 %data_14_val15" [firmware/nnet_utils/nnet_dense_stream.h:17]   --->   Operation 52 'read' 'data_14_val15_read' <Predicate = true> <Delay = 0.00>
ST_1 : Operation 53 [1/1] (0.00ns)   --->   "%data_13_val14_read = read i8 @_ssdm_op_Read.ap_auto.i8, i8 %data_13_val14" [firmware/nnet_utils/nnet_dense_stream.h:17]   --->   Operation 53 'read' 'data_13_val14_read' <Predicate = true> <Delay = 0.00>
ST_1 : Operation 54 [1/1] (0.00ns)   --->   "%data_12_val13_read = read i8 @_ssdm_op_Read.ap_auto.i8, i8 %data_12_val13" [firmware/nnet_utils/nnet_dense_stream.h:17]   --->   Operation 54 'read' 'data_12_val13_read' <Predicate = true> <Delay = 0.00>
ST_1 : Operation 55 [1/1] (0.00ns)   --->   "%data_11_val12_read = read i8 @_ssdm_op_Read.ap_auto.i8, i8 %data_11_val12" [firmware/nnet_utils/nnet_dense_stream.h:17]   --->   Operation 55 'read' 'data_11_val12_read' <Predicate = true> <Delay = 0.00>
ST_1 : Operation 56 [1/1] (0.00ns)   --->   "%data_10_val11_read = read i8 @_ssdm_op_Read.ap_auto.i8, i8 %data_10_val11" [firmware/nnet_utils/nnet_dense_stream.h:17]   --->   Operation 56 'read' 'data_10_val11_read' <Predicate = true> <Delay = 0.00>
ST_1 : Operation 57 [1/1] (0.00ns)   --->   "%data_9_val10_read = read i8 @_ssdm_op_Read.ap_auto.i8, i8 %data_9_val10" [firmware/nnet_utils/nnet_dense_stream.h:17]   --->   Operation 57 'read' 'data_9_val10_read' <Predicate = true> <Delay = 0.00>
ST_1 : Operation 58 [1/1] (0.00ns)   --->   "%data_8_val9_read = read i8 @_ssdm_op_Read.ap_auto.i8, i8 %data_8_val9" [firmware/nnet_utils/nnet_dense_stream.h:17]   --->   Operation 58 'read' 'data_8_val9_read' <Predicate = true> <Delay = 0.00>
ST_1 : Operation 59 [1/1] (0.00ns)   --->   "%data_7_val8_read = read i8 @_ssdm_op_Read.ap_auto.i8, i8 %data_7_val8" [firmware/nnet_utils/nnet_dense_stream.h:17]   --->   Operation 59 'read' 'data_7_val8_read' <Predicate = true> <Delay = 0.00>
ST_1 : Operation 60 [1/1] (0.00ns)   --->   "%data_6_val7_read = read i8 @_ssdm_op_Read.ap_auto.i8, i8 %data_6_val7" [firmware/nnet_utils/nnet_dense_stream.h:17]   --->   Operation 60 'read' 'data_6_val7_read' <Predicate = true> <Delay = 0.00>
ST_1 : Operation 61 [1/1] (0.00ns)   --->   "%data_5_val6_read = read i8 @_ssdm_op_Read.ap_auto.i8, i8 %data_5_val6" [firmware/nnet_utils/nnet_dense_stream.h:17]   --->   Operation 61 'read' 'data_5_val6_read' <Predicate = true> <Delay = 0.00>
ST_1 : Operation 62 [1/1] (0.00ns)   --->   "%data_4_val5_read = read i8 @_ssdm_op_Read.ap_auto.i8, i8 %data_4_val5" [firmware/nnet_utils/nnet_dense_stream.h:17]   --->   Operation 62 'read' 'data_4_val5_read' <Predicate = true> <Delay = 0.00>
ST_1 : Operation 63 [1/1] (0.00ns)   --->   "%data_3_val4_read = read i8 @_ssdm_op_Read.ap_auto.i8, i8 %data_3_val4" [firmware/nnet_utils/nnet_dense_stream.h:17]   --->   Operation 63 'read' 'data_3_val4_read' <Predicate = true> <Delay = 0.00>
ST_1 : Operation 64 [1/1] (0.00ns)   --->   "%data_2_val3_read = read i8 @_ssdm_op_Read.ap_auto.i8, i8 %data_2_val3" [firmware/nnet_utils/nnet_dense_stream.h:17]   --->   Operation 64 'read' 'data_2_val3_read' <Predicate = true> <Delay = 0.00>
ST_1 : Operation 65 [1/1] (0.00ns)   --->   "%data_1_val2_read = read i8 @_ssdm_op_Read.ap_auto.i8, i8 %data_1_val2" [firmware/nnet_utils/nnet_dense_stream.h:17]   --->   Operation 65 'read' 'data_1_val2_read' <Predicate = true> <Delay = 0.00>
ST_1 : Operation 66 [1/1] (0.00ns)   --->   "%data_0_val1_read = read i8 @_ssdm_op_Read.ap_auto.i8, i8 %data_0_val1" [firmware/nnet_utils/nnet_dense_stream.h:17]   --->   Operation 66 'read' 'data_0_val1_read' <Predicate = true> <Delay = 0.00>
ST_1 : Operation 67 [2/2] (13.2ns)   --->   "%call_ret = call i672 @dense_latency<ap_int<8>, ap_fixed<21, 19, 5, 3, 0>, config3>, i8 %data_0_val1_read, i8 %data_1_val2_read, i8 %data_2_val3_read, i8 %data_3_val4_read, i8 %data_4_val5_read, i8 %data_5_val6_read, i8 %data_6_val7_read, i8 %data_7_val8_read, i8 %data_8_val9_read, i8 %data_9_val10_read, i8 %data_10_val11_read, i8 %data_11_val12_read, i8 %data_12_val13_read, i8 %data_13_val14_read, i8 %data_14_val15_read, i8 %data_15_val16_read, i8 %data_16_val17_read, i8 %data_17_val18_read, i8 %data_18_val19_read, i8 %data_19_val20_read, i8 %data_20_val21_read, i8 %data_21_val22_read, i8 %data_22_val23_read, i8 %data_23_val24_read, i8 %data_24_val25_read, i8 %data_25_val26_read, i8 %data_26_val27_read, i8 %data_27_val28_read, i8 %data_28_val29_read, i8 %data_29_val30_read, i8 %data_30_val31_read, i8 %data_31_val32_read, i8 %data_32_val33_read, i8 %data_33_val34_read, i8 %data_34_val35_read, i8 %data_35_val36_read, i8 %data_36_val37_read, i8 %data_37_val38_read, i8 %data_38_val39_read, i8 %data_39_val40_read, i8 %data_40_val41_read, i8 %data_41_val42_read, i8 %data_42_val43_read, i8 %data_43_val44_read, i8 %data_44_val45_read, i8 %data_45_val46_read, i8 %data_46_val47_read, i8 %data_47_val48_read, i8 %data_48_val49_read, i8 %data_49_val50_read, i8 %data_50_val51_read, i8 %data_51_val52_read, i8 %data_52_val53_read, i8 %data_53_val54_read, i8 %data_54_val55_read, i8 %data_55_val56_read, i8 %data_56_val57_read, i8 %data_57_val58_read, i8 %data_58_val59_read, i8 %data_59_val60_read, i8 %data_60_val61_read, i8 %data_61_val62_read, i8 %data_62_val63_read, i8 %data_63_val64_read" [firmware/nnet_utils/nnet_dense_stream.h:17]   --->   Operation 67 'call' 'call_ret' <Predicate = true> <Delay = 13.2> <CoreType = "Generic">   --->   Generic Core

State 2 <SV = 1> <Delay = 13.3>
ST_2 : Operation 68 [1/1] (0.00ns)   --->   "%specpipeline_ln13 = specpipeline void @_ssdm_op_SpecPipeline, i32 2048, i32 0, i32 0, i32 0, void @empty_1" [firmware/nnet_utils/nnet_dense_stream.h:13]   --->   Operation 68 'specpipeline' 'specpipeline_ln13' <Predicate = true> <Delay = 0.00>
ST_2 : Operation 69 [1/2] (13.3ns)   --->   "%call_ret = call i672 @dense_latency<ap_int<8>, ap_fixed<21, 19, 5, 3, 0>, config3>, i8 %data_0_val1_read, i8 %data_1_val2_read, i8 %data_2_val3_read, i8 %data_3_val4_read, i8 %data_4_val5_read, i8 %data_5_val6_read, i8 %data_6_val7_read, i8 %data_7_val8_read, i8 %data_8_val9_read, i8 %data_9_val10_read, i8 %data_10_val11_read, i8 %data_11_val12_read, i8 %data_12_val13_read, i8 %data_13_val14_read, i8 %data_14_val15_read, i8 %data_15_val16_read, i8 %data_16_val17_read, i8 %data_17_val18_read, i8 %data_18_val19_read, i8 %data_19_val20_read, i8 %data_20_val21_read, i8 %data_21_val22_read, i8 %data_22_val23_read, i8 %data_23_val24_read, i8 %data_24_val25_read, i8 %data_25_val26_read, i8 %data_26_val27_read, i8 %data_27_val28_read, i8 %data_28_val29_read, i8 %data_29_val30_read, i8 %data_30_val31_read, i8 %data_31_val32_read, i8 %data_32_val33_read, i8 %data_33_val34_read, i8 %data_34_val35_read, i8 %data_35_val36_read, i8 %data_36_val37_read, i8 %data_37_val38_read, i8 %data_38_val39_read, i8 %data_39_val40_read, i8 %data_40_val41_read, i8 %data_41_val42_read, i8 %data_42_val43_read, i8 %data_43_val44_read, i8 %data_44_val45_read, i8 %data_45_val46_read, i8 %data_46_val47_read, i8 %data_47_val48_read, i8 %data_48_val49_read, i8 %data_49_val50_read, i8 %data_50_val51_read, i8 %data_51_val52_read, i8 %data_52_val53_read, i8 %data_53_val54_read, i8 %data_54_val55_read, i8 %data_55_val56_read, i8 %data_56_val57_read, i8 %data_57_val58_read, i8 %data_58_val59_read, i8 %data_59_val60_read, i8 %data_60_val61_read, i8 %data_61_val62_read, i8 %data_62_val63_read, i8 %data_63_val64_read" [firmware/nnet_utils/nnet_dense_stream.h:17]   --->   Operation 69 'call' 'call_ret' <Predicate = true> <Delay = 13.3> <CoreType = "Generic">   --->   Generic Core
ST_2 : Operation 70 [1/1] (0.00ns)   --->   "%ret_ln18 = ret i672 %call_ret" [firmware/nnet_utils/nnet_dense_stream.h:18]   --->   Operation 70 'ret' 'ret_ln18' <Predicate = true> <Delay = 0.00>


============================================================
+ Verbose Summary: Timing violations
============================================================
Target clock period: 20.000ns, clock uncertainty: 5.400ns.

 <State 1>: 13.244ns
The critical path consists of the following:
	wire read operation ('data_63_val64_read', firmware/nnet_utils/nnet_dense_stream.h:17) on port 'data_63_val64' (firmware/nnet_utils/nnet_dense_stream.h:17) [66]  (0.000 ns)
	'call' operation 672 bit ('call_ret', firmware/nnet_utils/nnet_dense_stream.h:17) to 'dense_latency<ap_int<8>, ap_fixed<21, 19, 5, 3, 0>, config3>' [130]  (13.244 ns)

 <State 2>: 13.302ns
The critical path consists of the following:
	'call' operation 672 bit ('call_ret', firmware/nnet_utils/nnet_dense_stream.h:17) to 'dense_latency<ap_int<8>, ap_fixed<21, 19, 5, 3, 0>, config3>' [130]  (13.302 ns)


============================================================
+ Verbose Summary: Binding
============================================================
N/A
* FSMD analyzer results:
  - Output states:
 - Input state : 
  - Chain level:
	State 1
	State 2


============================================================
+ Verbose Summary: Datapath Resource usage 
============================================================
N/A
