

================================================================
== Vitis HLS Report for 'dense_latency_wrapper_ap_fixed_ap_fixed_18_14_5_3_0_config7_s'
================================================================
* Date:           Sun May 17 14:56:10 2026

* Version:        2025.1 (Build 6135595 on May 21 2025)
* Project:        wedrowiec_hls_prj
* Solution:       solution1 (Vivado IP Flow Target)
* Product family: zynq
* Target device:  xc7z020-clg400-1


================================================================
== Performance Estimates
================================================================
+ Timing: 
    * Summary: 
    +--------+----------+-----------+------------+
    |  Clock |  Target  | Estimated | Uncertainty|
    +--------+----------+-----------+------------+
    |ap_clk  |  20.00 ns|  14.549 ns|     5.40 ns|
    +--------+----------+-----------+------------+

+ Latency: 
    * Summary: 
    +---------+---------+-----------+-----------+-----+-----+---------+
    |  Latency (cycles) |   Latency (absolute)  |  Interval | Pipeline|
    |   min   |   max   |    min    |    max    | min | max |   Type  |
    +---------+---------+-----------+-----------+-----+-----+---------+
    |        3|        3|  60.000 ns|  60.000 ns|    3|    3|       no|
    +---------+---------+-----------+-----------+-----+-----+---------+

    + Detail: 
        * Instance: 
        +----------------------------------------------------------------------------+-----------------------------------------------------------------+---------+---------+-----------+-----------+-----+-----+---------+
        |                                                                            |                                                                 |  Latency (cycles) |   Latency (absolute)  |  Interval | Pipeline|
        |                                  Instance                                  |                              Module                             |   min   |   max   |    min    |    max    | min | max |   Type  |
        +----------------------------------------------------------------------------+-----------------------------------------------------------------+---------+---------+-----------+-----------+-----+-----+---------+
        |grp_dense_latency_ap_fixed_6_4_0_0_0_ap_fixed_18_14_5_3_0_config7_s_fu_268  |dense_latency_ap_fixed_6_4_0_0_0_ap_fixed_18_14_5_3_0_config7_s  |        2|        2|  40.000 ns|  40.000 ns|    2|    2|       no|
        +----------------------------------------------------------------------------+-----------------------------------------------------------------+---------+---------+-----------+-----------+-----+-----+---------+

        * Loop: 
        N/A

============================================================
+ Verbose Summary: Synthesis Manager
============================================================
InlineROM: 1
ExposeGlobal: 0
============================================================
+ Verbose Summary: CDFG Model
============================================================
IsTopModel: 0
ResetActiveHigh: 1
IsCombinational: 0
IsDatapathOnly: 0
HasWiredReturn: 1
HasMFsm: 0
HasVarLatency: 1
IsPipeline: 0
IsRtlPipelined: 0
IsInstanceOverlapped: 0
IsDontTouch: 0
HasImplIP: 0
IsGatedGlobalClock: 0


============================================================
+ Verbose Summary: Schedule
============================================================
* Number of FSM states : 2
* Pipeline : 0
* Dataflow Pipeline: 0

* FSM state transitions: 
1 --> 2 
2 --> 

* FSM state operations: 

State 1 <SV = 0> <Delay = 13.0>
ST_1 : Operation 3 [1/1] (0.00ns)   --->   "%data_31_val32_read = read i6 @_ssdm_op_Read.ap_auto.i6, i6 %data_31_val32" [firmware/nnet_utils/nnet_dense_stream.h:17]   --->   Operation 3 'read' 'data_31_val32_read' <Predicate = true> <Delay = 0.00>
ST_1 : Operation 4 [1/1] (0.00ns)   --->   "%data_30_val31_read = read i6 @_ssdm_op_Read.ap_auto.i6, i6 %data_30_val31" [firmware/nnet_utils/nnet_dense_stream.h:17]   --->   Operation 4 'read' 'data_30_val31_read' <Predicate = true> <Delay = 0.00>
ST_1 : Operation 5 [1/1] (0.00ns)   --->   "%data_29_val30_read = read i6 @_ssdm_op_Read.ap_auto.i6, i6 %data_29_val30" [firmware/nnet_utils/nnet_dense_stream.h:17]   --->   Operation 5 'read' 'data_29_val30_read' <Predicate = true> <Delay = 0.00>
ST_1 : Operation 6 [1/1] (0.00ns)   --->   "%data_28_val29_read = read i6 @_ssdm_op_Read.ap_auto.i6, i6 %data_28_val29" [firmware/nnet_utils/nnet_dense_stream.h:17]   --->   Operation 6 'read' 'data_28_val29_read' <Predicate = true> <Delay = 0.00>
ST_1 : Operation 7 [1/1] (0.00ns)   --->   "%data_27_val28_read = read i6 @_ssdm_op_Read.ap_auto.i6, i6 %data_27_val28" [firmware/nnet_utils/nnet_dense_stream.h:17]   --->   Operation 7 'read' 'data_27_val28_read' <Predicate = true> <Delay = 0.00>
ST_1 : Operation 8 [1/1] (0.00ns)   --->   "%data_26_val27_read = read i6 @_ssdm_op_Read.ap_auto.i6, i6 %data_26_val27" [firmware/nnet_utils/nnet_dense_stream.h:17]   --->   Operation 8 'read' 'data_26_val27_read' <Predicate = true> <Delay = 0.00>
ST_1 : Operation 9 [1/1] (0.00ns)   --->   "%data_25_val26_read = read i6 @_ssdm_op_Read.ap_auto.i6, i6 %data_25_val26" [firmware/nnet_utils/nnet_dense_stream.h:17]   --->   Operation 9 'read' 'data_25_val26_read' <Predicate = true> <Delay = 0.00>
ST_1 : Operation 10 [1/1] (0.00ns)   --->   "%data_24_val25_read = read i6 @_ssdm_op_Read.ap_auto.i6, i6 %data_24_val25" [firmware/nnet_utils/nnet_dense_stream.h:17]   --->   Operation 10 'read' 'data_24_val25_read' <Predicate = true> <Delay = 0.00>
ST_1 : Operation 11 [1/1] (0.00ns)   --->   "%data_23_val24_read = read i6 @_ssdm_op_Read.ap_auto.i6, i6 %data_23_val24" [firmware/nnet_utils/nnet_dense_stream.h:17]   --->   Operation 11 'read' 'data_23_val24_read' <Predicate = true> <Delay = 0.00>
ST_1 : Operation 12 [1/1] (0.00ns)   --->   "%data_22_val23_read = read i6 @_ssdm_op_Read.ap_auto.i6, i6 %data_22_val23" [firmware/nnet_utils/nnet_dense_stream.h:17]   --->   Operation 12 'read' 'data_22_val23_read' <Predicate = true> <Delay = 0.00>
ST_1 : Operation 13 [1/1] (0.00ns)   --->   "%data_21_val22_read = read i6 @_ssdm_op_Read.ap_auto.i6, i6 %data_21_val22" [firmware/nnet_utils/nnet_dense_stream.h:17]   --->   Operation 13 'read' 'data_21_val22_read' <Predicate = true> <Delay = 0.00>
ST_1 : Operation 14 [1/1] (0.00ns)   --->   "%data_20_val21_read = read i6 @_ssdm_op_Read.ap_auto.i6, i6 %data_20_val21" [firmware/nnet_utils/nnet_dense_stream.h:17]   --->   Operation 14 'read' 'data_20_val21_read' <Predicate = true> <Delay = 0.00>
ST_1 : Operation 15 [1/1] (0.00ns)   --->   "%data_19_val20_read = read i6 @_ssdm_op_Read.ap_auto.i6, i6 %data_19_val20" [firmware/nnet_utils/nnet_dense_stream.h:17]   --->   Operation 15 'read' 'data_19_val20_read' <Predicate = true> <Delay = 0.00>
ST_1 : Operation 16 [1/1] (0.00ns)   --->   "%data_18_val19_read = read i6 @_ssdm_op_Read.ap_auto.i6, i6 %data_18_val19" [firmware/nnet_utils/nnet_dense_stream.h:17]   --->   Operation 16 'read' 'data_18_val19_read' <Predicate = true> <Delay = 0.00>
ST_1 : Operation 17 [1/1] (0.00ns)   --->   "%data_17_val18_read = read i6 @_ssdm_op_Read.ap_auto.i6, i6 %data_17_val18" [firmware/nnet_utils/nnet_dense_stream.h:17]   --->   Operation 17 'read' 'data_17_val18_read' <Predicate = true> <Delay = 0.00>
ST_1 : Operation 18 [1/1] (0.00ns)   --->   "%data_16_val17_read = read i6 @_ssdm_op_Read.ap_auto.i6, i6 %data_16_val17" [firmware/nnet_utils/nnet_dense_stream.h:17]   --->   Operation 18 'read' 'data_16_val17_read' <Predicate = true> <Delay = 0.00>
ST_1 : Operation 19 [1/1] (0.00ns)   --->   "%data_15_val16_read = read i6 @_ssdm_op_Read.ap_auto.i6, i6 %data_15_val16" [firmware/nnet_utils/nnet_dense_stream.h:17]   --->   Operation 19 'read' 'data_15_val16_read' <Predicate = true> <Delay = 0.00>
ST_1 : Operation 20 [1/1] (0.00ns)   --->   "%data_14_val15_read = read i6 @_ssdm_op_Read.ap_auto.i6, i6 %data_14_val15" [firmware/nnet_utils/nnet_dense_stream.h:17]   --->   Operation 20 'read' 'data_14_val15_read' <Predicate = true> <Delay = 0.00>
ST_1 : Operation 21 [1/1] (0.00ns)   --->   "%data_13_val14_read = read i6 @_ssdm_op_Read.ap_auto.i6, i6 %data_13_val14" [firmware/nnet_utils/nnet_dense_stream.h:17]   --->   Operation 21 'read' 'data_13_val14_read' <Predicate = true> <Delay = 0.00>
ST_1 : Operation 22 [1/1] (0.00ns)   --->   "%data_12_val13_read = read i6 @_ssdm_op_Read.ap_auto.i6, i6 %data_12_val13" [firmware/nnet_utils/nnet_dense_stream.h:17]   --->   Operation 22 'read' 'data_12_val13_read' <Predicate = true> <Delay = 0.00>
ST_1 : Operation 23 [1/1] (0.00ns)   --->   "%data_11_val12_read = read i6 @_ssdm_op_Read.ap_auto.i6, i6 %data_11_val12" [firmware/nnet_utils/nnet_dense_stream.h:17]   --->   Operation 23 'read' 'data_11_val12_read' <Predicate = true> <Delay = 0.00>
ST_1 : Operation 24 [1/1] (0.00ns)   --->   "%data_10_val11_read = read i6 @_ssdm_op_Read.ap_auto.i6, i6 %data_10_val11" [firmware/nnet_utils/nnet_dense_stream.h:17]   --->   Operation 24 'read' 'data_10_val11_read' <Predicate = true> <Delay = 0.00>
ST_1 : Operation 25 [1/1] (0.00ns)   --->   "%data_9_val10_read = read i6 @_ssdm_op_Read.ap_auto.i6, i6 %data_9_val10" [firmware/nnet_utils/nnet_dense_stream.h:17]   --->   Operation 25 'read' 'data_9_val10_read' <Predicate = true> <Delay = 0.00>
ST_1 : Operation 26 [1/1] (0.00ns)   --->   "%data_8_val9_read = read i6 @_ssdm_op_Read.ap_auto.i6, i6 %data_8_val9" [firmware/nnet_utils/nnet_dense_stream.h:17]   --->   Operation 26 'read' 'data_8_val9_read' <Predicate = true> <Delay = 0.00>
ST_1 : Operation 27 [1/1] (0.00ns)   --->   "%data_7_val8_read = read i6 @_ssdm_op_Read.ap_auto.i6, i6 %data_7_val8" [firmware/nnet_utils/nnet_dense_stream.h:17]   --->   Operation 27 'read' 'data_7_val8_read' <Predicate = true> <Delay = 0.00>
ST_1 : Operation 28 [1/1] (0.00ns)   --->   "%data_6_val7_read = read i6 @_ssdm_op_Read.ap_auto.i6, i6 %data_6_val7" [firmware/nnet_utils/nnet_dense_stream.h:17]   --->   Operation 28 'read' 'data_6_val7_read' <Predicate = true> <Delay = 0.00>
ST_1 : Operation 29 [1/1] (0.00ns)   --->   "%data_5_val6_read = read i6 @_ssdm_op_Read.ap_auto.i6, i6 %data_5_val6" [firmware/nnet_utils/nnet_dense_stream.h:17]   --->   Operation 29 'read' 'data_5_val6_read' <Predicate = true> <Delay = 0.00>
ST_1 : Operation 30 [1/1] (0.00ns)   --->   "%data_4_val5_read = read i6 @_ssdm_op_Read.ap_auto.i6, i6 %data_4_val5" [firmware/nnet_utils/nnet_dense_stream.h:17]   --->   Operation 30 'read' 'data_4_val5_read' <Predicate = true> <Delay = 0.00>
ST_1 : Operation 31 [1/1] (0.00ns)   --->   "%data_3_val4_read = read i6 @_ssdm_op_Read.ap_auto.i6, i6 %data_3_val4" [firmware/nnet_utils/nnet_dense_stream.h:17]   --->   Operation 31 'read' 'data_3_val4_read' <Predicate = true> <Delay = 0.00>
ST_1 : Operation 32 [1/1] (0.00ns)   --->   "%data_2_val3_read = read i6 @_ssdm_op_Read.ap_auto.i6, i6 %data_2_val3" [firmware/nnet_utils/nnet_dense_stream.h:17]   --->   Operation 32 'read' 'data_2_val3_read' <Predicate = true> <Delay = 0.00>
ST_1 : Operation 33 [1/1] (0.00ns)   --->   "%data_1_val2_read = read i6 @_ssdm_op_Read.ap_auto.i6, i6 %data_1_val2" [firmware/nnet_utils/nnet_dense_stream.h:17]   --->   Operation 33 'read' 'data_1_val2_read' <Predicate = true> <Delay = 0.00>
ST_1 : Operation 34 [1/1] (0.00ns)   --->   "%data_0_val1_read = read i6 @_ssdm_op_Read.ap_auto.i6, i6 %data_0_val1" [firmware/nnet_utils/nnet_dense_stream.h:17]   --->   Operation 34 'read' 'data_0_val1_read' <Predicate = true> <Delay = 0.00>
ST_1 : Operation 35 [2/2] (13.0ns)   --->   "%call_ret = call i288 @dense_latency<ap_fixed<6, 4, 0, 0, 0>, ap_fixed<18, 14, 5, 3, 0>, config7>, i6 %data_0_val1_read, i6 %data_1_val2_read, i6 %data_2_val3_read, i6 %data_3_val4_read, i6 %data_4_val5_read, i6 %data_5_val6_read, i6 %data_6_val7_read, i6 %data_7_val8_read, i6 %data_8_val9_read, i6 %data_9_val10_read, i6 %data_10_val11_read, i6 %data_11_val12_read, i6 %data_12_val13_read, i6 %data_13_val14_read, i6 %data_14_val15_read, i6 %data_15_val16_read, i6 %data_16_val17_read, i6 %data_17_val18_read, i6 %data_18_val19_read, i6 %data_19_val20_read, i6 %data_20_val21_read, i6 %data_21_val22_read, i6 %data_22_val23_read, i6 %data_23_val24_read, i6 %data_24_val25_read, i6 %data_25_val26_read, i6 %data_26_val27_read, i6 %data_27_val28_read, i6 %data_28_val29_read, i6 %data_29_val30_read, i6 %data_30_val31_read, i6 %data_31_val32_read" [firmware/nnet_utils/nnet_dense_stream.h:17]   --->   Operation 35 'call' 'call_ret' <Predicate = true> <Delay = 13.0> <CoreType = "Generic">   --->   Generic Core

State 2 <SV = 1> <Delay = 14.5>
ST_2 : Operation 36 [1/1] (0.00ns)   --->   "%specpipeline_ln13 = specpipeline void @_ssdm_op_SpecPipeline, i32 2048, i32 0, i32 0, i32 0, void @empty_1" [firmware/nnet_utils/nnet_dense_stream.h:13]   --->   Operation 36 'specpipeline' 'specpipeline_ln13' <Predicate = true> <Delay = 0.00>
ST_2 : Operation 37 [1/2] (14.5ns)   --->   "%call_ret = call i288 @dense_latency<ap_fixed<6, 4, 0, 0, 0>, ap_fixed<18, 14, 5, 3, 0>, config7>, i6 %data_0_val1_read, i6 %data_1_val2_read, i6 %data_2_val3_read, i6 %data_3_val4_read, i6 %data_4_val5_read, i6 %data_5_val6_read, i6 %data_6_val7_read, i6 %data_7_val8_read, i6 %data_8_val9_read, i6 %data_9_val10_read, i6 %data_10_val11_read, i6 %data_11_val12_read, i6 %data_12_val13_read, i6 %data_13_val14_read, i6 %data_14_val15_read, i6 %data_15_val16_read, i6 %data_16_val17_read, i6 %data_17_val18_read, i6 %data_18_val19_read, i6 %data_19_val20_read, i6 %data_20_val21_read, i6 %data_21_val22_read, i6 %data_22_val23_read, i6 %data_23_val24_read, i6 %data_24_val25_read, i6 %data_25_val26_read, i6 %data_26_val27_read, i6 %data_27_val28_read, i6 %data_28_val29_read, i6 %data_29_val30_read, i6 %data_30_val31_read, i6 %data_31_val32_read" [firmware/nnet_utils/nnet_dense_stream.h:17]   --->   Operation 37 'call' 'call_ret' <Predicate = true> <Delay = 14.5> <CoreType = "Generic">   --->   Generic Core
ST_2 : Operation 38 [1/1] (0.00ns)   --->   "%ret_ln18 = ret i288 %call_ret" [firmware/nnet_utils/nnet_dense_stream.h:18]   --->   Operation 38 'ret' 'ret_ln18' <Predicate = true> <Delay = 0.00>


============================================================
+ Verbose Summary: Binding
============================================================
STG Binding: 
---------------- STG Properties BEGIN ----------------
- Is combinational: 0
- Is one-state seq: 0
- Is datapath-only: 0
- Is pipelined: 0
- Is top level: 0
Port [ Return ] is wired: 1; IO mode=ap_ctrl_hs:ce=0
Port [ data_0_val1]:  wired=1; compound=0; hidden=0; nouse=0; global=0; static=0; extern=0; dir=0; type=0; pingpong=0; private_global=0; IO mode=ap_none:ce=0
Port [ data_1_val2]:  wired=1; compound=0; hidden=0; nouse=0; global=0; static=0; extern=0; dir=0; type=0; pingpong=0; private_global=0; IO mode=ap_none:ce=0
Port [ data_2_val3]:  wired=1; compound=0; hidden=0; nouse=0; global=0; static=0; extern=0; dir=0; type=0; pingpong=0; private_global=0; IO mode=ap_none:ce=0
Port [ data_3_val4]:  wired=1; compound=0; hidden=0; nouse=0; global=0; static=0; extern=0; dir=0; type=0; pingpong=0; private_global=0; IO mode=ap_none:ce=0
Port [ data_4_val5]:  wired=1; compound=0; hidden=0; nouse=0; global=0; static=0; extern=0; dir=0; type=0; pingpong=0; private_global=0; IO mode=ap_none:ce=0
Port [ data_5_val6]:  wired=1; compound=0; hidden=0; nouse=0; global=0; static=0; extern=0; dir=0; type=0; pingpong=0; private_global=0; IO mode=ap_none:ce=0
Port [ data_6_val7]:  wired=1; compound=0; hidden=0; nouse=0; global=0; static=0; extern=0; dir=0; type=0; pingpong=0; private_global=0; IO mode=ap_none:ce=0
Port [ data_7_val8]:  wired=1; compound=0; hidden=0; nouse=0; global=0; static=0; extern=0; dir=0; type=0; pingpong=0; private_global=0; IO mode=ap_none:ce=0
Port [ data_8_val9]:  wired=1; compound=0; hidden=0; nouse=0; global=0; static=0; extern=0; dir=0; type=0; pingpong=0; private_global=0; IO mode=ap_none:ce=0
Port [ data_9_val10]:  wired=1; compound=0; hidden=0; nouse=0; global=0; static=0; extern=0; dir=0; type=0; pingpong=0; private_global=0; IO mode=ap_none:ce=0
Port [ data_10_val11]:  wired=1; compound=0; hidden=0; nouse=0; global=0; static=0; extern=0; dir=0; type=0; pingpong=0; private_global=0; IO mode=ap_none:ce=0
Port [ data_11_val12]:  wired=1; compound=0; hidden=0; nouse=0; global=0; static=0; extern=0; dir=0; type=0; pingpong=0; private_global=0; IO mode=ap_none:ce=0
Port [ data_12_val13]:  wired=1; compound=0; hidden=0; nouse=0; global=0; static=0; extern=0; dir=0; type=0; pingpong=0; private_global=0; IO mode=ap_none:ce=0
Port [ data_13_val14]:  wired=1; compound=0; hidden=0; nouse=0; global=0; static=0; extern=0; dir=0; type=0; pingpong=0; private_global=0; IO mode=ap_none:ce=0
Port [ data_14_val15]:  wired=1; compound=0; hidden=0; nouse=0; global=0; static=0; extern=0; dir=0; type=0; pingpong=0; private_global=0; IO mode=ap_none:ce=0
Port [ data_15_val16]:  wired=1; compound=0; hidden=0; nouse=0; global=0; static=0; extern=0; dir=0; type=0; pingpong=0; private_global=0; IO mode=ap_none:ce=0
Port [ data_16_val17]:  wired=1; compound=0; hidden=0; nouse=0; global=0; static=0; extern=0; dir=0; type=0; pingpong=0; private_global=0; IO mode=ap_none:ce=0
Port [ data_17_val18]:  wired=1; compound=0; hidden=0; nouse=0; global=0; static=0; extern=0; dir=0; type=0; pingpong=0; private_global=0; IO mode=ap_none:ce=0
Port [ data_18_val19]:  wired=1; compound=0; hidden=0; nouse=0; global=0; static=0; extern=0; dir=0; type=0; pingpong=0; private_global=0; IO mode=ap_none:ce=0
Port [ data_19_val20]:  wired=1; compound=0; hidden=0; nouse=0; global=0; static=0; extern=0; dir=0; type=0; pingpong=0; private_global=0; IO mode=ap_none:ce=0
Port [ data_20_val21]:  wired=1; compound=0; hidden=0; nouse=0; global=0; static=0; extern=0; dir=0; type=0; pingpong=0; private_global=0; IO mode=ap_none:ce=0
Port [ data_21_val22]:  wired=1; compound=0; hidden=0; nouse=0; global=0; static=0; extern=0; dir=0; type=0; pingpong=0; private_global=0; IO mode=ap_none:ce=0
Port [ data_22_val23]:  wired=1; compound=0; hidden=0; nouse=0; global=0; static=0; extern=0; dir=0; type=0; pingpong=0; private_global=0; IO mode=ap_none:ce=0
Port [ data_23_val24]:  wired=1; compound=0; hidden=0; nouse=0; global=0; static=0; extern=0; dir=0; type=0; pingpong=0; private_global=0; IO mode=ap_none:ce=0
Port [ data_24_val25]:  wired=1; compound=0; hidden=0; nouse=0; global=0; static=0; extern=0; dir=0; type=0; pingpong=0; private_global=0; IO mode=ap_none:ce=0
Port [ data_25_val26]:  wired=1; compound=0; hidden=0; nouse=0; global=0; static=0; extern=0; dir=0; type=0; pingpong=0; private_global=0; IO mode=ap_none:ce=0
Port [ data_26_val27]:  wired=1; compound=0; hidden=0; nouse=0; global=0; static=0; extern=0; dir=0; type=0; pingpong=0; private_global=0; IO mode=ap_none:ce=0
Port [ data_27_val28]:  wired=1; compound=0; hidden=0; nouse=0; global=0; static=0; extern=0; dir=0; type=0; pingpong=0; private_global=0; IO mode=ap_none:ce=0
Port [ data_28_val29]:  wired=1; compound=0; hidden=0; nouse=0; global=0; static=0; extern=0; dir=0; type=0; pingpong=0; private_global=0; IO mode=ap_none:ce=0
Port [ data_29_val30]:  wired=1; compound=0; hidden=0; nouse=0; global=0; static=0; extern=0; dir=0; type=0; pingpong=0; private_global=0; IO mode=ap_none:ce=0
Port [ data_30_val31]:  wired=1; compound=0; hidden=0; nouse=0; global=0; static=0; extern=0; dir=0; type=0; pingpong=0; private_global=0; IO mode=ap_none:ce=0
Port [ data_31_val32]:  wired=1; compound=0; hidden=0; nouse=0; global=0; static=0; extern=0; dir=0; type=0; pingpong=0; private_global=0; IO mode=ap_none:ce=0
---------------- STG Properties END ------------------

---------------- Datapath Model BEGIN ----------------

<LifeTime>
<method=bitvector/>
data_31_val32_read (read        ) [ 001]
data_30_val31_read (read        ) [ 001]
data_29_val30_read (read        ) [ 001]
data_28_val29_read (read        ) [ 001]
data_27_val28_read (read        ) [ 001]
data_26_val27_read (read        ) [ 001]
data_25_val26_read (read        ) [ 001]
data_24_val25_read (read        ) [ 001]
data_23_val24_read (read        ) [ 001]
data_22_val23_read (read        ) [ 001]
data_21_val22_read (read        ) [ 001]
data_20_val21_read (read        ) [ 001]
data_19_val20_read (read        ) [ 001]
data_18_val19_read (read        ) [ 001]
data_17_val18_read (read        ) [ 001]
data_16_val17_read (read        ) [ 001]
data_15_val16_read (read        ) [ 001]
data_14_val15_read (read        ) [ 001]
data_13_val14_read (read        ) [ 001]
data_12_val13_read (read        ) [ 001]
data_11_val12_read (read        ) [ 001]
data_10_val11_read (read        ) [ 001]
data_9_val10_read  (read        ) [ 001]
data_8_val9_read   (read        ) [ 001]
data_7_val8_read   (read        ) [ 001]
data_6_val7_read   (read        ) [ 001]
data_5_val6_read   (read        ) [ 001]
data_4_val5_read   (read        ) [ 001]
data_3_val4_read   (read        ) [ 001]
data_2_val3_read   (read        ) [ 001]
data_1_val2_read   (read        ) [ 001]
data_0_val1_read   (read        ) [ 001]
specpipeline_ln13  (specpipeline) [ 000]
call_ret           (call        ) [ 000]
ret_ln18           (ret         ) [ 000]
</LifeTime>

<model>

<comp_list>
<comp id="0" class="1000" name="data_0_val1">
<pin_list>
<pin id="1" dir="1" index="0" bw="1" slack="0"/>
</pin_list>
<bind>
<StgValue><ssdm name="data_0_val1"/></StgValue>
</bind>
</comp>

<comp id="2" class="1000" name="data_1_val2">
<pin_list>
<pin id="3" dir="1" index="0" bw="1" slack="0"/>
</pin_list>
<bind>
<StgValue><ssdm name="data_1_val2"/></StgValue>
</bind>
</comp>

<comp id="4" class="1000" name="data_2_val3">
<pin_list>
<pin id="5" dir="1" index="0" bw="1" slack="0"/>
</pin_list>
<bind>
<StgValue><ssdm name="data_2_val3"/></StgValue>
</bind>
</comp>

<comp id="6" class="1000" name="data_3_val4">
<pin_list>
<pin id="7" dir="1" index="0" bw="1" slack="0"/>
</pin_list>
<bind>
<StgValue><ssdm name="data_3_val4"/></StgValue>
</bind>
</comp>

<comp id="8" class="1000" name="data_4_val5">
<pin_list>
<pin id="9" dir="1" index="0" bw="1" slack="0"/>
</pin_list>
<bind>
<StgValue><ssdm name="data_4_val5"/></StgValue>
</bind>
</comp>

<comp id="10" class="1000" name="data_5_val6">
<pin_list>
<pin id="11" dir="1" index="0" bw="1" slack="0"/>
</pin_list>
<bind>
<StgValue><ssdm name="data_5_val6"/></StgValue>
</bind>
</comp>

<comp id="12" class="1000" name="data_6_val7">
<pin_list>
<pin id="13" dir="1" index="0" bw="1" slack="0"/>
</pin_list>
<bind>
<StgValue><ssdm name="data_6_val7"/></StgValue>
</bind>
</comp>

<comp id="14" class="1000" name="data_7_val8">
<pin_list>
<pin id="15" dir="1" index="0" bw="1" slack="0"/>
</pin_list>
<bind>
<StgValue><ssdm name="data_7_val8"/></StgValue>
</bind>
</comp>

<comp id="16" class="1000" name="data_8_val9">
<pin_list>
<pin id="17" dir="1" index="0" bw="1" slack="0"/>
</pin_list>
<bind>
<StgValue><ssdm name="data_8_val9"/></StgValue>
</bind>
</comp>

<comp id="18" class="1000" name="data_9_val10">
<pin_list>
<pin id="19" dir="1" index="0" bw="1" slack="0"/>
</pin_list>
<bind>
<StgValue><ssdm name="data_9_val10"/></StgValue>
</bind>
</comp>

<comp id="20" class="1000" name="data_10_val11">
<pin_list>
<pin id="21" dir="1" index="0" bw="1" slack="0"/>
</pin_list>
<bind>
<StgValue><ssdm name="data_10_val11"/></StgValue>
</bind>
</comp>

<comp id="22" class="1000" name="data_11_val12">
<pin_list>
<pin id="23" dir="1" index="0" bw="1" slack="0"/>
</pin_list>
<bind>
<StgValue><ssdm name="data_11_val12"/></StgValue>
</bind>
</comp>

<comp id="24" class="1000" name="data_12_val13">
<pin_list>
<pin id="25" dir="1" index="0" bw="1" slack="0"/>
</pin_list>
<bind>
<StgValue><ssdm name="data_12_val13"/></StgValue>
</bind>
</comp>

<comp id="26" class="1000" name="data_13_val14">
<pin_list>
<pin id="27" dir="1" index="0" bw="1" slack="0"/>
</pin_list>
<bind>
<StgValue><ssdm name="data_13_val14"/></StgValue>
</bind>
</comp>

<comp id="28" class="1000" name="data_14_val15">
<pin_list>
<pin id="29" dir="1" index="0" bw="1" slack="0"/>
</pin_list>
<bind>
<StgValue><ssdm name="data_14_val15"/></StgValue>
</bind>
</comp>

<comp id="30" class="1000" name="data_15_val16">
<pin_list>
<pin id="31" dir="1" index="0" bw="1" slack="0"/>
</pin_list>
<bind>
<StgValue><ssdm name="data_15_val16"/></StgValue>
</bind>
</comp>

<comp id="32" class="1000" name="data_16_val17">
<pin_list>
<pin id="33" dir="1" index="0" bw="1" slack="0"/>
</pin_list>
<bind>
<StgValue><ssdm name="data_16_val17"/></StgValue>
</bind>
</comp>

<comp id="34" class="1000" name="data_17_val18">
<pin_list>
<pin id="35" dir="1" index="0" bw="1" slack="0"/>
</pin_list>
<bind>
<StgValue><ssdm name="data_17_val18"/></StgValue>
</bind>
</comp>

<comp id="36" class="1000" name="data_18_val19">
<pin_list>
<pin id="37" dir="1" index="0" bw="1" slack="0"/>
</pin_list>
<bind>
<StgValue><ssdm name="data_18_val19"/></StgValue>
</bind>
</comp>

<comp id="38" class="1000" name="data_19_val20">
<pin_list>
<pin id="39" dir="1" index="0" bw="1" slack="0"/>
</pin_list>
<bind>
<StgValue><ssdm name="data_19_val20"/></StgValue>
</bind>
</comp>

<comp id="40" class="1000" name="data_20_val21">
<pin_list>
<pin id="41" dir="1" index="0" bw="1" slack="0"/>
</pin_list>
<bind>
<StgValue><ssdm name="data_20_val21"/></StgValue>
</bind>
</comp>

<comp id="42" class="1000" name="data_21_val22">
<pin_list>
<pin id="43" dir="1" index="0" bw="1" slack="0"/>
</pin_list>
<bind>
<StgValue><ssdm name="data_21_val22"/></StgValue>
</bind>
</comp>

<comp id="44" class="1000" name="data_22_val23">
<pin_list>
<pin id="45" dir="1" index="0" bw="1" slack="0"/>
</pin_list>
<bind>
<StgValue><ssdm name="data_22_val23"/></StgValue>
</bind>
</comp>

<comp id="46" class="1000" name="data_23_val24">
<pin_list>
<pin id="47" dir="1" index="0" bw="1" slack="0"/>
</pin_list>
<bind>
<StgValue><ssdm name="data_23_val24"/></StgValue>
</bind>
</comp>

<comp id="48" class="1000" name="data_24_val25">
<pin_list>
<pin id="49" dir="1" index="0" bw="1" slack="0"/>
</pin_list>
<bind>
<StgValue><ssdm name="data_24_val25"/></StgValue>
</bind>
</comp>

<comp id="50" class="1000" name="data_25_val26">
<pin_list>
<pin id="51" dir="1" index="0" bw="1" slack="0"/>
</pin_list>
<bind>
<StgValue><ssdm name="data_25_val26"/></StgValue>
</bind>
</comp>

<comp id="52" class="1000" name="data_26_val27">
<pin_list>
<pin id="53" dir="1" index="0" bw="1" slack="0"/>
</pin_list>
<bind>
<StgValue><ssdm name="data_26_val27"/></StgValue>
</bind>
</comp>

<comp id="54" class="1000" name="data_27_val28">
<pin_list>
<pin id="55" dir="1" index="0" bw="1" slack="0"/>
</pin_list>
<bind>
<StgValue><ssdm name="data_27_val28"/></StgValue>
</bind>
</comp>

<comp id="56" class="1000" name="data_28_val29">
<pin_list>
<pin id="57" dir="1" index="0" bw="1" slack="0"/>
</pin_list>
<bind>
<StgValue><ssdm name="data_28_val29"/></StgValue>
</bind>
</comp>

<comp id="58" class="1000" name="data_29_val30">
<pin_list>
<pin id="59" dir="1" index="0" bw="1" slack="0"/>
</pin_list>
<bind>
<StgValue><ssdm name="data_29_val30"/></StgValue>
</bind>
</comp>

<comp id="60" class="1000" name="data_30_val31">
<pin_list>
<pin id="61" dir="1" index="0" bw="1" slack="0"/>
</pin_list>
<bind>
<StgValue><ssdm name="data_30_val31"/></StgValue>
</bind>
</comp>

<comp id="62" class="1000" name="data_31_val32">
<pin_list>
<pin id="63" dir="1" index="0" bw="1" slack="0"/>
</pin_list>
<bind>
<StgValue><ssdm name="data_31_val32"/></StgValue>
</bind>
</comp>

<comp id="64" class="1001" name="const_64">
<pin_list>
<pin id="65" dir="1" index="0" bw="1" slack="0"/>
</pin_list>
<bind>
<StgValue><ssdm name="_ssdm_op_Read.ap_auto.i6"/></StgValue>
</bind>
</comp>

<comp id="66" class="1001" name="const_66">
<pin_list>
<pin id="67" dir="1" index="0" bw="1" slack="0"/>
</pin_list>
<bind>
<StgValue><ssdm name="dense_latency<ap_fixed<6, 4, 0, 0, 0>, ap_fixed<18, 14, 5, 3, 0>, config7>"/></StgValue>
</bind>
</comp>

<comp id="68" class="1001" name="const_68">
<pin_list>
<pin id="69" dir="1" index="0" bw="1" slack="2147483647"/>
</pin_list>
<bind>
<StgValue><ssdm name="_ssdm_op_SpecPipeline"/></StgValue>
</bind>
</comp>

<comp id="70" class="1001" name="const_70">
<pin_list>
<pin id="71" dir="1" index="0" bw="1" slack="2147483647"/>
</pin_list>
<bind>
<StgValue><ssdm name=""/></StgValue>
</bind>
</comp>

<comp id="72" class="1001" name="const_72">
<pin_list>
<pin id="73" dir="1" index="0" bw="1" slack="2147483647"/>
</pin_list>
<bind>
<StgValue><ssdm name=""/></StgValue>
</bind>
</comp>

<comp id="74" class="1001" name="const_74">
<pin_list>
<pin id="75" dir="1" index="0" bw="1" slack="2147483647"/>
</pin_list>
<bind>
<StgValue><ssdm name="empty_1"/></StgValue>
</bind>
</comp>

<comp id="76" class="1004" name="data_31_val32_read_read_fu_76">
<pin_list>
<pin id="77" dir="0" index="0" bw="6" slack="0"/>
<pin id="78" dir="0" index="1" bw="6" slack="0"/>
<pin id="79" dir="1" index="2" bw="6" slack="0"/>
</pin_list>
<bind>
<opcode="read(1150) " fcode="read"/>
<opset="data_31_val32_read/1 "/>
</bind>
</comp>

<comp id="82" class="1004" name="data_30_val31_read_read_fu_82">
<pin_list>
<pin id="83" dir="0" index="0" bw="6" slack="0"/>
<pin id="84" dir="0" index="1" bw="6" slack="0"/>
<pin id="85" dir="1" index="2" bw="6" slack="0"/>
</pin_list>
<bind>
<opcode="read(1150) " fcode="read"/>
<opset="data_30_val31_read/1 "/>
</bind>
</comp>

<comp id="88" class="1004" name="data_29_val30_read_read_fu_88">
<pin_list>
<pin id="89" dir="0" index="0" bw="6" slack="0"/>
<pin id="90" dir="0" index="1" bw="6" slack="0"/>
<pin id="91" dir="1" index="2" bw="6" slack="0"/>
</pin_list>
<bind>
<opcode="read(1150) " fcode="read"/>
<opset="data_29_val30_read/1 "/>
</bind>
</comp>

<comp id="94" class="1004" name="data_28_val29_read_read_fu_94">
<pin_list>
<pin id="95" dir="0" index="0" bw="6" slack="0"/>
<pin id="96" dir="0" index="1" bw="6" slack="0"/>
<pin id="97" dir="1" index="2" bw="6" slack="0"/>
</pin_list>
<bind>
<opcode="read(1150) " fcode="read"/>
<opset="data_28_val29_read/1 "/>
</bind>
</comp>

<comp id="100" class="1004" name="data_27_val28_read_read_fu_100">
<pin_list>
<pin id="101" dir="0" index="0" bw="6" slack="0"/>
<pin id="102" dir="0" index="1" bw="6" slack="0"/>
<pin id="103" dir="1" index="2" bw="6" slack="0"/>
</pin_list>
<bind>
<opcode="read(1150) " fcode="read"/>
<opset="data_27_val28_read/1 "/>
</bind>
</comp>

<comp id="106" class="1004" name="data_26_val27_read_read_fu_106">
<pin_list>
<pin id="107" dir="0" index="0" bw="6" slack="0"/>
<pin id="108" dir="0" index="1" bw="6" slack="0"/>
<pin id="109" dir="1" index="2" bw="6" slack="0"/>
</pin_list>
<bind>
<opcode="read(1150) " fcode="read"/>
<opset="data_26_val27_read/1 "/>
</bind>
</comp>

<comp id="112" class="1004" name="data_25_val26_read_read_fu_112">
<pin_list>
<pin id="113" dir="0" index="0" bw="6" slack="0"/>
<pin id="114" dir="0" index="1" bw="6" slack="0"/>
<pin id="115" dir="1" index="2" bw="6" slack="0"/>
</pin_list>
<bind>
<opcode="read(1150) " fcode="read"/>
<opset="data_25_val26_read/1 "/>
</bind>
</comp>

<comp id="118" class="1004" name="data_24_val25_read_read_fu_118">
<pin_list>
<pin id="119" dir="0" index="0" bw="6" slack="0"/>
<pin id="120" dir="0" index="1" bw="6" slack="0"/>
<pin id="121" dir="1" index="2" bw="6" slack="0"/>
</pin_list>
<bind>
<opcode="read(1150) " fcode="read"/>
<opset="data_24_val25_read/1 "/>
</bind>
</comp>

<comp id="124" class="1004" name="data_23_val24_read_read_fu_124">
<pin_list>
<pin id="125" dir="0" index="0" bw="6" slack="0"/>
<pin id="126" dir="0" index="1" bw="6" slack="0"/>
<pin id="127" dir="1" index="2" bw="6" slack="0"/>
</pin_list>
<bind>
<opcode="read(1150) " fcode="read"/>
<opset="data_23_val24_read/1 "/>
</bind>
</comp>

<comp id="130" class="1004" name="data_22_val23_read_read_fu_130">
<pin_list>
<pin id="131" dir="0" index="0" bw="6" slack="0"/>
<pin id="132" dir="0" index="1" bw="6" slack="0"/>
<pin id="133" dir="1" index="2" bw="6" slack="0"/>
</pin_list>
<bind>
<opcode="read(1150) " fcode="read"/>
<opset="data_22_val23_read/1 "/>
</bind>
</comp>

<comp id="136" class="1004" name="data_21_val22_read_read_fu_136">
<pin_list>
<pin id="137" dir="0" index="0" bw="6" slack="0"/>
<pin id="138" dir="0" index="1" bw="6" slack="0"/>
<pin id="139" dir="1" index="2" bw="6" slack="0"/>
</pin_list>
<bind>
<opcode="read(1150) " fcode="read"/>
<opset="data_21_val22_read/1 "/>
</bind>
</comp>

<comp id="142" class="1004" name="data_20_val21_read_read_fu_142">
<pin_list>
<pin id="143" dir="0" index="0" bw="6" slack="0"/>
<pin id="144" dir="0" index="1" bw="6" slack="0"/>
<pin id="145" dir="1" index="2" bw="6" slack="0"/>
</pin_list>
<bind>
<opcode="read(1150) " fcode="read"/>
<opset="data_20_val21_read/1 "/>
</bind>
</comp>

<comp id="148" class="1004" name="data_19_val20_read_read_fu_148">
<pin_list>
<pin id="149" dir="0" index="0" bw="6" slack="0"/>
<pin id="150" dir="0" index="1" bw="6" slack="0"/>
<pin id="151" dir="1" index="2" bw="6" slack="0"/>
</pin_list>
<bind>
<opcode="read(1150) " fcode="read"/>
<opset="data_19_val20_read/1 "/>
</bind>
</comp>

<comp id="154" class="1004" name="data_18_val19_read_read_fu_154">
<pin_list>
<pin id="155" dir="0" index="0" bw="6" slack="0"/>
<pin id="156" dir="0" index="1" bw="6" slack="0"/>
<pin id="157" dir="1" index="2" bw="6" slack="0"/>
</pin_list>
<bind>
<opcode="read(1150) " fcode="read"/>
<opset="data_18_val19_read/1 "/>
</bind>
</comp>

<comp id="160" class="1004" name="data_17_val18_read_read_fu_160">
<pin_list>
<pin id="161" dir="0" index="0" bw="6" slack="0"/>
<pin id="162" dir="0" index="1" bw="6" slack="0"/>
<pin id="163" dir="1" index="2" bw="6" slack="0"/>
</pin_list>
<bind>
<opcode="read(1150) " fcode="read"/>
<opset="data_17_val18_read/1 "/>
</bind>
</comp>

<comp id="166" class="1004" name="data_16_val17_read_read_fu_166">
<pin_list>
<pin id="167" dir="0" index="0" bw="6" slack="0"/>
<pin id="168" dir="0" index="1" bw="6" slack="0"/>
<pin id="169" dir="1" index="2" bw="6" slack="0"/>
</pin_list>
<bind>
<opcode="read(1150) " fcode="read"/>
<opset="data_16_val17_read/1 "/>
</bind>
</comp>

<comp id="172" class="1004" name="data_15_val16_read_read_fu_172">
<pin_list>
<pin id="173" dir="0" index="0" bw="6" slack="0"/>
<pin id="174" dir="0" index="1" bw="6" slack="0"/>
<pin id="175" dir="1" index="2" bw="6" slack="0"/>
</pin_list>
<bind>
<opcode="read(1150) " fcode="read"/>
<opset="data_15_val16_read/1 "/>
</bind>
</comp>

<comp id="178" class="1004" name="data_14_val15_read_read_fu_178">
<pin_list>
<pin id="179" dir="0" index="0" bw="6" slack="0"/>
<pin id="180" dir="0" index="1" bw="6" slack="0"/>
<pin id="181" dir="1" index="2" bw="6" slack="0"/>
</pin_list>
<bind>
<opcode="read(1150) " fcode="read"/>
<opset="data_14_val15_read/1 "/>
</bind>
</comp>

<comp id="184" class="1004" name="data_13_val14_read_read_fu_184">
<pin_list>
<pin id="185" dir="0" index="0" bw="6" slack="0"/>
<pin id="186" dir="0" index="1" bw="6" slack="0"/>
<pin id="187" dir="1" index="2" bw="6" slack="0"/>
</pin_list>
<bind>
<opcode="read(1150) " fcode="read"/>
<opset="data_13_val14_read/1 "/>
</bind>
</comp>

<comp id="190" class="1004" name="data_12_val13_read_read_fu_190">
<pin_list>
<pin id="191" dir="0" index="0" bw="6" slack="0"/>
<pin id="192" dir="0" index="1" bw="6" slack="0"/>
<pin id="193" dir="1" index="2" bw="6" slack="0"/>
</pin_list>
<bind>
<opcode="read(1150) " fcode="read"/>
<opset="data_12_val13_read/1 "/>
</bind>
</comp>

<comp id="196" class="1004" name="data_11_val12_read_read_fu_196">
<pin_list>
<pin id="197" dir="0" index="0" bw="6" slack="0"/>
<pin id="198" dir="0" index="1" bw="6" slack="0"/>
<pin id="199" dir="1" index="2" bw="6" slack="0"/>
</pin_list>
<bind>
<opcode="read(1150) " fcode="read"/>
<opset="data_11_val12_read/1 "/>
</bind>
</comp>

<comp id="202" class="1004" name="data_10_val11_read_read_fu_202">
<pin_list>
<pin id="203" dir="0" index="0" bw="6" slack="0"/>
<pin id="204" dir="0" index="1" bw="6" slack="0"/>
<pin id="205" dir="1" index="2" bw="6" slack="0"/>
</pin_list>
<bind>
<opcode="read(1150) " fcode="read"/>
<opset="data_10_val11_read/1 "/>
</bind>
</comp>

<comp id="208" class="1004" name="data_9_val10_read_read_fu_208">
<pin_list>
<pin id="209" dir="0" index="0" bw="6" slack="0"/>
<pin id="210" dir="0" index="1" bw="6" slack="0"/>
<pin id="211" dir="1" index="2" bw="6" slack="0"/>
</pin_list>
<bind>
<opcode="read(1150) " fcode="read"/>
<opset="data_9_val10_read/1 "/>
</bind>
</comp>

<comp id="214" class="1004" name="data_8_val9_read_read_fu_214">
<pin_list>
<pin id="215" dir="0" index="0" bw="6" slack="0"/>
<pin id="216" dir="0" index="1" bw="6" slack="0"/>
<pin id="217" dir="1" index="2" bw="6" slack="0"/>
</pin_list>
<bind>
<opcode="read(1150) " fcode="read"/>
<opset="data_8_val9_read/1 "/>
</bind>
</comp>

<comp id="220" class="1004" name="data_7_val8_read_read_fu_220">
<pin_list>
<pin id="221" dir="0" index="0" bw="6" slack="0"/>
<pin id="222" dir="0" index="1" bw="6" slack="0"/>
<pin id="223" dir="1" index="2" bw="6" slack="0"/>
</pin_list>
<bind>
<opcode="read(1150) " fcode="read"/>
<opset="data_7_val8_read/1 "/>
</bind>
</comp>

<comp id="226" class="1004" name="data_6_val7_read_read_fu_226">
<pin_list>
<pin id="227" dir="0" index="0" bw="6" slack="0"/>
<pin id="228" dir="0" index="1" bw="6" slack="0"/>
<pin id="229" dir="1" index="2" bw="6" slack="0"/>
</pin_list>
<bind>
<opcode="read(1150) " fcode="read"/>
<opset="data_6_val7_read/1 "/>
</bind>
</comp>

<comp id="232" class="1004" name="data_5_val6_read_read_fu_232">
<pin_list>
<pin id="233" dir="0" index="0" bw="6" slack="0"/>
<pin id="234" dir="0" index="1" bw="6" slack="0"/>
<pin id="235" dir="1" index="2" bw="6" slack="0"/>
</pin_list>
<bind>
<opcode="read(1150) " fcode="read"/>
<opset="data_5_val6_read/1 "/>
</bind>
</comp>

<comp id="238" class="1004" name="data_4_val5_read_read_fu_238">
<pin_list>
<pin id="239" dir="0" index="0" bw="6" slack="0"/>
<pin id="240" dir="0" index="1" bw="6" slack="0"/>
<pin id="241" dir="1" index="2" bw="6" slack="0"/>
</pin_list>
<bind>
<opcode="read(1150) " fcode="read"/>
<opset="data_4_val5_read/1 "/>
</bind>
</comp>

<comp id="244" class="1004" name="data_3_val4_read_read_fu_244">
<pin_list>
<pin id="245" dir="0" index="0" bw="6" slack="0"/>
<pin id="246" dir="0" index="1" bw="6" slack="0"/>
<pin id="247" dir="1" index="2" bw="6" slack="0"/>
</pin_list>
<bind>
<opcode="read(1150) " fcode="read"/>
<opset="data_3_val4_read/1 "/>
</bind>
</comp>

<comp id="250" class="1004" name="data_2_val3_read_read_fu_250">
<pin_list>
<pin id="251" dir="0" index="0" bw="6" slack="0"/>
<pin id="252" dir="0" index="1" bw="6" slack="0"/>
<pin id="253" dir="1" index="2" bw="6" slack="0"/>
</pin_list>
<bind>
<opcode="read(1150) " fcode="read"/>
<opset="data_2_val3_read/1 "/>
</bind>
</comp>

<comp id="256" class="1004" name="data_1_val2_read_read_fu_256">
<pin_list>
<pin id="257" dir="0" index="0" bw="6" slack="0"/>
<pin id="258" dir="0" index="1" bw="6" slack="0"/>
<pin id="259" dir="1" index="2" bw="6" slack="0"/>
</pin_list>
<bind>
<opcode="read(1150) " fcode="read"/>
<opset="data_1_val2_read/1 "/>
</bind>
</comp>

<comp id="262" class="1004" name="data_0_val1_read_read_fu_262">
<pin_list>
<pin id="263" dir="0" index="0" bw="6" slack="0"/>
<pin id="264" dir="0" index="1" bw="6" slack="0"/>
<pin id="265" dir="1" index="2" bw="6" slack="0"/>
</pin_list>
<bind>
<opcode="read(1150) " fcode="read"/>
<opset="data_0_val1_read/1 "/>
</bind>
</comp>

<comp id="268" class="1004" name="grp_dense_latency_ap_fixed_6_4_0_0_0_ap_fixed_18_14_5_3_0_config7_s_fu_268">
<pin_list>
<pin id="269" dir="0" index="0" bw="288" slack="0"/>
<pin id="270" dir="0" index="1" bw="6" slack="0"/>
<pin id="271" dir="0" index="2" bw="6" slack="0"/>
<pin id="272" dir="0" index="3" bw="6" slack="0"/>
<pin id="273" dir="0" index="4" bw="6" slack="0"/>
<pin id="274" dir="0" index="5" bw="6" slack="0"/>
<pin id="275" dir="0" index="6" bw="6" slack="0"/>
<pin id="276" dir="0" index="7" bw="6" slack="0"/>
<pin id="277" dir="0" index="8" bw="6" slack="0"/>
<pin id="278" dir="0" index="9" bw="6" slack="0"/>
<pin id="279" dir="0" index="10" bw="6" slack="0"/>
<pin id="280" dir="0" index="11" bw="6" slack="0"/>
<pin id="281" dir="0" index="12" bw="6" slack="0"/>
<pin id="282" dir="0" index="13" bw="6" slack="0"/>
<pin id="283" dir="0" index="14" bw="6" slack="0"/>
<pin id="284" dir="0" index="15" bw="6" slack="0"/>
<pin id="285" dir="0" index="16" bw="6" slack="0"/>
<pin id="286" dir="0" index="17" bw="6" slack="0"/>
<pin id="287" dir="0" index="18" bw="6" slack="0"/>
<pin id="288" dir="0" index="19" bw="6" slack="0"/>
<pin id="289" dir="0" index="20" bw="6" slack="0"/>
<pin id="290" dir="0" index="21" bw="6" slack="0"/>
<pin id="291" dir="0" index="22" bw="6" slack="0"/>
<pin id="292" dir="0" index="23" bw="6" slack="0"/>
<pin id="293" dir="0" index="24" bw="6" slack="0"/>
<pin id="294" dir="0" index="25" bw="6" slack="0"/>
<pin id="295" dir="0" index="26" bw="6" slack="0"/>
<pin id="296" dir="0" index="27" bw="6" slack="0"/>
<pin id="297" dir="0" index="28" bw="6" slack="0"/>
<pin id="298" dir="0" index="29" bw="6" slack="0"/>
<pin id="299" dir="0" index="30" bw="6" slack="0"/>
<pin id="300" dir="0" index="31" bw="6" slack="0"/>
<pin id="301" dir="0" index="32" bw="6" slack="0"/>
<pin id="302" dir="1" index="33" bw="288" slack="2147483647"/>
</pin_list>
<bind>
<opcode="call(48) " fcode="call"/>
<opset="call_ret/1 "/>
</bind>
</comp>

<comp id="336" class="1005" name="data_31_val32_read_reg_336">
<pin_list>
<pin id="337" dir="0" index="0" bw="6" slack="1"/>
<pin id="338" dir="1" index="1" bw="6" slack="1"/>
</pin_list>
<bind>
<opset="data_31_val32_read "/>
</bind>
</comp>

<comp id="341" class="1005" name="data_30_val31_read_reg_341">
<pin_list>
<pin id="342" dir="0" index="0" bw="6" slack="1"/>
<pin id="343" dir="1" index="1" bw="6" slack="1"/>
</pin_list>
<bind>
<opset="data_30_val31_read "/>
</bind>
</comp>

<comp id="346" class="1005" name="data_29_val30_read_reg_346">
<pin_list>
<pin id="347" dir="0" index="0" bw="6" slack="1"/>
<pin id="348" dir="1" index="1" bw="6" slack="1"/>
</pin_list>
<bind>
<opset="data_29_val30_read "/>
</bind>
</comp>

<comp id="351" class="1005" name="data_28_val29_read_reg_351">
<pin_list>
<pin id="352" dir="0" index="0" bw="6" slack="1"/>
<pin id="353" dir="1" index="1" bw="6" slack="1"/>
</pin_list>
<bind>
<opset="data_28_val29_read "/>
</bind>
</comp>

<comp id="356" class="1005" name="data_27_val28_read_reg_356">
<pin_list>
<pin id="357" dir="0" index="0" bw="6" slack="1"/>
<pin id="358" dir="1" index="1" bw="6" slack="1"/>
</pin_list>
<bind>
<opset="data_27_val28_read "/>
</bind>
</comp>

<comp id="361" class="1005" name="data_26_val27_read_reg_361">
<pin_list>
<pin id="362" dir="0" index="0" bw="6" slack="1"/>
<pin id="363" dir="1" index="1" bw="6" slack="1"/>
</pin_list>
<bind>
<opset="data_26_val27_read "/>
</bind>
</comp>

<comp id="366" class="1005" name="data_25_val26_read_reg_366">
<pin_list>
<pin id="367" dir="0" index="0" bw="6" slack="1"/>
<pin id="368" dir="1" index="1" bw="6" slack="1"/>
</pin_list>
<bind>
<opset="data_25_val26_read "/>
</bind>
</comp>

<comp id="371" class="1005" name="data_24_val25_read_reg_371">
<pin_list>
<pin id="372" dir="0" index="0" bw="6" slack="1"/>
<pin id="373" dir="1" index="1" bw="6" slack="1"/>
</pin_list>
<bind>
<opset="data_24_val25_read "/>
</bind>
</comp>

<comp id="376" class="1005" name="data_23_val24_read_reg_376">
<pin_list>
<pin id="377" dir="0" index="0" bw="6" slack="1"/>
<pin id="378" dir="1" index="1" bw="6" slack="1"/>
</pin_list>
<bind>
<opset="data_23_val24_read "/>
</bind>
</comp>

<comp id="381" class="1005" name="data_22_val23_read_reg_381">
<pin_list>
<pin id="382" dir="0" index="0" bw="6" slack="1"/>
<pin id="383" dir="1" index="1" bw="6" slack="1"/>
</pin_list>
<bind>
<opset="data_22_val23_read "/>
</bind>
</comp>

<comp id="386" class="1005" name="data_21_val22_read_reg_386">
<pin_list>
<pin id="387" dir="0" index="0" bw="6" slack="1"/>
<pin id="388" dir="1" index="1" bw="6" slack="1"/>
</pin_list>
<bind>
<opset="data_21_val22_read "/>
</bind>
</comp>

<comp id="391" class="1005" name="data_20_val21_read_reg_391">
<pin_list>
<pin id="392" dir="0" index="0" bw="6" slack="1"/>
<pin id="393" dir="1" index="1" bw="6" slack="1"/>
</pin_list>
<bind>
<opset="data_20_val21_read "/>
</bind>
</comp>

<comp id="396" class="1005" name="data_19_val20_read_reg_396">
<pin_list>
<pin id="397" dir="0" index="0" bw="6" slack="1"/>
<pin id="398" dir="1" index="1" bw="6" slack="1"/>
</pin_list>
<bind>
<opset="data_19_val20_read "/>
</bind>
</comp>

<comp id="401" class="1005" name="data_18_val19_read_reg_401">
<pin_list>
<pin id="402" dir="0" index="0" bw="6" slack="1"/>
<pin id="403" dir="1" index="1" bw="6" slack="1"/>
</pin_list>
<bind>
<opset="data_18_val19_read "/>
</bind>
</comp>

<comp id="406" class="1005" name="data_17_val18_read_reg_406">
<pin_list>
<pin id="407" dir="0" index="0" bw="6" slack="1"/>
<pin id="408" dir="1" index="1" bw="6" slack="1"/>
</pin_list>
<bind>
<opset="data_17_val18_read "/>
</bind>
</comp>

<comp id="411" class="1005" name="data_16_val17_read_reg_411">
<pin_list>
<pin id="412" dir="0" index="0" bw="6" slack="1"/>
<pin id="413" dir="1" index="1" bw="6" slack="1"/>
</pin_list>
<bind>
<opset="data_16_val17_read "/>
</bind>
</comp>

<comp id="416" class="1005" name="data_15_val16_read_reg_416">
<pin_list>
<pin id="417" dir="0" index="0" bw="6" slack="1"/>
<pin id="418" dir="1" index="1" bw="6" slack="1"/>
</pin_list>
<bind>
<opset="data_15_val16_read "/>
</bind>
</comp>

<comp id="421" class="1005" name="data_14_val15_read_reg_421">
<pin_list>
<pin id="422" dir="0" index="0" bw="6" slack="1"/>
<pin id="423" dir="1" index="1" bw="6" slack="1"/>
</pin_list>
<bind>
<opset="data_14_val15_read "/>
</bind>
</comp>

<comp id="426" class="1005" name="data_13_val14_read_reg_426">
<pin_list>
<pin id="427" dir="0" index="0" bw="6" slack="1"/>
<pin id="428" dir="1" index="1" bw="6" slack="1"/>
</pin_list>
<bind>
<opset="data_13_val14_read "/>
</bind>
</comp>

<comp id="431" class="1005" name="data_12_val13_read_reg_431">
<pin_list>
<pin id="432" dir="0" index="0" bw="6" slack="1"/>
<pin id="433" dir="1" index="1" bw="6" slack="1"/>
</pin_list>
<bind>
<opset="data_12_val13_read "/>
</bind>
</comp>

<comp id="436" class="1005" name="data_11_val12_read_reg_436">
<pin_list>
<pin id="437" dir="0" index="0" bw="6" slack="1"/>
<pin id="438" dir="1" index="1" bw="6" slack="1"/>
</pin_list>
<bind>
<opset="data_11_val12_read "/>
</bind>
</comp>

<comp id="441" class="1005" name="data_10_val11_read_reg_441">
<pin_list>
<pin id="442" dir="0" index="0" bw="6" slack="1"/>
<pin id="443" dir="1" index="1" bw="6" slack="1"/>
</pin_list>
<bind>
<opset="data_10_val11_read "/>
</bind>
</comp>

<comp id="446" class="1005" name="data_9_val10_read_reg_446">
<pin_list>
<pin id="447" dir="0" index="0" bw="6" slack="1"/>
<pin id="448" dir="1" index="1" bw="6" slack="1"/>
</pin_list>
<bind>
<opset="data_9_val10_read "/>
</bind>
</comp>

<comp id="451" class="1005" name="data_8_val9_read_reg_451">
<pin_list>
<pin id="452" dir="0" index="0" bw="6" slack="1"/>
<pin id="453" dir="1" index="1" bw="6" slack="1"/>
</pin_list>
<bind>
<opset="data_8_val9_read "/>
</bind>
</comp>

<comp id="456" class="1005" name="data_7_val8_read_reg_456">
<pin_list>
<pin id="457" dir="0" index="0" bw="6" slack="1"/>
<pin id="458" dir="1" index="1" bw="6" slack="1"/>
</pin_list>
<bind>
<opset="data_7_val8_read "/>
</bind>
</comp>

<comp id="461" class="1005" name="data_6_val7_read_reg_461">
<pin_list>
<pin id="462" dir="0" index="0" bw="6" slack="1"/>
<pin id="463" dir="1" index="1" bw="6" slack="1"/>
</pin_list>
<bind>
<opset="data_6_val7_read "/>
</bind>
</comp>

<comp id="466" class="1005" name="data_5_val6_read_reg_466">
<pin_list>
<pin id="467" dir="0" index="0" bw="6" slack="1"/>
<pin id="468" dir="1" index="1" bw="6" slack="1"/>
</pin_list>
<bind>
<opset="data_5_val6_read "/>
</bind>
</comp>

<comp id="471" class="1005" name="data_4_val5_read_reg_471">
<pin_list>
<pin id="472" dir="0" index="0" bw="6" slack="1"/>
<pin id="473" dir="1" index="1" bw="6" slack="1"/>
</pin_list>
<bind>
<opset="data_4_val5_read "/>
</bind>
</comp>

<comp id="476" class="1005" name="data_3_val4_read_reg_476">
<pin_list>
<pin id="477" dir="0" index="0" bw="6" slack="1"/>
<pin id="478" dir="1" index="1" bw="6" slack="1"/>
</pin_list>
<bind>
<opset="data_3_val4_read "/>
</bind>
</comp>

<comp id="481" class="1005" name="data_2_val3_read_reg_481">
<pin_list>
<pin id="482" dir="0" index="0" bw="6" slack="1"/>
<pin id="483" dir="1" index="1" bw="6" slack="1"/>
</pin_list>
<bind>
<opset="data_2_val3_read "/>
</bind>
</comp>

<comp id="486" class="1005" name="data_1_val2_read_reg_486">
<pin_list>
<pin id="487" dir="0" index="0" bw="6" slack="1"/>
<pin id="488" dir="1" index="1" bw="6" slack="1"/>
</pin_list>
<bind>
<opset="data_1_val2_read "/>
</bind>
</comp>

<comp id="491" class="1005" name="data_0_val1_read_reg_491">
<pin_list>
<pin id="492" dir="0" index="0" bw="6" slack="1"/>
<pin id="493" dir="1" index="1" bw="6" slack="1"/>
</pin_list>
<bind>
<opset="data_0_val1_read "/>
</bind>
</comp>

</comp_list>

<net_list>
<net id="80"><net_src comp="64" pin="0"/><net_sink comp="76" pin=0"/></net>

<net id="81"><net_src comp="62" pin="0"/><net_sink comp="76" pin=1"/></net>

<net id="86"><net_src comp="64" pin="0"/><net_sink comp="82" pin=0"/></net>

<net id="87"><net_src comp="60" pin="0"/><net_sink comp="82" pin=1"/></net>

<net id="92"><net_src comp="64" pin="0"/><net_sink comp="88" pin=0"/></net>

<net id="93"><net_src comp="58" pin="0"/><net_sink comp="88" pin=1"/></net>

<net id="98"><net_src comp="64" pin="0"/><net_sink comp="94" pin=0"/></net>

<net id="99"><net_src comp="56" pin="0"/><net_sink comp="94" pin=1"/></net>

<net id="104"><net_src comp="64" pin="0"/><net_sink comp="100" pin=0"/></net>

<net id="105"><net_src comp="54" pin="0"/><net_sink comp="100" pin=1"/></net>

<net id="110"><net_src comp="64" pin="0"/><net_sink comp="106" pin=0"/></net>

<net id="111"><net_src comp="52" pin="0"/><net_sink comp="106" pin=1"/></net>

<net id="116"><net_src comp="64" pin="0"/><net_sink comp="112" pin=0"/></net>

<net id="117"><net_src comp="50" pin="0"/><net_sink comp="112" pin=1"/></net>

<net id="122"><net_src comp="64" pin="0"/><net_sink comp="118" pin=0"/></net>

<net id="123"><net_src comp="48" pin="0"/><net_sink comp="118" pin=1"/></net>

<net id="128"><net_src comp="64" pin="0"/><net_sink comp="124" pin=0"/></net>

<net id="129"><net_src comp="46" pin="0"/><net_sink comp="124" pin=1"/></net>

<net id="134"><net_src comp="64" pin="0"/><net_sink comp="130" pin=0"/></net>

<net id="135"><net_src comp="44" pin="0"/><net_sink comp="130" pin=1"/></net>

<net id="140"><net_src comp="64" pin="0"/><net_sink comp="136" pin=0"/></net>

<net id="141"><net_src comp="42" pin="0"/><net_sink comp="136" pin=1"/></net>

<net id="146"><net_src comp="64" pin="0"/><net_sink comp="142" pin=0"/></net>

<net id="147"><net_src comp="40" pin="0"/><net_sink comp="142" pin=1"/></net>

<net id="152"><net_src comp="64" pin="0"/><net_sink comp="148" pin=0"/></net>

<net id="153"><net_src comp="38" pin="0"/><net_sink comp="148" pin=1"/></net>

<net id="158"><net_src comp="64" pin="0"/><net_sink comp="154" pin=0"/></net>

<net id="159"><net_src comp="36" pin="0"/><net_sink comp="154" pin=1"/></net>

<net id="164"><net_src comp="64" pin="0"/><net_sink comp="160" pin=0"/></net>

<net id="165"><net_src comp="34" pin="0"/><net_sink comp="160" pin=1"/></net>

<net id="170"><net_src comp="64" pin="0"/><net_sink comp="166" pin=0"/></net>

<net id="171"><net_src comp="32" pin="0"/><net_sink comp="166" pin=1"/></net>

<net id="176"><net_src comp="64" pin="0"/><net_sink comp="172" pin=0"/></net>

<net id="177"><net_src comp="30" pin="0"/><net_sink comp="172" pin=1"/></net>

<net id="182"><net_src comp="64" pin="0"/><net_sink comp="178" pin=0"/></net>

<net id="183"><net_src comp="28" pin="0"/><net_sink comp="178" pin=1"/></net>

<net id="188"><net_src comp="64" pin="0"/><net_sink comp="184" pin=0"/></net>

<net id="189"><net_src comp="26" pin="0"/><net_sink comp="184" pin=1"/></net>

<net id="194"><net_src comp="64" pin="0"/><net_sink comp="190" pin=0"/></net>

<net id="195"><net_src comp="24" pin="0"/><net_sink comp="190" pin=1"/></net>

<net id="200"><net_src comp="64" pin="0"/><net_sink comp="196" pin=0"/></net>

<net id="201"><net_src comp="22" pin="0"/><net_sink comp="196" pin=1"/></net>

<net id="206"><net_src comp="64" pin="0"/><net_sink comp="202" pin=0"/></net>

<net id="207"><net_src comp="20" pin="0"/><net_sink comp="202" pin=1"/></net>

<net id="212"><net_src comp="64" pin="0"/><net_sink comp="208" pin=0"/></net>

<net id="213"><net_src comp="18" pin="0"/><net_sink comp="208" pin=1"/></net>

<net id="218"><net_src comp="64" pin="0"/><net_sink comp="214" pin=0"/></net>

<net id="219"><net_src comp="16" pin="0"/><net_sink comp="214" pin=1"/></net>

<net id="224"><net_src comp="64" pin="0"/><net_sink comp="220" pin=0"/></net>

<net id="225"><net_src comp="14" pin="0"/><net_sink comp="220" pin=1"/></net>

<net id="230"><net_src comp="64" pin="0"/><net_sink comp="226" pin=0"/></net>

<net id="231"><net_src comp="12" pin="0"/><net_sink comp="226" pin=1"/></net>

<net id="236"><net_src comp="64" pin="0"/><net_sink comp="232" pin=0"/></net>

<net id="237"><net_src comp="10" pin="0"/><net_sink comp="232" pin=1"/></net>

<net id="242"><net_src comp="64" pin="0"/><net_sink comp="238" pin=0"/></net>

<net id="243"><net_src comp="8" pin="0"/><net_sink comp="238" pin=1"/></net>

<net id="248"><net_src comp="64" pin="0"/><net_sink comp="244" pin=0"/></net>

<net id="249"><net_src comp="6" pin="0"/><net_sink comp="244" pin=1"/></net>

<net id="254"><net_src comp="64" pin="0"/><net_sink comp="250" pin=0"/></net>

<net id="255"><net_src comp="4" pin="0"/><net_sink comp="250" pin=1"/></net>

<net id="260"><net_src comp="64" pin="0"/><net_sink comp="256" pin=0"/></net>

<net id="261"><net_src comp="2" pin="0"/><net_sink comp="256" pin=1"/></net>

<net id="266"><net_src comp="64" pin="0"/><net_sink comp="262" pin=0"/></net>

<net id="267"><net_src comp="0" pin="0"/><net_sink comp="262" pin=1"/></net>

<net id="303"><net_src comp="66" pin="0"/><net_sink comp="268" pin=0"/></net>

<net id="304"><net_src comp="262" pin="2"/><net_sink comp="268" pin=1"/></net>

<net id="305"><net_src comp="256" pin="2"/><net_sink comp="268" pin=2"/></net>

<net id="306"><net_src comp="250" pin="2"/><net_sink comp="268" pin=3"/></net>

<net id="307"><net_src comp="244" pin="2"/><net_sink comp="268" pin=4"/></net>

<net id="308"><net_src comp="238" pin="2"/><net_sink comp="268" pin=5"/></net>

<net id="309"><net_src comp="232" pin="2"/><net_sink comp="268" pin=6"/></net>

<net id="310"><net_src comp="226" pin="2"/><net_sink comp="268" pin=7"/></net>

<net id="311"><net_src comp="220" pin="2"/><net_sink comp="268" pin=8"/></net>

<net id="312"><net_src comp="214" pin="2"/><net_sink comp="268" pin=9"/></net>

<net id="313"><net_src comp="208" pin="2"/><net_sink comp="268" pin=10"/></net>

<net id="314"><net_src comp="202" pin="2"/><net_sink comp="268" pin=11"/></net>

<net id="315"><net_src comp="196" pin="2"/><net_sink comp="268" pin=12"/></net>

<net id="316"><net_src comp="190" pin="2"/><net_sink comp="268" pin=13"/></net>

<net id="317"><net_src comp="184" pin="2"/><net_sink comp="268" pin=14"/></net>

<net id="318"><net_src comp="178" pin="2"/><net_sink comp="268" pin=15"/></net>

<net id="319"><net_src comp="172" pin="2"/><net_sink comp="268" pin=16"/></net>

<net id="320"><net_src comp="166" pin="2"/><net_sink comp="268" pin=17"/></net>

<net id="321"><net_src comp="160" pin="2"/><net_sink comp="268" pin=18"/></net>

<net id="322"><net_src comp="154" pin="2"/><net_sink comp="268" pin=19"/></net>

<net id="323"><net_src comp="148" pin="2"/><net_sink comp="268" pin=20"/></net>

<net id="324"><net_src comp="142" pin="2"/><net_sink comp="268" pin=21"/></net>

<net id="325"><net_src comp="136" pin="2"/><net_sink comp="268" pin=22"/></net>

<net id="326"><net_src comp="130" pin="2"/><net_sink comp="268" pin=23"/></net>

<net id="327"><net_src comp="124" pin="2"/><net_sink comp="268" pin=24"/></net>

<net id="328"><net_src comp="118" pin="2"/><net_sink comp="268" pin=25"/></net>

<net id="329"><net_src comp="112" pin="2"/><net_sink comp="268" pin=26"/></net>

<net id="330"><net_src comp="106" pin="2"/><net_sink comp="268" pin=27"/></net>

<net id="331"><net_src comp="100" pin="2"/><net_sink comp="268" pin=28"/></net>

<net id="332"><net_src comp="94" pin="2"/><net_sink comp="268" pin=29"/></net>

<net id="333"><net_src comp="88" pin="2"/><net_sink comp="268" pin=30"/></net>

<net id="334"><net_src comp="82" pin="2"/><net_sink comp="268" pin=31"/></net>

<net id="335"><net_src comp="76" pin="2"/><net_sink comp="268" pin=32"/></net>

<net id="339"><net_src comp="76" pin="2"/><net_sink comp="336" pin=0"/></net>

<net id="340"><net_src comp="336" pin="1"/><net_sink comp="268" pin=32"/></net>

<net id="344"><net_src comp="82" pin="2"/><net_sink comp="341" pin=0"/></net>

<net id="345"><net_src comp="341" pin="1"/><net_sink comp="268" pin=31"/></net>

<net id="349"><net_src comp="88" pin="2"/><net_sink comp="346" pin=0"/></net>

<net id="350"><net_src comp="346" pin="1"/><net_sink comp="268" pin=30"/></net>

<net id="354"><net_src comp="94" pin="2"/><net_sink comp="351" pin=0"/></net>

<net id="355"><net_src comp="351" pin="1"/><net_sink comp="268" pin=29"/></net>

<net id="359"><net_src comp="100" pin="2"/><net_sink comp="356" pin=0"/></net>

<net id="360"><net_src comp="356" pin="1"/><net_sink comp="268" pin=28"/></net>

<net id="364"><net_src comp="106" pin="2"/><net_sink comp="361" pin=0"/></net>

<net id="365"><net_src comp="361" pin="1"/><net_sink comp="268" pin=27"/></net>

<net id="369"><net_src comp="112" pin="2"/><net_sink comp="366" pin=0"/></net>

<net id="370"><net_src comp="366" pin="1"/><net_sink comp="268" pin=26"/></net>

<net id="374"><net_src comp="118" pin="2"/><net_sink comp="371" pin=0"/></net>

<net id="375"><net_src comp="371" pin="1"/><net_sink comp="268" pin=25"/></net>

<net id="379"><net_src comp="124" pin="2"/><net_sink comp="376" pin=0"/></net>

<net id="380"><net_src comp="376" pin="1"/><net_sink comp="268" pin=24"/></net>

<net id="384"><net_src comp="130" pin="2"/><net_sink comp="381" pin=0"/></net>

<net id="385"><net_src comp="381" pin="1"/><net_sink comp="268" pin=23"/></net>

<net id="389"><net_src comp="136" pin="2"/><net_sink comp="386" pin=0"/></net>

<net id="390"><net_src comp="386" pin="1"/><net_sink comp="268" pin=22"/></net>

<net id="394"><net_src comp="142" pin="2"/><net_sink comp="391" pin=0"/></net>

<net id="395"><net_src comp="391" pin="1"/><net_sink comp="268" pin=21"/></net>

<net id="399"><net_src comp="148" pin="2"/><net_sink comp="396" pin=0"/></net>

<net id="400"><net_src comp="396" pin="1"/><net_sink comp="268" pin=20"/></net>

<net id="404"><net_src comp="154" pin="2"/><net_sink comp="401" pin=0"/></net>

<net id="405"><net_src comp="401" pin="1"/><net_sink comp="268" pin=19"/></net>

<net id="409"><net_src comp="160" pin="2"/><net_sink comp="406" pin=0"/></net>

<net id="410"><net_src comp="406" pin="1"/><net_sink comp="268" pin=18"/></net>

<net id="414"><net_src comp="166" pin="2"/><net_sink comp="411" pin=0"/></net>

<net id="415"><net_src comp="411" pin="1"/><net_sink comp="268" pin=17"/></net>

<net id="419"><net_src comp="172" pin="2"/><net_sink comp="416" pin=0"/></net>

<net id="420"><net_src comp="416" pin="1"/><net_sink comp="268" pin=16"/></net>

<net id="424"><net_src comp="178" pin="2"/><net_sink comp="421" pin=0"/></net>

<net id="425"><net_src comp="421" pin="1"/><net_sink comp="268" pin=15"/></net>

<net id="429"><net_src comp="184" pin="2"/><net_sink comp="426" pin=0"/></net>

<net id="430"><net_src comp="426" pin="1"/><net_sink comp="268" pin=14"/></net>

<net id="434"><net_src comp="190" pin="2"/><net_sink comp="431" pin=0"/></net>

<net id="435"><net_src comp="431" pin="1"/><net_sink comp="268" pin=13"/></net>

<net id="439"><net_src comp="196" pin="2"/><net_sink comp="436" pin=0"/></net>

<net id="440"><net_src comp="436" pin="1"/><net_sink comp="268" pin=12"/></net>

<net id="444"><net_src comp="202" pin="2"/><net_sink comp="441" pin=0"/></net>

<net id="445"><net_src comp="441" pin="1"/><net_sink comp="268" pin=11"/></net>

<net id="449"><net_src comp="208" pin="2"/><net_sink comp="446" pin=0"/></net>

<net id="450"><net_src comp="446" pin="1"/><net_sink comp="268" pin=10"/></net>

<net id="454"><net_src comp="214" pin="2"/><net_sink comp="451" pin=0"/></net>

<net id="455"><net_src comp="451" pin="1"/><net_sink comp="268" pin=9"/></net>

<net id="459"><net_src comp="220" pin="2"/><net_sink comp="456" pin=0"/></net>

<net id="460"><net_src comp="456" pin="1"/><net_sink comp="268" pin=8"/></net>

<net id="464"><net_src comp="226" pin="2"/><net_sink comp="461" pin=0"/></net>

<net id="465"><net_src comp="461" pin="1"/><net_sink comp="268" pin=7"/></net>

<net id="469"><net_src comp="232" pin="2"/><net_sink comp="466" pin=0"/></net>

<net id="470"><net_src comp="466" pin="1"/><net_sink comp="268" pin=6"/></net>

<net id="474"><net_src comp="238" pin="2"/><net_sink comp="471" pin=0"/></net>

<net id="475"><net_src comp="471" pin="1"/><net_sink comp="268" pin=5"/></net>

<net id="479"><net_src comp="244" pin="2"/><net_sink comp="476" pin=0"/></net>

<net id="480"><net_src comp="476" pin="1"/><net_sink comp="268" pin=4"/></net>

<net id="484"><net_src comp="250" pin="2"/><net_sink comp="481" pin=0"/></net>

<net id="485"><net_src comp="481" pin="1"/><net_sink comp="268" pin=3"/></net>

<net id="489"><net_src comp="256" pin="2"/><net_sink comp="486" pin=0"/></net>

<net id="490"><net_src comp="486" pin="1"/><net_sink comp="268" pin=2"/></net>

<net id="494"><net_src comp="262" pin="2"/><net_sink comp="491" pin=0"/></net>

<net id="495"><net_src comp="491" pin="1"/><net_sink comp="268" pin=1"/></net>

</net_list>

</model> 
---------------- Datapath Model END ------------------

* FSMD analyzer results:
  - Output states:
 - Input state : 
	Port: dense_latency_wrapper<ap_fixed,ap_fixed<18,14,5,3,0>,config7> : data_0_val1 | {1 }
	Port: dense_latency_wrapper<ap_fixed,ap_fixed<18,14,5,3,0>,config7> : data_1_val2 | {1 }
	Port: dense_latency_wrapper<ap_fixed,ap_fixed<18,14,5,3,0>,config7> : data_2_val3 | {1 }
	Port: dense_latency_wrapper<ap_fixed,ap_fixed<18,14,5,3,0>,config7> : data_3_val4 | {1 }
	Port: dense_latency_wrapper<ap_fixed,ap_fixed<18,14,5,3,0>,config7> : data_4_val5 | {1 }
	Port: dense_latency_wrapper<ap_fixed,ap_fixed<18,14,5,3,0>,config7> : data_5_val6 | {1 }
	Port: dense_latency_wrapper<ap_fixed,ap_fixed<18,14,5,3,0>,config7> : data_6_val7 | {1 }
	Port: dense_latency_wrapper<ap_fixed,ap_fixed<18,14,5,3,0>,config7> : data_7_val8 | {1 }
	Port: dense_latency_wrapper<ap_fixed,ap_fixed<18,14,5,3,0>,config7> : data_8_val9 | {1 }
	Port: dense_latency_wrapper<ap_fixed,ap_fixed<18,14,5,3,0>,config7> : data_9_val10 | {1 }
	Port: dense_latency_wrapper<ap_fixed,ap_fixed<18,14,5,3,0>,config7> : data_10_val11 | {1 }
	Port: dense_latency_wrapper<ap_fixed,ap_fixed<18,14,5,3,0>,config7> : data_11_val12 | {1 }
	Port: dense_latency_wrapper<ap_fixed,ap_fixed<18,14,5,3,0>,config7> : data_12_val13 | {1 }
	Port: dense_latency_wrapper<ap_fixed,ap_fixed<18,14,5,3,0>,config7> : data_13_val14 | {1 }
	Port: dense_latency_wrapper<ap_fixed,ap_fixed<18,14,5,3,0>,config7> : data_14_val15 | {1 }
	Port: dense_latency_wrapper<ap_fixed,ap_fixed<18,14,5,3,0>,config7> : data_15_val16 | {1 }
	Port: dense_latency_wrapper<ap_fixed,ap_fixed<18,14,5,3,0>,config7> : data_16_val17 | {1 }
	Port: dense_latency_wrapper<ap_fixed,ap_fixed<18,14,5,3,0>,config7> : data_17_val18 | {1 }
	Port: dense_latency_wrapper<ap_fixed,ap_fixed<18,14,5,3,0>,config7> : data_18_val19 | {1 }
	Port: dense_latency_wrapper<ap_fixed,ap_fixed<18,14,5,3,0>,config7> : data_19_val20 | {1 }
	Port: dense_latency_wrapper<ap_fixed,ap_fixed<18,14,5,3,0>,config7> : data_20_val21 | {1 }
	Port: dense_latency_wrapper<ap_fixed,ap_fixed<18,14,5,3,0>,config7> : data_21_val22 | {1 }
	Port: dense_latency_wrapper<ap_fixed,ap_fixed<18,14,5,3,0>,config7> : data_22_val23 | {1 }
	Port: dense_latency_wrapper<ap_fixed,ap_fixed<18,14,5,3,0>,config7> : data_23_val24 | {1 }
	Port: dense_latency_wrapper<ap_fixed,ap_fixed<18,14,5,3,0>,config7> : data_24_val25 | {1 }
	Port: dense_latency_wrapper<ap_fixed,ap_fixed<18,14,5,3,0>,config7> : data_25_val26 | {1 }
	Port: dense_latency_wrapper<ap_fixed,ap_fixed<18,14,5,3,0>,config7> : data_26_val27 | {1 }
	Port: dense_latency_wrapper<ap_fixed,ap_fixed<18,14,5,3,0>,config7> : data_27_val28 | {1 }
	Port: dense_latency_wrapper<ap_fixed,ap_fixed<18,14,5,3,0>,config7> : data_28_val29 | {1 }
	Port: dense_latency_wrapper<ap_fixed,ap_fixed<18,14,5,3,0>,config7> : data_29_val30 | {1 }
	Port: dense_latency_wrapper<ap_fixed,ap_fixed<18,14,5,3,0>,config7> : data_30_val31 | {1 }
	Port: dense_latency_wrapper<ap_fixed,ap_fixed<18,14,5,3,0>,config7> : data_31_val32 | {1 }
  - Chain level:
	State 1
	State 2
		ret_ln18 : 1


============================================================
+ Verbose Summary: Datapath Resource usage 
============================================================

* Functional unit list:
|----------|----------------------------------------------------------------------------|---------|---------|
| Operation|                               Functional Unit                              |    FF   |   LUT   |
|----------|----------------------------------------------------------------------------|---------|---------|
|   call   | grp_dense_latency_ap_fixed_6_4_0_0_0_ap_fixed_18_14_5_3_0_config7_s_fu_268 |   428   |   4452  |
|----------|----------------------------------------------------------------------------|---------|---------|
|          |                        data_31_val32_read_read_fu_76                       |    0    |    0    |
|          |                        data_30_val31_read_read_fu_82                       |    0    |    0    |
|          |                        data_29_val30_read_read_fu_88                       |    0    |    0    |
|          |                        data_28_val29_read_read_fu_94                       |    0    |    0    |
|          |                       data_27_val28_read_read_fu_100                       |    0    |    0    |
|          |                       data_26_val27_read_read_fu_106                       |    0    |    0    |
|          |                       data_25_val26_read_read_fu_112                       |    0    |    0    |
|          |                       data_24_val25_read_read_fu_118                       |    0    |    0    |
|          |                       data_23_val24_read_read_fu_124                       |    0    |    0    |
|          |                       data_22_val23_read_read_fu_130                       |    0    |    0    |
|          |                       data_21_val22_read_read_fu_136                       |    0    |    0    |
|          |                       data_20_val21_read_read_fu_142                       |    0    |    0    |
|          |                       data_19_val20_read_read_fu_148                       |    0    |    0    |
|          |                       data_18_val19_read_read_fu_154                       |    0    |    0    |
|          |                       data_17_val18_read_read_fu_160                       |    0    |    0    |
|   read   |                       data_16_val17_read_read_fu_166                       |    0    |    0    |
|          |                       data_15_val16_read_read_fu_172                       |    0    |    0    |
|          |                       data_14_val15_read_read_fu_178                       |    0    |    0    |
|          |                       data_13_val14_read_read_fu_184                       |    0    |    0    |
|          |                       data_12_val13_read_read_fu_190                       |    0    |    0    |
|          |                       data_11_val12_read_read_fu_196                       |    0    |    0    |
|          |                       data_10_val11_read_read_fu_202                       |    0    |    0    |
|          |                        data_9_val10_read_read_fu_208                       |    0    |    0    |
|          |                        data_8_val9_read_read_fu_214                        |    0    |    0    |
|          |                        data_7_val8_read_read_fu_220                        |    0    |    0    |
|          |                        data_6_val7_read_read_fu_226                        |    0    |    0    |
|          |                        data_5_val6_read_read_fu_232                        |    0    |    0    |
|          |                        data_4_val5_read_read_fu_238                        |    0    |    0    |
|          |                        data_3_val4_read_read_fu_244                        |    0    |    0    |
|          |                        data_2_val3_read_read_fu_250                        |    0    |    0    |
|          |                        data_1_val2_read_read_fu_256                        |    0    |    0    |
|          |                        data_0_val1_read_read_fu_262                        |    0    |    0    |
|----------|----------------------------------------------------------------------------|---------|---------|
|   Total  |                                                                            |   428   |   4452  |
|----------|----------------------------------------------------------------------------|---------|---------|

Memories:
N/A

* Register list:
+--------------------------+--------+
|                          |   FF   |
+--------------------------+--------+
| data_0_val1_read_reg_491 |    6   |
|data_10_val11_read_reg_441|    6   |
|data_11_val12_read_reg_436|    6   |
|data_12_val13_read_reg_431|    6   |
|data_13_val14_read_reg_426|    6   |
|data_14_val15_read_reg_421|    6   |
|data_15_val16_read_reg_416|    6   |
|data_16_val17_read_reg_411|    6   |
|data_17_val18_read_reg_406|    6   |
|data_18_val19_read_reg_401|    6   |
|data_19_val20_read_reg_396|    6   |
| data_1_val2_read_reg_486 |    6   |
|data_20_val21_read_reg_391|    6   |
|data_21_val22_read_reg_386|    6   |
|data_22_val23_read_reg_381|    6   |
|data_23_val24_read_reg_376|    6   |
|data_24_val25_read_reg_371|    6   |
|data_25_val26_read_reg_366|    6   |
|data_26_val27_read_reg_361|    6   |
|data_27_val28_read_reg_356|    6   |
|data_28_val29_read_reg_351|    6   |
|data_29_val30_read_reg_346|    6   |
| data_2_val3_read_reg_481 |    6   |
|data_30_val31_read_reg_341|    6   |
|data_31_val32_read_reg_336|    6   |
| data_3_val4_read_reg_476 |    6   |
| data_4_val5_read_reg_471 |    6   |
| data_5_val6_read_reg_466 |    6   |
| data_6_val7_read_reg_461 |    6   |
| data_7_val8_read_reg_456 |    6   |
| data_8_val9_read_reg_451 |    6   |
| data_9_val10_read_reg_446|    6   |
+--------------------------+--------+
|           Total          |   192  |
+--------------------------+--------+

* Multiplexer (MUX) list: 
|----------------------------------------------------------------------------|------|------|------|--------||---------||---------||---------|
|                                    Comp                                    |  Pin | Size |  BW  | S x BW ||  Delay  ||    FF   ||   LUT   |
|----------------------------------------------------------------------------|------|------|------|--------||---------||---------||---------|
| grp_dense_latency_ap_fixed_6_4_0_0_0_ap_fixed_18_14_5_3_0_config7_s_fu_268 |  p1  |   2  |   6  |   12   ||    0    ||    9    |
| grp_dense_latency_ap_fixed_6_4_0_0_0_ap_fixed_18_14_5_3_0_config7_s_fu_268 |  p2  |   2  |   6  |   12   ||    0    ||    9    |
| grp_dense_latency_ap_fixed_6_4_0_0_0_ap_fixed_18_14_5_3_0_config7_s_fu_268 |  p3  |   2  |   6  |   12   ||    0    ||    9    |
| grp_dense_latency_ap_fixed_6_4_0_0_0_ap_fixed_18_14_5_3_0_config7_s_fu_268 |  p4  |   2  |   6  |   12   ||    0    ||    9    |
| grp_dense_latency_ap_fixed_6_4_0_0_0_ap_fixed_18_14_5_3_0_config7_s_fu_268 |  p5  |   2  |   6  |   12   ||    0    ||    9    |
| grp_dense_latency_ap_fixed_6_4_0_0_0_ap_fixed_18_14_5_3_0_config7_s_fu_268 |  p6  |   2  |   6  |   12   ||    0    ||    9    |
| grp_dense_latency_ap_fixed_6_4_0_0_0_ap_fixed_18_14_5_3_0_config7_s_fu_268 |  p7  |   2  |   6  |   12   ||    0    ||    9    |
| grp_dense_latency_ap_fixed_6_4_0_0_0_ap_fixed_18_14_5_3_0_config7_s_fu_268 |  p8  |   2  |   6  |   12   ||    0    ||    9    |
| grp_dense_latency_ap_fixed_6_4_0_0_0_ap_fixed_18_14_5_3_0_config7_s_fu_268 |  p9  |   2  |   6  |   12   ||    0    ||    9    |
| grp_dense_latency_ap_fixed_6_4_0_0_0_ap_fixed_18_14_5_3_0_config7_s_fu_268 |  p10 |   2  |   6  |   12   ||    0    ||    9    |
| grp_dense_latency_ap_fixed_6_4_0_0_0_ap_fixed_18_14_5_3_0_config7_s_fu_268 |  p11 |   2  |   6  |   12   ||    0    ||    9    |
| grp_dense_latency_ap_fixed_6_4_0_0_0_ap_fixed_18_14_5_3_0_config7_s_fu_268 |  p12 |   2  |   6  |   12   ||    0    ||    9    |
| grp_dense_latency_ap_fixed_6_4_0_0_0_ap_fixed_18_14_5_3_0_config7_s_fu_268 |  p13 |   2  |   6  |   12   ||    0    ||    9    |
| grp_dense_latency_ap_fixed_6_4_0_0_0_ap_fixed_18_14_5_3_0_config7_s_fu_268 |  p14 |   2  |   6  |   12   ||    0    ||    9    |
| grp_dense_latency_ap_fixed_6_4_0_0_0_ap_fixed_18_14_5_3_0_config7_s_fu_268 |  p15 |   2  |   6  |   12   ||    0    ||    9    |
| grp_dense_latency_ap_fixed_6_4_0_0_0_ap_fixed_18_14_5_3_0_config7_s_fu_268 |  p16 |   2  |   6  |   12   ||    0    ||    9    |
| grp_dense_latency_ap_fixed_6_4_0_0_0_ap_fixed_18_14_5_3_0_config7_s_fu_268 |  p17 |   2  |   6  |   12   ||    0    ||    9    |
| grp_dense_latency_ap_fixed_6_4_0_0_0_ap_fixed_18_14_5_3_0_config7_s_fu_268 |  p18 |   2  |   6  |   12   ||    0    ||    9    |
| grp_dense_latency_ap_fixed_6_4_0_0_0_ap_fixed_18_14_5_3_0_config7_s_fu_268 |  p19 |   2  |   6  |   12   ||    0    ||    9    |
| grp_dense_latency_ap_fixed_6_4_0_0_0_ap_fixed_18_14_5_3_0_config7_s_fu_268 |  p20 |   2  |   6  |   12   ||    0    ||    9    |
| grp_dense_latency_ap_fixed_6_4_0_0_0_ap_fixed_18_14_5_3_0_config7_s_fu_268 |  p21 |   2  |   6  |   12   ||    0    ||    9    |
| grp_dense_latency_ap_fixed_6_4_0_0_0_ap_fixed_18_14_5_3_0_config7_s_fu_268 |  p22 |   2  |   6  |   12   ||    0    ||    9    |
| grp_dense_latency_ap_fixed_6_4_0_0_0_ap_fixed_18_14_5_3_0_config7_s_fu_268 |  p23 |   2  |   6  |   12   ||    0    ||    9    |
| grp_dense_latency_ap_fixed_6_4_0_0_0_ap_fixed_18_14_5_3_0_config7_s_fu_268 |  p24 |   2  |   6  |   12   ||    0    ||    9    |
| grp_dense_latency_ap_fixed_6_4_0_0_0_ap_fixed_18_14_5_3_0_config7_s_fu_268 |  p25 |   2  |   6  |   12   ||    0    ||    9    |
| grp_dense_latency_ap_fixed_6_4_0_0_0_ap_fixed_18_14_5_3_0_config7_s_fu_268 |  p26 |   2  |   6  |   12   ||    0    ||    9    |
| grp_dense_latency_ap_fixed_6_4_0_0_0_ap_fixed_18_14_5_3_0_config7_s_fu_268 |  p27 |   2  |   6  |   12   ||    0    ||    9    |
| grp_dense_latency_ap_fixed_6_4_0_0_0_ap_fixed_18_14_5_3_0_config7_s_fu_268 |  p28 |   2  |   6  |   12   ||    0    ||    9    |
| grp_dense_latency_ap_fixed_6_4_0_0_0_ap_fixed_18_14_5_3_0_config7_s_fu_268 |  p29 |   2  |   6  |   12   ||    0    ||    9    |
| grp_dense_latency_ap_fixed_6_4_0_0_0_ap_fixed_18_14_5_3_0_config7_s_fu_268 |  p30 |   2  |   6  |   12   ||    0    ||    9    |
| grp_dense_latency_ap_fixed_6_4_0_0_0_ap_fixed_18_14_5_3_0_config7_s_fu_268 |  p31 |   2  |   6  |   12   ||    0    ||    9    |
| grp_dense_latency_ap_fixed_6_4_0_0_0_ap_fixed_18_14_5_3_0_config7_s_fu_268 |  p32 |   2  |   6  |   12   ||    0    ||    9    |
|----------------------------------------------------------------------------|------|------|------|--------||---------||---------||---------|
|                                    Total                                   |      |      |      |   384  ||  50.816 ||    0    ||   288   |
|----------------------------------------------------------------------------|------|------|------|--------||---------||---------||---------|



* Summary:
+-----------+--------+--------+--------+
|           |  Delay |   FF   |   LUT  |
+-----------+--------+--------+--------+
|  Function |    -   |   428  |  4452  |
|   Memory  |    -   |    -   |    -   |
|Multiplexer|   50   |    0   |   288  |
|  Register |    -   |   192  |    -   |
+-----------+--------+--------+--------+
|   Total   |   50   |   620  |  4740  |
+-----------+--------+--------+--------+
