

================================================================
== Vitis HLS Report for 'dense_array_ap_fixed_16u_array_ap_fixed_25_13_5_3_0_4u_config9_s'
================================================================
* Date:           Fri May 15 14:04:25 2026

* Version:        2024.2 (Build 5238294 on Nov  8 2024)
* Project:        wedrowiec_hls_prj
* Solution:       solution1 (Vivado IP Flow Target)
* Product family: zynq
* Target device:  xc7z020-clg400-1


================================================================
== Performance Estimates
================================================================
+ Timing: 
    * Summary: 
    +--------+----------+-----------+------------+
    |  Clock |  Target  | Estimated | Uncertainty|
    +--------+----------+-----------+------------+
    |ap_clk  |  20.00 ns|  14.362 ns|     2.50 ns|
    +--------+----------+-----------+------------+

+ Latency: 
    * Summary: 
    +---------+---------+----------+----------+-----+-----+---------+
    |  Latency (cycles) |  Latency (absolute) |  Interval | Pipeline|
    |   min   |   max   |    min   |    max   | min | max |   Type  |
    +---------+---------+----------+----------+-----+-----+---------+
    |       66|       67|  1.320 us|  1.340 us|   66|   67|       no|
    +---------+---------+----------+----------+-----+-----+---------+

    + Detail: 
        * Instance: 
        +----------------------------------------------------------------------------------+-----------------------------------------------------------------------+---------+---------+----------+----------+-----+-----+-------------------------------------------+
        |                                                                                  |                                                                       |  Latency (cycles) |  Latency (absolute) |  Interval |                  Pipeline                 |
        |                                     Instance                                     |                                 Module                                |   min   |   max   |    min   |    max   | min | max |                    Type                   |
        +----------------------------------------------------------------------------------+-----------------------------------------------------------------------+---------+---------+----------+----------+-----+-----+-------------------------------------------+
        |grp_dense_resource_rf_gt_nin_rem0_ap_fixed_ap_fixed_25_13_5_3_0_config9_s_fu_101  |dense_resource_rf_gt_nin_rem0_ap_fixed_ap_fixed_25_13_5_3_0_config9_s  |       64|       65|  1.280 us|  1.300 us|   64|   64|  loop rewind stp (delay=0 clock cycles(s))|
        +----------------------------------------------------------------------------------+-----------------------------------------------------------------------+---------+---------+----------+----------+-----+-----+-------------------------------------------+

        * Loop: 
        N/A

============================================================
+ Verbose Summary: Synthesis Manager
============================================================
InlineROM: 1
ExposeGlobal: 0
============================================================
+ Verbose Summary: CDFG Model
============================================================
IsTopModel: 0
ResetActiveHigh: 1
IsCombinational: 2
IsDatapathOnly: 0
HasWiredReturn: 1
HasMFsm: 0
HasVarLatency: 1
IsPipeline: 0
IsRtlPipelined: 0
IsInstanceOverlapped: 0
IsDontTouch: 0
HasImplIP: 0
IsGatedGlobalClock: 0


============================================================
+ Verbose Summary: Schedule
============================================================
* Number of FSM states : 3
* Pipeline : 0
* Dataflow Pipeline: 0

* FSM state transitions: 
1 --> 2 
2 --> 3 
3 --> 

* FSM state operations: 

State 1 <SV = 0> <Delay = 3.63>
ST_1 : Operation 4 [1/1] ( I:3.63ns O:3.63ns )   --->   "%layer8_out_read = read i160 @_ssdm_op_Read.ap_fifo.volatile.i160P0A, i160 %layer8_out" [firmware/nnet_utils/nnet_dense_stream.h:38]   --->   Operation 4 'read' 'layer8_out_read' <Predicate = true> <Delay = 3.63> <CoreInst = "FIFO_SRL">   --->   Core 80 'FIFO_SRL' <Latency = 0> <II = 1> <Delay = 3.63> <Storage> <Opcode : 'read' 'write' 'nbread' 'nbwrite'> <Ports = 0> <Width = 160> <Depth = 1> <FIFO>
ST_1 : Operation 5 [1/1] (0.00ns)   --->   "%data = trunc i160 %layer8_out_read" [firmware/nnet_utils/nnet_dense_stream.h:38]   --->   Operation 5 'trunc' 'data' <Predicate = true> <Delay = 0.00>
ST_1 : Operation 6 [1/1] (0.00ns)   --->   "%data_75 = partselect i10 @_ssdm_op_PartSelect.i10.i160.i32.i32, i160 %layer8_out_read, i32 10, i32 19" [firmware/nnet_utils/nnet_dense_stream.h:38]   --->   Operation 6 'partselect' 'data_75' <Predicate = true> <Delay = 0.00>
ST_1 : Operation 7 [1/1] (0.00ns)   --->   "%data_61 = partselect i10 @_ssdm_op_PartSelect.i10.i160.i32.i32, i160 %layer8_out_read, i32 20, i32 29" [firmware/nnet_utils/nnet_dense_stream.h:38]   --->   Operation 7 'partselect' 'data_61' <Predicate = true> <Delay = 0.00>
ST_1 : Operation 8 [1/1] (0.00ns)   --->   "%data_62 = partselect i10 @_ssdm_op_PartSelect.i10.i160.i32.i32, i160 %layer8_out_read, i32 30, i32 39" [firmware/nnet_utils/nnet_dense_stream.h:38]   --->   Operation 8 'partselect' 'data_62' <Predicate = true> <Delay = 0.00>
ST_1 : Operation 9 [1/1] (0.00ns)   --->   "%data_63 = partselect i10 @_ssdm_op_PartSelect.i10.i160.i32.i32, i160 %layer8_out_read, i32 40, i32 49" [firmware/nnet_utils/nnet_dense_stream.h:38]   --->   Operation 9 'partselect' 'data_63' <Predicate = true> <Delay = 0.00>
ST_1 : Operation 10 [1/1] (0.00ns)   --->   "%data_64 = partselect i10 @_ssdm_op_PartSelect.i10.i160.i32.i32, i160 %layer8_out_read, i32 50, i32 59" [firmware/nnet_utils/nnet_dense_stream.h:38]   --->   Operation 10 'partselect' 'data_64' <Predicate = true> <Delay = 0.00>
ST_1 : Operation 11 [1/1] (0.00ns)   --->   "%data_65 = partselect i10 @_ssdm_op_PartSelect.i10.i160.i32.i32, i160 %layer8_out_read, i32 60, i32 69" [firmware/nnet_utils/nnet_dense_stream.h:38]   --->   Operation 11 'partselect' 'data_65' <Predicate = true> <Delay = 0.00>
ST_1 : Operation 12 [1/1] (0.00ns)   --->   "%data_66 = partselect i10 @_ssdm_op_PartSelect.i10.i160.i32.i32, i160 %layer8_out_read, i32 70, i32 79" [firmware/nnet_utils/nnet_dense_stream.h:38]   --->   Operation 12 'partselect' 'data_66' <Predicate = true> <Delay = 0.00>
ST_1 : Operation 13 [1/1] (0.00ns)   --->   "%data_67 = partselect i10 @_ssdm_op_PartSelect.i10.i160.i32.i32, i160 %layer8_out_read, i32 80, i32 89" [firmware/nnet_utils/nnet_dense_stream.h:38]   --->   Operation 13 'partselect' 'data_67' <Predicate = true> <Delay = 0.00>
ST_1 : Operation 14 [1/1] (0.00ns)   --->   "%data_68 = partselect i10 @_ssdm_op_PartSelect.i10.i160.i32.i32, i160 %layer8_out_read, i32 90, i32 99" [firmware/nnet_utils/nnet_dense_stream.h:38]   --->   Operation 14 'partselect' 'data_68' <Predicate = true> <Delay = 0.00>
ST_1 : Operation 15 [1/1] (0.00ns)   --->   "%data_69 = partselect i10 @_ssdm_op_PartSelect.i10.i160.i32.i32, i160 %layer8_out_read, i32 100, i32 109" [firmware/nnet_utils/nnet_dense_stream.h:38]   --->   Operation 15 'partselect' 'data_69' <Predicate = true> <Delay = 0.00>
ST_1 : Operation 16 [1/1] (0.00ns)   --->   "%data_70 = partselect i10 @_ssdm_op_PartSelect.i10.i160.i32.i32, i160 %layer8_out_read, i32 110, i32 119" [firmware/nnet_utils/nnet_dense_stream.h:38]   --->   Operation 16 'partselect' 'data_70' <Predicate = true> <Delay = 0.00>
ST_1 : Operation 17 [1/1] (0.00ns)   --->   "%data_71 = partselect i10 @_ssdm_op_PartSelect.i10.i160.i32.i32, i160 %layer8_out_read, i32 120, i32 129" [firmware/nnet_utils/nnet_dense_stream.h:38]   --->   Operation 17 'partselect' 'data_71' <Predicate = true> <Delay = 0.00>
ST_1 : Operation 18 [1/1] (0.00ns)   --->   "%data_72 = partselect i10 @_ssdm_op_PartSelect.i10.i160.i32.i32, i160 %layer8_out_read, i32 130, i32 139" [firmware/nnet_utils/nnet_dense_stream.h:38]   --->   Operation 18 'partselect' 'data_72' <Predicate = true> <Delay = 0.00>
ST_1 : Operation 19 [1/1] (0.00ns)   --->   "%data_73 = partselect i10 @_ssdm_op_PartSelect.i10.i160.i32.i32, i160 %layer8_out_read, i32 140, i32 149" [firmware/nnet_utils/nnet_dense_stream.h:38]   --->   Operation 19 'partselect' 'data_73' <Predicate = true> <Delay = 0.00>
ST_1 : Operation 20 [1/1] (0.00ns)   --->   "%data_74 = partselect i10 @_ssdm_op_PartSelect.i10.i160.i32.i32, i160 %layer8_out_read, i32 150, i32 159" [firmware/nnet_utils/nnet_dense_stream.h:38]   --->   Operation 20 'partselect' 'data_74' <Predicate = true> <Delay = 0.00>
ST_1 : Operation 21 [2/2] (0.00ns)   --->   "%call_ret = call i100 @dense_resource_rf_gt_nin_rem0<ap_fixed,ap_fixed<25,13,5,3,0>,config9>, i10 %data, i10 %data_75, i10 %data_61, i10 %data_62, i10 %data_63, i10 %data_64, i10 %data_65, i10 %data_66, i10 %data_67, i10 %data_68, i10 %data_69, i10 %data_70, i10 %data_71, i10 %data_72, i10 %data_73, i10 %data_74, i2 %outidx_27, i7 %w9" [firmware/nnet_utils/nnet_dense.h:76->firmware/nnet_utils/nnet_dense_stream.h:20->firmware/nnet_utils/nnet_dense_stream.h:46]   --->   Operation 21 'call' 'call_ret' <Predicate = true> <Delay = 0.00> <CoreType = "Generic">   --->   Generic Core

State 2 <SV = 1> <Delay = 14.3>
ST_2 : Operation 22 [1/2] (14.3ns)   --->   "%call_ret = call i100 @dense_resource_rf_gt_nin_rem0<ap_fixed,ap_fixed<25,13,5,3,0>,config9>, i10 %data, i10 %data_75, i10 %data_61, i10 %data_62, i10 %data_63, i10 %data_64, i10 %data_65, i10 %data_66, i10 %data_67, i10 %data_68, i10 %data_69, i10 %data_70, i10 %data_71, i10 %data_72, i10 %data_73, i10 %data_74, i2 %outidx_27, i7 %w9" [firmware/nnet_utils/nnet_dense.h:76->firmware/nnet_utils/nnet_dense_stream.h:20->firmware/nnet_utils/nnet_dense_stream.h:46]   --->   Operation 22 'call' 'call_ret' <Predicate = true> <Delay = 14.3> <CoreType = "Generic">   --->   Generic Core
ST_2 : Operation 23 [1/1] (0.00ns)   --->   "%res = extractvalue i100 %call_ret" [firmware/nnet_utils/nnet_dense.h:76->firmware/nnet_utils/nnet_dense_stream.h:20->firmware/nnet_utils/nnet_dense_stream.h:46]   --->   Operation 23 'extractvalue' 'res' <Predicate = true> <Delay = 0.00>
ST_2 : Operation 24 [1/1] (0.00ns)   --->   "%res_1 = extractvalue i100 %call_ret" [firmware/nnet_utils/nnet_dense.h:76->firmware/nnet_utils/nnet_dense_stream.h:20->firmware/nnet_utils/nnet_dense_stream.h:46]   --->   Operation 24 'extractvalue' 'res_1' <Predicate = true> <Delay = 0.00>
ST_2 : Operation 25 [1/1] (0.00ns)   --->   "%res_2 = extractvalue i100 %call_ret" [firmware/nnet_utils/nnet_dense.h:76->firmware/nnet_utils/nnet_dense_stream.h:20->firmware/nnet_utils/nnet_dense_stream.h:46]   --->   Operation 25 'extractvalue' 'res_2' <Predicate = true> <Delay = 0.00>
ST_2 : Operation 26 [1/1] (0.00ns)   --->   "%res_3 = extractvalue i100 %call_ret" [firmware/nnet_utils/nnet_dense.h:76->firmware/nnet_utils/nnet_dense_stream.h:20->firmware/nnet_utils/nnet_dense_stream.h:46]   --->   Operation 26 'extractvalue' 'res_3' <Predicate = true> <Delay = 0.00>

State 3 <SV = 2> <Delay = 3.63>
ST_3 : Operation 27 [1/1] (0.00ns)   --->   "%specinterface_ln0 = specinterface void @_ssdm_op_SpecInterface, i160 %layer8_out, void @empty_2, i32 0, i32 0, void @empty_1, i32 0, i32 0, void @empty_1, void @empty_1, void @empty_1, i32 0, i32 0, i32 0, i32 0, void @empty_1, void @empty_1, i32 4294967295, i32 0, i32 0"   --->   Operation 27 'specinterface' 'specinterface_ln0' <Predicate = true> <Delay = 0.00>
ST_3 : Operation 28 [1/1] (0.00ns)   --->   "%specinterface_ln0 = specinterface void @_ssdm_op_SpecInterface, i100 %out_local, void @empty_2, i32 0, i32 0, void @empty_1, i32 0, i32 0, void @empty_1, void @empty_1, void @empty_1, i32 0, i32 0, i32 0, i32 0, void @empty_1, void @empty_1, i32 4294967295, i32 0, i32 0"   --->   Operation 28 'specinterface' 'specinterface_ln0' <Predicate = true> <Delay = 0.00>
ST_3 : Operation 29 [1/1] (0.00ns)   --->   "%p_0 = bitconcatenate i100 @_ssdm_op_BitConcatenate.i100.i25.i25.i25.i25, i25 %res_3, i25 %res_2, i25 %res_1, i25 %res" [firmware/nnet_utils/nnet_dense_stream.h:60]   --->   Operation 29 'bitconcatenate' 'p_0' <Predicate = true> <Delay = 0.00>
ST_3 : Operation 30 [1/1] ( I:3.63ns O:3.63ns )   --->   "%write_ln60 = write void @_ssdm_op_Write.ap_fifo.volatile.i100P0A, i100 %out_local, i100 %p_0" [firmware/nnet_utils/nnet_dense_stream.h:60]   --->   Operation 30 'write' 'write_ln60' <Predicate = true> <Delay = 3.63> <CoreInst = "FIFO_SRL">   --->   Core 80 'FIFO_SRL' <Latency = 0> <II = 1> <Delay = 3.63> <Storage> <Opcode : 'read' 'write' 'nbread' 'nbwrite'> <Ports = 0> <Width = 100> <Depth = 1> <FIFO>
ST_3 : Operation 31 [1/1] (0.00ns)   --->   "%ret_ln62 = ret" [firmware/nnet_utils/nnet_dense_stream.h:62]   --->   Operation 31 'ret' 'ret_ln62' <Predicate = true> <Delay = 0.00>


============================================================
+ Verbose Summary: Binding
============================================================
STG Binding: 
---------------- STG Properties BEGIN ----------------
- Is combinational: 0
- Is one-state seq: 0
- Is datapath-only: 0
- Is pipelined: 0
- Is top level: 0
Port [ Return ] is wired: 1; IO mode=ap_ctrl_hs:ce=0
Port [ layer8_out]:  wired=1; compound=1; hidden=0; nouse=0; global=0; static=0; extern=0; dir=0; type=3; pingpong=0; private_global=0; IO mode=ap_fifo:ce=0
Port [ out_local]:  wired=1; compound=1; hidden=0; nouse=0; global=0; static=0; extern=0; dir=1; type=3; pingpong=0; private_global=0; IO mode=ap_fifo:ce=0
Port [ outidx_27]:  wired=0; compound=1; hidden=1; nouse=1; global=1; static=1; extern=0; dir=0; type=1; pingpong=0; private_global=0; MemPort=[1]; IO mode=ap_memory:ce=0
Port [ w9]:  wired=0; compound=1; hidden=1; nouse=1; global=1; static=1; extern=0; dir=0; type=1; pingpong=0; private_global=0; MemPort=[1]; IO mode=ap_memory:ce=0
---------------- STG Properties END ------------------

---------------- Datapath Model BEGIN ----------------

<LifeTime>
<method=bitvector/>
layer8_out_read   (read          ) [ 0000]
data              (trunc         ) [ 0010]
data_75           (partselect    ) [ 0010]
data_61           (partselect    ) [ 0010]
data_62           (partselect    ) [ 0010]
data_63           (partselect    ) [ 0010]
data_64           (partselect    ) [ 0010]
data_65           (partselect    ) [ 0010]
data_66           (partselect    ) [ 0010]
data_67           (partselect    ) [ 0010]
data_68           (partselect    ) [ 0010]
data_69           (partselect    ) [ 0010]
data_70           (partselect    ) [ 0010]
data_71           (partselect    ) [ 0010]
data_72           (partselect    ) [ 0010]
data_73           (partselect    ) [ 0010]
data_74           (partselect    ) [ 0010]
call_ret          (call          ) [ 0000]
res               (extractvalue  ) [ 0001]
res_1             (extractvalue  ) [ 0001]
res_2             (extractvalue  ) [ 0001]
res_3             (extractvalue  ) [ 0001]
specinterface_ln0 (specinterface ) [ 0000]
specinterface_ln0 (specinterface ) [ 0000]
p_0               (bitconcatenate) [ 0000]
write_ln60        (write         ) [ 0000]
ret_ln62          (ret           ) [ 0000]
</LifeTime>

<model>

<comp_list>
<comp id="0" class="1000" name="layer8_out">
<pin_list>
<pin id="1" dir="1" index="0" bw="1" slack="0"/>
</pin_list>
<bind>
<StgValue><ssdm name="layer8_out"/></StgValue>
</bind>
</comp>

<comp id="2" class="1000" name="out_local">
<pin_list>
<pin id="3" dir="1" index="0" bw="1" slack="0"/>
</pin_list>
<bind>
<StgValue><ssdm name="out_local"/></StgValue>
</bind>
</comp>

<comp id="4" class="1000" name="outidx_27">
<pin_list>
<pin id="5" dir="1" index="0" bw="1" slack="0"/>
</pin_list>
<bind>
<StgValue><ssdm name="outidx_27"/><MemPortTyVec>1 </MemPortTyVec>
</StgValue>
</bind>
</comp>

<comp id="6" class="1000" name="w9">
<pin_list>
<pin id="7" dir="1" index="0" bw="1" slack="0"/>
</pin_list>
<bind>
<StgValue><ssdm name="w9"/><MemPortTyVec>1 </MemPortTyVec>
</StgValue>
</bind>
</comp>

<comp id="8" class="1001" name="const_8">
<pin_list>
<pin id="9" dir="1" index="0" bw="1" slack="0"/>
</pin_list>
<bind>
<StgValue><ssdm name="_ssdm_op_Read.ap_fifo.volatile.i160P0A"/></StgValue>
</bind>
</comp>

<comp id="10" class="1001" name="const_10">
<pin_list>
<pin id="11" dir="1" index="0" bw="1" slack="0"/>
</pin_list>
<bind>
<StgValue><ssdm name="_ssdm_op_PartSelect.i10.i160.i32.i32"/></StgValue>
</bind>
</comp>

<comp id="12" class="1001" name="const_12">
<pin_list>
<pin id="13" dir="1" index="0" bw="1" slack="0"/>
</pin_list>
<bind>
<StgValue><ssdm name=""/></StgValue>
</bind>
</comp>

<comp id="14" class="1001" name="const_14">
<pin_list>
<pin id="15" dir="1" index="0" bw="1" slack="0"/>
</pin_list>
<bind>
<StgValue><ssdm name=""/></StgValue>
</bind>
</comp>

<comp id="16" class="1001" name="const_16">
<pin_list>
<pin id="17" dir="1" index="0" bw="1" slack="0"/>
</pin_list>
<bind>
<StgValue><ssdm name=""/></StgValue>
</bind>
</comp>

<comp id="18" class="1001" name="const_18">
<pin_list>
<pin id="19" dir="1" index="0" bw="1" slack="0"/>
</pin_list>
<bind>
<StgValue><ssdm name=""/></StgValue>
</bind>
</comp>

<comp id="20" class="1001" name="const_20">
<pin_list>
<pin id="21" dir="1" index="0" bw="1" slack="0"/>
</pin_list>
<bind>
<StgValue><ssdm name=""/></StgValue>
</bind>
</comp>

<comp id="22" class="1001" name="const_22">
<pin_list>
<pin id="23" dir="1" index="0" bw="1" slack="0"/>
</pin_list>
<bind>
<StgValue><ssdm name=""/></StgValue>
</bind>
</comp>

<comp id="24" class="1001" name="const_24">
<pin_list>
<pin id="25" dir="1" index="0" bw="1" slack="0"/>
</pin_list>
<bind>
<StgValue><ssdm name=""/></StgValue>
</bind>
</comp>

<comp id="26" class="1001" name="const_26">
<pin_list>
<pin id="27" dir="1" index="0" bw="1" slack="0"/>
</pin_list>
<bind>
<StgValue><ssdm name=""/></StgValue>
</bind>
</comp>

<comp id="28" class="1001" name="const_28">
<pin_list>
<pin id="29" dir="1" index="0" bw="1" slack="0"/>
</pin_list>
<bind>
<StgValue><ssdm name=""/></StgValue>
</bind>
</comp>

<comp id="30" class="1001" name="const_30">
<pin_list>
<pin id="31" dir="1" index="0" bw="1" slack="0"/>
</pin_list>
<bind>
<StgValue><ssdm name=""/></StgValue>
</bind>
</comp>

<comp id="32" class="1001" name="const_32">
<pin_list>
<pin id="33" dir="1" index="0" bw="1" slack="0"/>
</pin_list>
<bind>
<StgValue><ssdm name=""/></StgValue>
</bind>
</comp>

<comp id="34" class="1001" name="const_34">
<pin_list>
<pin id="35" dir="1" index="0" bw="1" slack="0"/>
</pin_list>
<bind>
<StgValue><ssdm name=""/></StgValue>
</bind>
</comp>

<comp id="36" class="1001" name="const_36">
<pin_list>
<pin id="37" dir="1" index="0" bw="1" slack="0"/>
</pin_list>
<bind>
<StgValue><ssdm name=""/></StgValue>
</bind>
</comp>

<comp id="38" class="1001" name="const_38">
<pin_list>
<pin id="39" dir="1" index="0" bw="1" slack="0"/>
</pin_list>
<bind>
<StgValue><ssdm name=""/></StgValue>
</bind>
</comp>

<comp id="40" class="1001" name="const_40">
<pin_list>
<pin id="41" dir="1" index="0" bw="1" slack="0"/>
</pin_list>
<bind>
<StgValue><ssdm name=""/></StgValue>
</bind>
</comp>

<comp id="42" class="1001" name="const_42">
<pin_list>
<pin id="43" dir="1" index="0" bw="1" slack="0"/>
</pin_list>
<bind>
<StgValue><ssdm name=""/></StgValue>
</bind>
</comp>

<comp id="44" class="1001" name="const_44">
<pin_list>
<pin id="45" dir="1" index="0" bw="1" slack="0"/>
</pin_list>
<bind>
<StgValue><ssdm name=""/></StgValue>
</bind>
</comp>

<comp id="46" class="1001" name="const_46">
<pin_list>
<pin id="47" dir="1" index="0" bw="1" slack="0"/>
</pin_list>
<bind>
<StgValue><ssdm name=""/></StgValue>
</bind>
</comp>

<comp id="48" class="1001" name="const_48">
<pin_list>
<pin id="49" dir="1" index="0" bw="1" slack="0"/>
</pin_list>
<bind>
<StgValue><ssdm name=""/></StgValue>
</bind>
</comp>

<comp id="50" class="1001" name="const_50">
<pin_list>
<pin id="51" dir="1" index="0" bw="1" slack="0"/>
</pin_list>
<bind>
<StgValue><ssdm name=""/></StgValue>
</bind>
</comp>

<comp id="52" class="1001" name="const_52">
<pin_list>
<pin id="53" dir="1" index="0" bw="1" slack="0"/>
</pin_list>
<bind>
<StgValue><ssdm name=""/></StgValue>
</bind>
</comp>

<comp id="54" class="1001" name="const_54">
<pin_list>
<pin id="55" dir="1" index="0" bw="1" slack="0"/>
</pin_list>
<bind>
<StgValue><ssdm name=""/></StgValue>
</bind>
</comp>

<comp id="56" class="1001" name="const_56">
<pin_list>
<pin id="57" dir="1" index="0" bw="1" slack="0"/>
</pin_list>
<bind>
<StgValue><ssdm name=""/></StgValue>
</bind>
</comp>

<comp id="58" class="1001" name="const_58">
<pin_list>
<pin id="59" dir="1" index="0" bw="1" slack="0"/>
</pin_list>
<bind>
<StgValue><ssdm name=""/></StgValue>
</bind>
</comp>

<comp id="60" class="1001" name="const_60">
<pin_list>
<pin id="61" dir="1" index="0" bw="1" slack="0"/>
</pin_list>
<bind>
<StgValue><ssdm name=""/></StgValue>
</bind>
</comp>

<comp id="62" class="1001" name="const_62">
<pin_list>
<pin id="63" dir="1" index="0" bw="1" slack="0"/>
</pin_list>
<bind>
<StgValue><ssdm name=""/></StgValue>
</bind>
</comp>

<comp id="64" class="1001" name="const_64">
<pin_list>
<pin id="65" dir="1" index="0" bw="1" slack="0"/>
</pin_list>
<bind>
<StgValue><ssdm name=""/></StgValue>
</bind>
</comp>

<comp id="66" class="1001" name="const_66">
<pin_list>
<pin id="67" dir="1" index="0" bw="1" slack="0"/>
</pin_list>
<bind>
<StgValue><ssdm name=""/></StgValue>
</bind>
</comp>

<comp id="68" class="1001" name="const_68">
<pin_list>
<pin id="69" dir="1" index="0" bw="1" slack="0"/>
</pin_list>
<bind>
<StgValue><ssdm name=""/></StgValue>
</bind>
</comp>

<comp id="70" class="1001" name="const_70">
<pin_list>
<pin id="71" dir="1" index="0" bw="1" slack="0"/>
</pin_list>
<bind>
<StgValue><ssdm name=""/></StgValue>
</bind>
</comp>

<comp id="72" class="1001" name="const_72">
<pin_list>
<pin id="73" dir="1" index="0" bw="1" slack="0"/>
</pin_list>
<bind>
<StgValue><ssdm name="dense_resource_rf_gt_nin_rem0<ap_fixed,ap_fixed<25,13,5,3,0>,config9>"/></StgValue>
</bind>
</comp>

<comp id="74" class="1001" name="const_74">
<pin_list>
<pin id="75" dir="1" index="0" bw="1" slack="2147483647"/>
</pin_list>
<bind>
<StgValue><ssdm name="_ssdm_op_SpecInterface"/></StgValue>
</bind>
</comp>

<comp id="76" class="1001" name="const_76">
<pin_list>
<pin id="77" dir="1" index="0" bw="1" slack="2147483647"/>
</pin_list>
<bind>
<StgValue><ssdm name="empty_2"/></StgValue>
</bind>
</comp>

<comp id="78" class="1001" name="const_78">
<pin_list>
<pin id="79" dir="1" index="0" bw="1" slack="2147483647"/>
</pin_list>
<bind>
<StgValue><ssdm name=""/></StgValue>
</bind>
</comp>

<comp id="80" class="1001" name="const_80">
<pin_list>
<pin id="81" dir="1" index="0" bw="1" slack="2147483647"/>
</pin_list>
<bind>
<StgValue><ssdm name="empty_1"/></StgValue>
</bind>
</comp>

<comp id="82" class="1001" name="const_82">
<pin_list>
<pin id="83" dir="1" index="0" bw="1" slack="2147483647"/>
</pin_list>
<bind>
<StgValue><ssdm name=""/></StgValue>
</bind>
</comp>

<comp id="84" class="1001" name="const_84">
<pin_list>
<pin id="85" dir="1" index="0" bw="1" slack="0"/>
</pin_list>
<bind>
<StgValue><ssdm name="_ssdm_op_BitConcatenate.i100.i25.i25.i25.i25"/></StgValue>
</bind>
</comp>

<comp id="86" class="1001" name="const_86">
<pin_list>
<pin id="87" dir="1" index="0" bw="1" slack="0"/>
</pin_list>
<bind>
<StgValue><ssdm name="_ssdm_op_Write.ap_fifo.volatile.i100P0A"/></StgValue>
</bind>
</comp>

<comp id="88" class="1004" name="layer8_out_read_read_fu_88">
<pin_list>
<pin id="89" dir="0" index="0" bw="160" slack="0"/>
<pin id="90" dir="0" index="1" bw="160" slack="0"/>
<pin id="91" dir="1" index="2" bw="160" slack="0"/>
</pin_list>
<bind>
<opcode="read(1150) " fcode="read"/>
<opset="layer8_out_read/1 "/>
</bind>
</comp>

<comp id="94" class="1004" name="write_ln60_write_fu_94">
<pin_list>
<pin id="95" dir="0" index="0" bw="0" slack="0"/>
<pin id="96" dir="0" index="1" bw="100" slack="0"/>
<pin id="97" dir="0" index="2" bw="100" slack="0"/>
<pin id="98" dir="1" index="3" bw="0" slack="2147483647"/>
</pin_list>
<bind>
<opcode="write(1151) " fcode="write"/>
<opset="write_ln60/3 "/>
</bind>
</comp>

<comp id="101" class="1004" name="grp_dense_resource_rf_gt_nin_rem0_ap_fixed_ap_fixed_25_13_5_3_0_config9_s_fu_101">
<pin_list>
<pin id="102" dir="0" index="0" bw="100" slack="0"/>
<pin id="103" dir="0" index="1" bw="10" slack="0"/>
<pin id="104" dir="0" index="2" bw="10" slack="0"/>
<pin id="105" dir="0" index="3" bw="10" slack="0"/>
<pin id="106" dir="0" index="4" bw="10" slack="0"/>
<pin id="107" dir="0" index="5" bw="10" slack="0"/>
<pin id="108" dir="0" index="6" bw="10" slack="0"/>
<pin id="109" dir="0" index="7" bw="10" slack="0"/>
<pin id="110" dir="0" index="8" bw="10" slack="0"/>
<pin id="111" dir="0" index="9" bw="10" slack="0"/>
<pin id="112" dir="0" index="10" bw="10" slack="0"/>
<pin id="113" dir="0" index="11" bw="10" slack="0"/>
<pin id="114" dir="0" index="12" bw="10" slack="0"/>
<pin id="115" dir="0" index="13" bw="10" slack="0"/>
<pin id="116" dir="0" index="14" bw="10" slack="0"/>
<pin id="117" dir="0" index="15" bw="10" slack="0"/>
<pin id="118" dir="0" index="16" bw="10" slack="0"/>
<pin id="119" dir="0" index="17" bw="2" slack="0"/>
<pin id="120" dir="0" index="18" bw="7" slack="0"/>
<pin id="121" dir="1" index="19" bw="100" slack="0"/>
</pin_list>
<bind>
<opcode="call(48) " fcode="call"/>
<opset="call_ret/1 "/>
</bind>
</comp>

<comp id="125" class="1004" name="data_fu_125">
<pin_list>
<pin id="126" dir="0" index="0" bw="160" slack="0"/>
<pin id="127" dir="1" index="1" bw="10" slack="0"/>
</pin_list>
<bind>
<opcode="trunc(33) " fcode="trunc"/>
<opset="data/1 "/>
</bind>
</comp>

<comp id="130" class="1004" name="data_75_fu_130">
<pin_list>
<pin id="131" dir="0" index="0" bw="10" slack="0"/>
<pin id="132" dir="0" index="1" bw="160" slack="0"/>
<pin id="133" dir="0" index="2" bw="5" slack="0"/>
<pin id="134" dir="0" index="3" bw="6" slack="0"/>
<pin id="135" dir="1" index="4" bw="10" slack="0"/>
</pin_list>
<bind>
<opcode="partselect(1002) " fcode="partselect"/>
<opset="data_75/1 "/>
</bind>
</comp>

<comp id="141" class="1004" name="data_61_fu_141">
<pin_list>
<pin id="142" dir="0" index="0" bw="10" slack="0"/>
<pin id="143" dir="0" index="1" bw="160" slack="0"/>
<pin id="144" dir="0" index="2" bw="6" slack="0"/>
<pin id="145" dir="0" index="3" bw="6" slack="0"/>
<pin id="146" dir="1" index="4" bw="10" slack="0"/>
</pin_list>
<bind>
<opcode="partselect(1002) " fcode="partselect"/>
<opset="data_61/1 "/>
</bind>
</comp>

<comp id="152" class="1004" name="data_62_fu_152">
<pin_list>
<pin id="153" dir="0" index="0" bw="10" slack="0"/>
<pin id="154" dir="0" index="1" bw="160" slack="0"/>
<pin id="155" dir="0" index="2" bw="6" slack="0"/>
<pin id="156" dir="0" index="3" bw="7" slack="0"/>
<pin id="157" dir="1" index="4" bw="10" slack="0"/>
</pin_list>
<bind>
<opcode="partselect(1002) " fcode="partselect"/>
<opset="data_62/1 "/>
</bind>
</comp>

<comp id="163" class="1004" name="data_63_fu_163">
<pin_list>
<pin id="164" dir="0" index="0" bw="10" slack="0"/>
<pin id="165" dir="0" index="1" bw="160" slack="0"/>
<pin id="166" dir="0" index="2" bw="7" slack="0"/>
<pin id="167" dir="0" index="3" bw="7" slack="0"/>
<pin id="168" dir="1" index="4" bw="10" slack="0"/>
</pin_list>
<bind>
<opcode="partselect(1002) " fcode="partselect"/>
<opset="data_63/1 "/>
</bind>
</comp>

<comp id="174" class="1004" name="data_64_fu_174">
<pin_list>
<pin id="175" dir="0" index="0" bw="10" slack="0"/>
<pin id="176" dir="0" index="1" bw="160" slack="0"/>
<pin id="177" dir="0" index="2" bw="7" slack="0"/>
<pin id="178" dir="0" index="3" bw="7" slack="0"/>
<pin id="179" dir="1" index="4" bw="10" slack="0"/>
</pin_list>
<bind>
<opcode="partselect(1002) " fcode="partselect"/>
<opset="data_64/1 "/>
</bind>
</comp>

<comp id="185" class="1004" name="data_65_fu_185">
<pin_list>
<pin id="186" dir="0" index="0" bw="10" slack="0"/>
<pin id="187" dir="0" index="1" bw="160" slack="0"/>
<pin id="188" dir="0" index="2" bw="7" slack="0"/>
<pin id="189" dir="0" index="3" bw="8" slack="0"/>
<pin id="190" dir="1" index="4" bw="10" slack="0"/>
</pin_list>
<bind>
<opcode="partselect(1002) " fcode="partselect"/>
<opset="data_65/1 "/>
</bind>
</comp>

<comp id="196" class="1004" name="data_66_fu_196">
<pin_list>
<pin id="197" dir="0" index="0" bw="10" slack="0"/>
<pin id="198" dir="0" index="1" bw="160" slack="0"/>
<pin id="199" dir="0" index="2" bw="8" slack="0"/>
<pin id="200" dir="0" index="3" bw="8" slack="0"/>
<pin id="201" dir="1" index="4" bw="10" slack="0"/>
</pin_list>
<bind>
<opcode="partselect(1002) " fcode="partselect"/>
<opset="data_66/1 "/>
</bind>
</comp>

<comp id="207" class="1004" name="data_67_fu_207">
<pin_list>
<pin id="208" dir="0" index="0" bw="10" slack="0"/>
<pin id="209" dir="0" index="1" bw="160" slack="0"/>
<pin id="210" dir="0" index="2" bw="8" slack="0"/>
<pin id="211" dir="0" index="3" bw="8" slack="0"/>
<pin id="212" dir="1" index="4" bw="10" slack="0"/>
</pin_list>
<bind>
<opcode="partselect(1002) " fcode="partselect"/>
<opset="data_67/1 "/>
</bind>
</comp>

<comp id="218" class="1004" name="data_68_fu_218">
<pin_list>
<pin id="219" dir="0" index="0" bw="10" slack="0"/>
<pin id="220" dir="0" index="1" bw="160" slack="0"/>
<pin id="221" dir="0" index="2" bw="8" slack="0"/>
<pin id="222" dir="0" index="3" bw="8" slack="0"/>
<pin id="223" dir="1" index="4" bw="10" slack="0"/>
</pin_list>
<bind>
<opcode="partselect(1002) " fcode="partselect"/>
<opset="data_68/1 "/>
</bind>
</comp>

<comp id="229" class="1004" name="data_69_fu_229">
<pin_list>
<pin id="230" dir="0" index="0" bw="10" slack="0"/>
<pin id="231" dir="0" index="1" bw="160" slack="0"/>
<pin id="232" dir="0" index="2" bw="8" slack="0"/>
<pin id="233" dir="0" index="3" bw="8" slack="0"/>
<pin id="234" dir="1" index="4" bw="10" slack="0"/>
</pin_list>
<bind>
<opcode="partselect(1002) " fcode="partselect"/>
<opset="data_69/1 "/>
</bind>
</comp>

<comp id="240" class="1004" name="data_70_fu_240">
<pin_list>
<pin id="241" dir="0" index="0" bw="10" slack="0"/>
<pin id="242" dir="0" index="1" bw="160" slack="0"/>
<pin id="243" dir="0" index="2" bw="8" slack="0"/>
<pin id="244" dir="0" index="3" bw="8" slack="0"/>
<pin id="245" dir="1" index="4" bw="10" slack="0"/>
</pin_list>
<bind>
<opcode="partselect(1002) " fcode="partselect"/>
<opset="data_70/1 "/>
</bind>
</comp>

<comp id="251" class="1004" name="data_71_fu_251">
<pin_list>
<pin id="252" dir="0" index="0" bw="10" slack="0"/>
<pin id="253" dir="0" index="1" bw="160" slack="0"/>
<pin id="254" dir="0" index="2" bw="8" slack="0"/>
<pin id="255" dir="0" index="3" bw="9" slack="0"/>
<pin id="256" dir="1" index="4" bw="10" slack="0"/>
</pin_list>
<bind>
<opcode="partselect(1002) " fcode="partselect"/>
<opset="data_71/1 "/>
</bind>
</comp>

<comp id="262" class="1004" name="data_72_fu_262">
<pin_list>
<pin id="263" dir="0" index="0" bw="10" slack="0"/>
<pin id="264" dir="0" index="1" bw="160" slack="0"/>
<pin id="265" dir="0" index="2" bw="9" slack="0"/>
<pin id="266" dir="0" index="3" bw="9" slack="0"/>
<pin id="267" dir="1" index="4" bw="10" slack="0"/>
</pin_list>
<bind>
<opcode="partselect(1002) " fcode="partselect"/>
<opset="data_72/1 "/>
</bind>
</comp>

<comp id="273" class="1004" name="data_73_fu_273">
<pin_list>
<pin id="274" dir="0" index="0" bw="10" slack="0"/>
<pin id="275" dir="0" index="1" bw="160" slack="0"/>
<pin id="276" dir="0" index="2" bw="9" slack="0"/>
<pin id="277" dir="0" index="3" bw="9" slack="0"/>
<pin id="278" dir="1" index="4" bw="10" slack="0"/>
</pin_list>
<bind>
<opcode="partselect(1002) " fcode="partselect"/>
<opset="data_73/1 "/>
</bind>
</comp>

<comp id="284" class="1004" name="data_74_fu_284">
<pin_list>
<pin id="285" dir="0" index="0" bw="10" slack="0"/>
<pin id="286" dir="0" index="1" bw="160" slack="0"/>
<pin id="287" dir="0" index="2" bw="9" slack="0"/>
<pin id="288" dir="0" index="3" bw="9" slack="0"/>
<pin id="289" dir="1" index="4" bw="10" slack="0"/>
</pin_list>
<bind>
<opcode="partselect(1002) " fcode="partselect"/>
<opset="data_74/1 "/>
</bind>
</comp>

<comp id="295" class="1004" name="res_fu_295">
<pin_list>
<pin id="296" dir="0" index="0" bw="100" slack="0"/>
<pin id="297" dir="1" index="1" bw="25" slack="1"/>
</pin_list>
<bind>
<opcode="extractvalue(56) " fcode="extractvalue"/>
<opset="res/2 "/>
</bind>
</comp>

<comp id="299" class="1004" name="res_1_fu_299">
<pin_list>
<pin id="300" dir="0" index="0" bw="100" slack="0"/>
<pin id="301" dir="1" index="1" bw="25" slack="1"/>
</pin_list>
<bind>
<opcode="extractvalue(56) " fcode="extractvalue"/>
<opset="res_1/2 "/>
</bind>
</comp>

<comp id="303" class="1004" name="res_2_fu_303">
<pin_list>
<pin id="304" dir="0" index="0" bw="100" slack="0"/>
<pin id="305" dir="1" index="1" bw="25" slack="1"/>
</pin_list>
<bind>
<opcode="extractvalue(56) " fcode="extractvalue"/>
<opset="res_2/2 "/>
</bind>
</comp>

<comp id="307" class="1004" name="res_3_fu_307">
<pin_list>
<pin id="308" dir="0" index="0" bw="100" slack="0"/>
<pin id="309" dir="1" index="1" bw="25" slack="1"/>
</pin_list>
<bind>
<opcode="extractvalue(56) " fcode="extractvalue"/>
<opset="res_3/2 "/>
</bind>
</comp>

<comp id="311" class="1004" name="p_0_fu_311">
<pin_list>
<pin id="312" dir="0" index="0" bw="100" slack="0"/>
<pin id="313" dir="0" index="1" bw="25" slack="1"/>
<pin id="314" dir="0" index="2" bw="25" slack="1"/>
<pin id="315" dir="0" index="3" bw="25" slack="1"/>
<pin id="316" dir="0" index="4" bw="25" slack="1"/>
<pin id="317" dir="1" index="5" bw="100" slack="0"/>
</pin_list>
<bind>
<opcode="bitconcatenate(1004) " fcode="bitconcatenate"/>
<opset="p_0/3 "/>
</bind>
</comp>

<comp id="320" class="1005" name="data_reg_320">
<pin_list>
<pin id="321" dir="0" index="0" bw="10" slack="1"/>
<pin id="322" dir="1" index="1" bw="10" slack="1"/>
</pin_list>
<bind>
<opset="data "/>
</bind>
</comp>

<comp id="325" class="1005" name="data_75_reg_325">
<pin_list>
<pin id="326" dir="0" index="0" bw="10" slack="1"/>
<pin id="327" dir="1" index="1" bw="10" slack="1"/>
</pin_list>
<bind>
<opset="data_75 "/>
</bind>
</comp>

<comp id="330" class="1005" name="data_61_reg_330">
<pin_list>
<pin id="331" dir="0" index="0" bw="10" slack="1"/>
<pin id="332" dir="1" index="1" bw="10" slack="1"/>
</pin_list>
<bind>
<opset="data_61 "/>
</bind>
</comp>

<comp id="335" class="1005" name="data_62_reg_335">
<pin_list>
<pin id="336" dir="0" index="0" bw="10" slack="1"/>
<pin id="337" dir="1" index="1" bw="10" slack="1"/>
</pin_list>
<bind>
<opset="data_62 "/>
</bind>
</comp>

<comp id="340" class="1005" name="data_63_reg_340">
<pin_list>
<pin id="341" dir="0" index="0" bw="10" slack="1"/>
<pin id="342" dir="1" index="1" bw="10" slack="1"/>
</pin_list>
<bind>
<opset="data_63 "/>
</bind>
</comp>

<comp id="345" class="1005" name="data_64_reg_345">
<pin_list>
<pin id="346" dir="0" index="0" bw="10" slack="1"/>
<pin id="347" dir="1" index="1" bw="10" slack="1"/>
</pin_list>
<bind>
<opset="data_64 "/>
</bind>
</comp>

<comp id="350" class="1005" name="data_65_reg_350">
<pin_list>
<pin id="351" dir="0" index="0" bw="10" slack="1"/>
<pin id="352" dir="1" index="1" bw="10" slack="1"/>
</pin_list>
<bind>
<opset="data_65 "/>
</bind>
</comp>

<comp id="355" class="1005" name="data_66_reg_355">
<pin_list>
<pin id="356" dir="0" index="0" bw="10" slack="1"/>
<pin id="357" dir="1" index="1" bw="10" slack="1"/>
</pin_list>
<bind>
<opset="data_66 "/>
</bind>
</comp>

<comp id="360" class="1005" name="data_67_reg_360">
<pin_list>
<pin id="361" dir="0" index="0" bw="10" slack="1"/>
<pin id="362" dir="1" index="1" bw="10" slack="1"/>
</pin_list>
<bind>
<opset="data_67 "/>
</bind>
</comp>

<comp id="365" class="1005" name="data_68_reg_365">
<pin_list>
<pin id="366" dir="0" index="0" bw="10" slack="1"/>
<pin id="367" dir="1" index="1" bw="10" slack="1"/>
</pin_list>
<bind>
<opset="data_68 "/>
</bind>
</comp>

<comp id="370" class="1005" name="data_69_reg_370">
<pin_list>
<pin id="371" dir="0" index="0" bw="10" slack="1"/>
<pin id="372" dir="1" index="1" bw="10" slack="1"/>
</pin_list>
<bind>
<opset="data_69 "/>
</bind>
</comp>

<comp id="375" class="1005" name="data_70_reg_375">
<pin_list>
<pin id="376" dir="0" index="0" bw="10" slack="1"/>
<pin id="377" dir="1" index="1" bw="10" slack="1"/>
</pin_list>
<bind>
<opset="data_70 "/>
</bind>
</comp>

<comp id="380" class="1005" name="data_71_reg_380">
<pin_list>
<pin id="381" dir="0" index="0" bw="10" slack="1"/>
<pin id="382" dir="1" index="1" bw="10" slack="1"/>
</pin_list>
<bind>
<opset="data_71 "/>
</bind>
</comp>

<comp id="385" class="1005" name="data_72_reg_385">
<pin_list>
<pin id="386" dir="0" index="0" bw="10" slack="1"/>
<pin id="387" dir="1" index="1" bw="10" slack="1"/>
</pin_list>
<bind>
<opset="data_72 "/>
</bind>
</comp>

<comp id="390" class="1005" name="data_73_reg_390">
<pin_list>
<pin id="391" dir="0" index="0" bw="10" slack="1"/>
<pin id="392" dir="1" index="1" bw="10" slack="1"/>
</pin_list>
<bind>
<opset="data_73 "/>
</bind>
</comp>

<comp id="395" class="1005" name="data_74_reg_395">
<pin_list>
<pin id="396" dir="0" index="0" bw="10" slack="1"/>
<pin id="397" dir="1" index="1" bw="10" slack="1"/>
</pin_list>
<bind>
<opset="data_74 "/>
</bind>
</comp>

<comp id="400" class="1005" name="res_reg_400">
<pin_list>
<pin id="401" dir="0" index="0" bw="25" slack="1"/>
<pin id="402" dir="1" index="1" bw="25" slack="1"/>
</pin_list>
<bind>
<opset="res "/>
</bind>
</comp>

<comp id="405" class="1005" name="res_1_reg_405">
<pin_list>
<pin id="406" dir="0" index="0" bw="25" slack="1"/>
<pin id="407" dir="1" index="1" bw="25" slack="1"/>
</pin_list>
<bind>
<opset="res_1 "/>
</bind>
</comp>

<comp id="410" class="1005" name="res_2_reg_410">
<pin_list>
<pin id="411" dir="0" index="0" bw="25" slack="1"/>
<pin id="412" dir="1" index="1" bw="25" slack="1"/>
</pin_list>
<bind>
<opset="res_2 "/>
</bind>
</comp>

<comp id="415" class="1005" name="res_3_reg_415">
<pin_list>
<pin id="416" dir="0" index="0" bw="25" slack="1"/>
<pin id="417" dir="1" index="1" bw="25" slack="1"/>
</pin_list>
<bind>
<opset="res_3 "/>
</bind>
</comp>

</comp_list>

<net_list>
<net id="92"><net_src comp="8" pin="0"/><net_sink comp="88" pin=0"/></net>

<net id="93"><net_src comp="0" pin="0"/><net_sink comp="88" pin=1"/></net>

<net id="99"><net_src comp="86" pin="0"/><net_sink comp="94" pin=0"/></net>

<net id="100"><net_src comp="2" pin="0"/><net_sink comp="94" pin=1"/></net>

<net id="122"><net_src comp="72" pin="0"/><net_sink comp="101" pin=0"/></net>

<net id="123"><net_src comp="4" pin="0"/><net_sink comp="101" pin=17"/></net>

<net id="124"><net_src comp="6" pin="0"/><net_sink comp="101" pin=18"/></net>

<net id="128"><net_src comp="88" pin="2"/><net_sink comp="125" pin=0"/></net>

<net id="129"><net_src comp="125" pin="1"/><net_sink comp="101" pin=1"/></net>

<net id="136"><net_src comp="10" pin="0"/><net_sink comp="130" pin=0"/></net>

<net id="137"><net_src comp="88" pin="2"/><net_sink comp="130" pin=1"/></net>

<net id="138"><net_src comp="12" pin="0"/><net_sink comp="130" pin=2"/></net>

<net id="139"><net_src comp="14" pin="0"/><net_sink comp="130" pin=3"/></net>

<net id="140"><net_src comp="130" pin="4"/><net_sink comp="101" pin=2"/></net>

<net id="147"><net_src comp="10" pin="0"/><net_sink comp="141" pin=0"/></net>

<net id="148"><net_src comp="88" pin="2"/><net_sink comp="141" pin=1"/></net>

<net id="149"><net_src comp="16" pin="0"/><net_sink comp="141" pin=2"/></net>

<net id="150"><net_src comp="18" pin="0"/><net_sink comp="141" pin=3"/></net>

<net id="151"><net_src comp="141" pin="4"/><net_sink comp="101" pin=3"/></net>

<net id="158"><net_src comp="10" pin="0"/><net_sink comp="152" pin=0"/></net>

<net id="159"><net_src comp="88" pin="2"/><net_sink comp="152" pin=1"/></net>

<net id="160"><net_src comp="20" pin="0"/><net_sink comp="152" pin=2"/></net>

<net id="161"><net_src comp="22" pin="0"/><net_sink comp="152" pin=3"/></net>

<net id="162"><net_src comp="152" pin="4"/><net_sink comp="101" pin=4"/></net>

<net id="169"><net_src comp="10" pin="0"/><net_sink comp="163" pin=0"/></net>

<net id="170"><net_src comp="88" pin="2"/><net_sink comp="163" pin=1"/></net>

<net id="171"><net_src comp="24" pin="0"/><net_sink comp="163" pin=2"/></net>

<net id="172"><net_src comp="26" pin="0"/><net_sink comp="163" pin=3"/></net>

<net id="173"><net_src comp="163" pin="4"/><net_sink comp="101" pin=5"/></net>

<net id="180"><net_src comp="10" pin="0"/><net_sink comp="174" pin=0"/></net>

<net id="181"><net_src comp="88" pin="2"/><net_sink comp="174" pin=1"/></net>

<net id="182"><net_src comp="28" pin="0"/><net_sink comp="174" pin=2"/></net>

<net id="183"><net_src comp="30" pin="0"/><net_sink comp="174" pin=3"/></net>

<net id="184"><net_src comp="174" pin="4"/><net_sink comp="101" pin=6"/></net>

<net id="191"><net_src comp="10" pin="0"/><net_sink comp="185" pin=0"/></net>

<net id="192"><net_src comp="88" pin="2"/><net_sink comp="185" pin=1"/></net>

<net id="193"><net_src comp="32" pin="0"/><net_sink comp="185" pin=2"/></net>

<net id="194"><net_src comp="34" pin="0"/><net_sink comp="185" pin=3"/></net>

<net id="195"><net_src comp="185" pin="4"/><net_sink comp="101" pin=7"/></net>

<net id="202"><net_src comp="10" pin="0"/><net_sink comp="196" pin=0"/></net>

<net id="203"><net_src comp="88" pin="2"/><net_sink comp="196" pin=1"/></net>

<net id="204"><net_src comp="36" pin="0"/><net_sink comp="196" pin=2"/></net>

<net id="205"><net_src comp="38" pin="0"/><net_sink comp="196" pin=3"/></net>

<net id="206"><net_src comp="196" pin="4"/><net_sink comp="101" pin=8"/></net>

<net id="213"><net_src comp="10" pin="0"/><net_sink comp="207" pin=0"/></net>

<net id="214"><net_src comp="88" pin="2"/><net_sink comp="207" pin=1"/></net>

<net id="215"><net_src comp="40" pin="0"/><net_sink comp="207" pin=2"/></net>

<net id="216"><net_src comp="42" pin="0"/><net_sink comp="207" pin=3"/></net>

<net id="217"><net_src comp="207" pin="4"/><net_sink comp="101" pin=9"/></net>

<net id="224"><net_src comp="10" pin="0"/><net_sink comp="218" pin=0"/></net>

<net id="225"><net_src comp="88" pin="2"/><net_sink comp="218" pin=1"/></net>

<net id="226"><net_src comp="44" pin="0"/><net_sink comp="218" pin=2"/></net>

<net id="227"><net_src comp="46" pin="0"/><net_sink comp="218" pin=3"/></net>

<net id="228"><net_src comp="218" pin="4"/><net_sink comp="101" pin=10"/></net>

<net id="235"><net_src comp="10" pin="0"/><net_sink comp="229" pin=0"/></net>

<net id="236"><net_src comp="88" pin="2"/><net_sink comp="229" pin=1"/></net>

<net id="237"><net_src comp="48" pin="0"/><net_sink comp="229" pin=2"/></net>

<net id="238"><net_src comp="50" pin="0"/><net_sink comp="229" pin=3"/></net>

<net id="239"><net_src comp="229" pin="4"/><net_sink comp="101" pin=11"/></net>

<net id="246"><net_src comp="10" pin="0"/><net_sink comp="240" pin=0"/></net>

<net id="247"><net_src comp="88" pin="2"/><net_sink comp="240" pin=1"/></net>

<net id="248"><net_src comp="52" pin="0"/><net_sink comp="240" pin=2"/></net>

<net id="249"><net_src comp="54" pin="0"/><net_sink comp="240" pin=3"/></net>

<net id="250"><net_src comp="240" pin="4"/><net_sink comp="101" pin=12"/></net>

<net id="257"><net_src comp="10" pin="0"/><net_sink comp="251" pin=0"/></net>

<net id="258"><net_src comp="88" pin="2"/><net_sink comp="251" pin=1"/></net>

<net id="259"><net_src comp="56" pin="0"/><net_sink comp="251" pin=2"/></net>

<net id="260"><net_src comp="58" pin="0"/><net_sink comp="251" pin=3"/></net>

<net id="261"><net_src comp="251" pin="4"/><net_sink comp="101" pin=13"/></net>

<net id="268"><net_src comp="10" pin="0"/><net_sink comp="262" pin=0"/></net>

<net id="269"><net_src comp="88" pin="2"/><net_sink comp="262" pin=1"/></net>

<net id="270"><net_src comp="60" pin="0"/><net_sink comp="262" pin=2"/></net>

<net id="271"><net_src comp="62" pin="0"/><net_sink comp="262" pin=3"/></net>

<net id="272"><net_src comp="262" pin="4"/><net_sink comp="101" pin=14"/></net>

<net id="279"><net_src comp="10" pin="0"/><net_sink comp="273" pin=0"/></net>

<net id="280"><net_src comp="88" pin="2"/><net_sink comp="273" pin=1"/></net>

<net id="281"><net_src comp="64" pin="0"/><net_sink comp="273" pin=2"/></net>

<net id="282"><net_src comp="66" pin="0"/><net_sink comp="273" pin=3"/></net>

<net id="283"><net_src comp="273" pin="4"/><net_sink comp="101" pin=15"/></net>

<net id="290"><net_src comp="10" pin="0"/><net_sink comp="284" pin=0"/></net>

<net id="291"><net_src comp="88" pin="2"/><net_sink comp="284" pin=1"/></net>

<net id="292"><net_src comp="68" pin="0"/><net_sink comp="284" pin=2"/></net>

<net id="293"><net_src comp="70" pin="0"/><net_sink comp="284" pin=3"/></net>

<net id="294"><net_src comp="284" pin="4"/><net_sink comp="101" pin=16"/></net>

<net id="298"><net_src comp="101" pin="19"/><net_sink comp="295" pin=0"/></net>

<net id="302"><net_src comp="101" pin="19"/><net_sink comp="299" pin=0"/></net>

<net id="306"><net_src comp="101" pin="19"/><net_sink comp="303" pin=0"/></net>

<net id="310"><net_src comp="101" pin="19"/><net_sink comp="307" pin=0"/></net>

<net id="318"><net_src comp="84" pin="0"/><net_sink comp="311" pin=0"/></net>

<net id="319"><net_src comp="311" pin="5"/><net_sink comp="94" pin=2"/></net>

<net id="323"><net_src comp="125" pin="1"/><net_sink comp="320" pin=0"/></net>

<net id="324"><net_src comp="320" pin="1"/><net_sink comp="101" pin=1"/></net>

<net id="328"><net_src comp="130" pin="4"/><net_sink comp="325" pin=0"/></net>

<net id="329"><net_src comp="325" pin="1"/><net_sink comp="101" pin=2"/></net>

<net id="333"><net_src comp="141" pin="4"/><net_sink comp="330" pin=0"/></net>

<net id="334"><net_src comp="330" pin="1"/><net_sink comp="101" pin=3"/></net>

<net id="338"><net_src comp="152" pin="4"/><net_sink comp="335" pin=0"/></net>

<net id="339"><net_src comp="335" pin="1"/><net_sink comp="101" pin=4"/></net>

<net id="343"><net_src comp="163" pin="4"/><net_sink comp="340" pin=0"/></net>

<net id="344"><net_src comp="340" pin="1"/><net_sink comp="101" pin=5"/></net>

<net id="348"><net_src comp="174" pin="4"/><net_sink comp="345" pin=0"/></net>

<net id="349"><net_src comp="345" pin="1"/><net_sink comp="101" pin=6"/></net>

<net id="353"><net_src comp="185" pin="4"/><net_sink comp="350" pin=0"/></net>

<net id="354"><net_src comp="350" pin="1"/><net_sink comp="101" pin=7"/></net>

<net id="358"><net_src comp="196" pin="4"/><net_sink comp="355" pin=0"/></net>

<net id="359"><net_src comp="355" pin="1"/><net_sink comp="101" pin=8"/></net>

<net id="363"><net_src comp="207" pin="4"/><net_sink comp="360" pin=0"/></net>

<net id="364"><net_src comp="360" pin="1"/><net_sink comp="101" pin=9"/></net>

<net id="368"><net_src comp="218" pin="4"/><net_sink comp="365" pin=0"/></net>

<net id="369"><net_src comp="365" pin="1"/><net_sink comp="101" pin=10"/></net>

<net id="373"><net_src comp="229" pin="4"/><net_sink comp="370" pin=0"/></net>

<net id="374"><net_src comp="370" pin="1"/><net_sink comp="101" pin=11"/></net>

<net id="378"><net_src comp="240" pin="4"/><net_sink comp="375" pin=0"/></net>

<net id="379"><net_src comp="375" pin="1"/><net_sink comp="101" pin=12"/></net>

<net id="383"><net_src comp="251" pin="4"/><net_sink comp="380" pin=0"/></net>

<net id="384"><net_src comp="380" pin="1"/><net_sink comp="101" pin=13"/></net>

<net id="388"><net_src comp="262" pin="4"/><net_sink comp="385" pin=0"/></net>

<net id="389"><net_src comp="385" pin="1"/><net_sink comp="101" pin=14"/></net>

<net id="393"><net_src comp="273" pin="4"/><net_sink comp="390" pin=0"/></net>

<net id="394"><net_src comp="390" pin="1"/><net_sink comp="101" pin=15"/></net>

<net id="398"><net_src comp="284" pin="4"/><net_sink comp="395" pin=0"/></net>

<net id="399"><net_src comp="395" pin="1"/><net_sink comp="101" pin=16"/></net>

<net id="403"><net_src comp="295" pin="1"/><net_sink comp="400" pin=0"/></net>

<net id="404"><net_src comp="400" pin="1"/><net_sink comp="311" pin=4"/></net>

<net id="408"><net_src comp="299" pin="1"/><net_sink comp="405" pin=0"/></net>

<net id="409"><net_src comp="405" pin="1"/><net_sink comp="311" pin=3"/></net>

<net id="413"><net_src comp="303" pin="1"/><net_sink comp="410" pin=0"/></net>

<net id="414"><net_src comp="410" pin="1"/><net_sink comp="311" pin=2"/></net>

<net id="418"><net_src comp="307" pin="1"/><net_sink comp="415" pin=0"/></net>

<net id="419"><net_src comp="415" pin="1"/><net_sink comp="311" pin=1"/></net>

</net_list>

</model> 
---------------- Datapath Model END ------------------

* FSMD analyzer results:
  - Output states:
	Port: out_local | {3 }
 - Input state : 
	Port: dense<array<ap_fixed,16u>,array<ap_fixed<25,13,5,3,0>,4u>,config9> : layer8_out | {1 }
	Port: dense<array<ap_fixed,16u>,array<ap_fixed<25,13,5,3,0>,4u>,config9> : outidx_27 | {1 2 }
	Port: dense<array<ap_fixed,16u>,array<ap_fixed<25,13,5,3,0>,4u>,config9> : w9 | {1 2 }
  - Chain level:
	State 1
		call_ret : 1
	State 2
		res : 1
		res_1 : 1
		res_2 : 1
		res_3 : 1
	State 3
		write_ln60 : 1


============================================================
+ Verbose Summary: Datapath Resource usage 
============================================================

* Functional unit list:
|----------|----------------------------------------------------------------------------------|---------|---------|---------|---------|
| Operation|                                  Functional Unit                                 |   DSP   |  Delay  |    FF   |   LUT   |
|----------|----------------------------------------------------------------------------------|---------|---------|---------|---------|
|   call   | grp_dense_resource_rf_gt_nin_rem0_ap_fixed_ap_fixed_25_13_5_3_0_config9_s_fu_101 |    1    |  4.764  |   770   |   442   |
|----------|----------------------------------------------------------------------------------|---------|---------|---------|---------|
|   read   |                            layer8_out_read_read_fu_88                            |    0    |    0    |    0    |    0    |
|----------|----------------------------------------------------------------------------------|---------|---------|---------|---------|
|   write  |                              write_ln60_write_fu_94                              |    0    |    0    |    0    |    0    |
|----------|----------------------------------------------------------------------------------|---------|---------|---------|---------|
|   trunc  |                                    data_fu_125                                   |    0    |    0    |    0    |    0    |
|----------|----------------------------------------------------------------------------------|---------|---------|---------|---------|
|          |                                  data_75_fu_130                                  |    0    |    0    |    0    |    0    |
|          |                                  data_61_fu_141                                  |    0    |    0    |    0    |    0    |
|          |                                  data_62_fu_152                                  |    0    |    0    |    0    |    0    |
|          |                                  data_63_fu_163                                  |    0    |    0    |    0    |    0    |
|          |                                  data_64_fu_174                                  |    0    |    0    |    0    |    0    |
|          |                                  data_65_fu_185                                  |    0    |    0    |    0    |    0    |
|          |                                  data_66_fu_196                                  |    0    |    0    |    0    |    0    |
|partselect|                                  data_67_fu_207                                  |    0    |    0    |    0    |    0    |
|          |                                  data_68_fu_218                                  |    0    |    0    |    0    |    0    |
|          |                                  data_69_fu_229                                  |    0    |    0    |    0    |    0    |
|          |                                  data_70_fu_240                                  |    0    |    0    |    0    |    0    |
|          |                                  data_71_fu_251                                  |    0    |    0    |    0    |    0    |
|          |                                  data_72_fu_262                                  |    0    |    0    |    0    |    0    |
|          |                                  data_73_fu_273                                  |    0    |    0    |    0    |    0    |
|          |                                  data_74_fu_284                                  |    0    |    0    |    0    |    0    |
|----------|----------------------------------------------------------------------------------|---------|---------|---------|---------|
|          |                                    res_fu_295                                    |    0    |    0    |    0    |    0    |
|extractvalue|                                   res_1_fu_299                                   |    0    |    0    |    0    |    0    |
|          |                                   res_2_fu_303                                   |    0    |    0    |    0    |    0    |
|          |                                   res_3_fu_307                                   |    0    |    0    |    0    |    0    |
|----------|----------------------------------------------------------------------------------|---------|---------|---------|---------|
|bitconcatenate|                                    p_0_fu_311                                    |    0    |    0    |    0    |    0    |
|----------|----------------------------------------------------------------------------------|---------|---------|---------|---------|
|   Total  |                                                                                  |    1    |  4.764  |   770   |   442   |
|----------|----------------------------------------------------------------------------------|---------|---------|---------|---------|

Memories:
N/A

* Register list:
+---------------+--------+
|               |   FF   |
+---------------+--------+
|data_61_reg_330|   10   |
|data_62_reg_335|   10   |
|data_63_reg_340|   10   |
|data_64_reg_345|   10   |
|data_65_reg_350|   10   |
|data_66_reg_355|   10   |
|data_67_reg_360|   10   |
|data_68_reg_365|   10   |
|data_69_reg_370|   10   |
|data_70_reg_375|   10   |
|data_71_reg_380|   10   |
|data_72_reg_385|   10   |
|data_73_reg_390|   10   |
|data_74_reg_395|   10   |
|data_75_reg_325|   10   |
|  data_reg_320 |   10   |
| res_1_reg_405 |   25   |
| res_2_reg_410 |   25   |
| res_3_reg_415 |   25   |
|  res_reg_400  |   25   |
+---------------+--------+
|     Total     |   260  |
+---------------+--------+

* Multiplexer (MUX) list: 
|----------------------------------------------------------------------------------|------|------|------|--------||---------||---------||---------|
|                                       Comp                                       |  Pin | Size |  BW  | S x BW ||  Delay  ||    FF   ||   LUT   |
|----------------------------------------------------------------------------------|------|------|------|--------||---------||---------||---------|
| grp_dense_resource_rf_gt_nin_rem0_ap_fixed_ap_fixed_25_13_5_3_0_config9_s_fu_101 |  p1  |   2  |  10  |   20   ||    0    ||    9    |
| grp_dense_resource_rf_gt_nin_rem0_ap_fixed_ap_fixed_25_13_5_3_0_config9_s_fu_101 |  p2  |   2  |  10  |   20   ||    0    ||    9    |
| grp_dense_resource_rf_gt_nin_rem0_ap_fixed_ap_fixed_25_13_5_3_0_config9_s_fu_101 |  p3  |   2  |  10  |   20   ||    0    ||    9    |
| grp_dense_resource_rf_gt_nin_rem0_ap_fixed_ap_fixed_25_13_5_3_0_config9_s_fu_101 |  p4  |   2  |  10  |   20   ||    0    ||    9    |
| grp_dense_resource_rf_gt_nin_rem0_ap_fixed_ap_fixed_25_13_5_3_0_config9_s_fu_101 |  p5  |   2  |  10  |   20   ||    0    ||    9    |
| grp_dense_resource_rf_gt_nin_rem0_ap_fixed_ap_fixed_25_13_5_3_0_config9_s_fu_101 |  p6  |   2  |  10  |   20   ||    0    ||    9    |
| grp_dense_resource_rf_gt_nin_rem0_ap_fixed_ap_fixed_25_13_5_3_0_config9_s_fu_101 |  p7  |   2  |  10  |   20   ||    0    ||    9    |
| grp_dense_resource_rf_gt_nin_rem0_ap_fixed_ap_fixed_25_13_5_3_0_config9_s_fu_101 |  p8  |   2  |  10  |   20   ||    0    ||    9    |
| grp_dense_resource_rf_gt_nin_rem0_ap_fixed_ap_fixed_25_13_5_3_0_config9_s_fu_101 |  p9  |   2  |  10  |   20   ||    0    ||    9    |
| grp_dense_resource_rf_gt_nin_rem0_ap_fixed_ap_fixed_25_13_5_3_0_config9_s_fu_101 |  p10 |   2  |  10  |   20   ||    0    ||    9    |
| grp_dense_resource_rf_gt_nin_rem0_ap_fixed_ap_fixed_25_13_5_3_0_config9_s_fu_101 |  p11 |   2  |  10  |   20   ||    0    ||    9    |
| grp_dense_resource_rf_gt_nin_rem0_ap_fixed_ap_fixed_25_13_5_3_0_config9_s_fu_101 |  p12 |   2  |  10  |   20   ||    0    ||    9    |
| grp_dense_resource_rf_gt_nin_rem0_ap_fixed_ap_fixed_25_13_5_3_0_config9_s_fu_101 |  p13 |   2  |  10  |   20   ||    0    ||    9    |
| grp_dense_resource_rf_gt_nin_rem0_ap_fixed_ap_fixed_25_13_5_3_0_config9_s_fu_101 |  p14 |   2  |  10  |   20   ||    0    ||    9    |
| grp_dense_resource_rf_gt_nin_rem0_ap_fixed_ap_fixed_25_13_5_3_0_config9_s_fu_101 |  p15 |   2  |  10  |   20   ||    0    ||    9    |
| grp_dense_resource_rf_gt_nin_rem0_ap_fixed_ap_fixed_25_13_5_3_0_config9_s_fu_101 |  p16 |   2  |  10  |   20   ||    0    ||    9    |
|----------------------------------------------------------------------------------|------|------|------|--------||---------||---------||---------|
|                                       Total                                      |      |      |      |   320  ||  25.408 ||    0    ||   144   |
|----------------------------------------------------------------------------------|------|------|------|--------||---------||---------||---------|



* Summary:
+-----------+--------+--------+--------+--------+
|           |   DSP  |  Delay |   FF   |   LUT  |
+-----------+--------+--------+--------+--------+
|  Function |    1   |    4   |   770  |   442  |
|   Memory  |    -   |    -   |    -   |    -   |
|Multiplexer|    -   |   25   |    0   |   144  |
|  Register |    -   |    -   |   260  |    -   |
+-----------+--------+--------+--------+--------+
|   Total   |    1   |   30   |  1030  |   586  |
+-----------+--------+--------+--------+--------+
