

================================================================
== Vitis HLS Report for 'dense_resource_rf_gt_nin_rem0_ap_fixed_ap_fixed_25_13_5_3_0_config9_s'
================================================================
* Date:           Fri May 15 14:04:24 2026

* Version:        2024.2 (Build 5238294 on Nov  8 2024)
* Project:        wedrowiec_hls_prj
* Solution:       solution1 (Vivado IP Flow Target)
* Product family: zynq
* Target device:  xc7z020-clg400-1


================================================================
== Performance Estimates
================================================================
+ Timing: 
    * Summary: 
    +--------+----------+-----------+------------+
    |  Clock |  Target  | Estimated | Uncertainty|
    +--------+----------+-----------+------------+
    |ap_clk  |  20.00 ns|  14.362 ns|     2.50 ns|
    +--------+----------+-----------+------------+

+ Latency: 
    * Summary: 
    +---------+---------+----------+----------+-----+-----+-------------------------------------------+
    |  Latency (cycles) |  Latency (absolute) |  Interval |                  Pipeline                 |
    |   min   |   max   |    min   |    max   | min | max |                    Type                   |
    +---------+---------+----------+----------+-----+-----+-------------------------------------------+
    |       64|       65|  1.280 us|  1.300 us|   64|   64|  loop rewind stp (delay=0 clock cycles(s))|
    +---------+---------+----------+----------+-----+-----+-------------------------------------------+

    + Detail: 
        * Instance: 
        N/A

        * Loop: 
        +-------------+---------+---------+----------+-----------+-----------+------+----------+
        |             |  Latency (cycles) | Iteration|  Initiation Interval  | Trip |          |
        |  Loop Name  |   min   |   max   |  Latency |  achieved |   target  | Count| Pipelined|
        +-------------+---------+---------+----------+-----------+-----------+------+----------+
        |- ReuseLoop  |       64|       64|         2|          1|          1|    64|       yes|
        +-------------+---------+---------+----------+-----------+-----------+------+----------+

============================================================
+ Verbose Summary: Synthesis Manager
============================================================
InlineROM: 1
ExposeGlobal: 0
============================================================
+ Verbose Summary: CDFG Model
============================================================
IsTopModel: 0
ResetActiveHigh: 1
IsCombinational: 0
IsDatapathOnly: 0
HasWiredReturn: 1
HasMFsm: 2
HasVarLatency: 1
IsPipeline: 0
IsRtlPipelined: 0
IsInstanceOverlapped: 0
IsDontTouch: 0
HasImplIP: 0
IsGatedGlobalClock: 0

+ Individual pipeline summary: 
  * Pipeline-0: initiation interval (II) = 1, depth = 2


============================================================
+ Verbose Summary: Schedule
============================================================
* Number of FSM states : 3
* Pipeline : 1
  Pipeline-0 : II = 1, D = 2, States = { 2 3 }
* Dataflow Pipeline: 0

* FSM state transitions: 
1 --> 2 
2 --> 3 
3 --> 2 

* FSM state operations: 

State 1 <SV = 0> <Delay = 1.58>
ST_1 : Operation 4 [1/1] (1.58ns)   --->   "%br_ln135 = br void %rewind_header" [firmware/nnet_utils/nnet_dense_resource.h:135]   --->   Operation 4 'br' 'br_ln135' <Predicate = true> <Delay = 1.58>

State 2 <SV = 1> <Delay = 3.25>
ST_2 : Operation 5 [1/1] (0.00ns)   --->   "%do_init = phi i1 1, void %entry, i1 0, void %MultLoop.split_ifconv, i1 1, void %Result"   --->   Operation 5 'phi' 'do_init' <Predicate = true> <Delay = 0.00>
ST_2 : Operation 6 [1/1] (0.00ns)   --->   "%w_index17 = phi i6 0, void %entry, i6 %w_index, void %MultLoop.split_ifconv, i6 0, void %Result"   --->   Operation 6 'phi' 'w_index17' <Predicate = true> <Delay = 0.00>
ST_2 : Operation 7 [1/1] (0.00ns)   --->   "%specmemcore_ln0 = specmemcore void @_ssdm_op_SpecMemCore, i7 %w9, i64 666, i64 38, i64 18446744073709551615"   --->   Operation 7 'specmemcore' 'specmemcore_ln0' <Predicate = (do_init)> <Delay = 0.00>
ST_2 : Operation 8 [1/1] (0.00ns)   --->   "%data_15_val_read = read i10 @_ssdm_op_Read.ap_auto.i10, i10 %data_15_val" [firmware/nnet_utils/nnet_dense_resource.h:135]   --->   Operation 8 'read' 'data_15_val_read' <Predicate = (do_init)> <Delay = 0.00>
ST_2 : Operation 9 [1/1] (0.00ns)   --->   "%data_14_val_read = read i10 @_ssdm_op_Read.ap_auto.i10, i10 %data_14_val" [firmware/nnet_utils/nnet_dense_resource.h:135]   --->   Operation 9 'read' 'data_14_val_read' <Predicate = (do_init)> <Delay = 0.00>
ST_2 : Operation 10 [1/1] (0.00ns)   --->   "%data_13_val_read = read i10 @_ssdm_op_Read.ap_auto.i10, i10 %data_13_val" [firmware/nnet_utils/nnet_dense_resource.h:135]   --->   Operation 10 'read' 'data_13_val_read' <Predicate = (do_init)> <Delay = 0.00>
ST_2 : Operation 11 [1/1] (0.00ns)   --->   "%data_12_val_read = read i10 @_ssdm_op_Read.ap_auto.i10, i10 %data_12_val" [firmware/nnet_utils/nnet_dense_resource.h:135]   --->   Operation 11 'read' 'data_12_val_read' <Predicate = (do_init)> <Delay = 0.00>
ST_2 : Operation 12 [1/1] (0.00ns)   --->   "%data_11_val_read = read i10 @_ssdm_op_Read.ap_auto.i10, i10 %data_11_val" [firmware/nnet_utils/nnet_dense_resource.h:135]   --->   Operation 12 'read' 'data_11_val_read' <Predicate = (do_init)> <Delay = 0.00>
ST_2 : Operation 13 [1/1] (0.00ns)   --->   "%data_10_val_read = read i10 @_ssdm_op_Read.ap_auto.i10, i10 %data_10_val" [firmware/nnet_utils/nnet_dense_resource.h:135]   --->   Operation 13 'read' 'data_10_val_read' <Predicate = (do_init)> <Delay = 0.00>
ST_2 : Operation 14 [1/1] (0.00ns)   --->   "%data_9_val_read = read i10 @_ssdm_op_Read.ap_auto.i10, i10 %data_9_val" [firmware/nnet_utils/nnet_dense_resource.h:135]   --->   Operation 14 'read' 'data_9_val_read' <Predicate = (do_init)> <Delay = 0.00>
ST_2 : Operation 15 [1/1] (0.00ns)   --->   "%data_8_val_read = read i10 @_ssdm_op_Read.ap_auto.i10, i10 %data_8_val" [firmware/nnet_utils/nnet_dense_resource.h:135]   --->   Operation 15 'read' 'data_8_val_read' <Predicate = (do_init)> <Delay = 0.00>
ST_2 : Operation 16 [1/1] (0.00ns)   --->   "%data_7_val_read = read i10 @_ssdm_op_Read.ap_auto.i10, i10 %data_7_val" [firmware/nnet_utils/nnet_dense_resource.h:135]   --->   Operation 16 'read' 'data_7_val_read' <Predicate = (do_init)> <Delay = 0.00>
ST_2 : Operation 17 [1/1] (0.00ns)   --->   "%data_6_val_read = read i10 @_ssdm_op_Read.ap_auto.i10, i10 %data_6_val" [firmware/nnet_utils/nnet_dense_resource.h:135]   --->   Operation 17 'read' 'data_6_val_read' <Predicate = (do_init)> <Delay = 0.00>
ST_2 : Operation 18 [1/1] (0.00ns)   --->   "%data_5_val_read = read i10 @_ssdm_op_Read.ap_auto.i10, i10 %data_5_val" [firmware/nnet_utils/nnet_dense_resource.h:135]   --->   Operation 18 'read' 'data_5_val_read' <Predicate = (do_init)> <Delay = 0.00>
ST_2 : Operation 19 [1/1] (0.00ns)   --->   "%data_4_val_read = read i10 @_ssdm_op_Read.ap_auto.i10, i10 %data_4_val" [firmware/nnet_utils/nnet_dense_resource.h:135]   --->   Operation 19 'read' 'data_4_val_read' <Predicate = (do_init)> <Delay = 0.00>
ST_2 : Operation 20 [1/1] (0.00ns)   --->   "%data_3_val_read = read i10 @_ssdm_op_Read.ap_auto.i10, i10 %data_3_val" [firmware/nnet_utils/nnet_dense_resource.h:135]   --->   Operation 20 'read' 'data_3_val_read' <Predicate = (do_init)> <Delay = 0.00>
ST_2 : Operation 21 [1/1] (0.00ns)   --->   "%data_2_val_read = read i10 @_ssdm_op_Read.ap_auto.i10, i10 %data_2_val" [firmware/nnet_utils/nnet_dense_resource.h:135]   --->   Operation 21 'read' 'data_2_val_read' <Predicate = (do_init)> <Delay = 0.00>
ST_2 : Operation 22 [1/1] (0.00ns)   --->   "%data_1_val_read = read i10 @_ssdm_op_Read.ap_auto.i10, i10 %data_1_val" [firmware/nnet_utils/nnet_dense_resource.h:135]   --->   Operation 22 'read' 'data_1_val_read' <Predicate = (do_init)> <Delay = 0.00>
ST_2 : Operation 23 [1/1] (0.00ns)   --->   "%data_0_val_read = read i10 @_ssdm_op_Read.ap_auto.i10, i10 %data_0_val" [firmware/nnet_utils/nnet_dense_resource.h:135]   --->   Operation 23 'read' 'data_0_val_read' <Predicate = (do_init)> <Delay = 0.00>
ST_2 : Operation 24 [1/1] (1.58ns)   --->   "%br_ln135 = br void %MultLoop.split_ifconv" [firmware/nnet_utils/nnet_dense_resource.h:135]   --->   Operation 24 'br' 'br_ln135' <Predicate = (do_init)> <Delay = 1.58>
ST_2 : Operation 25 [1/1] (0.00ns)   --->   "%zext_ln135 = zext i6 %w_index17" [firmware/nnet_utils/nnet_dense_resource.h:135]   --->   Operation 25 'zext' 'zext_ln135' <Predicate = true> <Delay = 0.00>
ST_2 : Operation 26 [1/1] (0.00ns)   --->   "%outidx_27_addr = getelementptr i2 %outidx_27, i64 0, i64 %zext_ln135" [firmware/nnet_utils/nnet_dense_resource.h:139]   --->   Operation 26 'getelementptr' 'outidx_27_addr' <Predicate = true> <Delay = 0.00>
ST_2 : Operation 27 [2/2] (2.32ns)   --->   "%out_index = load i6 %outidx_27_addr" [firmware/nnet_utils/nnet_dense_resource.h:139]   --->   Operation 27 'load' 'out_index' <Predicate = true> <Delay = 2.32> <CoreInst = "ROM">   --->   Core 94 'ROM' <Latency = 1> <II = 1> <Delay = 2.32> <Storage> <Opcode : 'load'> <Ports = 0> <Width = 2> <Depth = 64> <ROM>
ST_2 : Operation 28 [1/1] (0.00ns)   --->   "%w9_addr = getelementptr i7 %w9, i64 0, i64 %zext_ln135" [firmware/nnet_utils/nnet_dense_resource.h:145]   --->   Operation 28 'getelementptr' 'w9_addr' <Predicate = true> <Delay = 0.00>
ST_2 : Operation 29 [2/2] (3.25ns)   --->   "%w = load i6 %w9_addr" [firmware/nnet_utils/nnet_dense_resource.h:145]   --->   Operation 29 'load' 'w' <Predicate = true> <Delay = 3.25> <CoreInst = "ROM_nP_BRAM">   --->   Core 102 'ROM_nP_BRAM' <Latency = 1> <II = 1> <Delay = 3.25> <Storage> <Opcode : 'load'> <Ports = 0> <Width = 7> <Depth = 64> <ROM>
ST_2 : Operation 30 [1/1] (1.82ns)   --->   "%w_index = add i6 %w_index17, i6 1" [firmware/nnet_utils/nnet_dense_resource.h:135]   --->   Operation 30 'add' 'w_index' <Predicate = true> <Delay = 1.82> <CoreInst = "Adder">   --->   Core 1 'Adder' <Latency = 0> <II = 1> <Delay = 1.82> <FuncUnit> <Opcode : 'add' 'sub'> <InPorts = 2> <OutPorts = 1>
ST_2 : Operation 31 [1/1] (1.82ns)   --->   "%icmp_ln135 = icmp_eq  i6 %w_index17, i6 63" [firmware/nnet_utils/nnet_dense_resource.h:135]   --->   Operation 31 'icmp' 'icmp_ln135' <Predicate = true> <Delay = 1.82> <CoreInst = "Cmp">   --->   Core 9 'Cmp' <Latency = 0> <II = 1> <Delay = 1.82> <FuncUnit> <Opcode : 'seteq' 'setne' 'setle' 'setge' 'setlt' 'setgt'> <InPorts = 2> <OutPorts = 1>
ST_2 : Operation 32 [1/1] (0.00ns)   --->   "%br_ln135 = br i1 %icmp_ln135, void %rewind_header, void %Result" [firmware/nnet_utils/nnet_dense_resource.h:135]   --->   Operation 32 'br' 'br_ln135' <Predicate = true> <Delay = 0.00>
ST_2 : Operation 33 [1/1] (0.00ns)   --->   "%br_ln166 = br void %rewind_header" [firmware/nnet_utils/nnet_dense_resource.h:166]   --->   Operation 33 'br' 'br_ln166' <Predicate = (icmp_ln135)> <Delay = 0.00>

State 3 <SV = 2> <Delay = 14.3>
ST_3 : Operation 34 [1/1] (0.00ns)   --->   "%data_0_val21_rewind = phi i10 0, void %entry, i10 %data_0_val21_phi, void %MultLoop.split_ifconv, i10 0, void %Result" [firmware/nnet_utils/nnet_dense_resource.h:135]   --->   Operation 34 'phi' 'data_0_val21_rewind' <Predicate = true> <Delay = 0.00>
ST_3 : Operation 35 [1/1] (0.00ns)   --->   "%data_1_val22_rewind = phi i10 0, void %entry, i10 %data_1_val22_phi, void %MultLoop.split_ifconv, i10 0, void %Result" [firmware/nnet_utils/nnet_dense_resource.h:135]   --->   Operation 35 'phi' 'data_1_val22_rewind' <Predicate = true> <Delay = 0.00>
ST_3 : Operation 36 [1/1] (0.00ns)   --->   "%data_2_val23_rewind = phi i10 0, void %entry, i10 %data_2_val23_phi, void %MultLoop.split_ifconv, i10 0, void %Result" [firmware/nnet_utils/nnet_dense_resource.h:135]   --->   Operation 36 'phi' 'data_2_val23_rewind' <Predicate = true> <Delay = 0.00>
ST_3 : Operation 37 [1/1] (0.00ns)   --->   "%data_3_val24_rewind = phi i10 0, void %entry, i10 %data_3_val24_phi, void %MultLoop.split_ifconv, i10 0, void %Result" [firmware/nnet_utils/nnet_dense_resource.h:135]   --->   Operation 37 'phi' 'data_3_val24_rewind' <Predicate = true> <Delay = 0.00>
ST_3 : Operation 38 [1/1] (0.00ns)   --->   "%data_4_val25_rewind = phi i10 0, void %entry, i10 %data_4_val25_phi, void %MultLoop.split_ifconv, i10 0, void %Result" [firmware/nnet_utils/nnet_dense_resource.h:135]   --->   Operation 38 'phi' 'data_4_val25_rewind' <Predicate = true> <Delay = 0.00>
ST_3 : Operation 39 [1/1] (0.00ns)   --->   "%data_5_val26_rewind = phi i10 0, void %entry, i10 %data_5_val26_phi, void %MultLoop.split_ifconv, i10 0, void %Result" [firmware/nnet_utils/nnet_dense_resource.h:135]   --->   Operation 39 'phi' 'data_5_val26_rewind' <Predicate = true> <Delay = 0.00>
ST_3 : Operation 40 [1/1] (0.00ns)   --->   "%data_6_val27_rewind = phi i10 0, void %entry, i10 %data_6_val27_phi, void %MultLoop.split_ifconv, i10 0, void %Result" [firmware/nnet_utils/nnet_dense_resource.h:135]   --->   Operation 40 'phi' 'data_6_val27_rewind' <Predicate = true> <Delay = 0.00>
ST_3 : Operation 41 [1/1] (0.00ns)   --->   "%data_7_val28_rewind = phi i10 0, void %entry, i10 %data_7_val28_phi, void %MultLoop.split_ifconv, i10 0, void %Result" [firmware/nnet_utils/nnet_dense_resource.h:135]   --->   Operation 41 'phi' 'data_7_val28_rewind' <Predicate = true> <Delay = 0.00>
ST_3 : Operation 42 [1/1] (0.00ns)   --->   "%data_8_val29_rewind = phi i10 0, void %entry, i10 %data_8_val29_phi, void %MultLoop.split_ifconv, i10 0, void %Result" [firmware/nnet_utils/nnet_dense_resource.h:135]   --->   Operation 42 'phi' 'data_8_val29_rewind' <Predicate = true> <Delay = 0.00>
ST_3 : Operation 43 [1/1] (0.00ns)   --->   "%data_9_val30_rewind = phi i10 0, void %entry, i10 %data_9_val30_phi, void %MultLoop.split_ifconv, i10 0, void %Result" [firmware/nnet_utils/nnet_dense_resource.h:135]   --->   Operation 43 'phi' 'data_9_val30_rewind' <Predicate = true> <Delay = 0.00>
ST_3 : Operation 44 [1/1] (0.00ns)   --->   "%data_10_val31_rewind = phi i10 0, void %entry, i10 %data_10_val31_phi, void %MultLoop.split_ifconv, i10 0, void %Result" [firmware/nnet_utils/nnet_dense_resource.h:135]   --->   Operation 44 'phi' 'data_10_val31_rewind' <Predicate = true> <Delay = 0.00>
ST_3 : Operation 45 [1/1] (0.00ns)   --->   "%data_11_val32_rewind = phi i10 0, void %entry, i10 %data_11_val32_phi, void %MultLoop.split_ifconv, i10 0, void %Result" [firmware/nnet_utils/nnet_dense_resource.h:135]   --->   Operation 45 'phi' 'data_11_val32_rewind' <Predicate = true> <Delay = 0.00>
ST_3 : Operation 46 [1/1] (0.00ns)   --->   "%data_12_val33_rewind = phi i10 0, void %entry, i10 %data_12_val33_phi, void %MultLoop.split_ifconv, i10 0, void %Result" [firmware/nnet_utils/nnet_dense_resource.h:135]   --->   Operation 46 'phi' 'data_12_val33_rewind' <Predicate = true> <Delay = 0.00>
ST_3 : Operation 47 [1/1] (0.00ns)   --->   "%data_13_val34_rewind = phi i10 0, void %entry, i10 %data_13_val34_phi, void %MultLoop.split_ifconv, i10 0, void %Result" [firmware/nnet_utils/nnet_dense_resource.h:135]   --->   Operation 47 'phi' 'data_13_val34_rewind' <Predicate = true> <Delay = 0.00>
ST_3 : Operation 48 [1/1] (0.00ns)   --->   "%data_14_val35_rewind = phi i10 0, void %entry, i10 %data_14_val35_phi, void %MultLoop.split_ifconv, i10 0, void %Result" [firmware/nnet_utils/nnet_dense_resource.h:135]   --->   Operation 48 'phi' 'data_14_val35_rewind' <Predicate = true> <Delay = 0.00>
ST_3 : Operation 49 [1/1] (0.00ns)   --->   "%data_15_val36_rewind = phi i10 0, void %entry, i10 %data_15_val36_phi, void %MultLoop.split_ifconv, i10 0, void %Result" [firmware/nnet_utils/nnet_dense_resource.h:135]   --->   Operation 49 'phi' 'data_15_val36_rewind' <Predicate = true> <Delay = 0.00>
ST_3 : Operation 50 [1/1] (0.00ns)   --->   "%in_index_0518 = phi i32 0, void %entry, i32 %in_index_6, void %MultLoop.split_ifconv, i32 0, void %Result"   --->   Operation 50 'phi' 'in_index_0518' <Predicate = true> <Delay = 0.00>
ST_3 : Operation 51 [1/1] (0.00ns)   --->   "%acc15 = phi i25 320, void %entry, i25 %acc, void %MultLoop.split_ifconv, i25 320, void %Result"   --->   Operation 51 'phi' 'acc15' <Predicate = true> <Delay = 0.00>
ST_3 : Operation 52 [1/1] (0.00ns)   --->   "%acc_24113 = phi i25 128, void %entry, i25 %acc_161, void %MultLoop.split_ifconv, i25 128, void %Result"   --->   Operation 52 'phi' 'acc_24113' <Predicate = true> <Delay = 0.00>
ST_3 : Operation 53 [1/1] (0.00ns)   --->   "%acc_24211 = phi i25 192, void %entry, i25 %acc_162, void %MultLoop.split_ifconv, i25 192, void %Result"   --->   Operation 53 'phi' 'acc_24211' <Predicate = true> <Delay = 0.00>
ST_3 : Operation 54 [1/1] (0.00ns)   --->   "%acc_24310 = phi i25 33553984, void %entry, i25 %acc_163, void %MultLoop.split_ifconv, i25 33553984, void %Result"   --->   Operation 54 'phi' 'acc_24310' <Predicate = true> <Delay = 0.00>
ST_3 : Operation 55 [1/1] (1.58ns)   --->   "%br_ln0 = br i1 %do_init, void %MultLoop.split_ifconv, void %rewind_init"   --->   Operation 55 'br' 'br_ln0' <Predicate = true> <Delay = 1.58>
ST_3 : Operation 56 [1/1] (0.00ns)   --->   "%data_0_val21_phi = phi i10 %data_0_val_read, void %rewind_init, i10 %data_0_val21_rewind, void %rewind_header" [firmware/nnet_utils/nnet_dense_resource.h:135]   --->   Operation 56 'phi' 'data_0_val21_phi' <Predicate = true> <Delay = 0.00>
ST_3 : Operation 57 [1/1] (0.00ns)   --->   "%data_1_val22_phi = phi i10 %data_1_val_read, void %rewind_init, i10 %data_1_val22_rewind, void %rewind_header" [firmware/nnet_utils/nnet_dense_resource.h:135]   --->   Operation 57 'phi' 'data_1_val22_phi' <Predicate = true> <Delay = 0.00>
ST_3 : Operation 58 [1/1] (0.00ns)   --->   "%data_2_val23_phi = phi i10 %data_2_val_read, void %rewind_init, i10 %data_2_val23_rewind, void %rewind_header" [firmware/nnet_utils/nnet_dense_resource.h:135]   --->   Operation 58 'phi' 'data_2_val23_phi' <Predicate = true> <Delay = 0.00>
ST_3 : Operation 59 [1/1] (0.00ns)   --->   "%data_3_val24_phi = phi i10 %data_3_val_read, void %rewind_init, i10 %data_3_val24_rewind, void %rewind_header" [firmware/nnet_utils/nnet_dense_resource.h:135]   --->   Operation 59 'phi' 'data_3_val24_phi' <Predicate = true> <Delay = 0.00>
ST_3 : Operation 60 [1/1] (0.00ns)   --->   "%data_4_val25_phi = phi i10 %data_4_val_read, void %rewind_init, i10 %data_4_val25_rewind, void %rewind_header" [firmware/nnet_utils/nnet_dense_resource.h:135]   --->   Operation 60 'phi' 'data_4_val25_phi' <Predicate = true> <Delay = 0.00>
ST_3 : Operation 61 [1/1] (0.00ns)   --->   "%data_5_val26_phi = phi i10 %data_5_val_read, void %rewind_init, i10 %data_5_val26_rewind, void %rewind_header" [firmware/nnet_utils/nnet_dense_resource.h:135]   --->   Operation 61 'phi' 'data_5_val26_phi' <Predicate = true> <Delay = 0.00>
ST_3 : Operation 62 [1/1] (0.00ns)   --->   "%data_6_val27_phi = phi i10 %data_6_val_read, void %rewind_init, i10 %data_6_val27_rewind, void %rewind_header" [firmware/nnet_utils/nnet_dense_resource.h:135]   --->   Operation 62 'phi' 'data_6_val27_phi' <Predicate = true> <Delay = 0.00>
ST_3 : Operation 63 [1/1] (0.00ns)   --->   "%data_7_val28_phi = phi i10 %data_7_val_read, void %rewind_init, i10 %data_7_val28_rewind, void %rewind_header" [firmware/nnet_utils/nnet_dense_resource.h:135]   --->   Operation 63 'phi' 'data_7_val28_phi' <Predicate = true> <Delay = 0.00>
ST_3 : Operation 64 [1/1] (0.00ns)   --->   "%data_8_val29_phi = phi i10 %data_8_val_read, void %rewind_init, i10 %data_8_val29_rewind, void %rewind_header" [firmware/nnet_utils/nnet_dense_resource.h:135]   --->   Operation 64 'phi' 'data_8_val29_phi' <Predicate = true> <Delay = 0.00>
ST_3 : Operation 65 [1/1] (0.00ns)   --->   "%data_9_val30_phi = phi i10 %data_9_val_read, void %rewind_init, i10 %data_9_val30_rewind, void %rewind_header" [firmware/nnet_utils/nnet_dense_resource.h:135]   --->   Operation 65 'phi' 'data_9_val30_phi' <Predicate = true> <Delay = 0.00>
ST_3 : Operation 66 [1/1] (0.00ns)   --->   "%data_10_val31_phi = phi i10 %data_10_val_read, void %rewind_init, i10 %data_10_val31_rewind, void %rewind_header" [firmware/nnet_utils/nnet_dense_resource.h:135]   --->   Operation 66 'phi' 'data_10_val31_phi' <Predicate = true> <Delay = 0.00>
ST_3 : Operation 67 [1/1] (0.00ns)   --->   "%data_11_val32_phi = phi i10 %data_11_val_read, void %rewind_init, i10 %data_11_val32_rewind, void %rewind_header" [firmware/nnet_utils/nnet_dense_resource.h:135]   --->   Operation 67 'phi' 'data_11_val32_phi' <Predicate = true> <Delay = 0.00>
ST_3 : Operation 68 [1/1] (0.00ns)   --->   "%data_12_val33_phi = phi i10 %data_12_val_read, void %rewind_init, i10 %data_12_val33_rewind, void %rewind_header" [firmware/nnet_utils/nnet_dense_resource.h:135]   --->   Operation 68 'phi' 'data_12_val33_phi' <Predicate = true> <Delay = 0.00>
ST_3 : Operation 69 [1/1] (0.00ns)   --->   "%data_13_val34_phi = phi i10 %data_13_val_read, void %rewind_init, i10 %data_13_val34_rewind, void %rewind_header" [firmware/nnet_utils/nnet_dense_resource.h:135]   --->   Operation 69 'phi' 'data_13_val34_phi' <Predicate = true> <Delay = 0.00>
ST_3 : Operation 70 [1/1] (0.00ns)   --->   "%data_14_val35_phi = phi i10 %data_14_val_read, void %rewind_init, i10 %data_14_val35_rewind, void %rewind_header" [firmware/nnet_utils/nnet_dense_resource.h:135]   --->   Operation 70 'phi' 'data_14_val35_phi' <Predicate = true> <Delay = 0.00>
ST_3 : Operation 71 [1/1] (0.00ns)   --->   "%data_15_val36_phi = phi i10 %data_15_val_read, void %rewind_init, i10 %data_15_val36_rewind, void %rewind_header" [firmware/nnet_utils/nnet_dense_resource.h:135]   --->   Operation 71 'phi' 'data_15_val36_phi' <Predicate = true> <Delay = 0.00>
ST_3 : Operation 72 [1/1] (0.00ns)   --->   "%trunc_ln135 = trunc i32 %in_index_0518" [firmware/nnet_utils/nnet_dense_resource.h:135]   --->   Operation 72 'trunc' 'trunc_ln135' <Predicate = true> <Delay = 0.00>
ST_3 : Operation 73 [1/1] (0.00ns)   --->   "%specpipeline_ln136 = specpipeline void @_ssdm_op_SpecPipeline, i32 1, i32 0, i32 0, i32 1, void @empty_1" [firmware/nnet_utils/nnet_dense_resource.h:136]   --->   Operation 73 'specpipeline' 'specpipeline_ln136' <Predicate = true> <Delay = 0.00>
ST_3 : Operation 74 [1/1] (0.00ns)   --->   "%speclooptripcount_ln110 = speclooptripcount void @_ssdm_op_SpecLoopTripCount, i64 64, i64 64, i64 64" [firmware/nnet_utils/nnet_dense_resource.h:110]   --->   Operation 74 'speclooptripcount' 'speclooptripcount_ln110' <Predicate = true> <Delay = 0.00>
ST_3 : Operation 75 [1/1] (0.00ns)   --->   "%specloopname_ln135 = specloopname void @_ssdm_op_SpecLoopName, void @empty_10" [firmware/nnet_utils/nnet_dense_resource.h:135]   --->   Operation 75 'specloopname' 'specloopname_ln135' <Predicate = true> <Delay = 0.00>
ST_3 : Operation 76 [1/2] ( I:2.32ns O:2.32ns )   --->   "%out_index = load i6 %outidx_27_addr" [firmware/nnet_utils/nnet_dense_resource.h:139]   --->   Operation 76 'load' 'out_index' <Predicate = true> <Delay = 2.32> <CoreInst = "ROM">   --->   Core 94 'ROM' <Latency = 1> <II = 1> <Delay = 2.32> <Storage> <Opcode : 'load'> <Ports = 0> <Width = 2> <Depth = 64> <ROM>
ST_3 : Operation 77 [1/1] (2.06ns)   --->   "%a = sparsemux i10 @_ssdm_op_SparseMux.ap_auto.16i10.i10.i4, i4 0, i10 %data_0_val21_phi, i4 1, i10 %data_1_val22_phi, i4 2, i10 %data_2_val23_phi, i4 3, i10 %data_3_val24_phi, i4 4, i10 %data_4_val25_phi, i4 5, i10 %data_5_val26_phi, i4 6, i10 %data_6_val27_phi, i4 7, i10 %data_7_val28_phi, i4 8, i10 %data_8_val29_phi, i4 9, i10 %data_9_val30_phi, i4 10, i10 %data_10_val31_phi, i4 11, i10 %data_11_val32_phi, i4 12, i10 %data_12_val33_phi, i4 13, i10 %data_13_val34_phi, i4 14, i10 %data_14_val35_phi, i4 15, i10 %data_15_val36_phi, i10 0, i4 %trunc_ln135" [firmware/nnet_utils/nnet_dense_resource.h:135]   --->   Operation 77 'sparsemux' 'a' <Predicate = true> <Delay = 2.06> <CoreInst = "BinarySparseMux_DontCare">   --->   Core 137 'BinarySparseMux_DontCare' <Latency = 0> <II = 1> <Delay = 2.06> <FuncUnit> <Opcode : 'sparsemux'> <InPorts = 2> <OutPorts = 1>
ST_3 : Operation 78 [1/1] (0.00ns)   --->   "%sext_ln145 = sext i10 %a" [firmware/nnet_utils/nnet_dense_resource.h:145]   --->   Operation 78 'sext' 'sext_ln145' <Predicate = true> <Delay = 0.00>
ST_3 : Operation 79 [1/2] ( I:3.25ns O:3.25ns )   --->   "%w = load i6 %w9_addr" [firmware/nnet_utils/nnet_dense_resource.h:145]   --->   Operation 79 'load' 'w' <Predicate = true> <Delay = 3.25> <CoreInst = "ROM_nP_BRAM">   --->   Core 102 'ROM_nP_BRAM' <Latency = 1> <II = 1> <Delay = 3.25> <Storage> <Opcode : 'load'> <Ports = 0> <Width = 7> <Depth = 64> <ROM>
ST_3 : Operation 80 [1/1] (0.00ns)   --->   "%sext_ln73 = sext i7 %w" [firmware/nnet_utils/nnet_mult.h:73->firmware/nnet_utils/nnet_dense_resource.h:145]   --->   Operation 80 'sext' 'sext_ln73' <Predicate = true> <Delay = 0.00>
ST_3 : Operation 81 [1/1] (3.36ns) (grouped into DSP with root node add_ln144)   --->   "%mul_ln73 = mul i17 %sext_ln145, i17 %sext_ln73" [firmware/nnet_utils/nnet_mult.h:73->firmware/nnet_utils/nnet_dense_resource.h:145]   --->   Operation 81 'mul' 'mul_ln73' <Predicate = true> <Delay = 3.36> <CoreInst = "DSP48">   --->   Core 116 'DSP48' <Latency = 0> <II = 1> <Delay = 6.38> <IPBlock> <Opcode : '' 'add' 'sub' 'mul' 'select'> <InPorts = 0> <OutPorts = 1> <Sync> <CReg>
ST_3 : Operation 82 [1/1] (1.82ns)   --->   "%tmp = sparsemux i25 @_ssdm_op_SparseMux.ap_auto.4i25.i25.i2, i2 0, i25 %acc15, i2 1, i25 %acc_24113, i2 2, i25 %acc_24211, i2 3, i25 %acc_24310, i25 0, i2 %out_index" [firmware/nnet_utils/nnet_dense_resource.h:144]   --->   Operation 82 'sparsemux' 'tmp' <Predicate = true> <Delay = 1.82> <CoreInst = "BinarySparseMux_DontCare">   --->   Core 137 'BinarySparseMux_DontCare' <Latency = 0> <II = 1> <Delay = 1.82> <FuncUnit> <Opcode : 'sparsemux'> <InPorts = 2> <OutPorts = 1>
ST_3 : Operation 83 [1/1] (0.00ns)   --->   "%sext_ln144 = sext i25 %tmp" [firmware/nnet_utils/nnet_dense_resource.h:144]   --->   Operation 83 'sext' 'sext_ln144' <Predicate = true> <Delay = 0.00>
ST_3 : Operation 84 [1/1] (0.00ns) (grouped into DSP with root node add_ln144)   --->   "%sext_ln144_4 = sext i17 %mul_ln73" [firmware/nnet_utils/nnet_dense_resource.h:144]   --->   Operation 84 'sext' 'sext_ln144_4' <Predicate = true> <Delay = 0.00>
ST_3 : Operation 85 [1/1] (3.02ns) (root node of the DSP)   --->   "%add_ln144 = add i26 %sext_ln144, i26 %sext_ln144_4" [firmware/nnet_utils/nnet_dense_resource.h:144]   --->   Operation 85 'add' 'add_ln144' <Predicate = true> <Delay = 3.02> <CoreInst = "DSP48">   --->   Core 116 'DSP48' <Latency = 0> <II = 1> <Delay = 6.38> <IPBlock> <Opcode : '' 'add' 'sub' 'mul' 'select'> <InPorts = 0> <OutPorts = 1> <Sync> <CReg>
ST_3 : Operation 86 [1/1] (1.56ns)   --->   "%icmp_ln144 = icmp_eq  i2 %out_index, i2 0" [firmware/nnet_utils/nnet_dense_resource.h:144]   --->   Operation 86 'icmp' 'icmp_ln144' <Predicate = true> <Delay = 1.56> <CoreInst = "Cmp">   --->   Core 9 'Cmp' <Latency = 0> <II = 1> <Delay = 1.56> <FuncUnit> <Opcode : 'seteq' 'setne' 'setle' 'setge' 'setlt' 'setgt'> <InPorts = 2> <OutPorts = 1>
ST_3 : Operation 87 [1/1] (1.56ns)   --->   "%icmp_ln144_3 = icmp_eq  i2 %out_index, i2 1" [firmware/nnet_utils/nnet_dense_resource.h:144]   --->   Operation 87 'icmp' 'icmp_ln144_3' <Predicate = true> <Delay = 1.56> <CoreInst = "Cmp">   --->   Core 9 'Cmp' <Latency = 0> <II = 1> <Delay = 1.56> <FuncUnit> <Opcode : 'seteq' 'setne' 'setle' 'setge' 'setlt' 'setgt'> <InPorts = 2> <OutPorts = 1>
ST_3 : Operation 88 [1/1] (1.56ns)   --->   "%icmp_ln144_4 = icmp_eq  i2 %out_index, i2 2" [firmware/nnet_utils/nnet_dense_resource.h:144]   --->   Operation 88 'icmp' 'icmp_ln144_4' <Predicate = true> <Delay = 1.56> <CoreInst = "Cmp">   --->   Core 9 'Cmp' <Latency = 0> <II = 1> <Delay = 1.56> <FuncUnit> <Opcode : 'seteq' 'setne' 'setle' 'setge' 'setlt' 'setgt'> <InPorts = 2> <OutPorts = 1>
ST_3 : Operation 89 [1/1] (2.37ns)   --->   "%icmp_ln144_5 = icmp_ne  i26 %add_ln144, i26 0" [firmware/nnet_utils/nnet_dense_resource.h:144]   --->   Operation 89 'icmp' 'icmp_ln144_5' <Predicate = true> <Delay = 2.37> <CoreInst = "Cmp">   --->   Core 9 'Cmp' <Latency = 0> <II = 1> <Delay = 2.37> <FuncUnit> <Opcode : 'seteq' 'setne' 'setle' 'setge' 'setlt' 'setgt'> <InPorts = 2> <OutPorts = 1>
ST_3 : Operation 90 [1/1] (0.00ns) (grouped into LUT with out node acc_164)   --->   "%or_ln144 = or i1 %icmp_ln144, i1 %icmp_ln144_5" [firmware/nnet_utils/nnet_dense_resource.h:144]   --->   Operation 90 'or' 'or_ln144' <Predicate = true> <Delay = 0.00> <CoreInst = "LogicGate">   --->   Core 74 'LogicGate' <Latency = 0> <II = 1> <Delay = 0.97> <FuncUnit> <Opcode : 'and' 'or' 'xor'> <InPorts = 2> <OutPorts = 1>
ST_3 : Operation 91 [1/1] (0.97ns)   --->   "%or_ln144_1 = or i1 %icmp_ln144_3, i1 %icmp_ln144_4" [firmware/nnet_utils/nnet_dense_resource.h:144]   --->   Operation 91 'or' 'or_ln144_1' <Predicate = true> <Delay = 0.97> <CoreInst = "LogicGate">   --->   Core 74 'LogicGate' <Latency = 0> <II = 1> <Delay = 0.97> <FuncUnit> <Opcode : 'and' 'or' 'xor'> <InPorts = 2> <OutPorts = 1>
ST_3 : Operation 92 [1/1] (0.00ns) (grouped into LUT with out node acc_164)   --->   "%or_ln144_2 = or i1 %or_ln144_1, i1 %or_ln144" [firmware/nnet_utils/nnet_dense_resource.h:144]   --->   Operation 92 'or' 'or_ln144_2' <Predicate = true> <Delay = 0.00> <CoreInst = "LogicGate">   --->   Core 74 'LogicGate' <Latency = 0> <II = 1> <Delay = 0.97> <FuncUnit> <Opcode : 'and' 'or' 'xor'> <InPorts = 2> <OutPorts = 1>
ST_3 : Operation 93 [1/1] (0.97ns) (out node of the LUT)   --->   "%acc_164 = select i1 %or_ln144_2, i25 %acc_24310, i25 0" [firmware/nnet_utils/nnet_dense_resource.h:144]   --->   Operation 93 'select' 'acc_164' <Predicate = true> <Delay = 0.97> <CoreInst = "Sel">   --->   Core 73 'Sel' <Latency = 0> <II = 1> <Delay = 0.73> <FuncUnit> <Opcode : 'select'> <InPorts = 3> <OutPorts = 1>
ST_3 : Operation 94 [1/1] (0.00ns)   --->   "%acc_165 = trunc i26 %add_ln144" [firmware/nnet_utils/nnet_dense_resource.h:144]   --->   Operation 94 'trunc' 'acc_165' <Predicate = true> <Delay = 0.00>
ST_3 : Operation 95 [1/1] (0.00ns) (grouped into LUT with out node acc_163)   --->   "%or_ln144_3 = or i1 %or_ln144_1, i1 %icmp_ln144" [firmware/nnet_utils/nnet_dense_resource.h:144]   --->   Operation 95 'or' 'or_ln144_3' <Predicate = true> <Delay = 0.00> <CoreInst = "LogicGate">   --->   Core 74 'LogicGate' <Latency = 0> <II = 1> <Delay = 0.97> <FuncUnit> <Opcode : 'and' 'or' 'xor'> <InPorts = 2> <OutPorts = 1>
ST_3 : Operation 96 [1/1] (0.97ns) (out node of the LUT)   --->   "%acc_163 = select i1 %or_ln144_3, i25 %acc_164, i25 %acc_165" [firmware/nnet_utils/nnet_dense_resource.h:144]   --->   Operation 96 'select' 'acc_163' <Predicate = true> <Delay = 0.97> <CoreInst = "Sel">   --->   Core 73 'Sel' <Latency = 0> <II = 1> <Delay = 0.73> <FuncUnit> <Opcode : 'select'> <InPorts = 3> <OutPorts = 1>
ST_3 : Operation 97 [1/1] (0.73ns)   --->   "%acc_162 = select i1 %icmp_ln144_4, i25 %acc_165, i25 %acc_24211" [firmware/nnet_utils/nnet_dense_resource.h:144]   --->   Operation 97 'select' 'acc_162' <Predicate = true> <Delay = 0.73> <CoreInst = "Sel">   --->   Core 73 'Sel' <Latency = 0> <II = 1> <Delay = 0.73> <FuncUnit> <Opcode : 'select'> <InPorts = 3> <OutPorts = 1>
ST_3 : Operation 98 [1/1] (0.73ns)   --->   "%acc_161 = select i1 %icmp_ln144_3, i25 %acc_165, i25 %acc_24113" [firmware/nnet_utils/nnet_dense_resource.h:144]   --->   Operation 98 'select' 'acc_161' <Predicate = true> <Delay = 0.73> <CoreInst = "Sel">   --->   Core 73 'Sel' <Latency = 0> <II = 1> <Delay = 0.73> <FuncUnit> <Opcode : 'select'> <InPorts = 3> <OutPorts = 1>
ST_3 : Operation 99 [1/1] (0.73ns)   --->   "%acc = select i1 %icmp_ln144, i25 %acc_165, i25 %acc15" [firmware/nnet_utils/nnet_dense_resource.h:144]   --->   Operation 99 'select' 'acc' <Predicate = true> <Delay = 0.73> <CoreInst = "Sel">   --->   Core 73 'Sel' <Latency = 0> <II = 1> <Delay = 0.73> <FuncUnit> <Opcode : 'select'> <InPorts = 3> <OutPorts = 1>
ST_3 : Operation 100 [1/1] (2.55ns)   --->   "%in_index = add i32 %in_index_0518, i32 1" [firmware/nnet_utils/nnet_dense_resource.h:153]   --->   Operation 100 'add' 'in_index' <Predicate = true> <Delay = 2.55> <CoreInst = "Adder">   --->   Core 1 'Adder' <Latency = 0> <II = 1> <Delay = 2.55> <FuncUnit> <Opcode : 'add' 'sub'> <InPorts = 2> <OutPorts = 1>
ST_3 : Operation 101 [1/1] (0.00ns)   --->   "%tmp_464 = partselect i28 @_ssdm_op_PartSelect.i28.i32.i32.i32, i32 %in_index, i32 4, i32 31" [firmware/nnet_utils/nnet_dense_resource.h:154]   --->   Operation 101 'partselect' 'tmp_464' <Predicate = true> <Delay = 0.00>
ST_3 : Operation 102 [1/1] (2.43ns)   --->   "%icmp_ln154 = icmp_sgt  i28 %tmp_464, i28 0" [firmware/nnet_utils/nnet_dense_resource.h:154]   --->   Operation 102 'icmp' 'icmp_ln154' <Predicate = true> <Delay = 2.43> <CoreInst = "Cmp">   --->   Core 9 'Cmp' <Latency = 0> <II = 1> <Delay = 2.43> <FuncUnit> <Opcode : 'seteq' 'setne' 'setle' 'setge' 'setlt' 'setgt'> <InPorts = 2> <OutPorts = 1>
ST_3 : Operation 103 [1/1] (0.69ns)   --->   "%in_index_6 = select i1 %icmp_ln154, i32 0, i32 %in_index" [firmware/nnet_utils/nnet_dense_resource.h:154]   --->   Operation 103 'select' 'in_index_6' <Predicate = true> <Delay = 0.69> <CoreInst = "Sel">   --->   Core 73 'Sel' <Latency = 0> <II = 1> <Delay = 0.69> <FuncUnit> <Opcode : 'select'> <InPorts = 3> <OutPorts = 1>
ST_3 : Operation 104 [1/1] (0.00ns)   --->   "%mrv = insertvalue i100 <undef>, i25 %acc" [firmware/nnet_utils/nnet_dense_resource.h:166]   --->   Operation 104 'insertvalue' 'mrv' <Predicate = (icmp_ln135)> <Delay = 0.00>
ST_3 : Operation 105 [1/1] (0.00ns)   --->   "%mrv_1 = insertvalue i100 %mrv, i25 %acc_161" [firmware/nnet_utils/nnet_dense_resource.h:166]   --->   Operation 105 'insertvalue' 'mrv_1' <Predicate = (icmp_ln135)> <Delay = 0.00>
ST_3 : Operation 106 [1/1] (0.00ns)   --->   "%mrv_2 = insertvalue i100 %mrv_1, i25 %acc_162" [firmware/nnet_utils/nnet_dense_resource.h:166]   --->   Operation 106 'insertvalue' 'mrv_2' <Predicate = (icmp_ln135)> <Delay = 0.00>
ST_3 : Operation 107 [1/1] (0.00ns)   --->   "%mrv_3 = insertvalue i100 %mrv_2, i25 %acc_163" [firmware/nnet_utils/nnet_dense_resource.h:166]   --->   Operation 107 'insertvalue' 'mrv_3' <Predicate = (icmp_ln135)> <Delay = 0.00>
ST_3 : Operation 108 [1/1] (0.00ns)   --->   "%return_ln166 = return void @_ssdm_op_Return, i100 %mrv_3" [firmware/nnet_utils/nnet_dense_resource.h:166]   --->   Operation 108 'return' 'return_ln166' <Predicate = (icmp_ln135)> <Delay = 0.00>


============================================================
+ Verbose Summary: Timing violations
============================================================
Target clock period: 20.000ns, clock uncertainty: 2.500ns.

 <State 1>: 1.588ns
The critical path consists of the following:
	multiplexor before 'phi' operation 1 bit ('do_init') [21]  (1.588 ns)

 <State 2>: 3.254ns
The critical path consists of the following:
	'phi' operation 6 bit ('w_index') with incoming values : ('w_index', firmware/nnet_utils/nnet_dense_resource.h:135) [39]  (0.000 ns)
	'getelementptr' operation 6 bit ('w9_addr', firmware/nnet_utils/nnet_dense_resource.h:145) [90]  (0.000 ns)
	'load' operation 7 bit ('w', firmware/nnet_utils/nnet_dense_resource.h:145) on array 'w9' [91]  (3.254 ns)

 <State 3>: 14.362ns
The critical path consists of the following:
	'phi' operation 10 bit ('data_0_val21_rewind', firmware/nnet_utils/nnet_dense_resource.h:135) with incoming values : ('data_0_val_read', firmware/nnet_utils/nnet_dense_resource.h:135) [22]  (0.000 ns)
	multiplexor before 'phi' operation 10 bit ('data_0_val21_phi', firmware/nnet_utils/nnet_dense_resource.h:135) with incoming values : ('data_0_val_read', firmware/nnet_utils/nnet_dense_resource.h:135) [65]  (1.588 ns)
	'phi' operation 10 bit ('data_0_val21_phi', firmware/nnet_utils/nnet_dense_resource.h:135) with incoming values : ('data_0_val_read', firmware/nnet_utils/nnet_dense_resource.h:135) [65]  (0.000 ns)
	'sparsemux' operation 10 bit ('a', firmware/nnet_utils/nnet_dense_resource.h:135) [88]  (2.064 ns)
	'mul' operation 17 bit of DSP[97] ('mul_ln73', firmware/nnet_utils/nnet_mult.h:73->firmware/nnet_utils/nnet_dense_resource.h:145) [93]  (3.360 ns)
	'add' operation 26 bit of DSP[97] ('add_ln144', firmware/nnet_utils/nnet_dense_resource.h:144) [97]  (3.020 ns)
	'icmp' operation 1 bit ('icmp_ln144_5', firmware/nnet_utils/nnet_dense_resource.h:144) [101]  (2.374 ns)
	'or' operation 1 bit ('or_ln144', firmware/nnet_utils/nnet_dense_resource.h:144) [102]  (0.000 ns)
	'or' operation 1 bit ('or_ln144_2', firmware/nnet_utils/nnet_dense_resource.h:144) [104]  (0.000 ns)
	'select' operation 25 bit ('acc', firmware/nnet_utils/nnet_dense_resource.h:144) [105]  (0.978 ns)
	'select' operation 25 bit ('acc_163', firmware/nnet_utils/nnet_dense_resource.h:144) [108]  (0.978 ns)
	'insertvalue' operation 100 bit ('mrv_3', firmware/nnet_utils/nnet_dense_resource.h:166) [123]  (0.000 ns)


============================================================
+ Verbose Summary: Binding
============================================================
N/A
* FSMD analyzer results:
  - Output states:
 - Input state : 
  - Chain level:
	State 1
	State 2
	State 3


============================================================
+ Verbose Summary: Datapath Resource usage 
============================================================
N/A
