

================================================================
== Vitis HLS Report for 'dense_latency_wrapper_ap_fixed_ap_fixed_18_14_5_3_0_config7_s'
================================================================
* Date:           Sun May 17 14:56:10 2026

* Version:        2025.1 (Build 6135595 on May 21 2025)
* Project:        wedrowiec_hls_prj
* Solution:       solution1 (Vivado IP Flow Target)
* Product family: zynq
* Target device:  xc7z020-clg400-1


================================================================
== Performance Estimates
================================================================
+ Timing: 
    * Summary: 
    +--------+----------+-----------+------------+
    |  Clock |  Target  | Estimated | Uncertainty|
    +--------+----------+-----------+------------+
    |ap_clk  |  20.00 ns|  14.549 ns|     5.40 ns|
    +--------+----------+-----------+------------+

+ Latency: 
    * Summary: 
    +---------+---------+-----------+-----------+-----+-----+---------+
    |  Latency (cycles) |   Latency (absolute)  |  Interval | Pipeline|
    |   min   |   max   |    min    |    max    | min | max |   Type  |
    +---------+---------+-----------+-----------+-----+-----+---------+
    |        3|        3|  60.000 ns|  60.000 ns|    3|    3|       no|
    +---------+---------+-----------+-----------+-----+-----+---------+

    + Detail: 
        * Instance: 
        N/A

        * Loop: 
        N/A

============================================================
+ Verbose Summary: Synthesis Manager
============================================================
InlineROM: 1
ExposeGlobal: 0
============================================================
+ Verbose Summary: CDFG Model
============================================================
IsTopModel: 0
ResetActiveHigh: 1
IsCombinational: 0
IsDatapathOnly: 0
HasWiredReturn: 1
HasMFsm: 0
HasVarLatency: 1
IsPipeline: 0
IsRtlPipelined: 0
IsInstanceOverlapped: 0
IsDontTouch: 0
HasImplIP: 0
IsGatedGlobalClock: 0


============================================================
+ Verbose Summary: Schedule
============================================================
* Number of FSM states : 2
* Pipeline : 0
* Dataflow Pipeline: 0

* FSM state transitions: 
1 --> 2 
2 --> 

* FSM state operations: 

State 1 <SV = 0> <Delay = 13.0>
ST_1 : Operation 3 [1/1] (0.00ns)   --->   "%data_31_val32_read = read i6 @_ssdm_op_Read.ap_auto.i6, i6 %data_31_val32" [firmware/nnet_utils/nnet_dense_stream.h:17]   --->   Operation 3 'read' 'data_31_val32_read' <Predicate = true> <Delay = 0.00>
ST_1 : Operation 4 [1/1] (0.00ns)   --->   "%data_30_val31_read = read i6 @_ssdm_op_Read.ap_auto.i6, i6 %data_30_val31" [firmware/nnet_utils/nnet_dense_stream.h:17]   --->   Operation 4 'read' 'data_30_val31_read' <Predicate = true> <Delay = 0.00>
ST_1 : Operation 5 [1/1] (0.00ns)   --->   "%data_29_val30_read = read i6 @_ssdm_op_Read.ap_auto.i6, i6 %data_29_val30" [firmware/nnet_utils/nnet_dense_stream.h:17]   --->   Operation 5 'read' 'data_29_val30_read' <Predicate = true> <Delay = 0.00>
ST_1 : Operation 6 [1/1] (0.00ns)   --->   "%data_28_val29_read = read i6 @_ssdm_op_Read.ap_auto.i6, i6 %data_28_val29" [firmware/nnet_utils/nnet_dense_stream.h:17]   --->   Operation 6 'read' 'data_28_val29_read' <Predicate = true> <Delay = 0.00>
ST_1 : Operation 7 [1/1] (0.00ns)   --->   "%data_27_val28_read = read i6 @_ssdm_op_Read.ap_auto.i6, i6 %data_27_val28" [firmware/nnet_utils/nnet_dense_stream.h:17]   --->   Operation 7 'read' 'data_27_val28_read' <Predicate = true> <Delay = 0.00>
ST_1 : Operation 8 [1/1] (0.00ns)   --->   "%data_26_val27_read = read i6 @_ssdm_op_Read.ap_auto.i6, i6 %data_26_val27" [firmware/nnet_utils/nnet_dense_stream.h:17]   --->   Operation 8 'read' 'data_26_val27_read' <Predicate = true> <Delay = 0.00>
ST_1 : Operation 9 [1/1] (0.00ns)   --->   "%data_25_val26_read = read i6 @_ssdm_op_Read.ap_auto.i6, i6 %data_25_val26" [firmware/nnet_utils/nnet_dense_stream.h:17]   --->   Operation 9 'read' 'data_25_val26_read' <Predicate = true> <Delay = 0.00>
ST_1 : Operation 10 [1/1] (0.00ns)   --->   "%data_24_val25_read = read i6 @_ssdm_op_Read.ap_auto.i6, i6 %data_24_val25" [firmware/nnet_utils/nnet_dense_stream.h:17]   --->   Operation 10 'read' 'data_24_val25_read' <Predicate = true> <Delay = 0.00>
ST_1 : Operation 11 [1/1] (0.00ns)   --->   "%data_23_val24_read = read i6 @_ssdm_op_Read.ap_auto.i6, i6 %data_23_val24" [firmware/nnet_utils/nnet_dense_stream.h:17]   --->   Operation 11 'read' 'data_23_val24_read' <Predicate = true> <Delay = 0.00>
ST_1 : Operation 12 [1/1] (0.00ns)   --->   "%data_22_val23_read = read i6 @_ssdm_op_Read.ap_auto.i6, i6 %data_22_val23" [firmware/nnet_utils/nnet_dense_stream.h:17]   --->   Operation 12 'read' 'data_22_val23_read' <Predicate = true> <Delay = 0.00>
ST_1 : Operation 13 [1/1] (0.00ns)   --->   "%data_21_val22_read = read i6 @_ssdm_op_Read.ap_auto.i6, i6 %data_21_val22" [firmware/nnet_utils/nnet_dense_stream.h:17]   --->   Operation 13 'read' 'data_21_val22_read' <Predicate = true> <Delay = 0.00>
ST_1 : Operation 14 [1/1] (0.00ns)   --->   "%data_20_val21_read = read i6 @_ssdm_op_Read.ap_auto.i6, i6 %data_20_val21" [firmware/nnet_utils/nnet_dense_stream.h:17]   --->   Operation 14 'read' 'data_20_val21_read' <Predicate = true> <Delay = 0.00>
ST_1 : Operation 15 [1/1] (0.00ns)   --->   "%data_19_val20_read = read i6 @_ssdm_op_Read.ap_auto.i6, i6 %data_19_val20" [firmware/nnet_utils/nnet_dense_stream.h:17]   --->   Operation 15 'read' 'data_19_val20_read' <Predicate = true> <Delay = 0.00>
ST_1 : Operation 16 [1/1] (0.00ns)   --->   "%data_18_val19_read = read i6 @_ssdm_op_Read.ap_auto.i6, i6 %data_18_val19" [firmware/nnet_utils/nnet_dense_stream.h:17]   --->   Operation 16 'read' 'data_18_val19_read' <Predicate = true> <Delay = 0.00>
ST_1 : Operation 17 [1/1] (0.00ns)   --->   "%data_17_val18_read = read i6 @_ssdm_op_Read.ap_auto.i6, i6 %data_17_val18" [firmware/nnet_utils/nnet_dense_stream.h:17]   --->   Operation 17 'read' 'data_17_val18_read' <Predicate = true> <Delay = 0.00>
ST_1 : Operation 18 [1/1] (0.00ns)   --->   "%data_16_val17_read = read i6 @_ssdm_op_Read.ap_auto.i6, i6 %data_16_val17" [firmware/nnet_utils/nnet_dense_stream.h:17]   --->   Operation 18 'read' 'data_16_val17_read' <Predicate = true> <Delay = 0.00>
ST_1 : Operation 19 [1/1] (0.00ns)   --->   "%data_15_val16_read = read i6 @_ssdm_op_Read.ap_auto.i6, i6 %data_15_val16" [firmware/nnet_utils/nnet_dense_stream.h:17]   --->   Operation 19 'read' 'data_15_val16_read' <Predicate = true> <Delay = 0.00>
ST_1 : Operation 20 [1/1] (0.00ns)   --->   "%data_14_val15_read = read i6 @_ssdm_op_Read.ap_auto.i6, i6 %data_14_val15" [firmware/nnet_utils/nnet_dense_stream.h:17]   --->   Operation 20 'read' 'data_14_val15_read' <Predicate = true> <Delay = 0.00>
ST_1 : Operation 21 [1/1] (0.00ns)   --->   "%data_13_val14_read = read i6 @_ssdm_op_Read.ap_auto.i6, i6 %data_13_val14" [firmware/nnet_utils/nnet_dense_stream.h:17]   --->   Operation 21 'read' 'data_13_val14_read' <Predicate = true> <Delay = 0.00>
ST_1 : Operation 22 [1/1] (0.00ns)   --->   "%data_12_val13_read = read i6 @_ssdm_op_Read.ap_auto.i6, i6 %data_12_val13" [firmware/nnet_utils/nnet_dense_stream.h:17]   --->   Operation 22 'read' 'data_12_val13_read' <Predicate = true> <Delay = 0.00>
ST_1 : Operation 23 [1/1] (0.00ns)   --->   "%data_11_val12_read = read i6 @_ssdm_op_Read.ap_auto.i6, i6 %data_11_val12" [firmware/nnet_utils/nnet_dense_stream.h:17]   --->   Operation 23 'read' 'data_11_val12_read' <Predicate = true> <Delay = 0.00>
ST_1 : Operation 24 [1/1] (0.00ns)   --->   "%data_10_val11_read = read i6 @_ssdm_op_Read.ap_auto.i6, i6 %data_10_val11" [firmware/nnet_utils/nnet_dense_stream.h:17]   --->   Operation 24 'read' 'data_10_val11_read' <Predicate = true> <Delay = 0.00>
ST_1 : Operation 25 [1/1] (0.00ns)   --->   "%data_9_val10_read = read i6 @_ssdm_op_Read.ap_auto.i6, i6 %data_9_val10" [firmware/nnet_utils/nnet_dense_stream.h:17]   --->   Operation 25 'read' 'data_9_val10_read' <Predicate = true> <Delay = 0.00>
ST_1 : Operation 26 [1/1] (0.00ns)   --->   "%data_8_val9_read = read i6 @_ssdm_op_Read.ap_auto.i6, i6 %data_8_val9" [firmware/nnet_utils/nnet_dense_stream.h:17]   --->   Operation 26 'read' 'data_8_val9_read' <Predicate = true> <Delay = 0.00>
ST_1 : Operation 27 [1/1] (0.00ns)   --->   "%data_7_val8_read = read i6 @_ssdm_op_Read.ap_auto.i6, i6 %data_7_val8" [firmware/nnet_utils/nnet_dense_stream.h:17]   --->   Operation 27 'read' 'data_7_val8_read' <Predicate = true> <Delay = 0.00>
ST_1 : Operation 28 [1/1] (0.00ns)   --->   "%data_6_val7_read = read i6 @_ssdm_op_Read.ap_auto.i6, i6 %data_6_val7" [firmware/nnet_utils/nnet_dense_stream.h:17]   --->   Operation 28 'read' 'data_6_val7_read' <Predicate = true> <Delay = 0.00>
ST_1 : Operation 29 [1/1] (0.00ns)   --->   "%data_5_val6_read = read i6 @_ssdm_op_Read.ap_auto.i6, i6 %data_5_val6" [firmware/nnet_utils/nnet_dense_stream.h:17]   --->   Operation 29 'read' 'data_5_val6_read' <Predicate = true> <Delay = 0.00>
ST_1 : Operation 30 [1/1] (0.00ns)   --->   "%data_4_val5_read = read i6 @_ssdm_op_Read.ap_auto.i6, i6 %data_4_val5" [firmware/nnet_utils/nnet_dense_stream.h:17]   --->   Operation 30 'read' 'data_4_val5_read' <Predicate = true> <Delay = 0.00>
ST_1 : Operation 31 [1/1] (0.00ns)   --->   "%data_3_val4_read = read i6 @_ssdm_op_Read.ap_auto.i6, i6 %data_3_val4" [firmware/nnet_utils/nnet_dense_stream.h:17]   --->   Operation 31 'read' 'data_3_val4_read' <Predicate = true> <Delay = 0.00>
ST_1 : Operation 32 [1/1] (0.00ns)   --->   "%data_2_val3_read = read i6 @_ssdm_op_Read.ap_auto.i6, i6 %data_2_val3" [firmware/nnet_utils/nnet_dense_stream.h:17]   --->   Operation 32 'read' 'data_2_val3_read' <Predicate = true> <Delay = 0.00>
ST_1 : Operation 33 [1/1] (0.00ns)   --->   "%data_1_val2_read = read i6 @_ssdm_op_Read.ap_auto.i6, i6 %data_1_val2" [firmware/nnet_utils/nnet_dense_stream.h:17]   --->   Operation 33 'read' 'data_1_val2_read' <Predicate = true> <Delay = 0.00>
ST_1 : Operation 34 [1/1] (0.00ns)   --->   "%data_0_val1_read = read i6 @_ssdm_op_Read.ap_auto.i6, i6 %data_0_val1" [firmware/nnet_utils/nnet_dense_stream.h:17]   --->   Operation 34 'read' 'data_0_val1_read' <Predicate = true> <Delay = 0.00>
ST_1 : Operation 35 [2/2] (13.0ns)   --->   "%call_ret = call i288 @dense_latency<ap_fixed<6, 4, 0, 0, 0>, ap_fixed<18, 14, 5, 3, 0>, config7>, i6 %data_0_val1_read, i6 %data_1_val2_read, i6 %data_2_val3_read, i6 %data_3_val4_read, i6 %data_4_val5_read, i6 %data_5_val6_read, i6 %data_6_val7_read, i6 %data_7_val8_read, i6 %data_8_val9_read, i6 %data_9_val10_read, i6 %data_10_val11_read, i6 %data_11_val12_read, i6 %data_12_val13_read, i6 %data_13_val14_read, i6 %data_14_val15_read, i6 %data_15_val16_read, i6 %data_16_val17_read, i6 %data_17_val18_read, i6 %data_18_val19_read, i6 %data_19_val20_read, i6 %data_20_val21_read, i6 %data_21_val22_read, i6 %data_22_val23_read, i6 %data_23_val24_read, i6 %data_24_val25_read, i6 %data_25_val26_read, i6 %data_26_val27_read, i6 %data_27_val28_read, i6 %data_28_val29_read, i6 %data_29_val30_read, i6 %data_30_val31_read, i6 %data_31_val32_read" [firmware/nnet_utils/nnet_dense_stream.h:17]   --->   Operation 35 'call' 'call_ret' <Predicate = true> <Delay = 13.0> <CoreType = "Generic">   --->   Generic Core

State 2 <SV = 1> <Delay = 14.5>
ST_2 : Operation 36 [1/1] (0.00ns)   --->   "%specpipeline_ln13 = specpipeline void @_ssdm_op_SpecPipeline, i32 2048, i32 0, i32 0, i32 0, void @empty_1" [firmware/nnet_utils/nnet_dense_stream.h:13]   --->   Operation 36 'specpipeline' 'specpipeline_ln13' <Predicate = true> <Delay = 0.00>
ST_2 : Operation 37 [1/2] (14.5ns)   --->   "%call_ret = call i288 @dense_latency<ap_fixed<6, 4, 0, 0, 0>, ap_fixed<18, 14, 5, 3, 0>, config7>, i6 %data_0_val1_read, i6 %data_1_val2_read, i6 %data_2_val3_read, i6 %data_3_val4_read, i6 %data_4_val5_read, i6 %data_5_val6_read, i6 %data_6_val7_read, i6 %data_7_val8_read, i6 %data_8_val9_read, i6 %data_9_val10_read, i6 %data_10_val11_read, i6 %data_11_val12_read, i6 %data_12_val13_read, i6 %data_13_val14_read, i6 %data_14_val15_read, i6 %data_15_val16_read, i6 %data_16_val17_read, i6 %data_17_val18_read, i6 %data_18_val19_read, i6 %data_19_val20_read, i6 %data_20_val21_read, i6 %data_21_val22_read, i6 %data_22_val23_read, i6 %data_23_val24_read, i6 %data_24_val25_read, i6 %data_25_val26_read, i6 %data_26_val27_read, i6 %data_27_val28_read, i6 %data_28_val29_read, i6 %data_29_val30_read, i6 %data_30_val31_read, i6 %data_31_val32_read" [firmware/nnet_utils/nnet_dense_stream.h:17]   --->   Operation 37 'call' 'call_ret' <Predicate = true> <Delay = 14.5> <CoreType = "Generic">   --->   Generic Core
ST_2 : Operation 38 [1/1] (0.00ns)   --->   "%ret_ln18 = ret i288 %call_ret" [firmware/nnet_utils/nnet_dense_stream.h:18]   --->   Operation 38 'ret' 'ret_ln18' <Predicate = true> <Delay = 0.00>


============================================================
+ Verbose Summary: Timing violations
============================================================
Target clock period: 20.000ns, clock uncertainty: 5.400ns.

 <State 1>: 13.034ns
The critical path consists of the following:
	wire read operation ('data_31_val32_read', firmware/nnet_utils/nnet_dense_stream.h:17) on port 'data_31_val32' (firmware/nnet_utils/nnet_dense_stream.h:17) [34]  (0.000 ns)
	'call' operation 288 bit ('call_ret', firmware/nnet_utils/nnet_dense_stream.h:17) to 'dense_latency<ap_fixed<6, 4, 0, 0, 0>, ap_fixed<18, 14, 5, 3, 0>, config7>' [66]  (13.034 ns)

 <State 2>: 14.549ns
The critical path consists of the following:
	'call' operation 288 bit ('call_ret', firmware/nnet_utils/nnet_dense_stream.h:17) to 'dense_latency<ap_fixed<6, 4, 0, 0, 0>, ap_fixed<18, 14, 5, 3, 0>, config7>' [66]  (14.549 ns)


============================================================
+ Verbose Summary: Binding
============================================================
N/A
* FSMD analyzer results:
  - Output states:
 - Input state : 
  - Chain level:
	State 1
	State 2


============================================================
+ Verbose Summary: Datapath Resource usage 
============================================================
N/A
