

================================================================
== Vitis HLS Report for 'dense_array_ap_fixed_32u_array_ap_fixed_26_14_5_3_0_32u_config5_s'
================================================================
* Date:           Fri May 15 14:04:23 2026

* Version:        2024.2 (Build 5238294 on Nov  8 2024)
* Project:        wedrowiec_hls_prj
* Solution:       solution1 (Vivado IP Flow Target)
* Product family: zynq
* Target device:  xc7z020-clg400-1


================================================================
== Performance Estimates
================================================================
+ Timing: 
    * Summary: 
    +--------+----------+-----------+------------+
    |  Clock |  Target  | Estimated | Uncertainty|
    +--------+----------+-----------+------------+
    |ap_clk  |  20.00 ns|  16.945 ns|     2.50 ns|
    +--------+----------+-----------+------------+

+ Latency: 
    * Summary: 
    +---------+---------+-----------+-----------+------+------+---------+
    |  Latency (cycles) |   Latency (absolute)  |   Interval  | Pipeline|
    |   min   |   max   |    min    |    max    |  min |  max |   Type  |
    +---------+---------+-----------+-----------+------+------+---------+
    |     1026|     1027|  20.520 us|  20.540 us|  1026|  1027|       no|
    +---------+---------+-----------+-----------+------+------+---------+

    + Detail: 
        * Instance: 
        N/A

        * Loop: 
        N/A

============================================================
+ Verbose Summary: Synthesis Manager
============================================================
InlineROM: 1
ExposeGlobal: 0
============================================================
+ Verbose Summary: CDFG Model
============================================================
IsTopModel: 0
ResetActiveHigh: 1
IsCombinational: 2
IsDatapathOnly: 0
HasWiredReturn: 1
HasMFsm: 0
HasVarLatency: 1
IsPipeline: 0
IsRtlPipelined: 0
IsInstanceOverlapped: 0
IsDontTouch: 0
HasImplIP: 0
IsGatedGlobalClock: 0


============================================================
+ Verbose Summary: Schedule
============================================================
* Number of FSM states : 3
* Pipeline : 0
* Dataflow Pipeline: 0

* FSM state transitions: 
1 --> 2 
2 --> 3 
3 --> 

* FSM state operations: 

State 1 <SV = 0> <Delay = 3.63>
ST_1 : Operation 4 [1/1] ( I:3.63ns O:3.63ns )   --->   "%layer4_out_read = read i320 @_ssdm_op_Read.ap_fifo.volatile.i320P0A, i320 %layer4_out" [firmware/nnet_utils/nnet_dense_stream.h:38]   --->   Operation 4 'read' 'layer4_out_read' <Predicate = true> <Delay = 3.63> <CoreInst = "FIFO_SRL">   --->   Core 80 'FIFO_SRL' <Latency = 0> <II = 1> <Delay = 3.63> <Storage> <Opcode : 'read' 'write' 'nbread' 'nbwrite'> <Ports = 0> <Width = 320> <Depth = 1> <FIFO>
ST_1 : Operation 5 [1/1] (0.00ns)   --->   "%data = trunc i320 %layer4_out_read" [firmware/nnet_utils/nnet_dense_stream.h:38]   --->   Operation 5 'trunc' 'data' <Predicate = true> <Delay = 0.00>
ST_1 : Operation 6 [1/1] (0.00ns)   --->   "%data_31 = partselect i10 @_ssdm_op_PartSelect.i10.i320.i32.i32, i320 %layer4_out_read, i32 10, i32 19" [firmware/nnet_utils/nnet_dense_stream.h:38]   --->   Operation 6 'partselect' 'data_31' <Predicate = true> <Delay = 0.00>
ST_1 : Operation 7 [1/1] (0.00ns)   --->   "%data_1 = partselect i10 @_ssdm_op_PartSelect.i10.i320.i32.i32, i320 %layer4_out_read, i32 20, i32 29" [firmware/nnet_utils/nnet_dense_stream.h:38]   --->   Operation 7 'partselect' 'data_1' <Predicate = true> <Delay = 0.00>
ST_1 : Operation 8 [1/1] (0.00ns)   --->   "%data_2 = partselect i10 @_ssdm_op_PartSelect.i10.i320.i32.i32, i320 %layer4_out_read, i32 30, i32 39" [firmware/nnet_utils/nnet_dense_stream.h:38]   --->   Operation 8 'partselect' 'data_2' <Predicate = true> <Delay = 0.00>
ST_1 : Operation 9 [1/1] (0.00ns)   --->   "%data_3 = partselect i10 @_ssdm_op_PartSelect.i10.i320.i32.i32, i320 %layer4_out_read, i32 40, i32 49" [firmware/nnet_utils/nnet_dense_stream.h:38]   --->   Operation 9 'partselect' 'data_3' <Predicate = true> <Delay = 0.00>
ST_1 : Operation 10 [1/1] (0.00ns)   --->   "%data_4 = partselect i10 @_ssdm_op_PartSelect.i10.i320.i32.i32, i320 %layer4_out_read, i32 50, i32 59" [firmware/nnet_utils/nnet_dense_stream.h:38]   --->   Operation 10 'partselect' 'data_4' <Predicate = true> <Delay = 0.00>
ST_1 : Operation 11 [1/1] (0.00ns)   --->   "%data_5 = partselect i10 @_ssdm_op_PartSelect.i10.i320.i32.i32, i320 %layer4_out_read, i32 60, i32 69" [firmware/nnet_utils/nnet_dense_stream.h:38]   --->   Operation 11 'partselect' 'data_5' <Predicate = true> <Delay = 0.00>
ST_1 : Operation 12 [1/1] (0.00ns)   --->   "%data_6 = partselect i10 @_ssdm_op_PartSelect.i10.i320.i32.i32, i320 %layer4_out_read, i32 70, i32 79" [firmware/nnet_utils/nnet_dense_stream.h:38]   --->   Operation 12 'partselect' 'data_6' <Predicate = true> <Delay = 0.00>
ST_1 : Operation 13 [1/1] (0.00ns)   --->   "%data_7 = partselect i10 @_ssdm_op_PartSelect.i10.i320.i32.i32, i320 %layer4_out_read, i32 80, i32 89" [firmware/nnet_utils/nnet_dense_stream.h:38]   --->   Operation 13 'partselect' 'data_7' <Predicate = true> <Delay = 0.00>
ST_1 : Operation 14 [1/1] (0.00ns)   --->   "%data_8 = partselect i10 @_ssdm_op_PartSelect.i10.i320.i32.i32, i320 %layer4_out_read, i32 90, i32 99" [firmware/nnet_utils/nnet_dense_stream.h:38]   --->   Operation 14 'partselect' 'data_8' <Predicate = true> <Delay = 0.00>
ST_1 : Operation 15 [1/1] (0.00ns)   --->   "%data_9 = partselect i10 @_ssdm_op_PartSelect.i10.i320.i32.i32, i320 %layer4_out_read, i32 100, i32 109" [firmware/nnet_utils/nnet_dense_stream.h:38]   --->   Operation 15 'partselect' 'data_9' <Predicate = true> <Delay = 0.00>
ST_1 : Operation 16 [1/1] (0.00ns)   --->   "%data_10 = partselect i10 @_ssdm_op_PartSelect.i10.i320.i32.i32, i320 %layer4_out_read, i32 110, i32 119" [firmware/nnet_utils/nnet_dense_stream.h:38]   --->   Operation 16 'partselect' 'data_10' <Predicate = true> <Delay = 0.00>
ST_1 : Operation 17 [1/1] (0.00ns)   --->   "%data_11 = partselect i10 @_ssdm_op_PartSelect.i10.i320.i32.i32, i320 %layer4_out_read, i32 120, i32 129" [firmware/nnet_utils/nnet_dense_stream.h:38]   --->   Operation 17 'partselect' 'data_11' <Predicate = true> <Delay = 0.00>
ST_1 : Operation 18 [1/1] (0.00ns)   --->   "%data_12 = partselect i10 @_ssdm_op_PartSelect.i10.i320.i32.i32, i320 %layer4_out_read, i32 130, i32 139" [firmware/nnet_utils/nnet_dense_stream.h:38]   --->   Operation 18 'partselect' 'data_12' <Predicate = true> <Delay = 0.00>
ST_1 : Operation 19 [1/1] (0.00ns)   --->   "%data_13 = partselect i10 @_ssdm_op_PartSelect.i10.i320.i32.i32, i320 %layer4_out_read, i32 140, i32 149" [firmware/nnet_utils/nnet_dense_stream.h:38]   --->   Operation 19 'partselect' 'data_13' <Predicate = true> <Delay = 0.00>
ST_1 : Operation 20 [1/1] (0.00ns)   --->   "%data_14 = partselect i10 @_ssdm_op_PartSelect.i10.i320.i32.i32, i320 %layer4_out_read, i32 150, i32 159" [firmware/nnet_utils/nnet_dense_stream.h:38]   --->   Operation 20 'partselect' 'data_14' <Predicate = true> <Delay = 0.00>
ST_1 : Operation 21 [1/1] (0.00ns)   --->   "%data_15 = partselect i10 @_ssdm_op_PartSelect.i10.i320.i32.i32, i320 %layer4_out_read, i32 160, i32 169" [firmware/nnet_utils/nnet_dense_stream.h:38]   --->   Operation 21 'partselect' 'data_15' <Predicate = true> <Delay = 0.00>
ST_1 : Operation 22 [1/1] (0.00ns)   --->   "%data_16 = partselect i10 @_ssdm_op_PartSelect.i10.i320.i32.i32, i320 %layer4_out_read, i32 170, i32 179" [firmware/nnet_utils/nnet_dense_stream.h:38]   --->   Operation 22 'partselect' 'data_16' <Predicate = true> <Delay = 0.00>
ST_1 : Operation 23 [1/1] (0.00ns)   --->   "%data_17 = partselect i10 @_ssdm_op_PartSelect.i10.i320.i32.i32, i320 %layer4_out_read, i32 180, i32 189" [firmware/nnet_utils/nnet_dense_stream.h:38]   --->   Operation 23 'partselect' 'data_17' <Predicate = true> <Delay = 0.00>
ST_1 : Operation 24 [1/1] (0.00ns)   --->   "%data_18 = partselect i10 @_ssdm_op_PartSelect.i10.i320.i32.i32, i320 %layer4_out_read, i32 190, i32 199" [firmware/nnet_utils/nnet_dense_stream.h:38]   --->   Operation 24 'partselect' 'data_18' <Predicate = true> <Delay = 0.00>
ST_1 : Operation 25 [1/1] (0.00ns)   --->   "%data_19 = partselect i10 @_ssdm_op_PartSelect.i10.i320.i32.i32, i320 %layer4_out_read, i32 200, i32 209" [firmware/nnet_utils/nnet_dense_stream.h:38]   --->   Operation 25 'partselect' 'data_19' <Predicate = true> <Delay = 0.00>
ST_1 : Operation 26 [1/1] (0.00ns)   --->   "%data_20 = partselect i10 @_ssdm_op_PartSelect.i10.i320.i32.i32, i320 %layer4_out_read, i32 210, i32 219" [firmware/nnet_utils/nnet_dense_stream.h:38]   --->   Operation 26 'partselect' 'data_20' <Predicate = true> <Delay = 0.00>
ST_1 : Operation 27 [1/1] (0.00ns)   --->   "%data_21 = partselect i10 @_ssdm_op_PartSelect.i10.i320.i32.i32, i320 %layer4_out_read, i32 220, i32 229" [firmware/nnet_utils/nnet_dense_stream.h:38]   --->   Operation 27 'partselect' 'data_21' <Predicate = true> <Delay = 0.00>
ST_1 : Operation 28 [1/1] (0.00ns)   --->   "%data_22 = partselect i10 @_ssdm_op_PartSelect.i10.i320.i32.i32, i320 %layer4_out_read, i32 230, i32 239" [firmware/nnet_utils/nnet_dense_stream.h:38]   --->   Operation 28 'partselect' 'data_22' <Predicate = true> <Delay = 0.00>
ST_1 : Operation 29 [1/1] (0.00ns)   --->   "%data_23 = partselect i10 @_ssdm_op_PartSelect.i10.i320.i32.i32, i320 %layer4_out_read, i32 240, i32 249" [firmware/nnet_utils/nnet_dense_stream.h:38]   --->   Operation 29 'partselect' 'data_23' <Predicate = true> <Delay = 0.00>
ST_1 : Operation 30 [1/1] (0.00ns)   --->   "%data_24 = partselect i10 @_ssdm_op_PartSelect.i10.i320.i32.i32, i320 %layer4_out_read, i32 250, i32 259" [firmware/nnet_utils/nnet_dense_stream.h:38]   --->   Operation 30 'partselect' 'data_24' <Predicate = true> <Delay = 0.00>
ST_1 : Operation 31 [1/1] (0.00ns)   --->   "%data_25 = partselect i10 @_ssdm_op_PartSelect.i10.i320.i32.i32, i320 %layer4_out_read, i32 260, i32 269" [firmware/nnet_utils/nnet_dense_stream.h:38]   --->   Operation 31 'partselect' 'data_25' <Predicate = true> <Delay = 0.00>
ST_1 : Operation 32 [1/1] (0.00ns)   --->   "%data_26 = partselect i10 @_ssdm_op_PartSelect.i10.i320.i32.i32, i320 %layer4_out_read, i32 270, i32 279" [firmware/nnet_utils/nnet_dense_stream.h:38]   --->   Operation 32 'partselect' 'data_26' <Predicate = true> <Delay = 0.00>
ST_1 : Operation 33 [1/1] (0.00ns)   --->   "%data_27 = partselect i10 @_ssdm_op_PartSelect.i10.i320.i32.i32, i320 %layer4_out_read, i32 280, i32 289" [firmware/nnet_utils/nnet_dense_stream.h:38]   --->   Operation 33 'partselect' 'data_27' <Predicate = true> <Delay = 0.00>
ST_1 : Operation 34 [1/1] (0.00ns)   --->   "%data_28 = partselect i10 @_ssdm_op_PartSelect.i10.i320.i32.i32, i320 %layer4_out_read, i32 290, i32 299" [firmware/nnet_utils/nnet_dense_stream.h:38]   --->   Operation 34 'partselect' 'data_28' <Predicate = true> <Delay = 0.00>
ST_1 : Operation 35 [1/1] (0.00ns)   --->   "%data_29 = partselect i10 @_ssdm_op_PartSelect.i10.i320.i32.i32, i320 %layer4_out_read, i32 300, i32 309" [firmware/nnet_utils/nnet_dense_stream.h:38]   --->   Operation 35 'partselect' 'data_29' <Predicate = true> <Delay = 0.00>
ST_1 : Operation 36 [1/1] (0.00ns)   --->   "%data_30 = partselect i10 @_ssdm_op_PartSelect.i10.i320.i32.i32, i320 %layer4_out_read, i32 310, i32 319" [firmware/nnet_utils/nnet_dense_stream.h:38]   --->   Operation 36 'partselect' 'data_30' <Predicate = true> <Delay = 0.00>
ST_1 : Operation 37 [2/2] (0.00ns)   --->   "%call_ret = call i832 @dense_resource_rf_gt_nin_rem0<ap_fixed,ap_fixed<26,14,5,3,0>,config5>, i10 %data, i10 %data_31, i10 %data_1, i10 %data_2, i10 %data_3, i10 %data_4, i10 %data_5, i10 %data_6, i10 %data_7, i10 %data_8, i10 %data_9, i10 %data_10, i10 %data_11, i10 %data_12, i10 %data_13, i10 %data_14, i10 %data_15, i10 %data_16, i10 %data_17, i10 %data_18, i10 %data_19, i10 %data_20, i10 %data_21, i10 %data_22, i10 %data_23, i10 %data_24, i10 %data_25, i10 %data_26, i10 %data_27, i10 %data_28, i10 %data_29, i10 %data_30, i5 %outidx_9, i7 %w5" [firmware/nnet_utils/nnet_dense.h:76->firmware/nnet_utils/nnet_dense_stream.h:20->firmware/nnet_utils/nnet_dense_stream.h:46]   --->   Operation 37 'call' 'call_ret' <Predicate = true> <Delay = 0.00> <CoreType = "Generic">   --->   Generic Core

State 2 <SV = 1> <Delay = 16.9>
ST_2 : Operation 38 [1/2] (16.9ns)   --->   "%call_ret = call i832 @dense_resource_rf_gt_nin_rem0<ap_fixed,ap_fixed<26,14,5,3,0>,config5>, i10 %data, i10 %data_31, i10 %data_1, i10 %data_2, i10 %data_3, i10 %data_4, i10 %data_5, i10 %data_6, i10 %data_7, i10 %data_8, i10 %data_9, i10 %data_10, i10 %data_11, i10 %data_12, i10 %data_13, i10 %data_14, i10 %data_15, i10 %data_16, i10 %data_17, i10 %data_18, i10 %data_19, i10 %data_20, i10 %data_21, i10 %data_22, i10 %data_23, i10 %data_24, i10 %data_25, i10 %data_26, i10 %data_27, i10 %data_28, i10 %data_29, i10 %data_30, i5 %outidx_9, i7 %w5" [firmware/nnet_utils/nnet_dense.h:76->firmware/nnet_utils/nnet_dense_stream.h:20->firmware/nnet_utils/nnet_dense_stream.h:46]   --->   Operation 38 'call' 'call_ret' <Predicate = true> <Delay = 16.9> <CoreType = "Generic">   --->   Generic Core
ST_2 : Operation 39 [1/1] (0.00ns)   --->   "%res = extractvalue i832 %call_ret" [firmware/nnet_utils/nnet_dense.h:76->firmware/nnet_utils/nnet_dense_stream.h:20->firmware/nnet_utils/nnet_dense_stream.h:46]   --->   Operation 39 'extractvalue' 'res' <Predicate = true> <Delay = 0.00>
ST_2 : Operation 40 [1/1] (0.00ns)   --->   "%res_1 = extractvalue i832 %call_ret" [firmware/nnet_utils/nnet_dense.h:76->firmware/nnet_utils/nnet_dense_stream.h:20->firmware/nnet_utils/nnet_dense_stream.h:46]   --->   Operation 40 'extractvalue' 'res_1' <Predicate = true> <Delay = 0.00>
ST_2 : Operation 41 [1/1] (0.00ns)   --->   "%res_2 = extractvalue i832 %call_ret" [firmware/nnet_utils/nnet_dense.h:76->firmware/nnet_utils/nnet_dense_stream.h:20->firmware/nnet_utils/nnet_dense_stream.h:46]   --->   Operation 41 'extractvalue' 'res_2' <Predicate = true> <Delay = 0.00>
ST_2 : Operation 42 [1/1] (0.00ns)   --->   "%res_3 = extractvalue i832 %call_ret" [firmware/nnet_utils/nnet_dense.h:76->firmware/nnet_utils/nnet_dense_stream.h:20->firmware/nnet_utils/nnet_dense_stream.h:46]   --->   Operation 42 'extractvalue' 'res_3' <Predicate = true> <Delay = 0.00>
ST_2 : Operation 43 [1/1] (0.00ns)   --->   "%res_4 = extractvalue i832 %call_ret" [firmware/nnet_utils/nnet_dense.h:76->firmware/nnet_utils/nnet_dense_stream.h:20->firmware/nnet_utils/nnet_dense_stream.h:46]   --->   Operation 43 'extractvalue' 'res_4' <Predicate = true> <Delay = 0.00>
ST_2 : Operation 44 [1/1] (0.00ns)   --->   "%res_5 = extractvalue i832 %call_ret" [firmware/nnet_utils/nnet_dense.h:76->firmware/nnet_utils/nnet_dense_stream.h:20->firmware/nnet_utils/nnet_dense_stream.h:46]   --->   Operation 44 'extractvalue' 'res_5' <Predicate = true> <Delay = 0.00>
ST_2 : Operation 45 [1/1] (0.00ns)   --->   "%res_6 = extractvalue i832 %call_ret" [firmware/nnet_utils/nnet_dense.h:76->firmware/nnet_utils/nnet_dense_stream.h:20->firmware/nnet_utils/nnet_dense_stream.h:46]   --->   Operation 45 'extractvalue' 'res_6' <Predicate = true> <Delay = 0.00>
ST_2 : Operation 46 [1/1] (0.00ns)   --->   "%res_7 = extractvalue i832 %call_ret" [firmware/nnet_utils/nnet_dense.h:76->firmware/nnet_utils/nnet_dense_stream.h:20->firmware/nnet_utils/nnet_dense_stream.h:46]   --->   Operation 46 'extractvalue' 'res_7' <Predicate = true> <Delay = 0.00>
ST_2 : Operation 47 [1/1] (0.00ns)   --->   "%res_8 = extractvalue i832 %call_ret" [firmware/nnet_utils/nnet_dense.h:76->firmware/nnet_utils/nnet_dense_stream.h:20->firmware/nnet_utils/nnet_dense_stream.h:46]   --->   Operation 47 'extractvalue' 'res_8' <Predicate = true> <Delay = 0.00>
ST_2 : Operation 48 [1/1] (0.00ns)   --->   "%res_9 = extractvalue i832 %call_ret" [firmware/nnet_utils/nnet_dense.h:76->firmware/nnet_utils/nnet_dense_stream.h:20->firmware/nnet_utils/nnet_dense_stream.h:46]   --->   Operation 48 'extractvalue' 'res_9' <Predicate = true> <Delay = 0.00>
ST_2 : Operation 49 [1/1] (0.00ns)   --->   "%res_32 = extractvalue i832 %call_ret" [firmware/nnet_utils/nnet_dense.h:76->firmware/nnet_utils/nnet_dense_stream.h:20->firmware/nnet_utils/nnet_dense_stream.h:46]   --->   Operation 49 'extractvalue' 'res_32' <Predicate = true> <Delay = 0.00>
ST_2 : Operation 50 [1/1] (0.00ns)   --->   "%res_33 = extractvalue i832 %call_ret" [firmware/nnet_utils/nnet_dense.h:76->firmware/nnet_utils/nnet_dense_stream.h:20->firmware/nnet_utils/nnet_dense_stream.h:46]   --->   Operation 50 'extractvalue' 'res_33' <Predicate = true> <Delay = 0.00>
ST_2 : Operation 51 [1/1] (0.00ns)   --->   "%res_34 = extractvalue i832 %call_ret" [firmware/nnet_utils/nnet_dense.h:76->firmware/nnet_utils/nnet_dense_stream.h:20->firmware/nnet_utils/nnet_dense_stream.h:46]   --->   Operation 51 'extractvalue' 'res_34' <Predicate = true> <Delay = 0.00>
ST_2 : Operation 52 [1/1] (0.00ns)   --->   "%res_35 = extractvalue i832 %call_ret" [firmware/nnet_utils/nnet_dense.h:76->firmware/nnet_utils/nnet_dense_stream.h:20->firmware/nnet_utils/nnet_dense_stream.h:46]   --->   Operation 52 'extractvalue' 'res_35' <Predicate = true> <Delay = 0.00>
ST_2 : Operation 53 [1/1] (0.00ns)   --->   "%res_36 = extractvalue i832 %call_ret" [firmware/nnet_utils/nnet_dense.h:76->firmware/nnet_utils/nnet_dense_stream.h:20->firmware/nnet_utils/nnet_dense_stream.h:46]   --->   Operation 53 'extractvalue' 'res_36' <Predicate = true> <Delay = 0.00>
ST_2 : Operation 54 [1/1] (0.00ns)   --->   "%res_37 = extractvalue i832 %call_ret" [firmware/nnet_utils/nnet_dense.h:76->firmware/nnet_utils/nnet_dense_stream.h:20->firmware/nnet_utils/nnet_dense_stream.h:46]   --->   Operation 54 'extractvalue' 'res_37' <Predicate = true> <Delay = 0.00>
ST_2 : Operation 55 [1/1] (0.00ns)   --->   "%res_38 = extractvalue i832 %call_ret" [firmware/nnet_utils/nnet_dense.h:76->firmware/nnet_utils/nnet_dense_stream.h:20->firmware/nnet_utils/nnet_dense_stream.h:46]   --->   Operation 55 'extractvalue' 'res_38' <Predicate = true> <Delay = 0.00>
ST_2 : Operation 56 [1/1] (0.00ns)   --->   "%res_39 = extractvalue i832 %call_ret" [firmware/nnet_utils/nnet_dense.h:76->firmware/nnet_utils/nnet_dense_stream.h:20->firmware/nnet_utils/nnet_dense_stream.h:46]   --->   Operation 56 'extractvalue' 'res_39' <Predicate = true> <Delay = 0.00>
ST_2 : Operation 57 [1/1] (0.00ns)   --->   "%res_40 = extractvalue i832 %call_ret" [firmware/nnet_utils/nnet_dense.h:76->firmware/nnet_utils/nnet_dense_stream.h:20->firmware/nnet_utils/nnet_dense_stream.h:46]   --->   Operation 57 'extractvalue' 'res_40' <Predicate = true> <Delay = 0.00>
ST_2 : Operation 58 [1/1] (0.00ns)   --->   "%res_41 = extractvalue i832 %call_ret" [firmware/nnet_utils/nnet_dense.h:76->firmware/nnet_utils/nnet_dense_stream.h:20->firmware/nnet_utils/nnet_dense_stream.h:46]   --->   Operation 58 'extractvalue' 'res_41' <Predicate = true> <Delay = 0.00>
ST_2 : Operation 59 [1/1] (0.00ns)   --->   "%res_42 = extractvalue i832 %call_ret" [firmware/nnet_utils/nnet_dense.h:76->firmware/nnet_utils/nnet_dense_stream.h:20->firmware/nnet_utils/nnet_dense_stream.h:46]   --->   Operation 59 'extractvalue' 'res_42' <Predicate = true> <Delay = 0.00>
ST_2 : Operation 60 [1/1] (0.00ns)   --->   "%res_43 = extractvalue i832 %call_ret" [firmware/nnet_utils/nnet_dense.h:76->firmware/nnet_utils/nnet_dense_stream.h:20->firmware/nnet_utils/nnet_dense_stream.h:46]   --->   Operation 60 'extractvalue' 'res_43' <Predicate = true> <Delay = 0.00>
ST_2 : Operation 61 [1/1] (0.00ns)   --->   "%res_44 = extractvalue i832 %call_ret" [firmware/nnet_utils/nnet_dense.h:76->firmware/nnet_utils/nnet_dense_stream.h:20->firmware/nnet_utils/nnet_dense_stream.h:46]   --->   Operation 61 'extractvalue' 'res_44' <Predicate = true> <Delay = 0.00>
ST_2 : Operation 62 [1/1] (0.00ns)   --->   "%res_45 = extractvalue i832 %call_ret" [firmware/nnet_utils/nnet_dense.h:76->firmware/nnet_utils/nnet_dense_stream.h:20->firmware/nnet_utils/nnet_dense_stream.h:46]   --->   Operation 62 'extractvalue' 'res_45' <Predicate = true> <Delay = 0.00>
ST_2 : Operation 63 [1/1] (0.00ns)   --->   "%res_46 = extractvalue i832 %call_ret" [firmware/nnet_utils/nnet_dense.h:76->firmware/nnet_utils/nnet_dense_stream.h:20->firmware/nnet_utils/nnet_dense_stream.h:46]   --->   Operation 63 'extractvalue' 'res_46' <Predicate = true> <Delay = 0.00>
ST_2 : Operation 64 [1/1] (0.00ns)   --->   "%res_47 = extractvalue i832 %call_ret" [firmware/nnet_utils/nnet_dense.h:76->firmware/nnet_utils/nnet_dense_stream.h:20->firmware/nnet_utils/nnet_dense_stream.h:46]   --->   Operation 64 'extractvalue' 'res_47' <Predicate = true> <Delay = 0.00>
ST_2 : Operation 65 [1/1] (0.00ns)   --->   "%res_48 = extractvalue i832 %call_ret" [firmware/nnet_utils/nnet_dense.h:76->firmware/nnet_utils/nnet_dense_stream.h:20->firmware/nnet_utils/nnet_dense_stream.h:46]   --->   Operation 65 'extractvalue' 'res_48' <Predicate = true> <Delay = 0.00>
ST_2 : Operation 66 [1/1] (0.00ns)   --->   "%res_49 = extractvalue i832 %call_ret" [firmware/nnet_utils/nnet_dense.h:76->firmware/nnet_utils/nnet_dense_stream.h:20->firmware/nnet_utils/nnet_dense_stream.h:46]   --->   Operation 66 'extractvalue' 'res_49' <Predicate = true> <Delay = 0.00>
ST_2 : Operation 67 [1/1] (0.00ns)   --->   "%res_50 = extractvalue i832 %call_ret" [firmware/nnet_utils/nnet_dense.h:76->firmware/nnet_utils/nnet_dense_stream.h:20->firmware/nnet_utils/nnet_dense_stream.h:46]   --->   Operation 67 'extractvalue' 'res_50' <Predicate = true> <Delay = 0.00>
ST_2 : Operation 68 [1/1] (0.00ns)   --->   "%res_51 = extractvalue i832 %call_ret" [firmware/nnet_utils/nnet_dense.h:76->firmware/nnet_utils/nnet_dense_stream.h:20->firmware/nnet_utils/nnet_dense_stream.h:46]   --->   Operation 68 'extractvalue' 'res_51' <Predicate = true> <Delay = 0.00>
ST_2 : Operation 69 [1/1] (0.00ns)   --->   "%res_52 = extractvalue i832 %call_ret" [firmware/nnet_utils/nnet_dense.h:76->firmware/nnet_utils/nnet_dense_stream.h:20->firmware/nnet_utils/nnet_dense_stream.h:46]   --->   Operation 69 'extractvalue' 'res_52' <Predicate = true> <Delay = 0.00>
ST_2 : Operation 70 [1/1] (0.00ns)   --->   "%res_53 = extractvalue i832 %call_ret" [firmware/nnet_utils/nnet_dense.h:76->firmware/nnet_utils/nnet_dense_stream.h:20->firmware/nnet_utils/nnet_dense_stream.h:46]   --->   Operation 70 'extractvalue' 'res_53' <Predicate = true> <Delay = 0.00>

State 3 <SV = 2> <Delay = 3.63>
ST_3 : Operation 71 [1/1] (0.00ns)   --->   "%specinterface_ln0 = specinterface void @_ssdm_op_SpecInterface, i832 %layer5_out, void @empty_2, i32 0, i32 0, void @empty_1, i32 0, i32 0, void @empty_1, void @empty_1, void @empty_1, i32 0, i32 0, i32 0, i32 0, void @empty_1, void @empty_1, i32 4294967295, i32 0, i32 0"   --->   Operation 71 'specinterface' 'specinterface_ln0' <Predicate = true> <Delay = 0.00>
ST_3 : Operation 72 [1/1] (0.00ns)   --->   "%specinterface_ln0 = specinterface void @_ssdm_op_SpecInterface, i320 %layer4_out, void @empty_2, i32 0, i32 0, void @empty_1, i32 0, i32 0, void @empty_1, void @empty_1, void @empty_1, i32 0, i32 0, i32 0, i32 0, void @empty_1, void @empty_1, i32 4294967295, i32 0, i32 0"   --->   Operation 72 'specinterface' 'specinterface_ln0' <Predicate = true> <Delay = 0.00>
ST_3 : Operation 73 [1/1] (0.00ns)   --->   "%p_0 = bitconcatenate i832 @_ssdm_op_BitConcatenate.i832.i26.i26.i26.i26.i26.i26.i26.i26.i26.i26.i26.i26.i26.i26.i26.i26.i26.i26.i26.i26.i26.i26.i26.i26.i26.i26.i26.i26.i26.i26.i26.i26, i26 %res_53, i26 %res_52, i26 %res_51, i26 %res_50, i26 %res_49, i26 %res_48, i26 %res_47, i26 %res_46, i26 %res_45, i26 %res_44, i26 %res_43, i26 %res_42, i26 %res_41, i26 %res_40, i26 %res_39, i26 %res_38, i26 %res_37, i26 %res_36, i26 %res_35, i26 %res_34, i26 %res_33, i26 %res_32, i26 %res_9, i26 %res_8, i26 %res_7, i26 %res_6, i26 %res_5, i26 %res_4, i26 %res_3, i26 %res_2, i26 %res_1, i26 %res" [firmware/nnet_utils/nnet_dense_stream.h:60]   --->   Operation 73 'bitconcatenate' 'p_0' <Predicate = true> <Delay = 0.00>
ST_3 : Operation 74 [1/1] ( I:3.63ns O:3.63ns )   --->   "%write_ln60 = write void @_ssdm_op_Write.ap_fifo.volatile.i832P0A, i832 %layer5_out, i832 %p_0" [firmware/nnet_utils/nnet_dense_stream.h:60]   --->   Operation 74 'write' 'write_ln60' <Predicate = true> <Delay = 3.63> <CoreInst = "FIFO_SRL">   --->   Core 80 'FIFO_SRL' <Latency = 0> <II = 1> <Delay = 3.63> <Storage> <Opcode : 'read' 'write' 'nbread' 'nbwrite'> <Ports = 0> <Width = 832> <Depth = 1> <FIFO>
ST_3 : Operation 75 [1/1] (0.00ns)   --->   "%ret_ln62 = ret" [firmware/nnet_utils/nnet_dense_stream.h:62]   --->   Operation 75 'ret' 'ret_ln62' <Predicate = true> <Delay = 0.00>


============================================================
+ Verbose Summary: Timing violations
============================================================
Target clock period: 20.000ns, clock uncertainty: 2.500ns.

 <State 1>: 3.634ns
The critical path consists of the following:
	fifo read operation ('layer4_out_read', firmware/nnet_utils/nnet_dense_stream.h:38) on port 'layer4_out' (firmware/nnet_utils/nnet_dense_stream.h:38) [7]  (3.634 ns)

 <State 2>: 16.945ns
The critical path consists of the following:
	'call' operation 832 bit ('call_ret', firmware/nnet_utils/nnet_dense.h:76->firmware/nnet_utils/nnet_dense_stream.h:20->firmware/nnet_utils/nnet_dense_stream.h:46) to 'dense_resource_rf_gt_nin_rem0<ap_fixed,ap_fixed<26,14,5,3,0>,config5>' [40]  (16.945 ns)

 <State 3>: 3.634ns
The critical path consists of the following:
	fifo write operation ('write_ln60', firmware/nnet_utils/nnet_dense_stream.h:60) on port 'layer5_out' (firmware/nnet_utils/nnet_dense_stream.h:60) [74]  (3.634 ns)


============================================================
+ Verbose Summary: Binding
============================================================
N/A
* FSMD analyzer results:
  - Output states:
 - Input state : 
  - Chain level:
	State 1
	State 2
	State 3


============================================================
+ Verbose Summary: Datapath Resource usage 
============================================================
N/A
