

================================================================
== Vitis HLS Report for 'dense_array_ap_ufixed_8u_array_ap_fixed_25_12_5_3_0_32u_config3_s'
================================================================
* Date:           Fri May 15 14:04:22 2026

* Version:        2024.2 (Build 5238294 on Nov  8 2024)
* Project:        wedrowiec_hls_prj
* Solution:       solution1 (Vivado IP Flow Target)
* Product family: zynq
* Target device:  xc7z020-clg400-1


================================================================
== Performance Estimates
================================================================
+ Timing: 
    * Summary: 
    +--------+----------+-----------+------------+
    |  Clock |  Target  | Estimated | Uncertainty|
    +--------+----------+-----------+------------+
    |ap_clk  |  20.00 ns|  16.846 ns|     2.50 ns|
    +--------+----------+-----------+------------+

+ Latency: 
    * Summary: 
    +---------+---------+-----------+-----------+------+------+---------+
    |  Latency (cycles) |   Latency (absolute)  |   Interval  | Pipeline|
    |   min   |   max   |    min    |    max    |  min |  max |   Type  |
    +---------+---------+-----------+-----------+------+------+---------+
    |     2062|     2063|  41.240 us|  41.260 us|  2062|  2063|       no|
    +---------+---------+-----------+-----------+------+------+---------+

    + Detail: 
        * Instance: 
        N/A

        * Loop: 
        N/A

============================================================
+ Verbose Summary: Synthesis Manager
============================================================
InlineROM: 1
ExposeGlobal: 0
============================================================
+ Verbose Summary: CDFG Model
============================================================
IsTopModel: 0
ResetActiveHigh: 1
IsCombinational: 2
IsDatapathOnly: 0
HasWiredReturn: 1
HasMFsm: 0
HasVarLatency: 1
IsPipeline: 0
IsRtlPipelined: 0
IsInstanceOverlapped: 0
IsDontTouch: 0
HasImplIP: 0
IsGatedGlobalClock: 0


============================================================
+ Verbose Summary: Schedule
============================================================
* Number of FSM states : 5
* Pipeline : 0
* Dataflow Pipeline: 0

* FSM state transitions: 
1 --> 2 
2 --> 3 
3 --> 4 
4 --> 5 
5 --> 

* FSM state operations: 

State 1 <SV = 0> <Delay = 0.00>
ST_1 : Operation 6 [1/1] (0.00ns)   --->   "%p_0_0_0_0_01_loc = alloca i64 1"   --->   Operation 6 'alloca' 'p_0_0_0_0_01_loc' <Predicate = true> <Delay = 0.00>
ST_1 : Operation 7 [1/1] (0.00ns)   --->   "%p_0_1_0_0_03_loc = alloca i64 1"   --->   Operation 7 'alloca' 'p_0_1_0_0_03_loc' <Predicate = true> <Delay = 0.00>
ST_1 : Operation 8 [1/1] (0.00ns)   --->   "%p_0_2_0_0_05_loc = alloca i64 1"   --->   Operation 8 'alloca' 'p_0_2_0_0_05_loc' <Predicate = true> <Delay = 0.00>
ST_1 : Operation 9 [1/1] (0.00ns)   --->   "%p_0_3_0_0_07_loc = alloca i64 1"   --->   Operation 9 'alloca' 'p_0_3_0_0_07_loc' <Predicate = true> <Delay = 0.00>
ST_1 : Operation 10 [1/1] (0.00ns)   --->   "%p_0_4_0_0_09_loc = alloca i64 1"   --->   Operation 10 'alloca' 'p_0_4_0_0_09_loc' <Predicate = true> <Delay = 0.00>
ST_1 : Operation 11 [1/1] (0.00ns)   --->   "%p_0_5_0_0_011_loc = alloca i64 1"   --->   Operation 11 'alloca' 'p_0_5_0_0_011_loc' <Predicate = true> <Delay = 0.00>
ST_1 : Operation 12 [1/1] (0.00ns)   --->   "%p_0_6_0_0_013_loc = alloca i64 1"   --->   Operation 12 'alloca' 'p_0_6_0_0_013_loc' <Predicate = true> <Delay = 0.00>
ST_1 : Operation 13 [1/1] (0.00ns)   --->   "%p_0_7_0_0_015_loc = alloca i64 1"   --->   Operation 13 'alloca' 'p_0_7_0_0_015_loc' <Predicate = true> <Delay = 0.00>
ST_1 : Operation 14 [1/1] (0.00ns)   --->   "%p_0_0_0_0_017_loc = alloca i64 1"   --->   Operation 14 'alloca' 'p_0_0_0_0_017_loc' <Predicate = true> <Delay = 0.00>
ST_1 : Operation 15 [1/1] (0.00ns)   --->   "%p_0_1_0_0_019_loc = alloca i64 1"   --->   Operation 15 'alloca' 'p_0_1_0_0_019_loc' <Predicate = true> <Delay = 0.00>
ST_1 : Operation 16 [1/1] (0.00ns)   --->   "%p_0_2_0_0_021_loc = alloca i64 1"   --->   Operation 16 'alloca' 'p_0_2_0_0_021_loc' <Predicate = true> <Delay = 0.00>
ST_1 : Operation 17 [1/1] (0.00ns)   --->   "%p_0_3_0_0_023_loc = alloca i64 1"   --->   Operation 17 'alloca' 'p_0_3_0_0_023_loc' <Predicate = true> <Delay = 0.00>
ST_1 : Operation 18 [1/1] (0.00ns)   --->   "%p_0_4_0_0_025_loc = alloca i64 1"   --->   Operation 18 'alloca' 'p_0_4_0_0_025_loc' <Predicate = true> <Delay = 0.00>
ST_1 : Operation 19 [1/1] (0.00ns)   --->   "%p_0_5_0_0_027_loc = alloca i64 1"   --->   Operation 19 'alloca' 'p_0_5_0_0_027_loc' <Predicate = true> <Delay = 0.00>
ST_1 : Operation 20 [1/1] (0.00ns)   --->   "%p_0_6_0_0_029_loc = alloca i64 1"   --->   Operation 20 'alloca' 'p_0_6_0_0_029_loc' <Predicate = true> <Delay = 0.00>
ST_1 : Operation 21 [1/1] (0.00ns)   --->   "%p_0_7_0_0_031_loc = alloca i64 1"   --->   Operation 21 'alloca' 'p_0_7_0_0_031_loc' <Predicate = true> <Delay = 0.00>
ST_1 : Operation 22 [1/1] (0.00ns)   --->   "%p_0_0_0_0_033_loc = alloca i64 1"   --->   Operation 22 'alloca' 'p_0_0_0_0_033_loc' <Predicate = true> <Delay = 0.00>
ST_1 : Operation 23 [1/1] (0.00ns)   --->   "%p_0_1_0_0_035_loc = alloca i64 1"   --->   Operation 23 'alloca' 'p_0_1_0_0_035_loc' <Predicate = true> <Delay = 0.00>
ST_1 : Operation 24 [1/1] (0.00ns)   --->   "%p_0_2_0_0_037_loc = alloca i64 1"   --->   Operation 24 'alloca' 'p_0_2_0_0_037_loc' <Predicate = true> <Delay = 0.00>
ST_1 : Operation 25 [1/1] (0.00ns)   --->   "%p_0_3_0_0_039_loc = alloca i64 1"   --->   Operation 25 'alloca' 'p_0_3_0_0_039_loc' <Predicate = true> <Delay = 0.00>
ST_1 : Operation 26 [1/1] (0.00ns)   --->   "%p_0_4_0_0_041_loc = alloca i64 1"   --->   Operation 26 'alloca' 'p_0_4_0_0_041_loc' <Predicate = true> <Delay = 0.00>
ST_1 : Operation 27 [1/1] (0.00ns)   --->   "%p_0_5_0_0_043_loc = alloca i64 1"   --->   Operation 27 'alloca' 'p_0_5_0_0_043_loc' <Predicate = true> <Delay = 0.00>
ST_1 : Operation 28 [1/1] (0.00ns)   --->   "%p_0_6_0_0_045_loc = alloca i64 1"   --->   Operation 28 'alloca' 'p_0_6_0_0_045_loc' <Predicate = true> <Delay = 0.00>
ST_1 : Operation 29 [1/1] (0.00ns)   --->   "%p_0_7_0_0_047_loc = alloca i64 1"   --->   Operation 29 'alloca' 'p_0_7_0_0_047_loc' <Predicate = true> <Delay = 0.00>
ST_1 : Operation 30 [1/1] (0.00ns)   --->   "%p_0_0_0_0_049_loc = alloca i64 1"   --->   Operation 30 'alloca' 'p_0_0_0_0_049_loc' <Predicate = true> <Delay = 0.00>
ST_1 : Operation 31 [1/1] (0.00ns)   --->   "%p_0_1_0_0_051_loc = alloca i64 1"   --->   Operation 31 'alloca' 'p_0_1_0_0_051_loc' <Predicate = true> <Delay = 0.00>
ST_1 : Operation 32 [1/1] (0.00ns)   --->   "%p_0_2_0_0_053_loc = alloca i64 1"   --->   Operation 32 'alloca' 'p_0_2_0_0_053_loc' <Predicate = true> <Delay = 0.00>
ST_1 : Operation 33 [1/1] (0.00ns)   --->   "%p_0_3_0_0_055_loc = alloca i64 1"   --->   Operation 33 'alloca' 'p_0_3_0_0_055_loc' <Predicate = true> <Delay = 0.00>
ST_1 : Operation 34 [1/1] (0.00ns)   --->   "%p_0_4_0_0_057_loc = alloca i64 1"   --->   Operation 34 'alloca' 'p_0_4_0_0_057_loc' <Predicate = true> <Delay = 0.00>
ST_1 : Operation 35 [1/1] (0.00ns)   --->   "%p_0_5_0_0_059_loc = alloca i64 1"   --->   Operation 35 'alloca' 'p_0_5_0_0_059_loc' <Predicate = true> <Delay = 0.00>
ST_1 : Operation 36 [1/1] (0.00ns)   --->   "%p_0_6_0_0_061_loc = alloca i64 1"   --->   Operation 36 'alloca' 'p_0_6_0_0_061_loc' <Predicate = true> <Delay = 0.00>
ST_1 : Operation 37 [1/1] (0.00ns)   --->   "%p_0_7_0_0_063_loc = alloca i64 1"   --->   Operation 37 'alloca' 'p_0_7_0_0_063_loc' <Predicate = true> <Delay = 0.00>
ST_1 : Operation 38 [1/1] (0.00ns)   --->   "%p_0_0_0_0_065_loc = alloca i64 1"   --->   Operation 38 'alloca' 'p_0_0_0_0_065_loc' <Predicate = true> <Delay = 0.00>
ST_1 : Operation 39 [1/1] (0.00ns)   --->   "%p_0_1_0_0_067_loc = alloca i64 1"   --->   Operation 39 'alloca' 'p_0_1_0_0_067_loc' <Predicate = true> <Delay = 0.00>
ST_1 : Operation 40 [1/1] (0.00ns)   --->   "%p_0_2_0_0_069_loc = alloca i64 1"   --->   Operation 40 'alloca' 'p_0_2_0_0_069_loc' <Predicate = true> <Delay = 0.00>
ST_1 : Operation 41 [1/1] (0.00ns)   --->   "%p_0_3_0_0_071_loc = alloca i64 1"   --->   Operation 41 'alloca' 'p_0_3_0_0_071_loc' <Predicate = true> <Delay = 0.00>
ST_1 : Operation 42 [1/1] (0.00ns)   --->   "%p_0_4_0_0_073_loc = alloca i64 1"   --->   Operation 42 'alloca' 'p_0_4_0_0_073_loc' <Predicate = true> <Delay = 0.00>
ST_1 : Operation 43 [1/1] (0.00ns)   --->   "%p_0_5_0_0_075_loc = alloca i64 1"   --->   Operation 43 'alloca' 'p_0_5_0_0_075_loc' <Predicate = true> <Delay = 0.00>
ST_1 : Operation 44 [1/1] (0.00ns)   --->   "%p_0_6_0_0_077_loc = alloca i64 1"   --->   Operation 44 'alloca' 'p_0_6_0_0_077_loc' <Predicate = true> <Delay = 0.00>
ST_1 : Operation 45 [1/1] (0.00ns)   --->   "%p_0_7_0_0_079_loc = alloca i64 1"   --->   Operation 45 'alloca' 'p_0_7_0_0_079_loc' <Predicate = true> <Delay = 0.00>
ST_1 : Operation 46 [1/1] (0.00ns)   --->   "%p_0_0_0_0_081_loc = alloca i64 1"   --->   Operation 46 'alloca' 'p_0_0_0_0_081_loc' <Predicate = true> <Delay = 0.00>
ST_1 : Operation 47 [1/1] (0.00ns)   --->   "%p_0_1_0_0_083_loc = alloca i64 1"   --->   Operation 47 'alloca' 'p_0_1_0_0_083_loc' <Predicate = true> <Delay = 0.00>
ST_1 : Operation 48 [1/1] (0.00ns)   --->   "%p_0_2_0_0_085_loc = alloca i64 1"   --->   Operation 48 'alloca' 'p_0_2_0_0_085_loc' <Predicate = true> <Delay = 0.00>
ST_1 : Operation 49 [1/1] (0.00ns)   --->   "%p_0_3_0_0_087_loc = alloca i64 1"   --->   Operation 49 'alloca' 'p_0_3_0_0_087_loc' <Predicate = true> <Delay = 0.00>
ST_1 : Operation 50 [1/1] (0.00ns)   --->   "%p_0_4_0_0_089_loc = alloca i64 1"   --->   Operation 50 'alloca' 'p_0_4_0_0_089_loc' <Predicate = true> <Delay = 0.00>
ST_1 : Operation 51 [1/1] (0.00ns)   --->   "%p_0_5_0_0_091_loc = alloca i64 1"   --->   Operation 51 'alloca' 'p_0_5_0_0_091_loc' <Predicate = true> <Delay = 0.00>
ST_1 : Operation 52 [1/1] (0.00ns)   --->   "%p_0_6_0_0_093_loc = alloca i64 1"   --->   Operation 52 'alloca' 'p_0_6_0_0_093_loc' <Predicate = true> <Delay = 0.00>
ST_1 : Operation 53 [1/1] (0.00ns)   --->   "%p_0_7_0_0_095_loc = alloca i64 1"   --->   Operation 53 'alloca' 'p_0_7_0_0_095_loc' <Predicate = true> <Delay = 0.00>
ST_1 : Operation 54 [1/1] (0.00ns)   --->   "%p_0_0_0_0_097_loc = alloca i64 1"   --->   Operation 54 'alloca' 'p_0_0_0_0_097_loc' <Predicate = true> <Delay = 0.00>
ST_1 : Operation 55 [1/1] (0.00ns)   --->   "%p_0_1_0_0_099_loc = alloca i64 1"   --->   Operation 55 'alloca' 'p_0_1_0_0_099_loc' <Predicate = true> <Delay = 0.00>
ST_1 : Operation 56 [1/1] (0.00ns)   --->   "%p_0_2_0_0_0101_loc = alloca i64 1"   --->   Operation 56 'alloca' 'p_0_2_0_0_0101_loc' <Predicate = true> <Delay = 0.00>
ST_1 : Operation 57 [1/1] (0.00ns)   --->   "%p_0_3_0_0_0103_loc = alloca i64 1"   --->   Operation 57 'alloca' 'p_0_3_0_0_0103_loc' <Predicate = true> <Delay = 0.00>
ST_1 : Operation 58 [1/1] (0.00ns)   --->   "%p_0_4_0_0_0105_loc = alloca i64 1"   --->   Operation 58 'alloca' 'p_0_4_0_0_0105_loc' <Predicate = true> <Delay = 0.00>
ST_1 : Operation 59 [1/1] (0.00ns)   --->   "%p_0_5_0_0_0107_loc = alloca i64 1"   --->   Operation 59 'alloca' 'p_0_5_0_0_0107_loc' <Predicate = true> <Delay = 0.00>
ST_1 : Operation 60 [1/1] (0.00ns)   --->   "%p_0_6_0_0_0109_loc = alloca i64 1"   --->   Operation 60 'alloca' 'p_0_6_0_0_0109_loc' <Predicate = true> <Delay = 0.00>
ST_1 : Operation 61 [1/1] (0.00ns)   --->   "%p_0_7_0_0_0111_loc = alloca i64 1"   --->   Operation 61 'alloca' 'p_0_7_0_0_0111_loc' <Predicate = true> <Delay = 0.00>
ST_1 : Operation 62 [1/1] (0.00ns)   --->   "%p_0_0_0_0_0113_loc = alloca i64 1"   --->   Operation 62 'alloca' 'p_0_0_0_0_0113_loc' <Predicate = true> <Delay = 0.00>
ST_1 : Operation 63 [1/1] (0.00ns)   --->   "%p_0_1_0_0_0115_loc = alloca i64 1"   --->   Operation 63 'alloca' 'p_0_1_0_0_0115_loc' <Predicate = true> <Delay = 0.00>
ST_1 : Operation 64 [1/1] (0.00ns)   --->   "%p_0_2_0_0_0117_loc = alloca i64 1"   --->   Operation 64 'alloca' 'p_0_2_0_0_0117_loc' <Predicate = true> <Delay = 0.00>
ST_1 : Operation 65 [1/1] (0.00ns)   --->   "%p_0_3_0_0_0119_loc = alloca i64 1"   --->   Operation 65 'alloca' 'p_0_3_0_0_0119_loc' <Predicate = true> <Delay = 0.00>
ST_1 : Operation 66 [1/1] (0.00ns)   --->   "%p_0_4_0_0_0121_loc = alloca i64 1"   --->   Operation 66 'alloca' 'p_0_4_0_0_0121_loc' <Predicate = true> <Delay = 0.00>
ST_1 : Operation 67 [1/1] (0.00ns)   --->   "%p_0_5_0_0_0123_loc = alloca i64 1"   --->   Operation 67 'alloca' 'p_0_5_0_0_0123_loc' <Predicate = true> <Delay = 0.00>
ST_1 : Operation 68 [1/1] (0.00ns)   --->   "%p_0_6_0_0_0125_loc = alloca i64 1"   --->   Operation 68 'alloca' 'p_0_6_0_0_0125_loc' <Predicate = true> <Delay = 0.00>
ST_1 : Operation 69 [1/1] (0.00ns)   --->   "%p_0_7_0_0_0127_loc = alloca i64 1"   --->   Operation 69 'alloca' 'p_0_7_0_0_0127_loc' <Predicate = true> <Delay = 0.00>
ST_1 : Operation 70 [2/2] (0.00ns)   --->   "%call_ln0 = call void @dense<array,array<ap_fixed<25,12,5,3,0>,32u>,config3>_Pipeline_DataPrepare, i64 %in_local, i8 %p_0_7_0_0_0127_loc, i8 %p_0_6_0_0_0125_loc, i8 %p_0_5_0_0_0123_loc, i8 %p_0_4_0_0_0121_loc, i8 %p_0_3_0_0_0119_loc, i8 %p_0_2_0_0_0117_loc, i8 %p_0_1_0_0_0115_loc, i8 %p_0_0_0_0_0113_loc, i8 %p_0_7_0_0_0111_loc, i8 %p_0_6_0_0_0109_loc, i8 %p_0_5_0_0_0107_loc, i8 %p_0_4_0_0_0105_loc, i8 %p_0_3_0_0_0103_loc, i8 %p_0_2_0_0_0101_loc, i8 %p_0_1_0_0_099_loc, i8 %p_0_0_0_0_097_loc, i8 %p_0_7_0_0_095_loc, i8 %p_0_6_0_0_093_loc, i8 %p_0_5_0_0_091_loc, i8 %p_0_4_0_0_089_loc, i8 %p_0_3_0_0_087_loc, i8 %p_0_2_0_0_085_loc, i8 %p_0_1_0_0_083_loc, i8 %p_0_0_0_0_081_loc, i8 %p_0_7_0_0_079_loc, i8 %p_0_6_0_0_077_loc, i8 %p_0_5_0_0_075_loc, i8 %p_0_4_0_0_073_loc, i8 %p_0_3_0_0_071_loc, i8 %p_0_2_0_0_069_loc, i8 %p_0_1_0_0_067_loc, i8 %p_0_0_0_0_065_loc, i8 %p_0_7_0_0_063_loc, i8 %p_0_6_0_0_061_loc, i8 %p_0_5_0_0_059_loc, i8 %p_0_4_0_0_057_loc, i8 %p_0_3_0_0_055_loc, i8 %p_0_2_0_0_053_loc, i8 %p_0_1_0_0_051_loc, i8 %p_0_0_0_0_049_loc, i8 %p_0_7_0_0_047_loc, i8 %p_0_6_0_0_045_loc, i8 %p_0_5_0_0_043_loc, i8 %p_0_4_0_0_041_loc, i8 %p_0_3_0_0_039_loc, i8 %p_0_2_0_0_037_loc, i8 %p_0_1_0_0_035_loc, i8 %p_0_0_0_0_033_loc, i8 %p_0_7_0_0_031_loc, i8 %p_0_6_0_0_029_loc, i8 %p_0_5_0_0_027_loc, i8 %p_0_4_0_0_025_loc, i8 %p_0_3_0_0_023_loc, i8 %p_0_2_0_0_021_loc, i8 %p_0_1_0_0_019_loc, i8 %p_0_0_0_0_017_loc, i8 %p_0_7_0_0_015_loc, i8 %p_0_6_0_0_013_loc, i8 %p_0_5_0_0_011_loc, i8 %p_0_4_0_0_09_loc, i8 %p_0_3_0_0_07_loc, i8 %p_0_2_0_0_05_loc, i8 %p_0_1_0_0_03_loc, i8 %p_0_0_0_0_01_loc"   --->   Operation 70 'call' 'call_ln0' <Predicate = true> <Delay = 0.00> <CoreType = "Generic">   --->   Generic Core

State 2 <SV = 1> <Delay = 4.91>
ST_2 : Operation 71 [1/2] (4.91ns)   --->   "%call_ln0 = call void @dense<array,array<ap_fixed<25,12,5,3,0>,32u>,config3>_Pipeline_DataPrepare, i64 %in_local, i8 %p_0_7_0_0_0127_loc, i8 %p_0_6_0_0_0125_loc, i8 %p_0_5_0_0_0123_loc, i8 %p_0_4_0_0_0121_loc, i8 %p_0_3_0_0_0119_loc, i8 %p_0_2_0_0_0117_loc, i8 %p_0_1_0_0_0115_loc, i8 %p_0_0_0_0_0113_loc, i8 %p_0_7_0_0_0111_loc, i8 %p_0_6_0_0_0109_loc, i8 %p_0_5_0_0_0107_loc, i8 %p_0_4_0_0_0105_loc, i8 %p_0_3_0_0_0103_loc, i8 %p_0_2_0_0_0101_loc, i8 %p_0_1_0_0_099_loc, i8 %p_0_0_0_0_097_loc, i8 %p_0_7_0_0_095_loc, i8 %p_0_6_0_0_093_loc, i8 %p_0_5_0_0_091_loc, i8 %p_0_4_0_0_089_loc, i8 %p_0_3_0_0_087_loc, i8 %p_0_2_0_0_085_loc, i8 %p_0_1_0_0_083_loc, i8 %p_0_0_0_0_081_loc, i8 %p_0_7_0_0_079_loc, i8 %p_0_6_0_0_077_loc, i8 %p_0_5_0_0_075_loc, i8 %p_0_4_0_0_073_loc, i8 %p_0_3_0_0_071_loc, i8 %p_0_2_0_0_069_loc, i8 %p_0_1_0_0_067_loc, i8 %p_0_0_0_0_065_loc, i8 %p_0_7_0_0_063_loc, i8 %p_0_6_0_0_061_loc, i8 %p_0_5_0_0_059_loc, i8 %p_0_4_0_0_057_loc, i8 %p_0_3_0_0_055_loc, i8 %p_0_2_0_0_053_loc, i8 %p_0_1_0_0_051_loc, i8 %p_0_0_0_0_049_loc, i8 %p_0_7_0_0_047_loc, i8 %p_0_6_0_0_045_loc, i8 %p_0_5_0_0_043_loc, i8 %p_0_4_0_0_041_loc, i8 %p_0_3_0_0_039_loc, i8 %p_0_2_0_0_037_loc, i8 %p_0_1_0_0_035_loc, i8 %p_0_0_0_0_033_loc, i8 %p_0_7_0_0_031_loc, i8 %p_0_6_0_0_029_loc, i8 %p_0_5_0_0_027_loc, i8 %p_0_4_0_0_025_loc, i8 %p_0_3_0_0_023_loc, i8 %p_0_2_0_0_021_loc, i8 %p_0_1_0_0_019_loc, i8 %p_0_0_0_0_017_loc, i8 %p_0_7_0_0_015_loc, i8 %p_0_6_0_0_013_loc, i8 %p_0_5_0_0_011_loc, i8 %p_0_4_0_0_09_loc, i8 %p_0_3_0_0_07_loc, i8 %p_0_2_0_0_05_loc, i8 %p_0_1_0_0_03_loc, i8 %p_0_0_0_0_01_loc"   --->   Operation 71 'call' 'call_ln0' <Predicate = true> <Delay = 4.91> <CoreType = "Generic">   --->   Generic Core

State 3 <SV = 2> <Delay = 0.00>
ST_3 : Operation 72 [1/1] (0.00ns)   --->   "%fence_ln27 = fence void @_ssdm_op_Fence, i64 %in_local, i32 4294967295, i800 %layer3_out" [firmware/nnet_utils/nnet_dense_stream.h:27]   --->   Operation 72 'fence' 'fence_ln27' <Predicate = true> <Delay = 0.00>
ST_3 : Operation 73 [1/1] (0.00ns)   --->   "%p_0_7_0_0_0127_loc_load = load i8 %p_0_7_0_0_0127_loc"   --->   Operation 73 'load' 'p_0_7_0_0_0127_loc_load' <Predicate = true> <Delay = 0.00>
ST_3 : Operation 74 [1/1] (0.00ns)   --->   "%p_0_6_0_0_0125_loc_load = load i8 %p_0_6_0_0_0125_loc"   --->   Operation 74 'load' 'p_0_6_0_0_0125_loc_load' <Predicate = true> <Delay = 0.00>
ST_3 : Operation 75 [1/1] (0.00ns)   --->   "%p_0_5_0_0_0123_loc_load = load i8 %p_0_5_0_0_0123_loc"   --->   Operation 75 'load' 'p_0_5_0_0_0123_loc_load' <Predicate = true> <Delay = 0.00>
ST_3 : Operation 76 [1/1] (0.00ns)   --->   "%p_0_4_0_0_0121_loc_load = load i8 %p_0_4_0_0_0121_loc"   --->   Operation 76 'load' 'p_0_4_0_0_0121_loc_load' <Predicate = true> <Delay = 0.00>
ST_3 : Operation 77 [1/1] (0.00ns)   --->   "%p_0_3_0_0_0119_loc_load = load i8 %p_0_3_0_0_0119_loc"   --->   Operation 77 'load' 'p_0_3_0_0_0119_loc_load' <Predicate = true> <Delay = 0.00>
ST_3 : Operation 78 [1/1] (0.00ns)   --->   "%p_0_2_0_0_0117_loc_load = load i8 %p_0_2_0_0_0117_loc"   --->   Operation 78 'load' 'p_0_2_0_0_0117_loc_load' <Predicate = true> <Delay = 0.00>
ST_3 : Operation 79 [1/1] (0.00ns)   --->   "%p_0_1_0_0_0115_loc_load = load i8 %p_0_1_0_0_0115_loc"   --->   Operation 79 'load' 'p_0_1_0_0_0115_loc_load' <Predicate = true> <Delay = 0.00>
ST_3 : Operation 80 [1/1] (0.00ns)   --->   "%p_0_0_0_0_0113_loc_load = load i8 %p_0_0_0_0_0113_loc"   --->   Operation 80 'load' 'p_0_0_0_0_0113_loc_load' <Predicate = true> <Delay = 0.00>
ST_3 : Operation 81 [1/1] (0.00ns)   --->   "%p_0_7_0_0_0111_loc_load = load i8 %p_0_7_0_0_0111_loc"   --->   Operation 81 'load' 'p_0_7_0_0_0111_loc_load' <Predicate = true> <Delay = 0.00>
ST_3 : Operation 82 [1/1] (0.00ns)   --->   "%p_0_6_0_0_0109_loc_load = load i8 %p_0_6_0_0_0109_loc"   --->   Operation 82 'load' 'p_0_6_0_0_0109_loc_load' <Predicate = true> <Delay = 0.00>
ST_3 : Operation 83 [1/1] (0.00ns)   --->   "%p_0_5_0_0_0107_loc_load = load i8 %p_0_5_0_0_0107_loc"   --->   Operation 83 'load' 'p_0_5_0_0_0107_loc_load' <Predicate = true> <Delay = 0.00>
ST_3 : Operation 84 [1/1] (0.00ns)   --->   "%p_0_4_0_0_0105_loc_load = load i8 %p_0_4_0_0_0105_loc"   --->   Operation 84 'load' 'p_0_4_0_0_0105_loc_load' <Predicate = true> <Delay = 0.00>
ST_3 : Operation 85 [1/1] (0.00ns)   --->   "%p_0_3_0_0_0103_loc_load = load i8 %p_0_3_0_0_0103_loc"   --->   Operation 85 'load' 'p_0_3_0_0_0103_loc_load' <Predicate = true> <Delay = 0.00>
ST_3 : Operation 86 [1/1] (0.00ns)   --->   "%p_0_2_0_0_0101_loc_load = load i8 %p_0_2_0_0_0101_loc"   --->   Operation 86 'load' 'p_0_2_0_0_0101_loc_load' <Predicate = true> <Delay = 0.00>
ST_3 : Operation 87 [1/1] (0.00ns)   --->   "%p_0_1_0_0_099_loc_load = load i8 %p_0_1_0_0_099_loc"   --->   Operation 87 'load' 'p_0_1_0_0_099_loc_load' <Predicate = true> <Delay = 0.00>
ST_3 : Operation 88 [1/1] (0.00ns)   --->   "%p_0_0_0_0_097_loc_load = load i8 %p_0_0_0_0_097_loc"   --->   Operation 88 'load' 'p_0_0_0_0_097_loc_load' <Predicate = true> <Delay = 0.00>
ST_3 : Operation 89 [1/1] (0.00ns)   --->   "%p_0_7_0_0_095_loc_load = load i8 %p_0_7_0_0_095_loc"   --->   Operation 89 'load' 'p_0_7_0_0_095_loc_load' <Predicate = true> <Delay = 0.00>
ST_3 : Operation 90 [1/1] (0.00ns)   --->   "%p_0_6_0_0_093_loc_load = load i8 %p_0_6_0_0_093_loc"   --->   Operation 90 'load' 'p_0_6_0_0_093_loc_load' <Predicate = true> <Delay = 0.00>
ST_3 : Operation 91 [1/1] (0.00ns)   --->   "%p_0_5_0_0_091_loc_load = load i8 %p_0_5_0_0_091_loc"   --->   Operation 91 'load' 'p_0_5_0_0_091_loc_load' <Predicate = true> <Delay = 0.00>
ST_3 : Operation 92 [1/1] (0.00ns)   --->   "%p_0_4_0_0_089_loc_load = load i8 %p_0_4_0_0_089_loc"   --->   Operation 92 'load' 'p_0_4_0_0_089_loc_load' <Predicate = true> <Delay = 0.00>
ST_3 : Operation 93 [1/1] (0.00ns)   --->   "%p_0_3_0_0_087_loc_load = load i8 %p_0_3_0_0_087_loc"   --->   Operation 93 'load' 'p_0_3_0_0_087_loc_load' <Predicate = true> <Delay = 0.00>
ST_3 : Operation 94 [1/1] (0.00ns)   --->   "%p_0_2_0_0_085_loc_load = load i8 %p_0_2_0_0_085_loc"   --->   Operation 94 'load' 'p_0_2_0_0_085_loc_load' <Predicate = true> <Delay = 0.00>
ST_3 : Operation 95 [1/1] (0.00ns)   --->   "%p_0_1_0_0_083_loc_load = load i8 %p_0_1_0_0_083_loc"   --->   Operation 95 'load' 'p_0_1_0_0_083_loc_load' <Predicate = true> <Delay = 0.00>
ST_3 : Operation 96 [1/1] (0.00ns)   --->   "%p_0_0_0_0_081_loc_load = load i8 %p_0_0_0_0_081_loc"   --->   Operation 96 'load' 'p_0_0_0_0_081_loc_load' <Predicate = true> <Delay = 0.00>
ST_3 : Operation 97 [1/1] (0.00ns)   --->   "%p_0_7_0_0_079_loc_load = load i8 %p_0_7_0_0_079_loc"   --->   Operation 97 'load' 'p_0_7_0_0_079_loc_load' <Predicate = true> <Delay = 0.00>
ST_3 : Operation 98 [1/1] (0.00ns)   --->   "%p_0_6_0_0_077_loc_load = load i8 %p_0_6_0_0_077_loc"   --->   Operation 98 'load' 'p_0_6_0_0_077_loc_load' <Predicate = true> <Delay = 0.00>
ST_3 : Operation 99 [1/1] (0.00ns)   --->   "%p_0_5_0_0_075_loc_load = load i8 %p_0_5_0_0_075_loc"   --->   Operation 99 'load' 'p_0_5_0_0_075_loc_load' <Predicate = true> <Delay = 0.00>
ST_3 : Operation 100 [1/1] (0.00ns)   --->   "%p_0_4_0_0_073_loc_load = load i8 %p_0_4_0_0_073_loc"   --->   Operation 100 'load' 'p_0_4_0_0_073_loc_load' <Predicate = true> <Delay = 0.00>
ST_3 : Operation 101 [1/1] (0.00ns)   --->   "%p_0_3_0_0_071_loc_load = load i8 %p_0_3_0_0_071_loc"   --->   Operation 101 'load' 'p_0_3_0_0_071_loc_load' <Predicate = true> <Delay = 0.00>
ST_3 : Operation 102 [1/1] (0.00ns)   --->   "%p_0_2_0_0_069_loc_load = load i8 %p_0_2_0_0_069_loc"   --->   Operation 102 'load' 'p_0_2_0_0_069_loc_load' <Predicate = true> <Delay = 0.00>
ST_3 : Operation 103 [1/1] (0.00ns)   --->   "%p_0_1_0_0_067_loc_load = load i8 %p_0_1_0_0_067_loc"   --->   Operation 103 'load' 'p_0_1_0_0_067_loc_load' <Predicate = true> <Delay = 0.00>
ST_3 : Operation 104 [1/1] (0.00ns)   --->   "%p_0_0_0_0_065_loc_load = load i8 %p_0_0_0_0_065_loc"   --->   Operation 104 'load' 'p_0_0_0_0_065_loc_load' <Predicate = true> <Delay = 0.00>
ST_3 : Operation 105 [1/1] (0.00ns)   --->   "%p_0_7_0_0_063_loc_load = load i8 %p_0_7_0_0_063_loc"   --->   Operation 105 'load' 'p_0_7_0_0_063_loc_load' <Predicate = true> <Delay = 0.00>
ST_3 : Operation 106 [1/1] (0.00ns)   --->   "%p_0_6_0_0_061_loc_load = load i8 %p_0_6_0_0_061_loc"   --->   Operation 106 'load' 'p_0_6_0_0_061_loc_load' <Predicate = true> <Delay = 0.00>
ST_3 : Operation 107 [1/1] (0.00ns)   --->   "%p_0_5_0_0_059_loc_load = load i8 %p_0_5_0_0_059_loc"   --->   Operation 107 'load' 'p_0_5_0_0_059_loc_load' <Predicate = true> <Delay = 0.00>
ST_3 : Operation 108 [1/1] (0.00ns)   --->   "%p_0_4_0_0_057_loc_load = load i8 %p_0_4_0_0_057_loc"   --->   Operation 108 'load' 'p_0_4_0_0_057_loc_load' <Predicate = true> <Delay = 0.00>
ST_3 : Operation 109 [1/1] (0.00ns)   --->   "%p_0_3_0_0_055_loc_load = load i8 %p_0_3_0_0_055_loc"   --->   Operation 109 'load' 'p_0_3_0_0_055_loc_load' <Predicate = true> <Delay = 0.00>
ST_3 : Operation 110 [1/1] (0.00ns)   --->   "%p_0_2_0_0_053_loc_load = load i8 %p_0_2_0_0_053_loc"   --->   Operation 110 'load' 'p_0_2_0_0_053_loc_load' <Predicate = true> <Delay = 0.00>
ST_3 : Operation 111 [1/1] (0.00ns)   --->   "%p_0_1_0_0_051_loc_load = load i8 %p_0_1_0_0_051_loc"   --->   Operation 111 'load' 'p_0_1_0_0_051_loc_load' <Predicate = true> <Delay = 0.00>
ST_3 : Operation 112 [1/1] (0.00ns)   --->   "%p_0_0_0_0_049_loc_load = load i8 %p_0_0_0_0_049_loc"   --->   Operation 112 'load' 'p_0_0_0_0_049_loc_load' <Predicate = true> <Delay = 0.00>
ST_3 : Operation 113 [1/1] (0.00ns)   --->   "%p_0_7_0_0_047_loc_load = load i8 %p_0_7_0_0_047_loc"   --->   Operation 113 'load' 'p_0_7_0_0_047_loc_load' <Predicate = true> <Delay = 0.00>
ST_3 : Operation 114 [1/1] (0.00ns)   --->   "%p_0_6_0_0_045_loc_load = load i8 %p_0_6_0_0_045_loc"   --->   Operation 114 'load' 'p_0_6_0_0_045_loc_load' <Predicate = true> <Delay = 0.00>
ST_3 : Operation 115 [1/1] (0.00ns)   --->   "%p_0_5_0_0_043_loc_load = load i8 %p_0_5_0_0_043_loc"   --->   Operation 115 'load' 'p_0_5_0_0_043_loc_load' <Predicate = true> <Delay = 0.00>
ST_3 : Operation 116 [1/1] (0.00ns)   --->   "%p_0_4_0_0_041_loc_load = load i8 %p_0_4_0_0_041_loc"   --->   Operation 116 'load' 'p_0_4_0_0_041_loc_load' <Predicate = true> <Delay = 0.00>
ST_3 : Operation 117 [1/1] (0.00ns)   --->   "%p_0_3_0_0_039_loc_load = load i8 %p_0_3_0_0_039_loc"   --->   Operation 117 'load' 'p_0_3_0_0_039_loc_load' <Predicate = true> <Delay = 0.00>
ST_3 : Operation 118 [1/1] (0.00ns)   --->   "%p_0_2_0_0_037_loc_load = load i8 %p_0_2_0_0_037_loc"   --->   Operation 118 'load' 'p_0_2_0_0_037_loc_load' <Predicate = true> <Delay = 0.00>
ST_3 : Operation 119 [1/1] (0.00ns)   --->   "%p_0_1_0_0_035_loc_load = load i8 %p_0_1_0_0_035_loc"   --->   Operation 119 'load' 'p_0_1_0_0_035_loc_load' <Predicate = true> <Delay = 0.00>
ST_3 : Operation 120 [1/1] (0.00ns)   --->   "%p_0_0_0_0_033_loc_load = load i8 %p_0_0_0_0_033_loc"   --->   Operation 120 'load' 'p_0_0_0_0_033_loc_load' <Predicate = true> <Delay = 0.00>
ST_3 : Operation 121 [1/1] (0.00ns)   --->   "%p_0_7_0_0_031_loc_load = load i8 %p_0_7_0_0_031_loc"   --->   Operation 121 'load' 'p_0_7_0_0_031_loc_load' <Predicate = true> <Delay = 0.00>
ST_3 : Operation 122 [1/1] (0.00ns)   --->   "%p_0_6_0_0_029_loc_load = load i8 %p_0_6_0_0_029_loc"   --->   Operation 122 'load' 'p_0_6_0_0_029_loc_load' <Predicate = true> <Delay = 0.00>
ST_3 : Operation 123 [1/1] (0.00ns)   --->   "%p_0_5_0_0_027_loc_load = load i8 %p_0_5_0_0_027_loc"   --->   Operation 123 'load' 'p_0_5_0_0_027_loc_load' <Predicate = true> <Delay = 0.00>
ST_3 : Operation 124 [1/1] (0.00ns)   --->   "%p_0_4_0_0_025_loc_load = load i8 %p_0_4_0_0_025_loc"   --->   Operation 124 'load' 'p_0_4_0_0_025_loc_load' <Predicate = true> <Delay = 0.00>
ST_3 : Operation 125 [1/1] (0.00ns)   --->   "%p_0_3_0_0_023_loc_load = load i8 %p_0_3_0_0_023_loc"   --->   Operation 125 'load' 'p_0_3_0_0_023_loc_load' <Predicate = true> <Delay = 0.00>
ST_3 : Operation 126 [1/1] (0.00ns)   --->   "%p_0_2_0_0_021_loc_load = load i8 %p_0_2_0_0_021_loc"   --->   Operation 126 'load' 'p_0_2_0_0_021_loc_load' <Predicate = true> <Delay = 0.00>
ST_3 : Operation 127 [1/1] (0.00ns)   --->   "%p_0_1_0_0_019_loc_load = load i8 %p_0_1_0_0_019_loc"   --->   Operation 127 'load' 'p_0_1_0_0_019_loc_load' <Predicate = true> <Delay = 0.00>
ST_3 : Operation 128 [1/1] (0.00ns)   --->   "%p_0_0_0_0_017_loc_load = load i8 %p_0_0_0_0_017_loc"   --->   Operation 128 'load' 'p_0_0_0_0_017_loc_load' <Predicate = true> <Delay = 0.00>
ST_3 : Operation 129 [1/1] (0.00ns)   --->   "%p_0_7_0_0_015_loc_load = load i8 %p_0_7_0_0_015_loc"   --->   Operation 129 'load' 'p_0_7_0_0_015_loc_load' <Predicate = true> <Delay = 0.00>
ST_3 : Operation 130 [1/1] (0.00ns)   --->   "%p_0_6_0_0_013_loc_load = load i8 %p_0_6_0_0_013_loc"   --->   Operation 130 'load' 'p_0_6_0_0_013_loc_load' <Predicate = true> <Delay = 0.00>
ST_3 : Operation 131 [1/1] (0.00ns)   --->   "%p_0_5_0_0_011_loc_load = load i8 %p_0_5_0_0_011_loc"   --->   Operation 131 'load' 'p_0_5_0_0_011_loc_load' <Predicate = true> <Delay = 0.00>
ST_3 : Operation 132 [1/1] (0.00ns)   --->   "%p_0_4_0_0_09_loc_load = load i8 %p_0_4_0_0_09_loc"   --->   Operation 132 'load' 'p_0_4_0_0_09_loc_load' <Predicate = true> <Delay = 0.00>
ST_3 : Operation 133 [1/1] (0.00ns)   --->   "%p_0_3_0_0_07_loc_load = load i8 %p_0_3_0_0_07_loc"   --->   Operation 133 'load' 'p_0_3_0_0_07_loc_load' <Predicate = true> <Delay = 0.00>
ST_3 : Operation 134 [1/1] (0.00ns)   --->   "%p_0_2_0_0_05_loc_load = load i8 %p_0_2_0_0_05_loc"   --->   Operation 134 'load' 'p_0_2_0_0_05_loc_load' <Predicate = true> <Delay = 0.00>
ST_3 : Operation 135 [1/1] (0.00ns)   --->   "%p_0_1_0_0_03_loc_load = load i8 %p_0_1_0_0_03_loc"   --->   Operation 135 'load' 'p_0_1_0_0_03_loc_load' <Predicate = true> <Delay = 0.00>
ST_3 : Operation 136 [1/1] (0.00ns)   --->   "%p_0_0_0_0_01_loc_load = load i8 %p_0_0_0_0_01_loc"   --->   Operation 136 'load' 'p_0_0_0_0_01_loc_load' <Predicate = true> <Delay = 0.00>
ST_3 : Operation 137 [2/2] (0.00ns)   --->   "%call_ret = call i800 @dense_resource_rf_gt_nin_rem0<ap_ufixed,ap_fixed<25,12,5,3,0>,config3>, i8 %p_0_0_0_0_097_loc_load, i8 %p_0_1_0_0_099_loc_load, i8 %p_0_2_0_0_0101_loc_load, i8 %p_0_3_0_0_0103_loc_load, i8 %p_0_4_0_0_0105_loc_load, i8 %p_0_5_0_0_0107_loc_load, i8 %p_0_6_0_0_0109_loc_load, i8 %p_0_7_0_0_0111_loc_load, i8 %p_0_0_0_0_081_loc_load, i8 %p_0_1_0_0_083_loc_load, i8 %p_0_2_0_0_085_loc_load, i8 %p_0_3_0_0_087_loc_load, i8 %p_0_4_0_0_089_loc_load, i8 %p_0_5_0_0_091_loc_load, i8 %p_0_6_0_0_093_loc_load, i8 %p_0_7_0_0_095_loc_load, i8 %p_0_0_0_0_065_loc_load, i8 %p_0_1_0_0_067_loc_load, i8 %p_0_2_0_0_069_loc_load, i8 %p_0_3_0_0_071_loc_load, i8 %p_0_4_0_0_073_loc_load, i8 %p_0_5_0_0_075_loc_load, i8 %p_0_6_0_0_077_loc_load, i8 %p_0_7_0_0_079_loc_load, i8 %p_0_0_0_0_049_loc_load, i8 %p_0_1_0_0_051_loc_load, i8 %p_0_2_0_0_053_loc_load, i8 %p_0_3_0_0_055_loc_load, i8 %p_0_4_0_0_057_loc_load, i8 %p_0_5_0_0_059_loc_load, i8 %p_0_6_0_0_061_loc_load, i8 %p_0_7_0_0_063_loc_load, i8 %p_0_0_0_0_033_loc_load, i8 %p_0_1_0_0_035_loc_load, i8 %p_0_2_0_0_037_loc_load, i8 %p_0_3_0_0_039_loc_load, i8 %p_0_4_0_0_041_loc_load, i8 %p_0_5_0_0_043_loc_load, i8 %p_0_6_0_0_045_loc_load, i8 %p_0_7_0_0_047_loc_load, i8 %p_0_0_0_0_017_loc_load, i8 %p_0_1_0_0_019_loc_load, i8 %p_0_2_0_0_021_loc_load, i8 %p_0_3_0_0_023_loc_load, i8 %p_0_4_0_0_025_loc_load, i8 %p_0_5_0_0_027_loc_load, i8 %p_0_6_0_0_029_loc_load, i8 %p_0_7_0_0_031_loc_load, i8 %p_0_0_0_0_01_loc_load, i8 %p_0_1_0_0_03_loc_load, i8 %p_0_2_0_0_05_loc_load, i8 %p_0_3_0_0_07_loc_load, i8 %p_0_4_0_0_09_loc_load, i8 %p_0_5_0_0_011_loc_load, i8 %p_0_6_0_0_013_loc_load, i8 %p_0_7_0_0_015_loc_load, i8 %p_0_0_0_0_0113_loc_load, i8 %p_0_1_0_0_0115_loc_load, i8 %p_0_2_0_0_0117_loc_load, i8 %p_0_3_0_0_0119_loc_load, i8 %p_0_4_0_0_0121_loc_load, i8 %p_0_5_0_0_0123_loc_load, i8 %p_0_6_0_0_0125_loc_load, i8 %p_0_7_0_0_0127_loc_load, i5 %outidx, i7 %w3" [firmware/nnet_utils/nnet_dense.h:76->firmware/nnet_utils/nnet_dense_stream.h:20->firmware/nnet_utils/nnet_dense_stream.h:46]   --->   Operation 137 'call' 'call_ret' <Predicate = true> <Delay = 0.00> <CoreType = "Generic">   --->   Generic Core

State 4 <SV = 3> <Delay = 16.8>
ST_4 : Operation 138 [1/2] (16.8ns)   --->   "%call_ret = call i800 @dense_resource_rf_gt_nin_rem0<ap_ufixed,ap_fixed<25,12,5,3,0>,config3>, i8 %p_0_0_0_0_097_loc_load, i8 %p_0_1_0_0_099_loc_load, i8 %p_0_2_0_0_0101_loc_load, i8 %p_0_3_0_0_0103_loc_load, i8 %p_0_4_0_0_0105_loc_load, i8 %p_0_5_0_0_0107_loc_load, i8 %p_0_6_0_0_0109_loc_load, i8 %p_0_7_0_0_0111_loc_load, i8 %p_0_0_0_0_081_loc_load, i8 %p_0_1_0_0_083_loc_load, i8 %p_0_2_0_0_085_loc_load, i8 %p_0_3_0_0_087_loc_load, i8 %p_0_4_0_0_089_loc_load, i8 %p_0_5_0_0_091_loc_load, i8 %p_0_6_0_0_093_loc_load, i8 %p_0_7_0_0_095_loc_load, i8 %p_0_0_0_0_065_loc_load, i8 %p_0_1_0_0_067_loc_load, i8 %p_0_2_0_0_069_loc_load, i8 %p_0_3_0_0_071_loc_load, i8 %p_0_4_0_0_073_loc_load, i8 %p_0_5_0_0_075_loc_load, i8 %p_0_6_0_0_077_loc_load, i8 %p_0_7_0_0_079_loc_load, i8 %p_0_0_0_0_049_loc_load, i8 %p_0_1_0_0_051_loc_load, i8 %p_0_2_0_0_053_loc_load, i8 %p_0_3_0_0_055_loc_load, i8 %p_0_4_0_0_057_loc_load, i8 %p_0_5_0_0_059_loc_load, i8 %p_0_6_0_0_061_loc_load, i8 %p_0_7_0_0_063_loc_load, i8 %p_0_0_0_0_033_loc_load, i8 %p_0_1_0_0_035_loc_load, i8 %p_0_2_0_0_037_loc_load, i8 %p_0_3_0_0_039_loc_load, i8 %p_0_4_0_0_041_loc_load, i8 %p_0_5_0_0_043_loc_load, i8 %p_0_6_0_0_045_loc_load, i8 %p_0_7_0_0_047_loc_load, i8 %p_0_0_0_0_017_loc_load, i8 %p_0_1_0_0_019_loc_load, i8 %p_0_2_0_0_021_loc_load, i8 %p_0_3_0_0_023_loc_load, i8 %p_0_4_0_0_025_loc_load, i8 %p_0_5_0_0_027_loc_load, i8 %p_0_6_0_0_029_loc_load, i8 %p_0_7_0_0_031_loc_load, i8 %p_0_0_0_0_01_loc_load, i8 %p_0_1_0_0_03_loc_load, i8 %p_0_2_0_0_05_loc_load, i8 %p_0_3_0_0_07_loc_load, i8 %p_0_4_0_0_09_loc_load, i8 %p_0_5_0_0_011_loc_load, i8 %p_0_6_0_0_013_loc_load, i8 %p_0_7_0_0_015_loc_load, i8 %p_0_0_0_0_0113_loc_load, i8 %p_0_1_0_0_0115_loc_load, i8 %p_0_2_0_0_0117_loc_load, i8 %p_0_3_0_0_0119_loc_load, i8 %p_0_4_0_0_0121_loc_load, i8 %p_0_5_0_0_0123_loc_load, i8 %p_0_6_0_0_0125_loc_load, i8 %p_0_7_0_0_0127_loc_load, i5 %outidx, i7 %w3" [firmware/nnet_utils/nnet_dense.h:76->firmware/nnet_utils/nnet_dense_stream.h:20->firmware/nnet_utils/nnet_dense_stream.h:46]   --->   Operation 138 'call' 'call_ret' <Predicate = true> <Delay = 16.8> <CoreType = "Generic">   --->   Generic Core
ST_4 : Operation 139 [1/1] (0.00ns)   --->   "%res = extractvalue i800 %call_ret" [firmware/nnet_utils/nnet_dense.h:76->firmware/nnet_utils/nnet_dense_stream.h:20->firmware/nnet_utils/nnet_dense_stream.h:46]   --->   Operation 139 'extractvalue' 'res' <Predicate = true> <Delay = 0.00>
ST_4 : Operation 140 [1/1] (0.00ns)   --->   "%res_1 = extractvalue i800 %call_ret" [firmware/nnet_utils/nnet_dense.h:76->firmware/nnet_utils/nnet_dense_stream.h:20->firmware/nnet_utils/nnet_dense_stream.h:46]   --->   Operation 140 'extractvalue' 'res_1' <Predicate = true> <Delay = 0.00>
ST_4 : Operation 141 [1/1] (0.00ns)   --->   "%res_2 = extractvalue i800 %call_ret" [firmware/nnet_utils/nnet_dense.h:76->firmware/nnet_utils/nnet_dense_stream.h:20->firmware/nnet_utils/nnet_dense_stream.h:46]   --->   Operation 141 'extractvalue' 'res_2' <Predicate = true> <Delay = 0.00>
ST_4 : Operation 142 [1/1] (0.00ns)   --->   "%res_3 = extractvalue i800 %call_ret" [firmware/nnet_utils/nnet_dense.h:76->firmware/nnet_utils/nnet_dense_stream.h:20->firmware/nnet_utils/nnet_dense_stream.h:46]   --->   Operation 142 'extractvalue' 'res_3' <Predicate = true> <Delay = 0.00>
ST_4 : Operation 143 [1/1] (0.00ns)   --->   "%res_4 = extractvalue i800 %call_ret" [firmware/nnet_utils/nnet_dense.h:76->firmware/nnet_utils/nnet_dense_stream.h:20->firmware/nnet_utils/nnet_dense_stream.h:46]   --->   Operation 143 'extractvalue' 'res_4' <Predicate = true> <Delay = 0.00>
ST_4 : Operation 144 [1/1] (0.00ns)   --->   "%res_5 = extractvalue i800 %call_ret" [firmware/nnet_utils/nnet_dense.h:76->firmware/nnet_utils/nnet_dense_stream.h:20->firmware/nnet_utils/nnet_dense_stream.h:46]   --->   Operation 144 'extractvalue' 'res_5' <Predicate = true> <Delay = 0.00>
ST_4 : Operation 145 [1/1] (0.00ns)   --->   "%res_6 = extractvalue i800 %call_ret" [firmware/nnet_utils/nnet_dense.h:76->firmware/nnet_utils/nnet_dense_stream.h:20->firmware/nnet_utils/nnet_dense_stream.h:46]   --->   Operation 145 'extractvalue' 'res_6' <Predicate = true> <Delay = 0.00>
ST_4 : Operation 146 [1/1] (0.00ns)   --->   "%res_7 = extractvalue i800 %call_ret" [firmware/nnet_utils/nnet_dense.h:76->firmware/nnet_utils/nnet_dense_stream.h:20->firmware/nnet_utils/nnet_dense_stream.h:46]   --->   Operation 146 'extractvalue' 'res_7' <Predicate = true> <Delay = 0.00>
ST_4 : Operation 147 [1/1] (0.00ns)   --->   "%res_8 = extractvalue i800 %call_ret" [firmware/nnet_utils/nnet_dense.h:76->firmware/nnet_utils/nnet_dense_stream.h:20->firmware/nnet_utils/nnet_dense_stream.h:46]   --->   Operation 147 'extractvalue' 'res_8' <Predicate = true> <Delay = 0.00>
ST_4 : Operation 148 [1/1] (0.00ns)   --->   "%res_9 = extractvalue i800 %call_ret" [firmware/nnet_utils/nnet_dense.h:76->firmware/nnet_utils/nnet_dense_stream.h:20->firmware/nnet_utils/nnet_dense_stream.h:46]   --->   Operation 148 'extractvalue' 'res_9' <Predicate = true> <Delay = 0.00>
ST_4 : Operation 149 [1/1] (0.00ns)   --->   "%res_10 = extractvalue i800 %call_ret" [firmware/nnet_utils/nnet_dense.h:76->firmware/nnet_utils/nnet_dense_stream.h:20->firmware/nnet_utils/nnet_dense_stream.h:46]   --->   Operation 149 'extractvalue' 'res_10' <Predicate = true> <Delay = 0.00>
ST_4 : Operation 150 [1/1] (0.00ns)   --->   "%res_11 = extractvalue i800 %call_ret" [firmware/nnet_utils/nnet_dense.h:76->firmware/nnet_utils/nnet_dense_stream.h:20->firmware/nnet_utils/nnet_dense_stream.h:46]   --->   Operation 150 'extractvalue' 'res_11' <Predicate = true> <Delay = 0.00>
ST_4 : Operation 151 [1/1] (0.00ns)   --->   "%res_12 = extractvalue i800 %call_ret" [firmware/nnet_utils/nnet_dense.h:76->firmware/nnet_utils/nnet_dense_stream.h:20->firmware/nnet_utils/nnet_dense_stream.h:46]   --->   Operation 151 'extractvalue' 'res_12' <Predicate = true> <Delay = 0.00>
ST_4 : Operation 152 [1/1] (0.00ns)   --->   "%res_13 = extractvalue i800 %call_ret" [firmware/nnet_utils/nnet_dense.h:76->firmware/nnet_utils/nnet_dense_stream.h:20->firmware/nnet_utils/nnet_dense_stream.h:46]   --->   Operation 152 'extractvalue' 'res_13' <Predicate = true> <Delay = 0.00>
ST_4 : Operation 153 [1/1] (0.00ns)   --->   "%res_14 = extractvalue i800 %call_ret" [firmware/nnet_utils/nnet_dense.h:76->firmware/nnet_utils/nnet_dense_stream.h:20->firmware/nnet_utils/nnet_dense_stream.h:46]   --->   Operation 153 'extractvalue' 'res_14' <Predicate = true> <Delay = 0.00>
ST_4 : Operation 154 [1/1] (0.00ns)   --->   "%res_15 = extractvalue i800 %call_ret" [firmware/nnet_utils/nnet_dense.h:76->firmware/nnet_utils/nnet_dense_stream.h:20->firmware/nnet_utils/nnet_dense_stream.h:46]   --->   Operation 154 'extractvalue' 'res_15' <Predicate = true> <Delay = 0.00>
ST_4 : Operation 155 [1/1] (0.00ns)   --->   "%res_16 = extractvalue i800 %call_ret" [firmware/nnet_utils/nnet_dense.h:76->firmware/nnet_utils/nnet_dense_stream.h:20->firmware/nnet_utils/nnet_dense_stream.h:46]   --->   Operation 155 'extractvalue' 'res_16' <Predicate = true> <Delay = 0.00>
ST_4 : Operation 156 [1/1] (0.00ns)   --->   "%res_17 = extractvalue i800 %call_ret" [firmware/nnet_utils/nnet_dense.h:76->firmware/nnet_utils/nnet_dense_stream.h:20->firmware/nnet_utils/nnet_dense_stream.h:46]   --->   Operation 156 'extractvalue' 'res_17' <Predicate = true> <Delay = 0.00>
ST_4 : Operation 157 [1/1] (0.00ns)   --->   "%res_18 = extractvalue i800 %call_ret" [firmware/nnet_utils/nnet_dense.h:76->firmware/nnet_utils/nnet_dense_stream.h:20->firmware/nnet_utils/nnet_dense_stream.h:46]   --->   Operation 157 'extractvalue' 'res_18' <Predicate = true> <Delay = 0.00>
ST_4 : Operation 158 [1/1] (0.00ns)   --->   "%res_19 = extractvalue i800 %call_ret" [firmware/nnet_utils/nnet_dense.h:76->firmware/nnet_utils/nnet_dense_stream.h:20->firmware/nnet_utils/nnet_dense_stream.h:46]   --->   Operation 158 'extractvalue' 'res_19' <Predicate = true> <Delay = 0.00>
ST_4 : Operation 159 [1/1] (0.00ns)   --->   "%res_20 = extractvalue i800 %call_ret" [firmware/nnet_utils/nnet_dense.h:76->firmware/nnet_utils/nnet_dense_stream.h:20->firmware/nnet_utils/nnet_dense_stream.h:46]   --->   Operation 159 'extractvalue' 'res_20' <Predicate = true> <Delay = 0.00>
ST_4 : Operation 160 [1/1] (0.00ns)   --->   "%res_21 = extractvalue i800 %call_ret" [firmware/nnet_utils/nnet_dense.h:76->firmware/nnet_utils/nnet_dense_stream.h:20->firmware/nnet_utils/nnet_dense_stream.h:46]   --->   Operation 160 'extractvalue' 'res_21' <Predicate = true> <Delay = 0.00>
ST_4 : Operation 161 [1/1] (0.00ns)   --->   "%res_22 = extractvalue i800 %call_ret" [firmware/nnet_utils/nnet_dense.h:76->firmware/nnet_utils/nnet_dense_stream.h:20->firmware/nnet_utils/nnet_dense_stream.h:46]   --->   Operation 161 'extractvalue' 'res_22' <Predicate = true> <Delay = 0.00>
ST_4 : Operation 162 [1/1] (0.00ns)   --->   "%res_23 = extractvalue i800 %call_ret" [firmware/nnet_utils/nnet_dense.h:76->firmware/nnet_utils/nnet_dense_stream.h:20->firmware/nnet_utils/nnet_dense_stream.h:46]   --->   Operation 162 'extractvalue' 'res_23' <Predicate = true> <Delay = 0.00>
ST_4 : Operation 163 [1/1] (0.00ns)   --->   "%res_24 = extractvalue i800 %call_ret" [firmware/nnet_utils/nnet_dense.h:76->firmware/nnet_utils/nnet_dense_stream.h:20->firmware/nnet_utils/nnet_dense_stream.h:46]   --->   Operation 163 'extractvalue' 'res_24' <Predicate = true> <Delay = 0.00>
ST_4 : Operation 164 [1/1] (0.00ns)   --->   "%res_25 = extractvalue i800 %call_ret" [firmware/nnet_utils/nnet_dense.h:76->firmware/nnet_utils/nnet_dense_stream.h:20->firmware/nnet_utils/nnet_dense_stream.h:46]   --->   Operation 164 'extractvalue' 'res_25' <Predicate = true> <Delay = 0.00>
ST_4 : Operation 165 [1/1] (0.00ns)   --->   "%res_26 = extractvalue i800 %call_ret" [firmware/nnet_utils/nnet_dense.h:76->firmware/nnet_utils/nnet_dense_stream.h:20->firmware/nnet_utils/nnet_dense_stream.h:46]   --->   Operation 165 'extractvalue' 'res_26' <Predicate = true> <Delay = 0.00>
ST_4 : Operation 166 [1/1] (0.00ns)   --->   "%res_27 = extractvalue i800 %call_ret" [firmware/nnet_utils/nnet_dense.h:76->firmware/nnet_utils/nnet_dense_stream.h:20->firmware/nnet_utils/nnet_dense_stream.h:46]   --->   Operation 166 'extractvalue' 'res_27' <Predicate = true> <Delay = 0.00>
ST_4 : Operation 167 [1/1] (0.00ns)   --->   "%res_28 = extractvalue i800 %call_ret" [firmware/nnet_utils/nnet_dense.h:76->firmware/nnet_utils/nnet_dense_stream.h:20->firmware/nnet_utils/nnet_dense_stream.h:46]   --->   Operation 167 'extractvalue' 'res_28' <Predicate = true> <Delay = 0.00>
ST_4 : Operation 168 [1/1] (0.00ns)   --->   "%res_29 = extractvalue i800 %call_ret" [firmware/nnet_utils/nnet_dense.h:76->firmware/nnet_utils/nnet_dense_stream.h:20->firmware/nnet_utils/nnet_dense_stream.h:46]   --->   Operation 168 'extractvalue' 'res_29' <Predicate = true> <Delay = 0.00>
ST_4 : Operation 169 [1/1] (0.00ns)   --->   "%res_30 = extractvalue i800 %call_ret" [firmware/nnet_utils/nnet_dense.h:76->firmware/nnet_utils/nnet_dense_stream.h:20->firmware/nnet_utils/nnet_dense_stream.h:46]   --->   Operation 169 'extractvalue' 'res_30' <Predicate = true> <Delay = 0.00>
ST_4 : Operation 170 [1/1] (0.00ns)   --->   "%res_31 = extractvalue i800 %call_ret" [firmware/nnet_utils/nnet_dense.h:76->firmware/nnet_utils/nnet_dense_stream.h:20->firmware/nnet_utils/nnet_dense_stream.h:46]   --->   Operation 170 'extractvalue' 'res_31' <Predicate = true> <Delay = 0.00>

State 5 <SV = 4> <Delay = 3.63>
ST_5 : Operation 171 [1/1] (0.00ns)   --->   "%specinterface_ln0 = specinterface void @_ssdm_op_SpecInterface, i800 %layer3_out, void @empty_2, i32 0, i32 0, void @empty_1, i32 0, i32 0, void @empty_1, void @empty_1, void @empty_1, i32 0, i32 0, i32 0, i32 0, void @empty_1, void @empty_1, i32 4294967295, i32 0, i32 0"   --->   Operation 171 'specinterface' 'specinterface_ln0' <Predicate = true> <Delay = 0.00>
ST_5 : Operation 172 [1/1] (0.00ns)   --->   "%specinterface_ln0 = specinterface void @_ssdm_op_SpecInterface, i64 %in_local, void @empty_2, i32 0, i32 0, void @empty_1, i32 0, i32 0, void @empty_1, void @empty_1, void @empty_1, i32 0, i32 0, i32 0, i32 0, void @empty_1, void @empty_1, i32 4294967295, i32 0, i32 0"   --->   Operation 172 'specinterface' 'specinterface_ln0' <Predicate = true> <Delay = 0.00>
ST_5 : Operation 173 [1/1] (0.00ns)   --->   "%p_0 = bitconcatenate i800 @_ssdm_op_BitConcatenate.i800.i25.i25.i25.i25.i25.i25.i25.i25.i25.i25.i25.i25.i25.i25.i25.i25.i25.i25.i25.i25.i25.i25.i25.i25.i25.i25.i25.i25.i25.i25.i25.i25, i25 %res_31, i25 %res_30, i25 %res_29, i25 %res_28, i25 %res_27, i25 %res_26, i25 %res_25, i25 %res_24, i25 %res_23, i25 %res_22, i25 %res_21, i25 %res_20, i25 %res_19, i25 %res_18, i25 %res_17, i25 %res_16, i25 %res_15, i25 %res_14, i25 %res_13, i25 %res_12, i25 %res_11, i25 %res_10, i25 %res_9, i25 %res_8, i25 %res_7, i25 %res_6, i25 %res_5, i25 %res_4, i25 %res_3, i25 %res_2, i25 %res_1, i25 %res" [firmware/nnet_utils/nnet_dense_stream.h:60]   --->   Operation 173 'bitconcatenate' 'p_0' <Predicate = true> <Delay = 0.00>
ST_5 : Operation 174 [1/1] ( I:3.63ns O:3.63ns )   --->   "%write_ln60 = write void @_ssdm_op_Write.ap_fifo.volatile.i800P0A, i800 %layer3_out, i800 %p_0" [firmware/nnet_utils/nnet_dense_stream.h:60]   --->   Operation 174 'write' 'write_ln60' <Predicate = true> <Delay = 3.63> <CoreInst = "FIFO_SRL">   --->   Core 80 'FIFO_SRL' <Latency = 0> <II = 1> <Delay = 3.63> <Storage> <Opcode : 'read' 'write' 'nbread' 'nbwrite'> <Ports = 0> <Width = 800> <Depth = 1> <FIFO>
ST_5 : Operation 175 [1/1] (0.00ns)   --->   "%ret_ln62 = ret" [firmware/nnet_utils/nnet_dense_stream.h:62]   --->   Operation 175 'ret' 'ret_ln62' <Predicate = true> <Delay = 0.00>


============================================================
+ Verbose Summary: Timing violations
============================================================
Target clock period: 20.000ns, clock uncertainty: 2.500ns.

 <State 1>: 0.000ns
The critical path consists of the following:

 <State 2>: 4.911ns
The critical path consists of the following:
	'call' operation 0 bit ('call_ln0') to 'dense<array,array<ap_fixed<25,12,5,3,0>,32u>,config3>_Pipeline_DataPrepare' [71]  (4.911 ns)

 <State 3>: 0.000ns
The critical path consists of the following:

 <State 4>: 16.846ns
The critical path consists of the following:
	'call' operation 800 bit ('call_ret', firmware/nnet_utils/nnet_dense.h:76->firmware/nnet_utils/nnet_dense_stream.h:20->firmware/nnet_utils/nnet_dense_stream.h:46) to 'dense_resource_rf_gt_nin_rem0<ap_ufixed,ap_fixed<25,12,5,3,0>,config3>' [137]  (16.846 ns)

 <State 5>: 3.634ns
The critical path consists of the following:
	fifo write operation ('write_ln60', firmware/nnet_utils/nnet_dense_stream.h:60) on port 'layer3_out' (firmware/nnet_utils/nnet_dense_stream.h:60) [171]  (3.634 ns)


============================================================
+ Verbose Summary: Binding
============================================================
N/A
* FSMD analyzer results:
  - Output states:
 - Input state : 
  - Chain level:
	State 1
	State 2
	State 3
	State 4
	State 5


============================================================
+ Verbose Summary: Datapath Resource usage 
============================================================
N/A
