

================================================================
== Vitis HLS Report for 'dense_array_ap_fixed_16u_array_ap_fixed_17_13_5_3_0_4u_config9_s'
================================================================
* Date:           Sun May 17 14:56:16 2026

* Version:        2025.1 (Build 6135595 on May 21 2025)
* Project:        wedrowiec_hls_prj
* Solution:       solution1 (Vivado IP Flow Target)
* Product family: zynq
* Target device:  xc7z020-clg400-1


================================================================
== Performance Estimates
================================================================
+ Timing: 
    * Summary: 
    +--------+----------+-----------+------------+
    |  Clock |  Target  | Estimated | Uncertainty|
    +--------+----------+-----------+------------+
    |ap_clk  |  20.00 ns|  13.000 ns|     5.40 ns|
    +--------+----------+-----------+------------+

+ Latency: 
    * Summary: 
    +---------+---------+----------+----------+-----+-----+---------+
    |  Latency (cycles) |  Latency (absolute) |  Interval | Pipeline|
    |   min   |   max   |    min   |    max   | min | max |   Type  |
    +---------+---------+----------+----------+-----+-----+---------+
    |        6|        6|  0.120 us|  0.120 us|    6|    6|       no|
    +---------+---------+----------+----------+-----+-----+---------+

    + Detail: 
        * Instance: 
        +--------------------------------------------------------------------------+---------------------------------------------------------------+---------+---------+-----------+-----------+-----+-----+---------+
        |                                                                          |                                                               |  Latency (cycles) |   Latency (absolute)  |  Interval | Pipeline|
        |                                 Instance                                 |                             Module                            |   min   |   max   |    min    |    max    | min | max |   Type  |
        +--------------------------------------------------------------------------+---------------------------------------------------------------+---------+---------+-----------+-----------+-----+-----+---------+
        |grp_dense_latency_wrapper_ap_fixed_ap_fixed_17_13_5_3_0_config9_s_fu_105  |dense_latency_wrapper_ap_fixed_ap_fixed_17_13_5_3_0_config9_s  |        2|        2|  40.000 ns|  40.000 ns|    2|    2|       no|
        +--------------------------------------------------------------------------+---------------------------------------------------------------+---------+---------+-----------+-----------+-----+-----+---------+

        * Loop: 
        N/A



================================================================
== Utilization Estimates
================================================================
* Summary: 
+-----------------+---------+-----+--------+-------+-----+
|       Name      | BRAM_18K| DSP |   FF   |  LUT  | URAM|
+-----------------+---------+-----+--------+-------+-----+
|DSP              |        -|    -|       -|      -|    -|
|Expression       |        -|    -|       0|      4|    -|
|FIFO             |        -|    -|       -|      -|    -|
|Instance         |        -|    -|     182|    856|    -|
|Memory           |        -|    -|       -|      -|    -|
|Multiplexer      |        -|    -|       0|     58|    -|
|Register         |        -|    -|     171|      -|    -|
+-----------------+---------+-----+--------+-------+-----+
|Total            |        0|    0|     353|    918|    0|
+-----------------+---------+-----+--------+-------+-----+
|Available        |      280|  220|  106400|  53200|    0|
+-----------------+---------+-----+--------+-------+-----+
|Utilization (%)  |        0|    0|      ~0|      1|    0|
+-----------------+---------+-----+--------+-------+-----+

+ Detail: 
    * Instance: 
    +--------------------------------------------------------------------------+---------------------------------------------------------------+---------+----+-----+-----+-----+
    |                                 Instance                                 |                             Module                            | BRAM_18K| DSP|  FF | LUT | URAM|
    +--------------------------------------------------------------------------+---------------------------------------------------------------+---------+----+-----+-----+-----+
    |grp_dense_latency_wrapper_ap_fixed_ap_fixed_17_13_5_3_0_config9_s_fu_105  |dense_latency_wrapper_ap_fixed_ap_fixed_17_13_5_3_0_config9_s  |        0|   0|  182|  856|    0|
    +--------------------------------------------------------------------------+---------------------------------------------------------------+---------+----+-----+-----+-----+
    |Total                                                                     |                                                               |        0|   0|  182|  856|    0|
    +--------------------------------------------------------------------------+---------------------------------------------------------------+---------+----+-----+-----+-----+

    * DSP: 
    N/A

    * Memory: 
    N/A

    * FIFO: 
    N/A

    * Expression: 
    +-----------------+----------+----+---+----+------------+------------+
    |  Variable Name  | Operation| DSP| FF| LUT| Bitwidth P0| Bitwidth P1|
    +-----------------+----------+----+---+----+------------+------------+
    |ap_block_state1  |        or|   0|  0|   2|           1|           1|
    |ap_block_state5  |        or|   0|  0|   2|           1|           1|
    +-----------------+----------+----+---+----+------------+------------+
    |Total            |          |   0|  0|   4|           2|           2|
    +-----------------+----------+----+---+----+------------+------------+

    * Multiplexer: 
    +------------------------+----+-----------+-----+-----------+
    |          Name          | LUT| Input Size| Bits| Total Bits|
    +------------------------+----+-----------+-----+-----------+
    |ap_NS_fsm               |  31|          6|    1|          6|
    |ap_done                 |   9|          2|    1|          2|
    |layer8_out_blk_n        |   9|          2|    1|          2|
    |layer9_out_TDATA_blk_n  |   9|          2|    1|          2|
    +------------------------+----+-----------+-----+-----------+
    |Total                   |  58|         12|    4|         12|
    +------------------------+----+-----------+-----+-----------+

    * Register: 
    +---------------------------------------------------------------------------------------+----+----+-----+-----------+
    |                                          Name                                         | FF | LUT| Bits| Const Bits|
    +---------------------------------------------------------------------------------------+----+----+-----+-----------+
    |ap_CS_fsm                                                                              |   5|   0|    5|          0|
    |ap_done_reg                                                                            |   1|   0|    1|          0|
    |data_61_reg_324                                                                        |   6|   0|    6|          0|
    |data_62_reg_329                                                                        |   6|   0|    6|          0|
    |data_63_reg_334                                                                        |   6|   0|    6|          0|
    |data_64_reg_339                                                                        |   6|   0|    6|          0|
    |data_65_reg_344                                                                        |   6|   0|    6|          0|
    |data_66_reg_349                                                                        |   6|   0|    6|          0|
    |data_67_reg_354                                                                        |   6|   0|    6|          0|
    |data_68_reg_359                                                                        |   6|   0|    6|          0|
    |data_69_reg_364                                                                        |   6|   0|    6|          0|
    |data_70_reg_369                                                                        |   6|   0|    6|          0|
    |data_71_reg_374                                                                        |   6|   0|    6|          0|
    |data_72_reg_379                                                                        |   6|   0|    6|          0|
    |data_73_reg_384                                                                        |   6|   0|    6|          0|
    |data_74_reg_389                                                                        |   6|   0|    6|          0|
    |data_75_reg_319                                                                        |   6|   0|    6|          0|
    |data_reg_314                                                                           |   6|   0|    6|          0|
    |grp_dense_latency_wrapper_ap_fixed_ap_fixed_17_13_5_3_0_config9_s_fu_105_ap_start_reg  |   1|   0|    1|          0|
    |res_1_reg_399                                                                          |  17|   0|   17|          0|
    |res_2_reg_404                                                                          |  17|   0|   17|          0|
    |res_3_reg_409                                                                          |  17|   0|   17|          0|
    |res_reg_394                                                                            |  17|   0|   17|          0|
    +---------------------------------------------------------------------------------------+----+----+-----+-----------+
    |Total                                                                                  | 171|   0|  171|          0|
    +---------------------------------------------------------------------------------------+----+----+-----+-----------+



================================================================
== Interface
================================================================
* Summary: 
+---------------------------+-----+-----+------------+--------------------------------------------------------------------+--------------+
|         RTL Ports         | Dir | Bits|  Protocol  |                            Source Object                           |    C Type    |
+---------------------------+-----+-----+------------+--------------------------------------------------------------------+--------------+
|ap_clk                     |   in|    1|  ap_ctrl_hs|  dense<array<ap_fixed,16u>,array<ap_fixed<17,13,5,3,0>,4u>,config9>|  return value|
|ap_rst                     |   in|    1|  ap_ctrl_hs|  dense<array<ap_fixed,16u>,array<ap_fixed<17,13,5,3,0>,4u>,config9>|  return value|
|ap_start                   |   in|    1|  ap_ctrl_hs|  dense<array<ap_fixed,16u>,array<ap_fixed<17,13,5,3,0>,4u>,config9>|  return value|
|ap_done                    |  out|    1|  ap_ctrl_hs|  dense<array<ap_fixed,16u>,array<ap_fixed<17,13,5,3,0>,4u>,config9>|  return value|
|ap_continue                |   in|    1|  ap_ctrl_hs|  dense<array<ap_fixed,16u>,array<ap_fixed<17,13,5,3,0>,4u>,config9>|  return value|
|ap_idle                    |  out|    1|  ap_ctrl_hs|  dense<array<ap_fixed,16u>,array<ap_fixed<17,13,5,3,0>,4u>,config9>|  return value|
|ap_ready                   |  out|    1|  ap_ctrl_hs|  dense<array<ap_fixed,16u>,array<ap_fixed<17,13,5,3,0>,4u>,config9>|  return value|
|layer8_out_dout            |   in|   96|     ap_fifo|                                                          layer8_out|       pointer|
|layer8_out_empty_n         |   in|    1|     ap_fifo|                                                          layer8_out|       pointer|
|layer8_out_read            |  out|    1|     ap_fifo|                                                          layer8_out|       pointer|
|layer8_out_num_data_valid  |   in|    2|     ap_fifo|                                                          layer8_out|       pointer|
|layer8_out_fifo_cap        |   in|    2|     ap_fifo|                                                          layer8_out|       pointer|
|layer9_out_TDATA           |  out|  128|        axis|                                                          layer9_out|       pointer|
|layer9_out_TVALID          |  out|    1|        axis|                                                          layer9_out|       pointer|
|layer9_out_TREADY          |   in|    1|        axis|                                                          layer9_out|       pointer|
+---------------------------+-----+-----+------------+--------------------------------------------------------------------+--------------+

============================================================
+ Verbose Summary: Synthesis Manager
============================================================
InlineROM: 1
ExposeGlobal: 0
============================================================
+ Verbose Summary: CDFG Model
============================================================
IsTopModel: 0
ResetActiveHigh: 1
IsCombinational: 2
IsDatapathOnly: 0
HasWiredReturn: 1
HasMFsm: 0
HasVarLatency: 1
IsPipeline: 0
IsRtlPipelined: 0
IsInstanceOverlapped: 0
IsDontTouch: 0
HasImplIP: 0
IsGatedGlobalClock: 0


============================================================
+ Verbose Summary: Schedule
============================================================
* Number of FSM states : 5
* Pipeline : 0
* Dataflow Pipeline: 0

* FSM state transitions: 
1 --> 2 
2 --> 3 
3 --> 4 
4 --> 5 
5 --> 

* FSM state operations: 

State 1 <SV = 0> <Delay = 3.63>
ST_1 : Operation 6 [1/1] ( I:3.63ns O:3.63ns )   --->   "%layer8_out_read = read i96 @_ssdm_op_Read.ap_fifo.volatile.i96P0A, i96 %layer8_out" [firmware/nnet_utils/nnet_dense_stream.h:43->firmware/nnet_utils/nnet_dense_stream.h:93]   --->   Operation 6 'read' 'layer8_out_read' <Predicate = true> <Delay = 3.63> <CoreInst = "FIFO_SRL">   --->   Core 80 'FIFO_SRL' <Latency = 0> <II = 1> <Delay = 3.63> <Storage> <Opcode : 'read' 'write' 'nbread' 'nbwrite'> <Ports = 0> <Width = 96> <Depth = 1> <FIFO>
ST_1 : Operation 7 [1/1] (0.00ns)   --->   "%data = trunc i96 %layer8_out_read" [firmware/nnet_utils/nnet_dense_stream.h:43->firmware/nnet_utils/nnet_dense_stream.h:93]   --->   Operation 7 'trunc' 'data' <Predicate = true> <Delay = 0.00>
ST_1 : Operation 8 [1/1] (0.00ns)   --->   "%data_75 = partselect i6 @_ssdm_op_PartSelect.i6.i96.i32.i32, i96 %layer8_out_read, i32 6, i32 11" [firmware/nnet_utils/nnet_dense_stream.h:43->firmware/nnet_utils/nnet_dense_stream.h:93]   --->   Operation 8 'partselect' 'data_75' <Predicate = true> <Delay = 0.00>
ST_1 : Operation 9 [1/1] (0.00ns)   --->   "%data_61 = partselect i6 @_ssdm_op_PartSelect.i6.i96.i32.i32, i96 %layer8_out_read, i32 12, i32 17" [firmware/nnet_utils/nnet_dense_stream.h:43->firmware/nnet_utils/nnet_dense_stream.h:93]   --->   Operation 9 'partselect' 'data_61' <Predicate = true> <Delay = 0.00>
ST_1 : Operation 10 [1/1] (0.00ns)   --->   "%data_62 = partselect i6 @_ssdm_op_PartSelect.i6.i96.i32.i32, i96 %layer8_out_read, i32 18, i32 23" [firmware/nnet_utils/nnet_dense_stream.h:43->firmware/nnet_utils/nnet_dense_stream.h:93]   --->   Operation 10 'partselect' 'data_62' <Predicate = true> <Delay = 0.00>
ST_1 : Operation 11 [1/1] (0.00ns)   --->   "%data_63 = partselect i6 @_ssdm_op_PartSelect.i6.i96.i32.i32, i96 %layer8_out_read, i32 24, i32 29" [firmware/nnet_utils/nnet_dense_stream.h:43->firmware/nnet_utils/nnet_dense_stream.h:93]   --->   Operation 11 'partselect' 'data_63' <Predicate = true> <Delay = 0.00>
ST_1 : Operation 12 [1/1] (0.00ns)   --->   "%data_64 = partselect i6 @_ssdm_op_PartSelect.i6.i96.i32.i32, i96 %layer8_out_read, i32 30, i32 35" [firmware/nnet_utils/nnet_dense_stream.h:43->firmware/nnet_utils/nnet_dense_stream.h:93]   --->   Operation 12 'partselect' 'data_64' <Predicate = true> <Delay = 0.00>
ST_1 : Operation 13 [1/1] (0.00ns)   --->   "%data_65 = partselect i6 @_ssdm_op_PartSelect.i6.i96.i32.i32, i96 %layer8_out_read, i32 36, i32 41" [firmware/nnet_utils/nnet_dense_stream.h:43->firmware/nnet_utils/nnet_dense_stream.h:93]   --->   Operation 13 'partselect' 'data_65' <Predicate = true> <Delay = 0.00>
ST_1 : Operation 14 [1/1] (0.00ns)   --->   "%data_66 = partselect i6 @_ssdm_op_PartSelect.i6.i96.i32.i32, i96 %layer8_out_read, i32 42, i32 47" [firmware/nnet_utils/nnet_dense_stream.h:43->firmware/nnet_utils/nnet_dense_stream.h:93]   --->   Operation 14 'partselect' 'data_66' <Predicate = true> <Delay = 0.00>
ST_1 : Operation 15 [1/1] (0.00ns)   --->   "%data_67 = partselect i6 @_ssdm_op_PartSelect.i6.i96.i32.i32, i96 %layer8_out_read, i32 48, i32 53" [firmware/nnet_utils/nnet_dense_stream.h:43->firmware/nnet_utils/nnet_dense_stream.h:93]   --->   Operation 15 'partselect' 'data_67' <Predicate = true> <Delay = 0.00>
ST_1 : Operation 16 [1/1] (0.00ns)   --->   "%data_68 = partselect i6 @_ssdm_op_PartSelect.i6.i96.i32.i32, i96 %layer8_out_read, i32 54, i32 59" [firmware/nnet_utils/nnet_dense_stream.h:43->firmware/nnet_utils/nnet_dense_stream.h:93]   --->   Operation 16 'partselect' 'data_68' <Predicate = true> <Delay = 0.00>
ST_1 : Operation 17 [1/1] (0.00ns)   --->   "%data_69 = partselect i6 @_ssdm_op_PartSelect.i6.i96.i32.i32, i96 %layer8_out_read, i32 60, i32 65" [firmware/nnet_utils/nnet_dense_stream.h:43->firmware/nnet_utils/nnet_dense_stream.h:93]   --->   Operation 17 'partselect' 'data_69' <Predicate = true> <Delay = 0.00>
ST_1 : Operation 18 [1/1] (0.00ns)   --->   "%data_70 = partselect i6 @_ssdm_op_PartSelect.i6.i96.i32.i32, i96 %layer8_out_read, i32 66, i32 71" [firmware/nnet_utils/nnet_dense_stream.h:43->firmware/nnet_utils/nnet_dense_stream.h:93]   --->   Operation 18 'partselect' 'data_70' <Predicate = true> <Delay = 0.00>
ST_1 : Operation 19 [1/1] (0.00ns)   --->   "%data_71 = partselect i6 @_ssdm_op_PartSelect.i6.i96.i32.i32, i96 %layer8_out_read, i32 72, i32 77" [firmware/nnet_utils/nnet_dense_stream.h:43->firmware/nnet_utils/nnet_dense_stream.h:93]   --->   Operation 19 'partselect' 'data_71' <Predicate = true> <Delay = 0.00>
ST_1 : Operation 20 [1/1] (0.00ns)   --->   "%data_72 = partselect i6 @_ssdm_op_PartSelect.i6.i96.i32.i32, i96 %layer8_out_read, i32 78, i32 83" [firmware/nnet_utils/nnet_dense_stream.h:43->firmware/nnet_utils/nnet_dense_stream.h:93]   --->   Operation 20 'partselect' 'data_72' <Predicate = true> <Delay = 0.00>
ST_1 : Operation 21 [1/1] (0.00ns)   --->   "%data_73 = partselect i6 @_ssdm_op_PartSelect.i6.i96.i32.i32, i96 %layer8_out_read, i32 84, i32 89" [firmware/nnet_utils/nnet_dense_stream.h:43->firmware/nnet_utils/nnet_dense_stream.h:93]   --->   Operation 21 'partselect' 'data_73' <Predicate = true> <Delay = 0.00>
ST_1 : Operation 22 [1/1] (0.00ns)   --->   "%data_74 = partselect i6 @_ssdm_op_PartSelect.i6.i96.i32.i32, i96 %layer8_out_read, i32 90, i32 95" [firmware/nnet_utils/nnet_dense_stream.h:43->firmware/nnet_utils/nnet_dense_stream.h:93]   --->   Operation 22 'partselect' 'data_74' <Predicate = true> <Delay = 0.00>

State 2 <SV = 1> <Delay = 13.0>
ST_2 : Operation 23 [2/2] (13.0ns)   --->   "%call_ret = call i68 @dense_latency_wrapper<ap_fixed,ap_fixed<17,13,5,3,0>,config9>, i6 %data, i6 %data_75, i6 %data_61, i6 %data_62, i6 %data_63, i6 %data_64, i6 %data_65, i6 %data_66, i6 %data_67, i6 %data_68, i6 %data_69, i6 %data_70, i6 %data_71, i6 %data_72, i6 %data_73, i6 %data_74" [firmware/nnet_utils/nnet_dense_stream.h:95]   --->   Operation 23 'call' 'call_ret' <Predicate = true> <Delay = 13.0> <CoreType = "Generic">   --->   Generic Core

State 3 <SV = 2> <Delay = 13.0>
ST_3 : Operation 24 [1/2] (13.0ns)   --->   "%call_ret = call i68 @dense_latency_wrapper<ap_fixed,ap_fixed<17,13,5,3,0>,config9>, i6 %data, i6 %data_75, i6 %data_61, i6 %data_62, i6 %data_63, i6 %data_64, i6 %data_65, i6 %data_66, i6 %data_67, i6 %data_68, i6 %data_69, i6 %data_70, i6 %data_71, i6 %data_72, i6 %data_73, i6 %data_74" [firmware/nnet_utils/nnet_dense_stream.h:95]   --->   Operation 24 'call' 'call_ret' <Predicate = true> <Delay = 13.0> <CoreType = "Generic">   --->   Generic Core
ST_3 : Operation 25 [1/1] (0.00ns)   --->   "%res = extractvalue i68 %call_ret" [firmware/nnet_utils/nnet_dense_stream.h:95]   --->   Operation 25 'extractvalue' 'res' <Predicate = true> <Delay = 0.00>
ST_3 : Operation 26 [1/1] (0.00ns)   --->   "%res_1 = extractvalue i68 %call_ret" [firmware/nnet_utils/nnet_dense_stream.h:95]   --->   Operation 26 'extractvalue' 'res_1' <Predicate = true> <Delay = 0.00>
ST_3 : Operation 27 [1/1] (0.00ns)   --->   "%res_2 = extractvalue i68 %call_ret" [firmware/nnet_utils/nnet_dense_stream.h:95]   --->   Operation 27 'extractvalue' 'res_2' <Predicate = true> <Delay = 0.00>
ST_3 : Operation 28 [1/1] (0.00ns)   --->   "%res_3 = extractvalue i68 %call_ret" [firmware/nnet_utils/nnet_dense_stream.h:95]   --->   Operation 28 'extractvalue' 'res_3' <Predicate = true> <Delay = 0.00>

State 4 <SV = 3> <Delay = 1.72>
ST_4 : Operation 29 [1/1] (0.00ns)   --->   "%tmp = bitconcatenate i113 @_ssdm_op_BitConcatenate.i113.i17.i15.i17.i15.i17.i15.i17, i17 %res_3, i15 0, i17 %res_2, i15 0, i17 %res_1, i15 0, i17 %res" [firmware/nnet_utils/nnet_dense_stream.h:77->firmware/nnet_utils/nnet_dense_stream.h:100]   --->   Operation 29 'bitconcatenate' 'tmp' <Predicate = true> <Delay = 0.00>
ST_4 : Operation 30 [1/1] (0.00ns)   --->   "%zext_ln77 = zext i113 %tmp" [firmware/nnet_utils/nnet_dense_stream.h:77->firmware/nnet_utils/nnet_dense_stream.h:100]   --->   Operation 30 'zext' 'zext_ln77' <Predicate = true> <Delay = 0.00>
ST_4 : Operation 31 [2/2] (1.72ns)   --->   "%write_ln77 = write void @_ssdm_op_Write.axis.volatile.i128P128A, i128 %layer9_out, i128 %zext_ln77" [firmware/nnet_utils/nnet_dense_stream.h:77->firmware/nnet_utils/nnet_dense_stream.h:100]   --->   Operation 31 'write' 'write_ln77' <Predicate = true> <Delay = 1.72> <CoreInst = "regslice">   --->   Core 135 'regslice' <Latency = 0> <II = 1> <Delay = 1.72> <Adapter> <Opcode : 'read' 'write'>

State 5 <SV = 4> <Delay = 1.72>
ST_5 : Operation 32 [1/1] (0.00ns)   --->   "%specinterface_ln0 = specinterface void @_ssdm_op_SpecInterface, i96 %layer8_out, void @empty_2, i32 0, i32 0, void @empty_1, i32 0, i32 0, void @empty_1, void @empty_1, void @empty_1, i32 0, i32 0, i32 0, i32 0, void @empty_1, void @empty_1, i32 4294967295, i32 0, i32 0"   --->   Operation 32 'specinterface' 'specinterface_ln0' <Predicate = true> <Delay = 0.00>
ST_5 : Operation 33 [1/1] (0.00ns)   --->   "%specinterface_ln0 = specinterface void @_ssdm_op_SpecInterface, i128 %layer9_out, void @empty, i32 1, i32 1, void @empty_0, i32 0, i32 0, void @empty_1, void @empty_1, void @empty_1, i32 0, i32 0, i32 0, i32 0, void @empty_1, void @empty_1, i32 4294967295, i32 0, i32 0"   --->   Operation 33 'specinterface' 'specinterface_ln0' <Predicate = true> <Delay = 0.00>
ST_5 : Operation 34 [1/2] (1.72ns)   --->   "%write_ln77 = write void @_ssdm_op_Write.axis.volatile.i128P128A, i128 %layer9_out, i128 %zext_ln77" [firmware/nnet_utils/nnet_dense_stream.h:77->firmware/nnet_utils/nnet_dense_stream.h:100]   --->   Operation 34 'write' 'write_ln77' <Predicate = true> <Delay = 1.72> <CoreInst = "regslice">   --->   Core 135 'regslice' <Latency = 0> <II = 1> <Delay = 1.72> <Adapter> <Opcode : 'read' 'write'>
ST_5 : Operation 35 [1/1] (0.00ns)   --->   "%ret_ln101 = ret" [firmware/nnet_utils/nnet_dense_stream.h:101]   --->   Operation 35 'ret' 'ret_ln101' <Predicate = true> <Delay = 0.00>


============================================================
+ Verbose Summary: Binding
============================================================
STG Binding: 
---------------- STG Properties BEGIN ----------------
- Is combinational: 0
- Is one-state seq: 0
- Is datapath-only: 0
- Is pipelined: 0
- Is top level: 0
Port [ Return ] is wired: 1; IO mode=ap_ctrl_hs:ce=0
Port [ layer8_out]:  wired=1; compound=1; hidden=0; nouse=0; global=0; static=0; extern=0; dir=0; type=3; pingpong=0; private_global=0; IO mode=ap_fifo:ce=0
Port [ layer9_out]:  wired=1; compound=1; hidden=0; nouse=0; global=0; static=0; extern=0; dir=1; type=0; pingpong=0; private_global=0; IO mode=axis:ce=0
---------------- STG Properties END ------------------

---------------- Datapath Model BEGIN ----------------

<LifeTime>
<method=bitvector/>
layer8_out_read   (read          ) [ 000000]
data              (trunc         ) [ 001100]
data_75           (partselect    ) [ 001100]
data_61           (partselect    ) [ 001100]
data_62           (partselect    ) [ 001100]
data_63           (partselect    ) [ 001100]
data_64           (partselect    ) [ 001100]
data_65           (partselect    ) [ 001100]
data_66           (partselect    ) [ 001100]
data_67           (partselect    ) [ 001100]
data_68           (partselect    ) [ 001100]
data_69           (partselect    ) [ 001100]
data_70           (partselect    ) [ 001100]
data_71           (partselect    ) [ 001100]
data_72           (partselect    ) [ 001100]
data_73           (partselect    ) [ 001100]
data_74           (partselect    ) [ 001100]
call_ret          (call          ) [ 000000]
res               (extractvalue  ) [ 000010]
res_1             (extractvalue  ) [ 000010]
res_2             (extractvalue  ) [ 000010]
res_3             (extractvalue  ) [ 000010]
tmp               (bitconcatenate) [ 000000]
zext_ln77         (zext          ) [ 000001]
specinterface_ln0 (specinterface ) [ 000000]
specinterface_ln0 (specinterface ) [ 000000]
write_ln77        (write         ) [ 000000]
ret_ln101         (ret           ) [ 000000]
</LifeTime>

<model>

<comp_list>
<comp id="0" class="1000" name="layer8_out">
<pin_list>
<pin id="1" dir="1" index="0" bw="1" slack="0"/>
</pin_list>
<bind>
<StgValue><ssdm name="layer8_out"/></StgValue>
</bind>
</comp>

<comp id="2" class="1000" name="layer9_out">
<pin_list>
<pin id="3" dir="1" index="0" bw="1" slack="0"/>
</pin_list>
<bind>
<StgValue><ssdm name="layer9_out"/></StgValue>
</bind>
</comp>

<comp id="4" class="1001" name="const_4">
<pin_list>
<pin id="5" dir="1" index="0" bw="1" slack="0"/>
</pin_list>
<bind>
<StgValue><ssdm name="_ssdm_op_Read.ap_fifo.volatile.i96P0A"/></StgValue>
</bind>
</comp>

<comp id="6" class="1001" name="const_6">
<pin_list>
<pin id="7" dir="1" index="0" bw="1" slack="0"/>
</pin_list>
<bind>
<StgValue><ssdm name="_ssdm_op_PartSelect.i6.i96.i32.i32"/></StgValue>
</bind>
</comp>

<comp id="8" class="1001" name="const_8">
<pin_list>
<pin id="9" dir="1" index="0" bw="1" slack="0"/>
</pin_list>
<bind>
<StgValue><ssdm name=""/></StgValue>
</bind>
</comp>

<comp id="10" class="1001" name="const_10">
<pin_list>
<pin id="11" dir="1" index="0" bw="1" slack="0"/>
</pin_list>
<bind>
<StgValue><ssdm name=""/></StgValue>
</bind>
</comp>

<comp id="12" class="1001" name="const_12">
<pin_list>
<pin id="13" dir="1" index="0" bw="1" slack="0"/>
</pin_list>
<bind>
<StgValue><ssdm name=""/></StgValue>
</bind>
</comp>

<comp id="14" class="1001" name="const_14">
<pin_list>
<pin id="15" dir="1" index="0" bw="1" slack="0"/>
</pin_list>
<bind>
<StgValue><ssdm name=""/></StgValue>
</bind>
</comp>

<comp id="16" class="1001" name="const_16">
<pin_list>
<pin id="17" dir="1" index="0" bw="1" slack="0"/>
</pin_list>
<bind>
<StgValue><ssdm name=""/></StgValue>
</bind>
</comp>

<comp id="18" class="1001" name="const_18">
<pin_list>
<pin id="19" dir="1" index="0" bw="1" slack="0"/>
</pin_list>
<bind>
<StgValue><ssdm name=""/></StgValue>
</bind>
</comp>

<comp id="20" class="1001" name="const_20">
<pin_list>
<pin id="21" dir="1" index="0" bw="1" slack="0"/>
</pin_list>
<bind>
<StgValue><ssdm name=""/></StgValue>
</bind>
</comp>

<comp id="22" class="1001" name="const_22">
<pin_list>
<pin id="23" dir="1" index="0" bw="1" slack="0"/>
</pin_list>
<bind>
<StgValue><ssdm name=""/></StgValue>
</bind>
</comp>

<comp id="24" class="1001" name="const_24">
<pin_list>
<pin id="25" dir="1" index="0" bw="1" slack="0"/>
</pin_list>
<bind>
<StgValue><ssdm name=""/></StgValue>
</bind>
</comp>

<comp id="26" class="1001" name="const_26">
<pin_list>
<pin id="27" dir="1" index="0" bw="1" slack="0"/>
</pin_list>
<bind>
<StgValue><ssdm name=""/></StgValue>
</bind>
</comp>

<comp id="28" class="1001" name="const_28">
<pin_list>
<pin id="29" dir="1" index="0" bw="1" slack="0"/>
</pin_list>
<bind>
<StgValue><ssdm name=""/></StgValue>
</bind>
</comp>

<comp id="30" class="1001" name="const_30">
<pin_list>
<pin id="31" dir="1" index="0" bw="1" slack="0"/>
</pin_list>
<bind>
<StgValue><ssdm name=""/></StgValue>
</bind>
</comp>

<comp id="32" class="1001" name="const_32">
<pin_list>
<pin id="33" dir="1" index="0" bw="1" slack="0"/>
</pin_list>
<bind>
<StgValue><ssdm name=""/></StgValue>
</bind>
</comp>

<comp id="34" class="1001" name="const_34">
<pin_list>
<pin id="35" dir="1" index="0" bw="1" slack="0"/>
</pin_list>
<bind>
<StgValue><ssdm name=""/></StgValue>
</bind>
</comp>

<comp id="36" class="1001" name="const_36">
<pin_list>
<pin id="37" dir="1" index="0" bw="1" slack="0"/>
</pin_list>
<bind>
<StgValue><ssdm name=""/></StgValue>
</bind>
</comp>

<comp id="38" class="1001" name="const_38">
<pin_list>
<pin id="39" dir="1" index="0" bw="1" slack="0"/>
</pin_list>
<bind>
<StgValue><ssdm name=""/></StgValue>
</bind>
</comp>

<comp id="40" class="1001" name="const_40">
<pin_list>
<pin id="41" dir="1" index="0" bw="1" slack="0"/>
</pin_list>
<bind>
<StgValue><ssdm name=""/></StgValue>
</bind>
</comp>

<comp id="42" class="1001" name="const_42">
<pin_list>
<pin id="43" dir="1" index="0" bw="1" slack="0"/>
</pin_list>
<bind>
<StgValue><ssdm name=""/></StgValue>
</bind>
</comp>

<comp id="44" class="1001" name="const_44">
<pin_list>
<pin id="45" dir="1" index="0" bw="1" slack="0"/>
</pin_list>
<bind>
<StgValue><ssdm name=""/></StgValue>
</bind>
</comp>

<comp id="46" class="1001" name="const_46">
<pin_list>
<pin id="47" dir="1" index="0" bw="1" slack="0"/>
</pin_list>
<bind>
<StgValue><ssdm name=""/></StgValue>
</bind>
</comp>

<comp id="48" class="1001" name="const_48">
<pin_list>
<pin id="49" dir="1" index="0" bw="1" slack="0"/>
</pin_list>
<bind>
<StgValue><ssdm name=""/></StgValue>
</bind>
</comp>

<comp id="50" class="1001" name="const_50">
<pin_list>
<pin id="51" dir="1" index="0" bw="1" slack="0"/>
</pin_list>
<bind>
<StgValue><ssdm name=""/></StgValue>
</bind>
</comp>

<comp id="52" class="1001" name="const_52">
<pin_list>
<pin id="53" dir="1" index="0" bw="1" slack="0"/>
</pin_list>
<bind>
<StgValue><ssdm name=""/></StgValue>
</bind>
</comp>

<comp id="54" class="1001" name="const_54">
<pin_list>
<pin id="55" dir="1" index="0" bw="1" slack="0"/>
</pin_list>
<bind>
<StgValue><ssdm name=""/></StgValue>
</bind>
</comp>

<comp id="56" class="1001" name="const_56">
<pin_list>
<pin id="57" dir="1" index="0" bw="1" slack="0"/>
</pin_list>
<bind>
<StgValue><ssdm name=""/></StgValue>
</bind>
</comp>

<comp id="58" class="1001" name="const_58">
<pin_list>
<pin id="59" dir="1" index="0" bw="1" slack="0"/>
</pin_list>
<bind>
<StgValue><ssdm name=""/></StgValue>
</bind>
</comp>

<comp id="60" class="1001" name="const_60">
<pin_list>
<pin id="61" dir="1" index="0" bw="1" slack="0"/>
</pin_list>
<bind>
<StgValue><ssdm name=""/></StgValue>
</bind>
</comp>

<comp id="62" class="1001" name="const_62">
<pin_list>
<pin id="63" dir="1" index="0" bw="1" slack="0"/>
</pin_list>
<bind>
<StgValue><ssdm name=""/></StgValue>
</bind>
</comp>

<comp id="64" class="1001" name="const_64">
<pin_list>
<pin id="65" dir="1" index="0" bw="1" slack="0"/>
</pin_list>
<bind>
<StgValue><ssdm name=""/></StgValue>
</bind>
</comp>

<comp id="66" class="1001" name="const_66">
<pin_list>
<pin id="67" dir="1" index="0" bw="1" slack="0"/>
</pin_list>
<bind>
<StgValue><ssdm name=""/></StgValue>
</bind>
</comp>

<comp id="68" class="1001" name="const_68">
<pin_list>
<pin id="69" dir="1" index="0" bw="1" slack="0"/>
</pin_list>
<bind>
<StgValue><ssdm name="dense_latency_wrapper<ap_fixed,ap_fixed<17,13,5,3,0>,config9>"/></StgValue>
</bind>
</comp>

<comp id="70" class="1001" name="const_70">
<pin_list>
<pin id="71" dir="1" index="0" bw="1" slack="0"/>
</pin_list>
<bind>
<StgValue><ssdm name="_ssdm_op_BitConcatenate.i113.i17.i15.i17.i15.i17.i15.i17"/></StgValue>
</bind>
</comp>

<comp id="72" class="1001" name="const_72">
<pin_list>
<pin id="73" dir="1" index="0" bw="1" slack="0"/>
</pin_list>
<bind>
<StgValue><ssdm name=""/></StgValue>
</bind>
</comp>

<comp id="74" class="1001" name="const_74">
<pin_list>
<pin id="75" dir="1" index="0" bw="1" slack="0"/>
</pin_list>
<bind>
<StgValue><ssdm name="_ssdm_op_Write.axis.volatile.i128P128A"/></StgValue>
</bind>
</comp>

<comp id="76" class="1001" name="const_76">
<pin_list>
<pin id="77" dir="1" index="0" bw="1" slack="2147483647"/>
</pin_list>
<bind>
<StgValue><ssdm name="_ssdm_op_SpecInterface"/></StgValue>
</bind>
</comp>

<comp id="78" class="1001" name="const_78">
<pin_list>
<pin id="79" dir="1" index="0" bw="1" slack="2147483647"/>
</pin_list>
<bind>
<StgValue><ssdm name="empty_2"/></StgValue>
</bind>
</comp>

<comp id="80" class="1001" name="const_80">
<pin_list>
<pin id="81" dir="1" index="0" bw="1" slack="2147483647"/>
</pin_list>
<bind>
<StgValue><ssdm name=""/></StgValue>
</bind>
</comp>

<comp id="82" class="1001" name="const_82">
<pin_list>
<pin id="83" dir="1" index="0" bw="1" slack="2147483647"/>
</pin_list>
<bind>
<StgValue><ssdm name="empty_1"/></StgValue>
</bind>
</comp>

<comp id="84" class="1001" name="const_84">
<pin_list>
<pin id="85" dir="1" index="0" bw="1" slack="2147483647"/>
</pin_list>
<bind>
<StgValue><ssdm name=""/></StgValue>
</bind>
</comp>

<comp id="86" class="1001" name="const_86">
<pin_list>
<pin id="87" dir="1" index="0" bw="1" slack="2147483647"/>
</pin_list>
<bind>
<StgValue><ssdm name="empty"/></StgValue>
</bind>
</comp>

<comp id="88" class="1001" name="const_88">
<pin_list>
<pin id="89" dir="1" index="0" bw="1" slack="2147483647"/>
</pin_list>
<bind>
<StgValue><ssdm name=""/></StgValue>
</bind>
</comp>

<comp id="90" class="1001" name="const_90">
<pin_list>
<pin id="91" dir="1" index="0" bw="1" slack="2147483647"/>
</pin_list>
<bind>
<StgValue><ssdm name="empty_0"/></StgValue>
</bind>
</comp>

<comp id="92" class="1004" name="layer8_out_read_read_fu_92">
<pin_list>
<pin id="93" dir="0" index="0" bw="96" slack="0"/>
<pin id="94" dir="0" index="1" bw="96" slack="0"/>
<pin id="95" dir="1" index="2" bw="96" slack="0"/>
</pin_list>
<bind>
<opcode="read(1150) " fcode="read"/>
<opset="layer8_out_read/1 "/>
</bind>
</comp>

<comp id="98" class="1004" name="grp_write_fu_98">
<pin_list>
<pin id="99" dir="0" index="0" bw="0" slack="0"/>
<pin id="100" dir="0" index="1" bw="128" slack="0"/>
<pin id="101" dir="0" index="2" bw="113" slack="0"/>
<pin id="102" dir="1" index="3" bw="0" slack="2147483647"/>
</pin_list>
<bind>
<opcode="write(1151) " fcode="write"/>
<opset="write_ln77/4 "/>
</bind>
</comp>

<comp id="105" class="1004" name="grp_dense_latency_wrapper_ap_fixed_ap_fixed_17_13_5_3_0_config9_s_fu_105">
<pin_list>
<pin id="106" dir="0" index="0" bw="68" slack="0"/>
<pin id="107" dir="0" index="1" bw="6" slack="1"/>
<pin id="108" dir="0" index="2" bw="6" slack="1"/>
<pin id="109" dir="0" index="3" bw="6" slack="1"/>
<pin id="110" dir="0" index="4" bw="6" slack="1"/>
<pin id="111" dir="0" index="5" bw="6" slack="1"/>
<pin id="112" dir="0" index="6" bw="6" slack="1"/>
<pin id="113" dir="0" index="7" bw="6" slack="1"/>
<pin id="114" dir="0" index="8" bw="6" slack="1"/>
<pin id="115" dir="0" index="9" bw="6" slack="1"/>
<pin id="116" dir="0" index="10" bw="6" slack="1"/>
<pin id="117" dir="0" index="11" bw="6" slack="1"/>
<pin id="118" dir="0" index="12" bw="6" slack="1"/>
<pin id="119" dir="0" index="13" bw="6" slack="1"/>
<pin id="120" dir="0" index="14" bw="6" slack="1"/>
<pin id="121" dir="0" index="15" bw="6" slack="1"/>
<pin id="122" dir="0" index="16" bw="6" slack="1"/>
<pin id="123" dir="1" index="17" bw="68" slack="0"/>
</pin_list>
<bind>
<opcode="call(48) " fcode="call"/>
<opset="call_ret/2 "/>
</bind>
</comp>

<comp id="125" class="1004" name="data_fu_125">
<pin_list>
<pin id="126" dir="0" index="0" bw="96" slack="0"/>
<pin id="127" dir="1" index="1" bw="6" slack="1"/>
</pin_list>
<bind>
<opcode="trunc(33) " fcode="trunc"/>
<opset="data/1 "/>
</bind>
</comp>

<comp id="129" class="1004" name="data_75_fu_129">
<pin_list>
<pin id="130" dir="0" index="0" bw="6" slack="0"/>
<pin id="131" dir="0" index="1" bw="96" slack="0"/>
<pin id="132" dir="0" index="2" bw="4" slack="0"/>
<pin id="133" dir="0" index="3" bw="5" slack="0"/>
<pin id="134" dir="1" index="4" bw="6" slack="1"/>
</pin_list>
<bind>
<opcode="partselect(1002) " fcode="partselect"/>
<opset="data_75/1 "/>
</bind>
</comp>

<comp id="139" class="1004" name="data_61_fu_139">
<pin_list>
<pin id="140" dir="0" index="0" bw="6" slack="0"/>
<pin id="141" dir="0" index="1" bw="96" slack="0"/>
<pin id="142" dir="0" index="2" bw="5" slack="0"/>
<pin id="143" dir="0" index="3" bw="6" slack="0"/>
<pin id="144" dir="1" index="4" bw="6" slack="1"/>
</pin_list>
<bind>
<opcode="partselect(1002) " fcode="partselect"/>
<opset="data_61/1 "/>
</bind>
</comp>

<comp id="149" class="1004" name="data_62_fu_149">
<pin_list>
<pin id="150" dir="0" index="0" bw="6" slack="0"/>
<pin id="151" dir="0" index="1" bw="96" slack="0"/>
<pin id="152" dir="0" index="2" bw="6" slack="0"/>
<pin id="153" dir="0" index="3" bw="6" slack="0"/>
<pin id="154" dir="1" index="4" bw="6" slack="1"/>
</pin_list>
<bind>
<opcode="partselect(1002) " fcode="partselect"/>
<opset="data_62/1 "/>
</bind>
</comp>

<comp id="159" class="1004" name="data_63_fu_159">
<pin_list>
<pin id="160" dir="0" index="0" bw="6" slack="0"/>
<pin id="161" dir="0" index="1" bw="96" slack="0"/>
<pin id="162" dir="0" index="2" bw="6" slack="0"/>
<pin id="163" dir="0" index="3" bw="6" slack="0"/>
<pin id="164" dir="1" index="4" bw="6" slack="1"/>
</pin_list>
<bind>
<opcode="partselect(1002) " fcode="partselect"/>
<opset="data_63/1 "/>
</bind>
</comp>

<comp id="169" class="1004" name="data_64_fu_169">
<pin_list>
<pin id="170" dir="0" index="0" bw="6" slack="0"/>
<pin id="171" dir="0" index="1" bw="96" slack="0"/>
<pin id="172" dir="0" index="2" bw="6" slack="0"/>
<pin id="173" dir="0" index="3" bw="7" slack="0"/>
<pin id="174" dir="1" index="4" bw="6" slack="1"/>
</pin_list>
<bind>
<opcode="partselect(1002) " fcode="partselect"/>
<opset="data_64/1 "/>
</bind>
</comp>

<comp id="179" class="1004" name="data_65_fu_179">
<pin_list>
<pin id="180" dir="0" index="0" bw="6" slack="0"/>
<pin id="181" dir="0" index="1" bw="96" slack="0"/>
<pin id="182" dir="0" index="2" bw="7" slack="0"/>
<pin id="183" dir="0" index="3" bw="7" slack="0"/>
<pin id="184" dir="1" index="4" bw="6" slack="1"/>
</pin_list>
<bind>
<opcode="partselect(1002) " fcode="partselect"/>
<opset="data_65/1 "/>
</bind>
</comp>

<comp id="189" class="1004" name="data_66_fu_189">
<pin_list>
<pin id="190" dir="0" index="0" bw="6" slack="0"/>
<pin id="191" dir="0" index="1" bw="96" slack="0"/>
<pin id="192" dir="0" index="2" bw="7" slack="0"/>
<pin id="193" dir="0" index="3" bw="7" slack="0"/>
<pin id="194" dir="1" index="4" bw="6" slack="1"/>
</pin_list>
<bind>
<opcode="partselect(1002) " fcode="partselect"/>
<opset="data_66/1 "/>
</bind>
</comp>

<comp id="199" class="1004" name="data_67_fu_199">
<pin_list>
<pin id="200" dir="0" index="0" bw="6" slack="0"/>
<pin id="201" dir="0" index="1" bw="96" slack="0"/>
<pin id="202" dir="0" index="2" bw="7" slack="0"/>
<pin id="203" dir="0" index="3" bw="7" slack="0"/>
<pin id="204" dir="1" index="4" bw="6" slack="1"/>
</pin_list>
<bind>
<opcode="partselect(1002) " fcode="partselect"/>
<opset="data_67/1 "/>
</bind>
</comp>

<comp id="209" class="1004" name="data_68_fu_209">
<pin_list>
<pin id="210" dir="0" index="0" bw="6" slack="0"/>
<pin id="211" dir="0" index="1" bw="96" slack="0"/>
<pin id="212" dir="0" index="2" bw="7" slack="0"/>
<pin id="213" dir="0" index="3" bw="7" slack="0"/>
<pin id="214" dir="1" index="4" bw="6" slack="1"/>
</pin_list>
<bind>
<opcode="partselect(1002) " fcode="partselect"/>
<opset="data_68/1 "/>
</bind>
</comp>

<comp id="219" class="1004" name="data_69_fu_219">
<pin_list>
<pin id="220" dir="0" index="0" bw="6" slack="0"/>
<pin id="221" dir="0" index="1" bw="96" slack="0"/>
<pin id="222" dir="0" index="2" bw="7" slack="0"/>
<pin id="223" dir="0" index="3" bw="8" slack="0"/>
<pin id="224" dir="1" index="4" bw="6" slack="1"/>
</pin_list>
<bind>
<opcode="partselect(1002) " fcode="partselect"/>
<opset="data_69/1 "/>
</bind>
</comp>

<comp id="229" class="1004" name="data_70_fu_229">
<pin_list>
<pin id="230" dir="0" index="0" bw="6" slack="0"/>
<pin id="231" dir="0" index="1" bw="96" slack="0"/>
<pin id="232" dir="0" index="2" bw="8" slack="0"/>
<pin id="233" dir="0" index="3" bw="8" slack="0"/>
<pin id="234" dir="1" index="4" bw="6" slack="1"/>
</pin_list>
<bind>
<opcode="partselect(1002) " fcode="partselect"/>
<opset="data_70/1 "/>
</bind>
</comp>

<comp id="239" class="1004" name="data_71_fu_239">
<pin_list>
<pin id="240" dir="0" index="0" bw="6" slack="0"/>
<pin id="241" dir="0" index="1" bw="96" slack="0"/>
<pin id="242" dir="0" index="2" bw="8" slack="0"/>
<pin id="243" dir="0" index="3" bw="8" slack="0"/>
<pin id="244" dir="1" index="4" bw="6" slack="1"/>
</pin_list>
<bind>
<opcode="partselect(1002) " fcode="partselect"/>
<opset="data_71/1 "/>
</bind>
</comp>

<comp id="249" class="1004" name="data_72_fu_249">
<pin_list>
<pin id="250" dir="0" index="0" bw="6" slack="0"/>
<pin id="251" dir="0" index="1" bw="96" slack="0"/>
<pin id="252" dir="0" index="2" bw="8" slack="0"/>
<pin id="253" dir="0" index="3" bw="8" slack="0"/>
<pin id="254" dir="1" index="4" bw="6" slack="1"/>
</pin_list>
<bind>
<opcode="partselect(1002) " fcode="partselect"/>
<opset="data_72/1 "/>
</bind>
</comp>

<comp id="259" class="1004" name="data_73_fu_259">
<pin_list>
<pin id="260" dir="0" index="0" bw="6" slack="0"/>
<pin id="261" dir="0" index="1" bw="96" slack="0"/>
<pin id="262" dir="0" index="2" bw="8" slack="0"/>
<pin id="263" dir="0" index="3" bw="8" slack="0"/>
<pin id="264" dir="1" index="4" bw="6" slack="1"/>
</pin_list>
<bind>
<opcode="partselect(1002) " fcode="partselect"/>
<opset="data_73/1 "/>
</bind>
</comp>

<comp id="269" class="1004" name="data_74_fu_269">
<pin_list>
<pin id="270" dir="0" index="0" bw="6" slack="0"/>
<pin id="271" dir="0" index="1" bw="96" slack="0"/>
<pin id="272" dir="0" index="2" bw="8" slack="0"/>
<pin id="273" dir="0" index="3" bw="8" slack="0"/>
<pin id="274" dir="1" index="4" bw="6" slack="1"/>
</pin_list>
<bind>
<opcode="partselect(1002) " fcode="partselect"/>
<opset="data_74/1 "/>
</bind>
</comp>

<comp id="279" class="1004" name="res_fu_279">
<pin_list>
<pin id="280" dir="0" index="0" bw="68" slack="0"/>
<pin id="281" dir="1" index="1" bw="17" slack="1"/>
</pin_list>
<bind>
<opcode="extractvalue(56) " fcode="extractvalue"/>
<opset="res/3 "/>
</bind>
</comp>

<comp id="283" class="1004" name="res_1_fu_283">
<pin_list>
<pin id="284" dir="0" index="0" bw="68" slack="0"/>
<pin id="285" dir="1" index="1" bw="17" slack="1"/>
</pin_list>
<bind>
<opcode="extractvalue(56) " fcode="extractvalue"/>
<opset="res_1/3 "/>
</bind>
</comp>

<comp id="287" class="1004" name="res_2_fu_287">
<pin_list>
<pin id="288" dir="0" index="0" bw="68" slack="0"/>
<pin id="289" dir="1" index="1" bw="17" slack="1"/>
</pin_list>
<bind>
<opcode="extractvalue(56) " fcode="extractvalue"/>
<opset="res_2/3 "/>
</bind>
</comp>

<comp id="291" class="1004" name="res_3_fu_291">
<pin_list>
<pin id="292" dir="0" index="0" bw="68" slack="0"/>
<pin id="293" dir="1" index="1" bw="17" slack="1"/>
</pin_list>
<bind>
<opcode="extractvalue(56) " fcode="extractvalue"/>
<opset="res_3/3 "/>
</bind>
</comp>

<comp id="295" class="1004" name="tmp_fu_295">
<pin_list>
<pin id="296" dir="0" index="0" bw="113" slack="0"/>
<pin id="297" dir="0" index="1" bw="17" slack="1"/>
<pin id="298" dir="0" index="2" bw="1" slack="0"/>
<pin id="299" dir="0" index="3" bw="17" slack="1"/>
<pin id="300" dir="0" index="4" bw="1" slack="0"/>
<pin id="301" dir="0" index="5" bw="17" slack="1"/>
<pin id="302" dir="0" index="6" bw="1" slack="0"/>
<pin id="303" dir="0" index="7" bw="17" slack="1"/>
<pin id="304" dir="1" index="8" bw="113" slack="0"/>
</pin_list>
<bind>
<opcode="bitconcatenate(1004) " fcode="bitconcatenate"/>
<opset="tmp/4 "/>
</bind>
</comp>

<comp id="309" class="1004" name="zext_ln77_fu_309">
<pin_list>
<pin id="310" dir="0" index="0" bw="113" slack="0"/>
<pin id="311" dir="1" index="1" bw="128" slack="0"/>
</pin_list>
<bind>
<opcode="zext(34) " fcode="zext"/>
<opset="zext_ln77/4 "/>
</bind>
</comp>

<comp id="314" class="1005" name="data_reg_314">
<pin_list>
<pin id="315" dir="0" index="0" bw="6" slack="1"/>
<pin id="316" dir="1" index="1" bw="6" slack="1"/>
</pin_list>
<bind>
<opset="data "/>
</bind>
</comp>

<comp id="319" class="1005" name="data_75_reg_319">
<pin_list>
<pin id="320" dir="0" index="0" bw="6" slack="1"/>
<pin id="321" dir="1" index="1" bw="6" slack="1"/>
</pin_list>
<bind>
<opset="data_75 "/>
</bind>
</comp>

<comp id="324" class="1005" name="data_61_reg_324">
<pin_list>
<pin id="325" dir="0" index="0" bw="6" slack="1"/>
<pin id="326" dir="1" index="1" bw="6" slack="1"/>
</pin_list>
<bind>
<opset="data_61 "/>
</bind>
</comp>

<comp id="329" class="1005" name="data_62_reg_329">
<pin_list>
<pin id="330" dir="0" index="0" bw="6" slack="1"/>
<pin id="331" dir="1" index="1" bw="6" slack="1"/>
</pin_list>
<bind>
<opset="data_62 "/>
</bind>
</comp>

<comp id="334" class="1005" name="data_63_reg_334">
<pin_list>
<pin id="335" dir="0" index="0" bw="6" slack="1"/>
<pin id="336" dir="1" index="1" bw="6" slack="1"/>
</pin_list>
<bind>
<opset="data_63 "/>
</bind>
</comp>

<comp id="339" class="1005" name="data_64_reg_339">
<pin_list>
<pin id="340" dir="0" index="0" bw="6" slack="1"/>
<pin id="341" dir="1" index="1" bw="6" slack="1"/>
</pin_list>
<bind>
<opset="data_64 "/>
</bind>
</comp>

<comp id="344" class="1005" name="data_65_reg_344">
<pin_list>
<pin id="345" dir="0" index="0" bw="6" slack="1"/>
<pin id="346" dir="1" index="1" bw="6" slack="1"/>
</pin_list>
<bind>
<opset="data_65 "/>
</bind>
</comp>

<comp id="349" class="1005" name="data_66_reg_349">
<pin_list>
<pin id="350" dir="0" index="0" bw="6" slack="1"/>
<pin id="351" dir="1" index="1" bw="6" slack="1"/>
</pin_list>
<bind>
<opset="data_66 "/>
</bind>
</comp>

<comp id="354" class="1005" name="data_67_reg_354">
<pin_list>
<pin id="355" dir="0" index="0" bw="6" slack="1"/>
<pin id="356" dir="1" index="1" bw="6" slack="1"/>
</pin_list>
<bind>
<opset="data_67 "/>
</bind>
</comp>

<comp id="359" class="1005" name="data_68_reg_359">
<pin_list>
<pin id="360" dir="0" index="0" bw="6" slack="1"/>
<pin id="361" dir="1" index="1" bw="6" slack="1"/>
</pin_list>
<bind>
<opset="data_68 "/>
</bind>
</comp>

<comp id="364" class="1005" name="data_69_reg_364">
<pin_list>
<pin id="365" dir="0" index="0" bw="6" slack="1"/>
<pin id="366" dir="1" index="1" bw="6" slack="1"/>
</pin_list>
<bind>
<opset="data_69 "/>
</bind>
</comp>

<comp id="369" class="1005" name="data_70_reg_369">
<pin_list>
<pin id="370" dir="0" index="0" bw="6" slack="1"/>
<pin id="371" dir="1" index="1" bw="6" slack="1"/>
</pin_list>
<bind>
<opset="data_70 "/>
</bind>
</comp>

<comp id="374" class="1005" name="data_71_reg_374">
<pin_list>
<pin id="375" dir="0" index="0" bw="6" slack="1"/>
<pin id="376" dir="1" index="1" bw="6" slack="1"/>
</pin_list>
<bind>
<opset="data_71 "/>
</bind>
</comp>

<comp id="379" class="1005" name="data_72_reg_379">
<pin_list>
<pin id="380" dir="0" index="0" bw="6" slack="1"/>
<pin id="381" dir="1" index="1" bw="6" slack="1"/>
</pin_list>
<bind>
<opset="data_72 "/>
</bind>
</comp>

<comp id="384" class="1005" name="data_73_reg_384">
<pin_list>
<pin id="385" dir="0" index="0" bw="6" slack="1"/>
<pin id="386" dir="1" index="1" bw="6" slack="1"/>
</pin_list>
<bind>
<opset="data_73 "/>
</bind>
</comp>

<comp id="389" class="1005" name="data_74_reg_389">
<pin_list>
<pin id="390" dir="0" index="0" bw="6" slack="1"/>
<pin id="391" dir="1" index="1" bw="6" slack="1"/>
</pin_list>
<bind>
<opset="data_74 "/>
</bind>
</comp>

<comp id="394" class="1005" name="res_reg_394">
<pin_list>
<pin id="395" dir="0" index="0" bw="17" slack="1"/>
<pin id="396" dir="1" index="1" bw="17" slack="1"/>
</pin_list>
<bind>
<opset="res "/>
</bind>
</comp>

<comp id="399" class="1005" name="res_1_reg_399">
<pin_list>
<pin id="400" dir="0" index="0" bw="17" slack="1"/>
<pin id="401" dir="1" index="1" bw="17" slack="1"/>
</pin_list>
<bind>
<opset="res_1 "/>
</bind>
</comp>

<comp id="404" class="1005" name="res_2_reg_404">
<pin_list>
<pin id="405" dir="0" index="0" bw="17" slack="1"/>
<pin id="406" dir="1" index="1" bw="17" slack="1"/>
</pin_list>
<bind>
<opset="res_2 "/>
</bind>
</comp>

<comp id="409" class="1005" name="res_3_reg_409">
<pin_list>
<pin id="410" dir="0" index="0" bw="17" slack="1"/>
<pin id="411" dir="1" index="1" bw="17" slack="1"/>
</pin_list>
<bind>
<opset="res_3 "/>
</bind>
</comp>

<comp id="414" class="1005" name="zext_ln77_reg_414">
<pin_list>
<pin id="415" dir="0" index="0" bw="128" slack="1"/>
<pin id="416" dir="1" index="1" bw="128" slack="1"/>
</pin_list>
<bind>
<opset="zext_ln77 "/>
</bind>
</comp>

</comp_list>

<net_list>
<net id="96"><net_src comp="4" pin="0"/><net_sink comp="92" pin=0"/></net>

<net id="97"><net_src comp="0" pin="0"/><net_sink comp="92" pin=1"/></net>

<net id="103"><net_src comp="74" pin="0"/><net_sink comp="98" pin=0"/></net>

<net id="104"><net_src comp="2" pin="0"/><net_sink comp="98" pin=1"/></net>

<net id="124"><net_src comp="68" pin="0"/><net_sink comp="105" pin=0"/></net>

<net id="128"><net_src comp="92" pin="2"/><net_sink comp="125" pin=0"/></net>

<net id="135"><net_src comp="6" pin="0"/><net_sink comp="129" pin=0"/></net>

<net id="136"><net_src comp="92" pin="2"/><net_sink comp="129" pin=1"/></net>

<net id="137"><net_src comp="8" pin="0"/><net_sink comp="129" pin=2"/></net>

<net id="138"><net_src comp="10" pin="0"/><net_sink comp="129" pin=3"/></net>

<net id="145"><net_src comp="6" pin="0"/><net_sink comp="139" pin=0"/></net>

<net id="146"><net_src comp="92" pin="2"/><net_sink comp="139" pin=1"/></net>

<net id="147"><net_src comp="12" pin="0"/><net_sink comp="139" pin=2"/></net>

<net id="148"><net_src comp="14" pin="0"/><net_sink comp="139" pin=3"/></net>

<net id="155"><net_src comp="6" pin="0"/><net_sink comp="149" pin=0"/></net>

<net id="156"><net_src comp="92" pin="2"/><net_sink comp="149" pin=1"/></net>

<net id="157"><net_src comp="16" pin="0"/><net_sink comp="149" pin=2"/></net>

<net id="158"><net_src comp="18" pin="0"/><net_sink comp="149" pin=3"/></net>

<net id="165"><net_src comp="6" pin="0"/><net_sink comp="159" pin=0"/></net>

<net id="166"><net_src comp="92" pin="2"/><net_sink comp="159" pin=1"/></net>

<net id="167"><net_src comp="20" pin="0"/><net_sink comp="159" pin=2"/></net>

<net id="168"><net_src comp="22" pin="0"/><net_sink comp="159" pin=3"/></net>

<net id="175"><net_src comp="6" pin="0"/><net_sink comp="169" pin=0"/></net>

<net id="176"><net_src comp="92" pin="2"/><net_sink comp="169" pin=1"/></net>

<net id="177"><net_src comp="24" pin="0"/><net_sink comp="169" pin=2"/></net>

<net id="178"><net_src comp="26" pin="0"/><net_sink comp="169" pin=3"/></net>

<net id="185"><net_src comp="6" pin="0"/><net_sink comp="179" pin=0"/></net>

<net id="186"><net_src comp="92" pin="2"/><net_sink comp="179" pin=1"/></net>

<net id="187"><net_src comp="28" pin="0"/><net_sink comp="179" pin=2"/></net>

<net id="188"><net_src comp="30" pin="0"/><net_sink comp="179" pin=3"/></net>

<net id="195"><net_src comp="6" pin="0"/><net_sink comp="189" pin=0"/></net>

<net id="196"><net_src comp="92" pin="2"/><net_sink comp="189" pin=1"/></net>

<net id="197"><net_src comp="32" pin="0"/><net_sink comp="189" pin=2"/></net>

<net id="198"><net_src comp="34" pin="0"/><net_sink comp="189" pin=3"/></net>

<net id="205"><net_src comp="6" pin="0"/><net_sink comp="199" pin=0"/></net>

<net id="206"><net_src comp="92" pin="2"/><net_sink comp="199" pin=1"/></net>

<net id="207"><net_src comp="36" pin="0"/><net_sink comp="199" pin=2"/></net>

<net id="208"><net_src comp="38" pin="0"/><net_sink comp="199" pin=3"/></net>

<net id="215"><net_src comp="6" pin="0"/><net_sink comp="209" pin=0"/></net>

<net id="216"><net_src comp="92" pin="2"/><net_sink comp="209" pin=1"/></net>

<net id="217"><net_src comp="40" pin="0"/><net_sink comp="209" pin=2"/></net>

<net id="218"><net_src comp="42" pin="0"/><net_sink comp="209" pin=3"/></net>

<net id="225"><net_src comp="6" pin="0"/><net_sink comp="219" pin=0"/></net>

<net id="226"><net_src comp="92" pin="2"/><net_sink comp="219" pin=1"/></net>

<net id="227"><net_src comp="44" pin="0"/><net_sink comp="219" pin=2"/></net>

<net id="228"><net_src comp="46" pin="0"/><net_sink comp="219" pin=3"/></net>

<net id="235"><net_src comp="6" pin="0"/><net_sink comp="229" pin=0"/></net>

<net id="236"><net_src comp="92" pin="2"/><net_sink comp="229" pin=1"/></net>

<net id="237"><net_src comp="48" pin="0"/><net_sink comp="229" pin=2"/></net>

<net id="238"><net_src comp="50" pin="0"/><net_sink comp="229" pin=3"/></net>

<net id="245"><net_src comp="6" pin="0"/><net_sink comp="239" pin=0"/></net>

<net id="246"><net_src comp="92" pin="2"/><net_sink comp="239" pin=1"/></net>

<net id="247"><net_src comp="52" pin="0"/><net_sink comp="239" pin=2"/></net>

<net id="248"><net_src comp="54" pin="0"/><net_sink comp="239" pin=3"/></net>

<net id="255"><net_src comp="6" pin="0"/><net_sink comp="249" pin=0"/></net>

<net id="256"><net_src comp="92" pin="2"/><net_sink comp="249" pin=1"/></net>

<net id="257"><net_src comp="56" pin="0"/><net_sink comp="249" pin=2"/></net>

<net id="258"><net_src comp="58" pin="0"/><net_sink comp="249" pin=3"/></net>

<net id="265"><net_src comp="6" pin="0"/><net_sink comp="259" pin=0"/></net>

<net id="266"><net_src comp="92" pin="2"/><net_sink comp="259" pin=1"/></net>

<net id="267"><net_src comp="60" pin="0"/><net_sink comp="259" pin=2"/></net>

<net id="268"><net_src comp="62" pin="0"/><net_sink comp="259" pin=3"/></net>

<net id="275"><net_src comp="6" pin="0"/><net_sink comp="269" pin=0"/></net>

<net id="276"><net_src comp="92" pin="2"/><net_sink comp="269" pin=1"/></net>

<net id="277"><net_src comp="64" pin="0"/><net_sink comp="269" pin=2"/></net>

<net id="278"><net_src comp="66" pin="0"/><net_sink comp="269" pin=3"/></net>

<net id="282"><net_src comp="105" pin="17"/><net_sink comp="279" pin=0"/></net>

<net id="286"><net_src comp="105" pin="17"/><net_sink comp="283" pin=0"/></net>

<net id="290"><net_src comp="105" pin="17"/><net_sink comp="287" pin=0"/></net>

<net id="294"><net_src comp="105" pin="17"/><net_sink comp="291" pin=0"/></net>

<net id="305"><net_src comp="70" pin="0"/><net_sink comp="295" pin=0"/></net>

<net id="306"><net_src comp="72" pin="0"/><net_sink comp="295" pin=2"/></net>

<net id="307"><net_src comp="72" pin="0"/><net_sink comp="295" pin=4"/></net>

<net id="308"><net_src comp="72" pin="0"/><net_sink comp="295" pin=6"/></net>

<net id="312"><net_src comp="295" pin="8"/><net_sink comp="309" pin=0"/></net>

<net id="313"><net_src comp="309" pin="1"/><net_sink comp="98" pin=2"/></net>

<net id="317"><net_src comp="125" pin="1"/><net_sink comp="314" pin=0"/></net>

<net id="318"><net_src comp="314" pin="1"/><net_sink comp="105" pin=1"/></net>

<net id="322"><net_src comp="129" pin="4"/><net_sink comp="319" pin=0"/></net>

<net id="323"><net_src comp="319" pin="1"/><net_sink comp="105" pin=2"/></net>

<net id="327"><net_src comp="139" pin="4"/><net_sink comp="324" pin=0"/></net>

<net id="328"><net_src comp="324" pin="1"/><net_sink comp="105" pin=3"/></net>

<net id="332"><net_src comp="149" pin="4"/><net_sink comp="329" pin=0"/></net>

<net id="333"><net_src comp="329" pin="1"/><net_sink comp="105" pin=4"/></net>

<net id="337"><net_src comp="159" pin="4"/><net_sink comp="334" pin=0"/></net>

<net id="338"><net_src comp="334" pin="1"/><net_sink comp="105" pin=5"/></net>

<net id="342"><net_src comp="169" pin="4"/><net_sink comp="339" pin=0"/></net>

<net id="343"><net_src comp="339" pin="1"/><net_sink comp="105" pin=6"/></net>

<net id="347"><net_src comp="179" pin="4"/><net_sink comp="344" pin=0"/></net>

<net id="348"><net_src comp="344" pin="1"/><net_sink comp="105" pin=7"/></net>

<net id="352"><net_src comp="189" pin="4"/><net_sink comp="349" pin=0"/></net>

<net id="353"><net_src comp="349" pin="1"/><net_sink comp="105" pin=8"/></net>

<net id="357"><net_src comp="199" pin="4"/><net_sink comp="354" pin=0"/></net>

<net id="358"><net_src comp="354" pin="1"/><net_sink comp="105" pin=9"/></net>

<net id="362"><net_src comp="209" pin="4"/><net_sink comp="359" pin=0"/></net>

<net id="363"><net_src comp="359" pin="1"/><net_sink comp="105" pin=10"/></net>

<net id="367"><net_src comp="219" pin="4"/><net_sink comp="364" pin=0"/></net>

<net id="368"><net_src comp="364" pin="1"/><net_sink comp="105" pin=11"/></net>

<net id="372"><net_src comp="229" pin="4"/><net_sink comp="369" pin=0"/></net>

<net id="373"><net_src comp="369" pin="1"/><net_sink comp="105" pin=12"/></net>

<net id="377"><net_src comp="239" pin="4"/><net_sink comp="374" pin=0"/></net>

<net id="378"><net_src comp="374" pin="1"/><net_sink comp="105" pin=13"/></net>

<net id="382"><net_src comp="249" pin="4"/><net_sink comp="379" pin=0"/></net>

<net id="383"><net_src comp="379" pin="1"/><net_sink comp="105" pin=14"/></net>

<net id="387"><net_src comp="259" pin="4"/><net_sink comp="384" pin=0"/></net>

<net id="388"><net_src comp="384" pin="1"/><net_sink comp="105" pin=15"/></net>

<net id="392"><net_src comp="269" pin="4"/><net_sink comp="389" pin=0"/></net>

<net id="393"><net_src comp="389" pin="1"/><net_sink comp="105" pin=16"/></net>

<net id="397"><net_src comp="279" pin="1"/><net_sink comp="394" pin=0"/></net>

<net id="398"><net_src comp="394" pin="1"/><net_sink comp="295" pin=7"/></net>

<net id="402"><net_src comp="283" pin="1"/><net_sink comp="399" pin=0"/></net>

<net id="403"><net_src comp="399" pin="1"/><net_sink comp="295" pin=5"/></net>

<net id="407"><net_src comp="287" pin="1"/><net_sink comp="404" pin=0"/></net>

<net id="408"><net_src comp="404" pin="1"/><net_sink comp="295" pin=3"/></net>

<net id="412"><net_src comp="291" pin="1"/><net_sink comp="409" pin=0"/></net>

<net id="413"><net_src comp="409" pin="1"/><net_sink comp="295" pin=1"/></net>

<net id="417"><net_src comp="309" pin="1"/><net_sink comp="414" pin=0"/></net>

<net id="418"><net_src comp="414" pin="1"/><net_sink comp="98" pin=2"/></net>

</net_list>

</model> 
---------------- Datapath Model END ------------------

* FSMD analyzer results:
  - Output states:
	Port: layer9_out | {5 }
 - Input state : 
	Port: dense<array<ap_fixed,16u>,array<ap_fixed<17,13,5,3,0>,4u>,config9> : layer8_out | {1 }
	Port: dense<array<ap_fixed,16u>,array<ap_fixed<17,13,5,3,0>,4u>,config9> : layer9_out | {}
  - Chain level:
	State 1
	State 2
	State 3
		res : 1
		res_1 : 1
		res_2 : 1
		res_3 : 1
	State 4
		zext_ln77 : 1
		write_ln77 : 2
	State 5


============================================================
+ Verbose Summary: Datapath Resource usage 
============================================================

* Functional unit list:
|----------|--------------------------------------------------------------------------|---------|---------|---------|
| Operation|                              Functional Unit                             |  Delay  |    FF   |   LUT   |
|----------|--------------------------------------------------------------------------|---------|---------|---------|
|   call   | grp_dense_latency_wrapper_ap_fixed_ap_fixed_17_13_5_3_0_config9_s_fu_105 |  25.408 |   151   |   893   |
|----------|--------------------------------------------------------------------------|---------|---------|---------|
|   read   |                        layer8_out_read_read_fu_92                        |    0    |    0    |    0    |
|----------|--------------------------------------------------------------------------|---------|---------|---------|
|   write  |                              grp_write_fu_98                             |    0    |    0    |    0    |
|----------|--------------------------------------------------------------------------|---------|---------|---------|
|   trunc  |                                data_fu_125                               |    0    |    0    |    0    |
|----------|--------------------------------------------------------------------------|---------|---------|---------|
|          |                              data_75_fu_129                              |    0    |    0    |    0    |
|          |                              data_61_fu_139                              |    0    |    0    |    0    |
|          |                              data_62_fu_149                              |    0    |    0    |    0    |
|          |                              data_63_fu_159                              |    0    |    0    |    0    |
|          |                              data_64_fu_169                              |    0    |    0    |    0    |
|          |                              data_65_fu_179                              |    0    |    0    |    0    |
|          |                              data_66_fu_189                              |    0    |    0    |    0    |
|partselect|                              data_67_fu_199                              |    0    |    0    |    0    |
|          |                              data_68_fu_209                              |    0    |    0    |    0    |
|          |                              data_69_fu_219                              |    0    |    0    |    0    |
|          |                              data_70_fu_229                              |    0    |    0    |    0    |
|          |                              data_71_fu_239                              |    0    |    0    |    0    |
|          |                              data_72_fu_249                              |    0    |    0    |    0    |
|          |                              data_73_fu_259                              |    0    |    0    |    0    |
|          |                              data_74_fu_269                              |    0    |    0    |    0    |
|----------|--------------------------------------------------------------------------|---------|---------|---------|
|          |                                res_fu_279                                |    0    |    0    |    0    |
|extractvalue|                               res_1_fu_283                               |    0    |    0    |    0    |
|          |                               res_2_fu_287                               |    0    |    0    |    0    |
|          |                               res_3_fu_291                               |    0    |    0    |    0    |
|----------|--------------------------------------------------------------------------|---------|---------|---------|
|bitconcatenate|                                tmp_fu_295                                |    0    |    0    |    0    |
|----------|--------------------------------------------------------------------------|---------|---------|---------|
|   zext   |                             zext_ln77_fu_309                             |    0    |    0    |    0    |
|----------|--------------------------------------------------------------------------|---------|---------|---------|
|   Total  |                                                                          |  25.408 |   151   |   893   |
|----------|--------------------------------------------------------------------------|---------|---------|---------|

Memories:
N/A

* Register list:
+-----------------+--------+
|                 |   FF   |
+-----------------+--------+
| data_61_reg_324 |    6   |
| data_62_reg_329 |    6   |
| data_63_reg_334 |    6   |
| data_64_reg_339 |    6   |
| data_65_reg_344 |    6   |
| data_66_reg_349 |    6   |
| data_67_reg_354 |    6   |
| data_68_reg_359 |    6   |
| data_69_reg_364 |    6   |
| data_70_reg_369 |    6   |
| data_71_reg_374 |    6   |
| data_72_reg_379 |    6   |
| data_73_reg_384 |    6   |
| data_74_reg_389 |    6   |
| data_75_reg_319 |    6   |
|   data_reg_314  |    6   |
|  res_1_reg_399  |   17   |
|  res_2_reg_404  |   17   |
|  res_3_reg_409  |   17   |
|   res_reg_394   |   17   |
|zext_ln77_reg_414|   128  |
+-----------------+--------+
|      Total      |   292  |
+-----------------+--------+

* Multiplexer (MUX) list: 
|-----------------|------|------|------|--------||---------||---------||---------|
|       Comp      |  Pin | Size |  BW  | S x BW ||  Delay  ||    FF   ||   LUT   |
|-----------------|------|------|------|--------||---------||---------||---------|
| grp_write_fu_98 |  p2  |   2  |  113 |   226  ||    0    ||    9    |
|-----------------|------|------|------|--------||---------||---------||---------|
|      Total      |      |      |      |   226  ||  1.588  ||    0    ||    9    |
|-----------------|------|------|------|--------||---------||---------||---------|



* Summary:
+-----------+--------+--------+--------+
|           |  Delay |   FF   |   LUT  |
+-----------+--------+--------+--------+
|  Function |   25   |   151  |   893  |
|   Memory  |    -   |    -   |    -   |
|Multiplexer|    1   |    0   |    9   |
|  Register |    -   |   292  |    -   |
+-----------+--------+--------+--------+
|   Total   |   26   |   443  |   902  |
+-----------+--------+--------+--------+
