

================================================================
== Vitis HLS Report for 'dense_array_ap_fixed_16u_array_ap_fixed_25_13_5_3_0_4u_config9_s'
================================================================
* Date:           Fri May 15 14:04:24 2026

* Version:        2024.2 (Build 5238294 on Nov  8 2024)
* Project:        wedrowiec_hls_prj
* Solution:       solution1 (Vivado IP Flow Target)
* Product family: zynq
* Target device:  xc7z020-clg400-1


================================================================
== Performance Estimates
================================================================
+ Timing: 
    * Summary: 
    +--------+----------+-----------+------------+
    |  Clock |  Target  | Estimated | Uncertainty|
    +--------+----------+-----------+------------+
    |ap_clk  |  20.00 ns|  14.362 ns|     2.50 ns|
    +--------+----------+-----------+------------+

+ Latency: 
    * Summary: 
    +---------+---------+----------+----------+-----+-----+---------+
    |  Latency (cycles) |  Latency (absolute) |  Interval | Pipeline|
    |   min   |   max   |    min   |    max   | min | max |   Type  |
    +---------+---------+----------+----------+-----+-----+---------+
    |       66|       67|  1.320 us|  1.340 us|   66|   67|       no|
    +---------+---------+----------+----------+-----+-----+---------+

    + Detail: 
        * Instance: 
        N/A

        * Loop: 
        N/A

============================================================
+ Verbose Summary: Synthesis Manager
============================================================
InlineROM: 1
ExposeGlobal: 0
============================================================
+ Verbose Summary: CDFG Model
============================================================
IsTopModel: 0
ResetActiveHigh: 1
IsCombinational: 2
IsDatapathOnly: 0
HasWiredReturn: 1
HasMFsm: 0
HasVarLatency: 1
IsPipeline: 0
IsRtlPipelined: 0
IsInstanceOverlapped: 0
IsDontTouch: 0
HasImplIP: 0
IsGatedGlobalClock: 0


============================================================
+ Verbose Summary: Schedule
============================================================
* Number of FSM states : 3
* Pipeline : 0
* Dataflow Pipeline: 0

* FSM state transitions: 
1 --> 2 
2 --> 3 
3 --> 

* FSM state operations: 

State 1 <SV = 0> <Delay = 3.63>
ST_1 : Operation 4 [1/1] ( I:3.63ns O:3.63ns )   --->   "%layer8_out_read = read i160 @_ssdm_op_Read.ap_fifo.volatile.i160P0A, i160 %layer8_out" [firmware/nnet_utils/nnet_dense_stream.h:38]   --->   Operation 4 'read' 'layer8_out_read' <Predicate = true> <Delay = 3.63> <CoreInst = "FIFO_SRL">   --->   Core 80 'FIFO_SRL' <Latency = 0> <II = 1> <Delay = 3.63> <Storage> <Opcode : 'read' 'write' 'nbread' 'nbwrite'> <Ports = 0> <Width = 160> <Depth = 1> <FIFO>
ST_1 : Operation 5 [1/1] (0.00ns)   --->   "%data = trunc i160 %layer8_out_read" [firmware/nnet_utils/nnet_dense_stream.h:38]   --->   Operation 5 'trunc' 'data' <Predicate = true> <Delay = 0.00>
ST_1 : Operation 6 [1/1] (0.00ns)   --->   "%data_75 = partselect i10 @_ssdm_op_PartSelect.i10.i160.i32.i32, i160 %layer8_out_read, i32 10, i32 19" [firmware/nnet_utils/nnet_dense_stream.h:38]   --->   Operation 6 'partselect' 'data_75' <Predicate = true> <Delay = 0.00>
ST_1 : Operation 7 [1/1] (0.00ns)   --->   "%data_61 = partselect i10 @_ssdm_op_PartSelect.i10.i160.i32.i32, i160 %layer8_out_read, i32 20, i32 29" [firmware/nnet_utils/nnet_dense_stream.h:38]   --->   Operation 7 'partselect' 'data_61' <Predicate = true> <Delay = 0.00>
ST_1 : Operation 8 [1/1] (0.00ns)   --->   "%data_62 = partselect i10 @_ssdm_op_PartSelect.i10.i160.i32.i32, i160 %layer8_out_read, i32 30, i32 39" [firmware/nnet_utils/nnet_dense_stream.h:38]   --->   Operation 8 'partselect' 'data_62' <Predicate = true> <Delay = 0.00>
ST_1 : Operation 9 [1/1] (0.00ns)   --->   "%data_63 = partselect i10 @_ssdm_op_PartSelect.i10.i160.i32.i32, i160 %layer8_out_read, i32 40, i32 49" [firmware/nnet_utils/nnet_dense_stream.h:38]   --->   Operation 9 'partselect' 'data_63' <Predicate = true> <Delay = 0.00>
ST_1 : Operation 10 [1/1] (0.00ns)   --->   "%data_64 = partselect i10 @_ssdm_op_PartSelect.i10.i160.i32.i32, i160 %layer8_out_read, i32 50, i32 59" [firmware/nnet_utils/nnet_dense_stream.h:38]   --->   Operation 10 'partselect' 'data_64' <Predicate = true> <Delay = 0.00>
ST_1 : Operation 11 [1/1] (0.00ns)   --->   "%data_65 = partselect i10 @_ssdm_op_PartSelect.i10.i160.i32.i32, i160 %layer8_out_read, i32 60, i32 69" [firmware/nnet_utils/nnet_dense_stream.h:38]   --->   Operation 11 'partselect' 'data_65' <Predicate = true> <Delay = 0.00>
ST_1 : Operation 12 [1/1] (0.00ns)   --->   "%data_66 = partselect i10 @_ssdm_op_PartSelect.i10.i160.i32.i32, i160 %layer8_out_read, i32 70, i32 79" [firmware/nnet_utils/nnet_dense_stream.h:38]   --->   Operation 12 'partselect' 'data_66' <Predicate = true> <Delay = 0.00>
ST_1 : Operation 13 [1/1] (0.00ns)   --->   "%data_67 = partselect i10 @_ssdm_op_PartSelect.i10.i160.i32.i32, i160 %layer8_out_read, i32 80, i32 89" [firmware/nnet_utils/nnet_dense_stream.h:38]   --->   Operation 13 'partselect' 'data_67' <Predicate = true> <Delay = 0.00>
ST_1 : Operation 14 [1/1] (0.00ns)   --->   "%data_68 = partselect i10 @_ssdm_op_PartSelect.i10.i160.i32.i32, i160 %layer8_out_read, i32 90, i32 99" [firmware/nnet_utils/nnet_dense_stream.h:38]   --->   Operation 14 'partselect' 'data_68' <Predicate = true> <Delay = 0.00>
ST_1 : Operation 15 [1/1] (0.00ns)   --->   "%data_69 = partselect i10 @_ssdm_op_PartSelect.i10.i160.i32.i32, i160 %layer8_out_read, i32 100, i32 109" [firmware/nnet_utils/nnet_dense_stream.h:38]   --->   Operation 15 'partselect' 'data_69' <Predicate = true> <Delay = 0.00>
ST_1 : Operation 16 [1/1] (0.00ns)   --->   "%data_70 = partselect i10 @_ssdm_op_PartSelect.i10.i160.i32.i32, i160 %layer8_out_read, i32 110, i32 119" [firmware/nnet_utils/nnet_dense_stream.h:38]   --->   Operation 16 'partselect' 'data_70' <Predicate = true> <Delay = 0.00>
ST_1 : Operation 17 [1/1] (0.00ns)   --->   "%data_71 = partselect i10 @_ssdm_op_PartSelect.i10.i160.i32.i32, i160 %layer8_out_read, i32 120, i32 129" [firmware/nnet_utils/nnet_dense_stream.h:38]   --->   Operation 17 'partselect' 'data_71' <Predicate = true> <Delay = 0.00>
ST_1 : Operation 18 [1/1] (0.00ns)   --->   "%data_72 = partselect i10 @_ssdm_op_PartSelect.i10.i160.i32.i32, i160 %layer8_out_read, i32 130, i32 139" [firmware/nnet_utils/nnet_dense_stream.h:38]   --->   Operation 18 'partselect' 'data_72' <Predicate = true> <Delay = 0.00>
ST_1 : Operation 19 [1/1] (0.00ns)   --->   "%data_73 = partselect i10 @_ssdm_op_PartSelect.i10.i160.i32.i32, i160 %layer8_out_read, i32 140, i32 149" [firmware/nnet_utils/nnet_dense_stream.h:38]   --->   Operation 19 'partselect' 'data_73' <Predicate = true> <Delay = 0.00>
ST_1 : Operation 20 [1/1] (0.00ns)   --->   "%data_74 = partselect i10 @_ssdm_op_PartSelect.i10.i160.i32.i32, i160 %layer8_out_read, i32 150, i32 159" [firmware/nnet_utils/nnet_dense_stream.h:38]   --->   Operation 20 'partselect' 'data_74' <Predicate = true> <Delay = 0.00>
ST_1 : Operation 21 [2/2] (0.00ns)   --->   "%call_ret = call i100 @dense_resource_rf_gt_nin_rem0<ap_fixed,ap_fixed<25,13,5,3,0>,config9>, i10 %data, i10 %data_75, i10 %data_61, i10 %data_62, i10 %data_63, i10 %data_64, i10 %data_65, i10 %data_66, i10 %data_67, i10 %data_68, i10 %data_69, i10 %data_70, i10 %data_71, i10 %data_72, i10 %data_73, i10 %data_74, i2 %outidx_27, i7 %w9" [firmware/nnet_utils/nnet_dense.h:76->firmware/nnet_utils/nnet_dense_stream.h:20->firmware/nnet_utils/nnet_dense_stream.h:46]   --->   Operation 21 'call' 'call_ret' <Predicate = true> <Delay = 0.00> <CoreType = "Generic">   --->   Generic Core

State 2 <SV = 1> <Delay = 14.3>
ST_2 : Operation 22 [1/2] (14.3ns)   --->   "%call_ret = call i100 @dense_resource_rf_gt_nin_rem0<ap_fixed,ap_fixed<25,13,5,3,0>,config9>, i10 %data, i10 %data_75, i10 %data_61, i10 %data_62, i10 %data_63, i10 %data_64, i10 %data_65, i10 %data_66, i10 %data_67, i10 %data_68, i10 %data_69, i10 %data_70, i10 %data_71, i10 %data_72, i10 %data_73, i10 %data_74, i2 %outidx_27, i7 %w9" [firmware/nnet_utils/nnet_dense.h:76->firmware/nnet_utils/nnet_dense_stream.h:20->firmware/nnet_utils/nnet_dense_stream.h:46]   --->   Operation 22 'call' 'call_ret' <Predicate = true> <Delay = 14.3> <CoreType = "Generic">   --->   Generic Core
ST_2 : Operation 23 [1/1] (0.00ns)   --->   "%res = extractvalue i100 %call_ret" [firmware/nnet_utils/nnet_dense.h:76->firmware/nnet_utils/nnet_dense_stream.h:20->firmware/nnet_utils/nnet_dense_stream.h:46]   --->   Operation 23 'extractvalue' 'res' <Predicate = true> <Delay = 0.00>
ST_2 : Operation 24 [1/1] (0.00ns)   --->   "%res_1 = extractvalue i100 %call_ret" [firmware/nnet_utils/nnet_dense.h:76->firmware/nnet_utils/nnet_dense_stream.h:20->firmware/nnet_utils/nnet_dense_stream.h:46]   --->   Operation 24 'extractvalue' 'res_1' <Predicate = true> <Delay = 0.00>
ST_2 : Operation 25 [1/1] (0.00ns)   --->   "%res_2 = extractvalue i100 %call_ret" [firmware/nnet_utils/nnet_dense.h:76->firmware/nnet_utils/nnet_dense_stream.h:20->firmware/nnet_utils/nnet_dense_stream.h:46]   --->   Operation 25 'extractvalue' 'res_2' <Predicate = true> <Delay = 0.00>
ST_2 : Operation 26 [1/1] (0.00ns)   --->   "%res_3 = extractvalue i100 %call_ret" [firmware/nnet_utils/nnet_dense.h:76->firmware/nnet_utils/nnet_dense_stream.h:20->firmware/nnet_utils/nnet_dense_stream.h:46]   --->   Operation 26 'extractvalue' 'res_3' <Predicate = true> <Delay = 0.00>

State 3 <SV = 2> <Delay = 3.63>
ST_3 : Operation 27 [1/1] (0.00ns)   --->   "%specinterface_ln0 = specinterface void @_ssdm_op_SpecInterface, i160 %layer8_out, void @empty_2, i32 0, i32 0, void @empty_1, i32 0, i32 0, void @empty_1, void @empty_1, void @empty_1, i32 0, i32 0, i32 0, i32 0, void @empty_1, void @empty_1, i32 4294967295, i32 0, i32 0"   --->   Operation 27 'specinterface' 'specinterface_ln0' <Predicate = true> <Delay = 0.00>
ST_3 : Operation 28 [1/1] (0.00ns)   --->   "%specinterface_ln0 = specinterface void @_ssdm_op_SpecInterface, i100 %out_local, void @empty_2, i32 0, i32 0, void @empty_1, i32 0, i32 0, void @empty_1, void @empty_1, void @empty_1, i32 0, i32 0, i32 0, i32 0, void @empty_1, void @empty_1, i32 4294967295, i32 0, i32 0"   --->   Operation 28 'specinterface' 'specinterface_ln0' <Predicate = true> <Delay = 0.00>
ST_3 : Operation 29 [1/1] (0.00ns)   --->   "%p_0 = bitconcatenate i100 @_ssdm_op_BitConcatenate.i100.i25.i25.i25.i25, i25 %res_3, i25 %res_2, i25 %res_1, i25 %res" [firmware/nnet_utils/nnet_dense_stream.h:60]   --->   Operation 29 'bitconcatenate' 'p_0' <Predicate = true> <Delay = 0.00>
ST_3 : Operation 30 [1/1] ( I:3.63ns O:3.63ns )   --->   "%write_ln60 = write void @_ssdm_op_Write.ap_fifo.volatile.i100P0A, i100 %out_local, i100 %p_0" [firmware/nnet_utils/nnet_dense_stream.h:60]   --->   Operation 30 'write' 'write_ln60' <Predicate = true> <Delay = 3.63> <CoreInst = "FIFO_SRL">   --->   Core 80 'FIFO_SRL' <Latency = 0> <II = 1> <Delay = 3.63> <Storage> <Opcode : 'read' 'write' 'nbread' 'nbwrite'> <Ports = 0> <Width = 100> <Depth = 1> <FIFO>
ST_3 : Operation 31 [1/1] (0.00ns)   --->   "%ret_ln62 = ret" [firmware/nnet_utils/nnet_dense_stream.h:62]   --->   Operation 31 'ret' 'ret_ln62' <Predicate = true> <Delay = 0.00>


============================================================
+ Verbose Summary: Timing violations
============================================================
Target clock period: 20.000ns, clock uncertainty: 2.500ns.

 <State 1>: 3.634ns
The critical path consists of the following:
	fifo read operation ('layer8_out_read', firmware/nnet_utils/nnet_dense_stream.h:38) on port 'layer8_out' (firmware/nnet_utils/nnet_dense_stream.h:38) [7]  (3.634 ns)

 <State 2>: 14.362ns
The critical path consists of the following:
	'call' operation 100 bit ('call_ret', firmware/nnet_utils/nnet_dense.h:76->firmware/nnet_utils/nnet_dense_stream.h:20->firmware/nnet_utils/nnet_dense_stream.h:46) to 'dense_resource_rf_gt_nin_rem0<ap_fixed,ap_fixed<25,13,5,3,0>,config9>' [24]  (14.362 ns)

 <State 3>: 3.634ns
The critical path consists of the following:
	fifo write operation ('write_ln60', firmware/nnet_utils/nnet_dense_stream.h:60) on port 'out_local' (firmware/nnet_utils/nnet_dense_stream.h:60) [30]  (3.634 ns)


============================================================
+ Verbose Summary: Binding
============================================================
N/A
* FSMD analyzer results:
  - Output states:
 - Input state : 
  - Chain level:
	State 1
	State 2
	State 3


============================================================
+ Verbose Summary: Datapath Resource usage 
============================================================
N/A
