

================================================================
== Vitis HLS Report for 'dense_resource_rf_gt_nin_rem0_ap_fixed_ap_fixed_26_14_5_3_0_config7_s'
================================================================
* Date:           Fri May 15 14:04:24 2026

* Version:        2024.2 (Build 5238294 on Nov  8 2024)
* Project:        wedrowiec_hls_prj
* Solution:       solution1 (Vivado IP Flow Target)
* Product family: zynq
* Target device:  xc7z020-clg400-1


================================================================
== Performance Estimates
================================================================
+ Timing: 
    * Summary: 
    +--------+----------+-----------+------------+
    |  Clock |  Target  | Estimated | Uncertainty|
    +--------+----------+-----------+------------+
    |ap_clk  |  20.00 ns|  16.900 ns|     2.50 ns|
    +--------+----------+-----------+------------+

+ Latency: 
    * Summary: 
    +---------+---------+-----------+-----------+-----+-----+-------------------------------------------+
    |  Latency (cycles) |   Latency (absolute)  |  Interval |                  Pipeline                 |
    |   min   |   max   |    min    |    max    | min | max |                    Type                   |
    +---------+---------+-----------+-----------+-----+-----+-------------------------------------------+
    |      512|      513|  10.240 us|  10.260 us|  512|  512|  loop rewind stp (delay=0 clock cycles(s))|
    +---------+---------+-----------+-----------+-----+-----+-------------------------------------------+

    + Detail: 
        * Instance: 
        N/A

        * Loop: 
        +-------------+---------+---------+----------+-----------+-----------+------+----------+
        |             |  Latency (cycles) | Iteration|  Initiation Interval  | Trip |          |
        |  Loop Name  |   min   |   max   |  Latency |  achieved |   target  | Count| Pipelined|
        +-------------+---------+---------+----------+-----------+-----------+------+----------+
        |- ReuseLoop  |      512|      512|         2|          1|          1|   512|       yes|
        +-------------+---------+---------+----------+-----------+-----------+------+----------+

============================================================
+ Verbose Summary: Synthesis Manager
============================================================
InlineROM: 1
ExposeGlobal: 0
============================================================
+ Verbose Summary: CDFG Model
============================================================
IsTopModel: 0
ResetActiveHigh: 1
IsCombinational: 0
IsDatapathOnly: 0
HasWiredReturn: 1
HasMFsm: 2
HasVarLatency: 1
IsPipeline: 0
IsRtlPipelined: 0
IsInstanceOverlapped: 0
IsDontTouch: 0
HasImplIP: 0
IsGatedGlobalClock: 0

+ Individual pipeline summary: 
  * Pipeline-0: initiation interval (II) = 1, depth = 2


============================================================
+ Verbose Summary: Schedule
============================================================
* Number of FSM states : 3
* Pipeline : 1
  Pipeline-0 : II = 1, D = 2, States = { 2 3 }
* Dataflow Pipeline: 0

* FSM state transitions: 
1 --> 2 
2 --> 3 
3 --> 2 

* FSM state operations: 

State 1 <SV = 0> <Delay = 1.58>
ST_1 : Operation 4 [1/1] (1.58ns)   --->   "%br_ln135 = br void %rewind_header" [firmware/nnet_utils/nnet_dense_resource.h:135]   --->   Operation 4 'br' 'br_ln135' <Predicate = true> <Delay = 1.58>

State 2 <SV = 1> <Delay = 3.25>
ST_2 : Operation 5 [1/1] (0.00ns)   --->   "%do_init = phi i1 1, void %entry, i1 0, void %V32.i.i27.i.i43.exit, i1 1, void %Result"   --->   Operation 5 'phi' 'do_init' <Predicate = true> <Delay = 0.00>
ST_2 : Operation 6 [1/1] (0.00ns)   --->   "%w_index41 = phi i9 0, void %entry, i9 %w_index, void %V32.i.i27.i.i43.exit, i9 0, void %Result"   --->   Operation 6 'phi' 'w_index41' <Predicate = true> <Delay = 0.00>
ST_2 : Operation 7 [1/1] (0.00ns)   --->   "%specmemcore_ln0 = specmemcore void @_ssdm_op_SpecMemCore, i7 %w7, i64 666, i64 38, i64 18446744073709551615"   --->   Operation 7 'specmemcore' 'specmemcore_ln0' <Predicate = (do_init)> <Delay = 0.00>
ST_2 : Operation 8 [1/1] (0.00ns)   --->   "%data_31_val_read = read i10 @_ssdm_op_Read.ap_auto.i10, i10 %data_31_val" [firmware/nnet_utils/nnet_dense_resource.h:135]   --->   Operation 8 'read' 'data_31_val_read' <Predicate = (do_init)> <Delay = 0.00>
ST_2 : Operation 9 [1/1] (0.00ns)   --->   "%data_30_val_read = read i10 @_ssdm_op_Read.ap_auto.i10, i10 %data_30_val" [firmware/nnet_utils/nnet_dense_resource.h:135]   --->   Operation 9 'read' 'data_30_val_read' <Predicate = (do_init)> <Delay = 0.00>
ST_2 : Operation 10 [1/1] (0.00ns)   --->   "%data_29_val_read = read i10 @_ssdm_op_Read.ap_auto.i10, i10 %data_29_val" [firmware/nnet_utils/nnet_dense_resource.h:135]   --->   Operation 10 'read' 'data_29_val_read' <Predicate = (do_init)> <Delay = 0.00>
ST_2 : Operation 11 [1/1] (0.00ns)   --->   "%data_28_val_read = read i10 @_ssdm_op_Read.ap_auto.i10, i10 %data_28_val" [firmware/nnet_utils/nnet_dense_resource.h:135]   --->   Operation 11 'read' 'data_28_val_read' <Predicate = (do_init)> <Delay = 0.00>
ST_2 : Operation 12 [1/1] (0.00ns)   --->   "%data_27_val_read = read i10 @_ssdm_op_Read.ap_auto.i10, i10 %data_27_val" [firmware/nnet_utils/nnet_dense_resource.h:135]   --->   Operation 12 'read' 'data_27_val_read' <Predicate = (do_init)> <Delay = 0.00>
ST_2 : Operation 13 [1/1] (0.00ns)   --->   "%data_26_val_read = read i10 @_ssdm_op_Read.ap_auto.i10, i10 %data_26_val" [firmware/nnet_utils/nnet_dense_resource.h:135]   --->   Operation 13 'read' 'data_26_val_read' <Predicate = (do_init)> <Delay = 0.00>
ST_2 : Operation 14 [1/1] (0.00ns)   --->   "%data_25_val_read = read i10 @_ssdm_op_Read.ap_auto.i10, i10 %data_25_val" [firmware/nnet_utils/nnet_dense_resource.h:135]   --->   Operation 14 'read' 'data_25_val_read' <Predicate = (do_init)> <Delay = 0.00>
ST_2 : Operation 15 [1/1] (0.00ns)   --->   "%data_24_val_read = read i10 @_ssdm_op_Read.ap_auto.i10, i10 %data_24_val" [firmware/nnet_utils/nnet_dense_resource.h:135]   --->   Operation 15 'read' 'data_24_val_read' <Predicate = (do_init)> <Delay = 0.00>
ST_2 : Operation 16 [1/1] (0.00ns)   --->   "%data_23_val_read = read i10 @_ssdm_op_Read.ap_auto.i10, i10 %data_23_val" [firmware/nnet_utils/nnet_dense_resource.h:135]   --->   Operation 16 'read' 'data_23_val_read' <Predicate = (do_init)> <Delay = 0.00>
ST_2 : Operation 17 [1/1] (0.00ns)   --->   "%data_22_val_read = read i10 @_ssdm_op_Read.ap_auto.i10, i10 %data_22_val" [firmware/nnet_utils/nnet_dense_resource.h:135]   --->   Operation 17 'read' 'data_22_val_read' <Predicate = (do_init)> <Delay = 0.00>
ST_2 : Operation 18 [1/1] (0.00ns)   --->   "%data_21_val_read = read i10 @_ssdm_op_Read.ap_auto.i10, i10 %data_21_val" [firmware/nnet_utils/nnet_dense_resource.h:135]   --->   Operation 18 'read' 'data_21_val_read' <Predicate = (do_init)> <Delay = 0.00>
ST_2 : Operation 19 [1/1] (0.00ns)   --->   "%data_20_val_read = read i10 @_ssdm_op_Read.ap_auto.i10, i10 %data_20_val" [firmware/nnet_utils/nnet_dense_resource.h:135]   --->   Operation 19 'read' 'data_20_val_read' <Predicate = (do_init)> <Delay = 0.00>
ST_2 : Operation 20 [1/1] (0.00ns)   --->   "%data_19_val_read = read i10 @_ssdm_op_Read.ap_auto.i10, i10 %data_19_val" [firmware/nnet_utils/nnet_dense_resource.h:135]   --->   Operation 20 'read' 'data_19_val_read' <Predicate = (do_init)> <Delay = 0.00>
ST_2 : Operation 21 [1/1] (0.00ns)   --->   "%data_18_val_read = read i10 @_ssdm_op_Read.ap_auto.i10, i10 %data_18_val" [firmware/nnet_utils/nnet_dense_resource.h:135]   --->   Operation 21 'read' 'data_18_val_read' <Predicate = (do_init)> <Delay = 0.00>
ST_2 : Operation 22 [1/1] (0.00ns)   --->   "%data_17_val_read = read i10 @_ssdm_op_Read.ap_auto.i10, i10 %data_17_val" [firmware/nnet_utils/nnet_dense_resource.h:135]   --->   Operation 22 'read' 'data_17_val_read' <Predicate = (do_init)> <Delay = 0.00>
ST_2 : Operation 23 [1/1] (0.00ns)   --->   "%data_16_val_read = read i10 @_ssdm_op_Read.ap_auto.i10, i10 %data_16_val" [firmware/nnet_utils/nnet_dense_resource.h:135]   --->   Operation 23 'read' 'data_16_val_read' <Predicate = (do_init)> <Delay = 0.00>
ST_2 : Operation 24 [1/1] (0.00ns)   --->   "%data_15_val_read = read i10 @_ssdm_op_Read.ap_auto.i10, i10 %data_15_val" [firmware/nnet_utils/nnet_dense_resource.h:135]   --->   Operation 24 'read' 'data_15_val_read' <Predicate = (do_init)> <Delay = 0.00>
ST_2 : Operation 25 [1/1] (0.00ns)   --->   "%data_14_val_read = read i10 @_ssdm_op_Read.ap_auto.i10, i10 %data_14_val" [firmware/nnet_utils/nnet_dense_resource.h:135]   --->   Operation 25 'read' 'data_14_val_read' <Predicate = (do_init)> <Delay = 0.00>
ST_2 : Operation 26 [1/1] (0.00ns)   --->   "%data_13_val_read = read i10 @_ssdm_op_Read.ap_auto.i10, i10 %data_13_val" [firmware/nnet_utils/nnet_dense_resource.h:135]   --->   Operation 26 'read' 'data_13_val_read' <Predicate = (do_init)> <Delay = 0.00>
ST_2 : Operation 27 [1/1] (0.00ns)   --->   "%data_12_val_read = read i10 @_ssdm_op_Read.ap_auto.i10, i10 %data_12_val" [firmware/nnet_utils/nnet_dense_resource.h:135]   --->   Operation 27 'read' 'data_12_val_read' <Predicate = (do_init)> <Delay = 0.00>
ST_2 : Operation 28 [1/1] (0.00ns)   --->   "%data_11_val_read = read i10 @_ssdm_op_Read.ap_auto.i10, i10 %data_11_val" [firmware/nnet_utils/nnet_dense_resource.h:135]   --->   Operation 28 'read' 'data_11_val_read' <Predicate = (do_init)> <Delay = 0.00>
ST_2 : Operation 29 [1/1] (0.00ns)   --->   "%data_10_val_read = read i10 @_ssdm_op_Read.ap_auto.i10, i10 %data_10_val" [firmware/nnet_utils/nnet_dense_resource.h:135]   --->   Operation 29 'read' 'data_10_val_read' <Predicate = (do_init)> <Delay = 0.00>
ST_2 : Operation 30 [1/1] (0.00ns)   --->   "%data_9_val_read = read i10 @_ssdm_op_Read.ap_auto.i10, i10 %data_9_val" [firmware/nnet_utils/nnet_dense_resource.h:135]   --->   Operation 30 'read' 'data_9_val_read' <Predicate = (do_init)> <Delay = 0.00>
ST_2 : Operation 31 [1/1] (0.00ns)   --->   "%data_8_val_read = read i10 @_ssdm_op_Read.ap_auto.i10, i10 %data_8_val" [firmware/nnet_utils/nnet_dense_resource.h:135]   --->   Operation 31 'read' 'data_8_val_read' <Predicate = (do_init)> <Delay = 0.00>
ST_2 : Operation 32 [1/1] (0.00ns)   --->   "%data_7_val_read = read i10 @_ssdm_op_Read.ap_auto.i10, i10 %data_7_val" [firmware/nnet_utils/nnet_dense_resource.h:135]   --->   Operation 32 'read' 'data_7_val_read' <Predicate = (do_init)> <Delay = 0.00>
ST_2 : Operation 33 [1/1] (0.00ns)   --->   "%data_6_val_read = read i10 @_ssdm_op_Read.ap_auto.i10, i10 %data_6_val" [firmware/nnet_utils/nnet_dense_resource.h:135]   --->   Operation 33 'read' 'data_6_val_read' <Predicate = (do_init)> <Delay = 0.00>
ST_2 : Operation 34 [1/1] (0.00ns)   --->   "%data_5_val_read = read i10 @_ssdm_op_Read.ap_auto.i10, i10 %data_5_val" [firmware/nnet_utils/nnet_dense_resource.h:135]   --->   Operation 34 'read' 'data_5_val_read' <Predicate = (do_init)> <Delay = 0.00>
ST_2 : Operation 35 [1/1] (0.00ns)   --->   "%data_4_val_read = read i10 @_ssdm_op_Read.ap_auto.i10, i10 %data_4_val" [firmware/nnet_utils/nnet_dense_resource.h:135]   --->   Operation 35 'read' 'data_4_val_read' <Predicate = (do_init)> <Delay = 0.00>
ST_2 : Operation 36 [1/1] (0.00ns)   --->   "%data_3_val_read = read i10 @_ssdm_op_Read.ap_auto.i10, i10 %data_3_val" [firmware/nnet_utils/nnet_dense_resource.h:135]   --->   Operation 36 'read' 'data_3_val_read' <Predicate = (do_init)> <Delay = 0.00>
ST_2 : Operation 37 [1/1] (0.00ns)   --->   "%data_2_val_read = read i10 @_ssdm_op_Read.ap_auto.i10, i10 %data_2_val" [firmware/nnet_utils/nnet_dense_resource.h:135]   --->   Operation 37 'read' 'data_2_val_read' <Predicate = (do_init)> <Delay = 0.00>
ST_2 : Operation 38 [1/1] (0.00ns)   --->   "%data_1_val_read = read i10 @_ssdm_op_Read.ap_auto.i10, i10 %data_1_val" [firmware/nnet_utils/nnet_dense_resource.h:135]   --->   Operation 38 'read' 'data_1_val_read' <Predicate = (do_init)> <Delay = 0.00>
ST_2 : Operation 39 [1/1] (0.00ns)   --->   "%data_0_val_read = read i10 @_ssdm_op_Read.ap_auto.i10, i10 %data_0_val" [firmware/nnet_utils/nnet_dense_resource.h:135]   --->   Operation 39 'read' 'data_0_val_read' <Predicate = (do_init)> <Delay = 0.00>
ST_2 : Operation 40 [1/1] (1.58ns)   --->   "%br_ln135 = br void %MultLoop.split" [firmware/nnet_utils/nnet_dense_resource.h:135]   --->   Operation 40 'br' 'br_ln135' <Predicate = (do_init)> <Delay = 1.58>
ST_2 : Operation 41 [1/1] (0.00ns)   --->   "%zext_ln135 = zext i9 %w_index41" [firmware/nnet_utils/nnet_dense_resource.h:135]   --->   Operation 41 'zext' 'zext_ln135' <Predicate = true> <Delay = 0.00>
ST_2 : Operation 42 [1/1] (0.00ns)   --->   "%outidx_18_addr = getelementptr i4 %outidx_18, i64 0, i64 %zext_ln135" [firmware/nnet_utils/nnet_dense_resource.h:139]   --->   Operation 42 'getelementptr' 'outidx_18_addr' <Predicate = true> <Delay = 0.00>
ST_2 : Operation 43 [2/2] (3.25ns)   --->   "%out_index = load i9 %outidx_18_addr" [firmware/nnet_utils/nnet_dense_resource.h:139]   --->   Operation 43 'load' 'out_index' <Predicate = true> <Delay = 3.25> <CoreInst = "ROM">   --->   Core 94 'ROM' <Latency = 1> <II = 1> <Delay = 3.25> <Storage> <Opcode : 'load'> <Ports = 0> <Width = 4> <Depth = 512> <ROM>
ST_2 : Operation 44 [1/1] (0.00ns)   --->   "%w7_addr = getelementptr i7 %w7, i64 0, i64 %zext_ln135" [firmware/nnet_utils/nnet_dense_resource.h:145]   --->   Operation 44 'getelementptr' 'w7_addr' <Predicate = true> <Delay = 0.00>
ST_2 : Operation 45 [2/2] (3.25ns)   --->   "%w = load i9 %w7_addr" [firmware/nnet_utils/nnet_dense_resource.h:145]   --->   Operation 45 'load' 'w' <Predicate = true> <Delay = 3.25> <CoreInst = "ROM_nP_BRAM">   --->   Core 102 'ROM_nP_BRAM' <Latency = 1> <II = 1> <Delay = 3.25> <Storage> <Opcode : 'load'> <Ports = 0> <Width = 7> <Depth = 512> <ROM>
ST_2 : Operation 46 [1/1] (1.82ns)   --->   "%w_index = add i9 %w_index41, i9 1" [firmware/nnet_utils/nnet_dense_resource.h:135]   --->   Operation 46 'add' 'w_index' <Predicate = true> <Delay = 1.82> <CoreInst = "Adder">   --->   Core 1 'Adder' <Latency = 0> <II = 1> <Delay = 1.82> <FuncUnit> <Opcode : 'add' 'sub'> <InPorts = 2> <OutPorts = 1>
ST_2 : Operation 47 [1/1] (1.82ns)   --->   "%icmp_ln135 = icmp_eq  i9 %w_index41, i9 511" [firmware/nnet_utils/nnet_dense_resource.h:135]   --->   Operation 47 'icmp' 'icmp_ln135' <Predicate = true> <Delay = 1.82> <CoreInst = "Cmp">   --->   Core 9 'Cmp' <Latency = 0> <II = 1> <Delay = 1.82> <FuncUnit> <Opcode : 'seteq' 'setne' 'setle' 'setge' 'setlt' 'setgt'> <InPorts = 2> <OutPorts = 1>
ST_2 : Operation 48 [1/1] (0.00ns)   --->   "%br_ln135 = br i1 %icmp_ln135, void %rewind_header, void %Result" [firmware/nnet_utils/nnet_dense_resource.h:135]   --->   Operation 48 'br' 'br_ln135' <Predicate = true> <Delay = 0.00>
ST_2 : Operation 49 [1/1] (0.00ns)   --->   "%br_ln166 = br void %rewind_header" [firmware/nnet_utils/nnet_dense_resource.h:166]   --->   Operation 49 'br' 'br_ln166' <Predicate = (icmp_ln135)> <Delay = 0.00>

State 3 <SV = 2> <Delay = 16.8>
ST_3 : Operation 50 [1/1] (0.00ns)   --->   "%data_0_val51_rewind = phi i10 0, void %entry, i10 %data_0_val51_phi, void %V32.i.i27.i.i43.exit, i10 0, void %Result" [firmware/nnet_utils/nnet_dense_resource.h:135]   --->   Operation 50 'phi' 'data_0_val51_rewind' <Predicate = true> <Delay = 0.00>
ST_3 : Operation 51 [1/1] (0.00ns)   --->   "%data_1_val52_rewind = phi i10 0, void %entry, i10 %data_1_val52_phi, void %V32.i.i27.i.i43.exit, i10 0, void %Result" [firmware/nnet_utils/nnet_dense_resource.h:135]   --->   Operation 51 'phi' 'data_1_val52_rewind' <Predicate = true> <Delay = 0.00>
ST_3 : Operation 52 [1/1] (0.00ns)   --->   "%data_2_val53_rewind = phi i10 0, void %entry, i10 %data_2_val53_phi, void %V32.i.i27.i.i43.exit, i10 0, void %Result" [firmware/nnet_utils/nnet_dense_resource.h:135]   --->   Operation 52 'phi' 'data_2_val53_rewind' <Predicate = true> <Delay = 0.00>
ST_3 : Operation 53 [1/1] (0.00ns)   --->   "%data_3_val54_rewind = phi i10 0, void %entry, i10 %data_3_val54_phi, void %V32.i.i27.i.i43.exit, i10 0, void %Result" [firmware/nnet_utils/nnet_dense_resource.h:135]   --->   Operation 53 'phi' 'data_3_val54_rewind' <Predicate = true> <Delay = 0.00>
ST_3 : Operation 54 [1/1] (0.00ns)   --->   "%data_4_val55_rewind = phi i10 0, void %entry, i10 %data_4_val55_phi, void %V32.i.i27.i.i43.exit, i10 0, void %Result" [firmware/nnet_utils/nnet_dense_resource.h:135]   --->   Operation 54 'phi' 'data_4_val55_rewind' <Predicate = true> <Delay = 0.00>
ST_3 : Operation 55 [1/1] (0.00ns)   --->   "%data_5_val56_rewind = phi i10 0, void %entry, i10 %data_5_val56_phi, void %V32.i.i27.i.i43.exit, i10 0, void %Result" [firmware/nnet_utils/nnet_dense_resource.h:135]   --->   Operation 55 'phi' 'data_5_val56_rewind' <Predicate = true> <Delay = 0.00>
ST_3 : Operation 56 [1/1] (0.00ns)   --->   "%data_6_val57_rewind = phi i10 0, void %entry, i10 %data_6_val57_phi, void %V32.i.i27.i.i43.exit, i10 0, void %Result" [firmware/nnet_utils/nnet_dense_resource.h:135]   --->   Operation 56 'phi' 'data_6_val57_rewind' <Predicate = true> <Delay = 0.00>
ST_3 : Operation 57 [1/1] (0.00ns)   --->   "%data_7_val58_rewind = phi i10 0, void %entry, i10 %data_7_val58_phi, void %V32.i.i27.i.i43.exit, i10 0, void %Result" [firmware/nnet_utils/nnet_dense_resource.h:135]   --->   Operation 57 'phi' 'data_7_val58_rewind' <Predicate = true> <Delay = 0.00>
ST_3 : Operation 58 [1/1] (0.00ns)   --->   "%data_8_val59_rewind = phi i10 0, void %entry, i10 %data_8_val59_phi, void %V32.i.i27.i.i43.exit, i10 0, void %Result" [firmware/nnet_utils/nnet_dense_resource.h:135]   --->   Operation 58 'phi' 'data_8_val59_rewind' <Predicate = true> <Delay = 0.00>
ST_3 : Operation 59 [1/1] (0.00ns)   --->   "%data_9_val60_rewind = phi i10 0, void %entry, i10 %data_9_val60_phi, void %V32.i.i27.i.i43.exit, i10 0, void %Result" [firmware/nnet_utils/nnet_dense_resource.h:135]   --->   Operation 59 'phi' 'data_9_val60_rewind' <Predicate = true> <Delay = 0.00>
ST_3 : Operation 60 [1/1] (0.00ns)   --->   "%data_10_val61_rewind = phi i10 0, void %entry, i10 %data_10_val61_phi, void %V32.i.i27.i.i43.exit, i10 0, void %Result" [firmware/nnet_utils/nnet_dense_resource.h:135]   --->   Operation 60 'phi' 'data_10_val61_rewind' <Predicate = true> <Delay = 0.00>
ST_3 : Operation 61 [1/1] (0.00ns)   --->   "%data_11_val62_rewind = phi i10 0, void %entry, i10 %data_11_val62_phi, void %V32.i.i27.i.i43.exit, i10 0, void %Result" [firmware/nnet_utils/nnet_dense_resource.h:135]   --->   Operation 61 'phi' 'data_11_val62_rewind' <Predicate = true> <Delay = 0.00>
ST_3 : Operation 62 [1/1] (0.00ns)   --->   "%data_12_val63_rewind = phi i10 0, void %entry, i10 %data_12_val63_phi, void %V32.i.i27.i.i43.exit, i10 0, void %Result" [firmware/nnet_utils/nnet_dense_resource.h:135]   --->   Operation 62 'phi' 'data_12_val63_rewind' <Predicate = true> <Delay = 0.00>
ST_3 : Operation 63 [1/1] (0.00ns)   --->   "%data_13_val64_rewind = phi i10 0, void %entry, i10 %data_13_val64_phi, void %V32.i.i27.i.i43.exit, i10 0, void %Result" [firmware/nnet_utils/nnet_dense_resource.h:135]   --->   Operation 63 'phi' 'data_13_val64_rewind' <Predicate = true> <Delay = 0.00>
ST_3 : Operation 64 [1/1] (0.00ns)   --->   "%data_14_val65_rewind = phi i10 0, void %entry, i10 %data_14_val65_phi, void %V32.i.i27.i.i43.exit, i10 0, void %Result" [firmware/nnet_utils/nnet_dense_resource.h:135]   --->   Operation 64 'phi' 'data_14_val65_rewind' <Predicate = true> <Delay = 0.00>
ST_3 : Operation 65 [1/1] (0.00ns)   --->   "%data_15_val66_rewind = phi i10 0, void %entry, i10 %data_15_val66_phi, void %V32.i.i27.i.i43.exit, i10 0, void %Result" [firmware/nnet_utils/nnet_dense_resource.h:135]   --->   Operation 65 'phi' 'data_15_val66_rewind' <Predicate = true> <Delay = 0.00>
ST_3 : Operation 66 [1/1] (0.00ns)   --->   "%data_16_val67_rewind = phi i10 0, void %entry, i10 %data_16_val67_phi, void %V32.i.i27.i.i43.exit, i10 0, void %Result" [firmware/nnet_utils/nnet_dense_resource.h:135]   --->   Operation 66 'phi' 'data_16_val67_rewind' <Predicate = true> <Delay = 0.00>
ST_3 : Operation 67 [1/1] (0.00ns)   --->   "%data_17_val68_rewind = phi i10 0, void %entry, i10 %data_17_val68_phi, void %V32.i.i27.i.i43.exit, i10 0, void %Result" [firmware/nnet_utils/nnet_dense_resource.h:135]   --->   Operation 67 'phi' 'data_17_val68_rewind' <Predicate = true> <Delay = 0.00>
ST_3 : Operation 68 [1/1] (0.00ns)   --->   "%data_18_val69_rewind = phi i10 0, void %entry, i10 %data_18_val69_phi, void %V32.i.i27.i.i43.exit, i10 0, void %Result" [firmware/nnet_utils/nnet_dense_resource.h:135]   --->   Operation 68 'phi' 'data_18_val69_rewind' <Predicate = true> <Delay = 0.00>
ST_3 : Operation 69 [1/1] (0.00ns)   --->   "%data_19_val70_rewind = phi i10 0, void %entry, i10 %data_19_val70_phi, void %V32.i.i27.i.i43.exit, i10 0, void %Result" [firmware/nnet_utils/nnet_dense_resource.h:135]   --->   Operation 69 'phi' 'data_19_val70_rewind' <Predicate = true> <Delay = 0.00>
ST_3 : Operation 70 [1/1] (0.00ns)   --->   "%data_20_val71_rewind = phi i10 0, void %entry, i10 %data_20_val71_phi, void %V32.i.i27.i.i43.exit, i10 0, void %Result" [firmware/nnet_utils/nnet_dense_resource.h:135]   --->   Operation 70 'phi' 'data_20_val71_rewind' <Predicate = true> <Delay = 0.00>
ST_3 : Operation 71 [1/1] (0.00ns)   --->   "%data_21_val72_rewind = phi i10 0, void %entry, i10 %data_21_val72_phi, void %V32.i.i27.i.i43.exit, i10 0, void %Result" [firmware/nnet_utils/nnet_dense_resource.h:135]   --->   Operation 71 'phi' 'data_21_val72_rewind' <Predicate = true> <Delay = 0.00>
ST_3 : Operation 72 [1/1] (0.00ns)   --->   "%data_22_val73_rewind = phi i10 0, void %entry, i10 %data_22_val73_phi, void %V32.i.i27.i.i43.exit, i10 0, void %Result" [firmware/nnet_utils/nnet_dense_resource.h:135]   --->   Operation 72 'phi' 'data_22_val73_rewind' <Predicate = true> <Delay = 0.00>
ST_3 : Operation 73 [1/1] (0.00ns)   --->   "%data_23_val74_rewind = phi i10 0, void %entry, i10 %data_23_val74_phi, void %V32.i.i27.i.i43.exit, i10 0, void %Result" [firmware/nnet_utils/nnet_dense_resource.h:135]   --->   Operation 73 'phi' 'data_23_val74_rewind' <Predicate = true> <Delay = 0.00>
ST_3 : Operation 74 [1/1] (0.00ns)   --->   "%data_24_val75_rewind = phi i10 0, void %entry, i10 %data_24_val75_phi, void %V32.i.i27.i.i43.exit, i10 0, void %Result" [firmware/nnet_utils/nnet_dense_resource.h:135]   --->   Operation 74 'phi' 'data_24_val75_rewind' <Predicate = true> <Delay = 0.00>
ST_3 : Operation 75 [1/1] (0.00ns)   --->   "%data_25_val76_rewind = phi i10 0, void %entry, i10 %data_25_val76_phi, void %V32.i.i27.i.i43.exit, i10 0, void %Result" [firmware/nnet_utils/nnet_dense_resource.h:135]   --->   Operation 75 'phi' 'data_25_val76_rewind' <Predicate = true> <Delay = 0.00>
ST_3 : Operation 76 [1/1] (0.00ns)   --->   "%data_26_val77_rewind = phi i10 0, void %entry, i10 %data_26_val77_phi, void %V32.i.i27.i.i43.exit, i10 0, void %Result" [firmware/nnet_utils/nnet_dense_resource.h:135]   --->   Operation 76 'phi' 'data_26_val77_rewind' <Predicate = true> <Delay = 0.00>
ST_3 : Operation 77 [1/1] (0.00ns)   --->   "%data_27_val78_rewind = phi i10 0, void %entry, i10 %data_27_val78_phi, void %V32.i.i27.i.i43.exit, i10 0, void %Result" [firmware/nnet_utils/nnet_dense_resource.h:135]   --->   Operation 77 'phi' 'data_27_val78_rewind' <Predicate = true> <Delay = 0.00>
ST_3 : Operation 78 [1/1] (0.00ns)   --->   "%data_28_val79_rewind = phi i10 0, void %entry, i10 %data_28_val79_phi, void %V32.i.i27.i.i43.exit, i10 0, void %Result" [firmware/nnet_utils/nnet_dense_resource.h:135]   --->   Operation 78 'phi' 'data_28_val79_rewind' <Predicate = true> <Delay = 0.00>
ST_3 : Operation 79 [1/1] (0.00ns)   --->   "%data_29_val80_rewind = phi i10 0, void %entry, i10 %data_29_val80_phi, void %V32.i.i27.i.i43.exit, i10 0, void %Result" [firmware/nnet_utils/nnet_dense_resource.h:135]   --->   Operation 79 'phi' 'data_29_val80_rewind' <Predicate = true> <Delay = 0.00>
ST_3 : Operation 80 [1/1] (0.00ns)   --->   "%data_30_val81_rewind = phi i10 0, void %entry, i10 %data_30_val81_phi, void %V32.i.i27.i.i43.exit, i10 0, void %Result" [firmware/nnet_utils/nnet_dense_resource.h:135]   --->   Operation 80 'phi' 'data_30_val81_rewind' <Predicate = true> <Delay = 0.00>
ST_3 : Operation 81 [1/1] (0.00ns)   --->   "%data_31_val82_rewind = phi i10 0, void %entry, i10 %data_31_val82_phi, void %V32.i.i27.i.i43.exit, i10 0, void %Result" [firmware/nnet_utils/nnet_dense_resource.h:135]   --->   Operation 81 'phi' 'data_31_val82_rewind' <Predicate = true> <Delay = 0.00>
ST_3 : Operation 82 [1/1] (0.00ns)   --->   "%in_index42 = phi i32 0, void %entry, i32 %in_index, void %V32.i.i27.i.i43.exit, i32 0, void %Result"   --->   Operation 82 'phi' 'in_index42' <Predicate = true> <Delay = 0.00>
ST_3 : Operation 83 [1/1] (0.00ns)   --->   "%acc40 = phi i26 192, void %entry, i26 %acc, void %V32.i.i27.i.i43.exit, i26 192, void %Result"   --->   Operation 83 'phi' 'acc40' <Predicate = true> <Delay = 0.00>
ST_3 : Operation 84 [1/1] (0.00ns)   --->   "%acc_9738 = phi i26 67108608, void %entry, i26 %acc_65, void %V32.i.i27.i.i43.exit, i26 67108608, void %Result"   --->   Operation 84 'phi' 'acc_9738' <Predicate = true> <Delay = 0.00>
ST_3 : Operation 85 [1/1] (0.00ns)   --->   "%acc_9836 = phi i26 128, void %entry, i26 %acc_66, void %V32.i.i27.i.i43.exit, i26 128, void %Result"   --->   Operation 85 'phi' 'acc_9836' <Predicate = true> <Delay = 0.00>
ST_3 : Operation 86 [1/1] (0.00ns)   --->   "%acc_9934 = phi i26 192, void %entry, i26 %acc_67, void %V32.i.i27.i.i43.exit, i26 192, void %Result"   --->   Operation 86 'phi' 'acc_9934' <Predicate = true> <Delay = 0.00>
ST_3 : Operation 87 [1/1] (0.00ns)   --->   "%acc_10032 = phi i26 67108800, void %entry, i26 %acc_68, void %V32.i.i27.i.i43.exit, i26 67108800, void %Result"   --->   Operation 87 'phi' 'acc_10032' <Predicate = true> <Delay = 0.00>
ST_3 : Operation 88 [1/1] (0.00ns)   --->   "%acc_10130 = phi i26 67108736, void %entry, i26 %acc_69, void %V32.i.i27.i.i43.exit, i26 67108736, void %Result"   --->   Operation 88 'phi' 'acc_10130' <Predicate = true> <Delay = 0.00>
ST_3 : Operation 89 [1/1] (0.00ns)   --->   "%acc_10228 = phi i26 192, void %entry, i26 %acc_70, void %V32.i.i27.i.i43.exit, i26 192, void %Result"   --->   Operation 89 'phi' 'acc_10228' <Predicate = true> <Delay = 0.00>
ST_3 : Operation 90 [1/1] (0.00ns)   --->   "%acc_10326 = phi i26 128, void %entry, i26 %acc_71, void %V32.i.i27.i.i43.exit, i26 128, void %Result"   --->   Operation 90 'phi' 'acc_10326' <Predicate = true> <Delay = 0.00>
ST_3 : Operation 91 [1/1] (0.00ns)   --->   "%acc_10424 = phi i26 512, void %entry, i26 %acc_72, void %V32.i.i27.i.i43.exit, i26 512, void %Result"   --->   Operation 91 'phi' 'acc_10424' <Predicate = true> <Delay = 0.00>
ST_3 : Operation 92 [1/1] (0.00ns)   --->   "%acc_10522 = phi i26 384, void %entry, i26 %acc_73, void %V32.i.i27.i.i43.exit, i26 384, void %Result"   --->   Operation 92 'phi' 'acc_10522' <Predicate = true> <Delay = 0.00>
ST_3 : Operation 93 [1/1] (0.00ns)   --->   "%acc_10620 = phi i26 448, void %entry, i26 %acc_74, void %V32.i.i27.i.i43.exit, i26 448, void %Result"   --->   Operation 93 'phi' 'acc_10620' <Predicate = true> <Delay = 0.00>
ST_3 : Operation 94 [1/1] (0.00ns)   --->   "%acc_10718 = phi i26 0, void %entry, i26 %acc_75, void %V32.i.i27.i.i43.exit, i26 0, void %Result"   --->   Operation 94 'phi' 'acc_10718' <Predicate = true> <Delay = 0.00>
ST_3 : Operation 95 [1/1] (0.00ns)   --->   "%acc_10816 = phi i26 0, void %entry, i26 %acc_76, void %V32.i.i27.i.i43.exit, i26 0, void %Result"   --->   Operation 95 'phi' 'acc_10816' <Predicate = true> <Delay = 0.00>
ST_3 : Operation 96 [1/1] (0.00ns)   --->   "%acc_10914 = phi i26 67108800, void %entry, i26 %acc_77, void %V32.i.i27.i.i43.exit, i26 67108800, void %Result"   --->   Operation 96 'phi' 'acc_10914' <Predicate = true> <Delay = 0.00>
ST_3 : Operation 97 [1/1] (0.00ns)   --->   "%acc_11012 = phi i26 192, void %entry, i26 %acc_78, void %V32.i.i27.i.i43.exit, i26 192, void %Result"   --->   Operation 97 'phi' 'acc_11012' <Predicate = true> <Delay = 0.00>
ST_3 : Operation 98 [1/1] (0.00ns)   --->   "%acc_11110 = phi i26 64, void %entry, i26 %acc_79, void %V32.i.i27.i.i43.exit, i26 64, void %Result"   --->   Operation 98 'phi' 'acc_11110' <Predicate = true> <Delay = 0.00>
ST_3 : Operation 99 [1/1] (1.58ns)   --->   "%br_ln0 = br i1 %do_init, void %MultLoop.split, void %rewind_init"   --->   Operation 99 'br' 'br_ln0' <Predicate = true> <Delay = 1.58>
ST_3 : Operation 100 [1/1] (0.00ns)   --->   "%data_0_val51_phi = phi i10 %data_0_val_read, void %rewind_init, i10 %data_0_val51_rewind, void %rewind_header" [firmware/nnet_utils/nnet_dense_resource.h:135]   --->   Operation 100 'phi' 'data_0_val51_phi' <Predicate = true> <Delay = 0.00>
ST_3 : Operation 101 [1/1] (0.00ns)   --->   "%data_1_val52_phi = phi i10 %data_1_val_read, void %rewind_init, i10 %data_1_val52_rewind, void %rewind_header" [firmware/nnet_utils/nnet_dense_resource.h:135]   --->   Operation 101 'phi' 'data_1_val52_phi' <Predicate = true> <Delay = 0.00>
ST_3 : Operation 102 [1/1] (0.00ns)   --->   "%data_2_val53_phi = phi i10 %data_2_val_read, void %rewind_init, i10 %data_2_val53_rewind, void %rewind_header" [firmware/nnet_utils/nnet_dense_resource.h:135]   --->   Operation 102 'phi' 'data_2_val53_phi' <Predicate = true> <Delay = 0.00>
ST_3 : Operation 103 [1/1] (0.00ns)   --->   "%data_3_val54_phi = phi i10 %data_3_val_read, void %rewind_init, i10 %data_3_val54_rewind, void %rewind_header" [firmware/nnet_utils/nnet_dense_resource.h:135]   --->   Operation 103 'phi' 'data_3_val54_phi' <Predicate = true> <Delay = 0.00>
ST_3 : Operation 104 [1/1] (0.00ns)   --->   "%data_4_val55_phi = phi i10 %data_4_val_read, void %rewind_init, i10 %data_4_val55_rewind, void %rewind_header" [firmware/nnet_utils/nnet_dense_resource.h:135]   --->   Operation 104 'phi' 'data_4_val55_phi' <Predicate = true> <Delay = 0.00>
ST_3 : Operation 105 [1/1] (0.00ns)   --->   "%data_5_val56_phi = phi i10 %data_5_val_read, void %rewind_init, i10 %data_5_val56_rewind, void %rewind_header" [firmware/nnet_utils/nnet_dense_resource.h:135]   --->   Operation 105 'phi' 'data_5_val56_phi' <Predicate = true> <Delay = 0.00>
ST_3 : Operation 106 [1/1] (0.00ns)   --->   "%data_6_val57_phi = phi i10 %data_6_val_read, void %rewind_init, i10 %data_6_val57_rewind, void %rewind_header" [firmware/nnet_utils/nnet_dense_resource.h:135]   --->   Operation 106 'phi' 'data_6_val57_phi' <Predicate = true> <Delay = 0.00>
ST_3 : Operation 107 [1/1] (0.00ns)   --->   "%data_7_val58_phi = phi i10 %data_7_val_read, void %rewind_init, i10 %data_7_val58_rewind, void %rewind_header" [firmware/nnet_utils/nnet_dense_resource.h:135]   --->   Operation 107 'phi' 'data_7_val58_phi' <Predicate = true> <Delay = 0.00>
ST_3 : Operation 108 [1/1] (0.00ns)   --->   "%data_8_val59_phi = phi i10 %data_8_val_read, void %rewind_init, i10 %data_8_val59_rewind, void %rewind_header" [firmware/nnet_utils/nnet_dense_resource.h:135]   --->   Operation 108 'phi' 'data_8_val59_phi' <Predicate = true> <Delay = 0.00>
ST_3 : Operation 109 [1/1] (0.00ns)   --->   "%data_9_val60_phi = phi i10 %data_9_val_read, void %rewind_init, i10 %data_9_val60_rewind, void %rewind_header" [firmware/nnet_utils/nnet_dense_resource.h:135]   --->   Operation 109 'phi' 'data_9_val60_phi' <Predicate = true> <Delay = 0.00>
ST_3 : Operation 110 [1/1] (0.00ns)   --->   "%data_10_val61_phi = phi i10 %data_10_val_read, void %rewind_init, i10 %data_10_val61_rewind, void %rewind_header" [firmware/nnet_utils/nnet_dense_resource.h:135]   --->   Operation 110 'phi' 'data_10_val61_phi' <Predicate = true> <Delay = 0.00>
ST_3 : Operation 111 [1/1] (0.00ns)   --->   "%data_11_val62_phi = phi i10 %data_11_val_read, void %rewind_init, i10 %data_11_val62_rewind, void %rewind_header" [firmware/nnet_utils/nnet_dense_resource.h:135]   --->   Operation 111 'phi' 'data_11_val62_phi' <Predicate = true> <Delay = 0.00>
ST_3 : Operation 112 [1/1] (0.00ns)   --->   "%data_12_val63_phi = phi i10 %data_12_val_read, void %rewind_init, i10 %data_12_val63_rewind, void %rewind_header" [firmware/nnet_utils/nnet_dense_resource.h:135]   --->   Operation 112 'phi' 'data_12_val63_phi' <Predicate = true> <Delay = 0.00>
ST_3 : Operation 113 [1/1] (0.00ns)   --->   "%data_13_val64_phi = phi i10 %data_13_val_read, void %rewind_init, i10 %data_13_val64_rewind, void %rewind_header" [firmware/nnet_utils/nnet_dense_resource.h:135]   --->   Operation 113 'phi' 'data_13_val64_phi' <Predicate = true> <Delay = 0.00>
ST_3 : Operation 114 [1/1] (0.00ns)   --->   "%data_14_val65_phi = phi i10 %data_14_val_read, void %rewind_init, i10 %data_14_val65_rewind, void %rewind_header" [firmware/nnet_utils/nnet_dense_resource.h:135]   --->   Operation 114 'phi' 'data_14_val65_phi' <Predicate = true> <Delay = 0.00>
ST_3 : Operation 115 [1/1] (0.00ns)   --->   "%data_15_val66_phi = phi i10 %data_15_val_read, void %rewind_init, i10 %data_15_val66_rewind, void %rewind_header" [firmware/nnet_utils/nnet_dense_resource.h:135]   --->   Operation 115 'phi' 'data_15_val66_phi' <Predicate = true> <Delay = 0.00>
ST_3 : Operation 116 [1/1] (0.00ns)   --->   "%data_16_val67_phi = phi i10 %data_16_val_read, void %rewind_init, i10 %data_16_val67_rewind, void %rewind_header" [firmware/nnet_utils/nnet_dense_resource.h:135]   --->   Operation 116 'phi' 'data_16_val67_phi' <Predicate = true> <Delay = 0.00>
ST_3 : Operation 117 [1/1] (0.00ns)   --->   "%data_17_val68_phi = phi i10 %data_17_val_read, void %rewind_init, i10 %data_17_val68_rewind, void %rewind_header" [firmware/nnet_utils/nnet_dense_resource.h:135]   --->   Operation 117 'phi' 'data_17_val68_phi' <Predicate = true> <Delay = 0.00>
ST_3 : Operation 118 [1/1] (0.00ns)   --->   "%data_18_val69_phi = phi i10 %data_18_val_read, void %rewind_init, i10 %data_18_val69_rewind, void %rewind_header" [firmware/nnet_utils/nnet_dense_resource.h:135]   --->   Operation 118 'phi' 'data_18_val69_phi' <Predicate = true> <Delay = 0.00>
ST_3 : Operation 119 [1/1] (0.00ns)   --->   "%data_19_val70_phi = phi i10 %data_19_val_read, void %rewind_init, i10 %data_19_val70_rewind, void %rewind_header" [firmware/nnet_utils/nnet_dense_resource.h:135]   --->   Operation 119 'phi' 'data_19_val70_phi' <Predicate = true> <Delay = 0.00>
ST_3 : Operation 120 [1/1] (0.00ns)   --->   "%data_20_val71_phi = phi i10 %data_20_val_read, void %rewind_init, i10 %data_20_val71_rewind, void %rewind_header" [firmware/nnet_utils/nnet_dense_resource.h:135]   --->   Operation 120 'phi' 'data_20_val71_phi' <Predicate = true> <Delay = 0.00>
ST_3 : Operation 121 [1/1] (0.00ns)   --->   "%data_21_val72_phi = phi i10 %data_21_val_read, void %rewind_init, i10 %data_21_val72_rewind, void %rewind_header" [firmware/nnet_utils/nnet_dense_resource.h:135]   --->   Operation 121 'phi' 'data_21_val72_phi' <Predicate = true> <Delay = 0.00>
ST_3 : Operation 122 [1/1] (0.00ns)   --->   "%data_22_val73_phi = phi i10 %data_22_val_read, void %rewind_init, i10 %data_22_val73_rewind, void %rewind_header" [firmware/nnet_utils/nnet_dense_resource.h:135]   --->   Operation 122 'phi' 'data_22_val73_phi' <Predicate = true> <Delay = 0.00>
ST_3 : Operation 123 [1/1] (0.00ns)   --->   "%data_23_val74_phi = phi i10 %data_23_val_read, void %rewind_init, i10 %data_23_val74_rewind, void %rewind_header" [firmware/nnet_utils/nnet_dense_resource.h:135]   --->   Operation 123 'phi' 'data_23_val74_phi' <Predicate = true> <Delay = 0.00>
ST_3 : Operation 124 [1/1] (0.00ns)   --->   "%data_24_val75_phi = phi i10 %data_24_val_read, void %rewind_init, i10 %data_24_val75_rewind, void %rewind_header" [firmware/nnet_utils/nnet_dense_resource.h:135]   --->   Operation 124 'phi' 'data_24_val75_phi' <Predicate = true> <Delay = 0.00>
ST_3 : Operation 125 [1/1] (0.00ns)   --->   "%data_25_val76_phi = phi i10 %data_25_val_read, void %rewind_init, i10 %data_25_val76_rewind, void %rewind_header" [firmware/nnet_utils/nnet_dense_resource.h:135]   --->   Operation 125 'phi' 'data_25_val76_phi' <Predicate = true> <Delay = 0.00>
ST_3 : Operation 126 [1/1] (0.00ns)   --->   "%data_26_val77_phi = phi i10 %data_26_val_read, void %rewind_init, i10 %data_26_val77_rewind, void %rewind_header" [firmware/nnet_utils/nnet_dense_resource.h:135]   --->   Operation 126 'phi' 'data_26_val77_phi' <Predicate = true> <Delay = 0.00>
ST_3 : Operation 127 [1/1] (0.00ns)   --->   "%data_27_val78_phi = phi i10 %data_27_val_read, void %rewind_init, i10 %data_27_val78_rewind, void %rewind_header" [firmware/nnet_utils/nnet_dense_resource.h:135]   --->   Operation 127 'phi' 'data_27_val78_phi' <Predicate = true> <Delay = 0.00>
ST_3 : Operation 128 [1/1] (0.00ns)   --->   "%data_28_val79_phi = phi i10 %data_28_val_read, void %rewind_init, i10 %data_28_val79_rewind, void %rewind_header" [firmware/nnet_utils/nnet_dense_resource.h:135]   --->   Operation 128 'phi' 'data_28_val79_phi' <Predicate = true> <Delay = 0.00>
ST_3 : Operation 129 [1/1] (0.00ns)   --->   "%data_29_val80_phi = phi i10 %data_29_val_read, void %rewind_init, i10 %data_29_val80_rewind, void %rewind_header" [firmware/nnet_utils/nnet_dense_resource.h:135]   --->   Operation 129 'phi' 'data_29_val80_phi' <Predicate = true> <Delay = 0.00>
ST_3 : Operation 130 [1/1] (0.00ns)   --->   "%data_30_val81_phi = phi i10 %data_30_val_read, void %rewind_init, i10 %data_30_val81_rewind, void %rewind_header" [firmware/nnet_utils/nnet_dense_resource.h:135]   --->   Operation 130 'phi' 'data_30_val81_phi' <Predicate = true> <Delay = 0.00>
ST_3 : Operation 131 [1/1] (0.00ns)   --->   "%data_31_val82_phi = phi i10 %data_31_val_read, void %rewind_init, i10 %data_31_val82_rewind, void %rewind_header" [firmware/nnet_utils/nnet_dense_resource.h:135]   --->   Operation 131 'phi' 'data_31_val82_phi' <Predicate = true> <Delay = 0.00>
ST_3 : Operation 132 [1/1] (0.00ns)   --->   "%trunc_ln135 = trunc i32 %in_index42" [firmware/nnet_utils/nnet_dense_resource.h:135]   --->   Operation 132 'trunc' 'trunc_ln135' <Predicate = true> <Delay = 0.00>
ST_3 : Operation 133 [1/1] (0.00ns)   --->   "%specpipeline_ln136 = specpipeline void @_ssdm_op_SpecPipeline, i32 1, i32 0, i32 0, i32 1, void @empty_1" [firmware/nnet_utils/nnet_dense_resource.h:136]   --->   Operation 133 'specpipeline' 'specpipeline_ln136' <Predicate = true> <Delay = 0.00>
ST_3 : Operation 134 [1/1] (0.00ns)   --->   "%speclooptripcount_ln110 = speclooptripcount void @_ssdm_op_SpecLoopTripCount, i64 512, i64 512, i64 512" [firmware/nnet_utils/nnet_dense_resource.h:110]   --->   Operation 134 'speclooptripcount' 'speclooptripcount_ln110' <Predicate = true> <Delay = 0.00>
ST_3 : Operation 135 [1/1] (0.00ns)   --->   "%specloopname_ln135 = specloopname void @_ssdm_op_SpecLoopName, void @empty_10" [firmware/nnet_utils/nnet_dense_resource.h:135]   --->   Operation 135 'specloopname' 'specloopname_ln135' <Predicate = true> <Delay = 0.00>
ST_3 : Operation 136 [1/2] ( I:3.25ns O:3.25ns )   --->   "%out_index = load i9 %outidx_18_addr" [firmware/nnet_utils/nnet_dense_resource.h:139]   --->   Operation 136 'load' 'out_index' <Predicate = true> <Delay = 3.25> <CoreInst = "ROM">   --->   Core 94 'ROM' <Latency = 1> <II = 1> <Delay = 3.25> <Storage> <Opcode : 'load'> <Ports = 0> <Width = 4> <Depth = 512> <ROM>
ST_3 : Operation 137 [1/1] (3.20ns)   --->   "%a = sparsemux i10 @_ssdm_op_SparseMux.ap_auto.32i10.i10.i5, i5 0, i10 %data_0_val51_phi, i5 1, i10 %data_1_val52_phi, i5 2, i10 %data_2_val53_phi, i5 3, i10 %data_3_val54_phi, i5 4, i10 %data_4_val55_phi, i5 5, i10 %data_5_val56_phi, i5 6, i10 %data_6_val57_phi, i5 7, i10 %data_7_val58_phi, i5 8, i10 %data_8_val59_phi, i5 9, i10 %data_9_val60_phi, i5 10, i10 %data_10_val61_phi, i5 11, i10 %data_11_val62_phi, i5 12, i10 %data_12_val63_phi, i5 13, i10 %data_13_val64_phi, i5 14, i10 %data_14_val65_phi, i5 15, i10 %data_15_val66_phi, i5 16, i10 %data_16_val67_phi, i5 17, i10 %data_17_val68_phi, i5 18, i10 %data_18_val69_phi, i5 19, i10 %data_19_val70_phi, i5 20, i10 %data_20_val71_phi, i5 21, i10 %data_21_val72_phi, i5 22, i10 %data_22_val73_phi, i5 23, i10 %data_23_val74_phi, i5 24, i10 %data_24_val75_phi, i5 25, i10 %data_25_val76_phi, i5 26, i10 %data_26_val77_phi, i5 27, i10 %data_27_val78_phi, i5 28, i10 %data_28_val79_phi, i5 29, i10 %data_29_val80_phi, i5 30, i10 %data_30_val81_phi, i5 31, i10 %data_31_val82_phi, i10 0, i5 %trunc_ln135" [firmware/nnet_utils/nnet_dense_resource.h:135]   --->   Operation 137 'sparsemux' 'a' <Predicate = true> <Delay = 3.20> <CoreInst = "BinarySparseMux_DontCare">   --->   Core 137 'BinarySparseMux_DontCare' <Latency = 0> <II = 1> <Delay = 3.20> <FuncUnit> <Opcode : 'sparsemux'> <InPorts = 2> <OutPorts = 1>
ST_3 : Operation 138 [1/1] (0.00ns)   --->   "%sext_ln145 = sext i10 %a" [firmware/nnet_utils/nnet_dense_resource.h:145]   --->   Operation 138 'sext' 'sext_ln145' <Predicate = true> <Delay = 0.00>
ST_3 : Operation 139 [1/2] ( I:3.25ns O:3.25ns )   --->   "%w = load i9 %w7_addr" [firmware/nnet_utils/nnet_dense_resource.h:145]   --->   Operation 139 'load' 'w' <Predicate = true> <Delay = 3.25> <CoreInst = "ROM_nP_BRAM">   --->   Core 102 'ROM_nP_BRAM' <Latency = 1> <II = 1> <Delay = 3.25> <Storage> <Opcode : 'load'> <Ports = 0> <Width = 7> <Depth = 512> <ROM>
ST_3 : Operation 140 [1/1] (0.00ns)   --->   "%sext_ln73 = sext i7 %w" [firmware/nnet_utils/nnet_mult.h:73->firmware/nnet_utils/nnet_dense_resource.h:145]   --->   Operation 140 'sext' 'sext_ln73' <Predicate = true> <Delay = 0.00>
ST_3 : Operation 141 [1/1] (3.36ns) (grouped into DSP with root node add_ln144)   --->   "%mul_ln73 = mul i17 %sext_ln145, i17 %sext_ln73" [firmware/nnet_utils/nnet_mult.h:73->firmware/nnet_utils/nnet_dense_resource.h:145]   --->   Operation 141 'mul' 'mul_ln73' <Predicate = true> <Delay = 3.36> <CoreInst = "DSP48">   --->   Core 116 'DSP48' <Latency = 0> <II = 1> <Delay = 6.38> <IPBlock> <Opcode : '' 'add' 'sub' 'mul' 'select'> <InPorts = 0> <OutPorts = 1> <Sync> <CReg>
ST_3 : Operation 142 [1/1] (2.06ns)   --->   "%tmp = sparsemux i26 @_ssdm_op_SparseMux.ap_auto.16i26.i26.i4, i4 0, i26 %acc40, i4 1, i26 %acc_9738, i4 2, i26 %acc_9836, i4 3, i26 %acc_9934, i4 4, i26 %acc_10032, i4 5, i26 %acc_10130, i4 6, i26 %acc_10228, i4 7, i26 %acc_10326, i4 8, i26 %acc_10424, i4 9, i26 %acc_10522, i4 10, i26 %acc_10620, i4 11, i26 %acc_10718, i4 12, i26 %acc_10816, i4 13, i26 %acc_10914, i4 14, i26 %acc_11012, i4 15, i26 %acc_11110, i26 0, i4 %out_index" [firmware/nnet_utils/nnet_dense_resource.h:144]   --->   Operation 142 'sparsemux' 'tmp' <Predicate = true> <Delay = 2.06> <CoreInst = "BinarySparseMux_DontCare">   --->   Core 137 'BinarySparseMux_DontCare' <Latency = 0> <II = 1> <Delay = 2.06> <FuncUnit> <Opcode : 'sparsemux'> <InPorts = 2> <OutPorts = 1>
ST_3 : Operation 143 [1/1] (0.00ns)   --->   "%sext_ln144 = sext i26 %tmp" [firmware/nnet_utils/nnet_dense_resource.h:144]   --->   Operation 143 'sext' 'sext_ln144' <Predicate = true> <Delay = 0.00>
ST_3 : Operation 144 [1/1] (0.00ns) (grouped into DSP with root node add_ln144)   --->   "%sext_ln144_2 = sext i17 %mul_ln73" [firmware/nnet_utils/nnet_dense_resource.h:144]   --->   Operation 144 'sext' 'sext_ln144_2' <Predicate = true> <Delay = 0.00>
ST_3 : Operation 145 [1/1] (3.02ns) (root node of the DSP)   --->   "%add_ln144 = add i27 %sext_ln144, i27 %sext_ln144_2" [firmware/nnet_utils/nnet_dense_resource.h:144]   --->   Operation 145 'add' 'add_ln144' <Predicate = true> <Delay = 3.02> <CoreInst = "DSP48">   --->   Core 116 'DSP48' <Latency = 0> <II = 1> <Delay = 6.38> <IPBlock> <Opcode : '' 'add' 'sub' 'mul' 'select'> <InPorts = 0> <OutPorts = 1> <Sync> <CReg>
ST_3 : Operation 146 [1/1] (2.40ns)   --->   "%icmp_ln144 = icmp_eq  i27 %add_ln144, i27 0" [firmware/nnet_utils/nnet_dense_resource.h:144]   --->   Operation 146 'icmp' 'icmp_ln144' <Predicate = true> <Delay = 2.40> <CoreInst = "Cmp">   --->   Core 9 'Cmp' <Latency = 0> <II = 1> <Delay = 2.40> <FuncUnit> <Opcode : 'seteq' 'setne' 'setle' 'setge' 'setlt' 'setgt'> <InPorts = 2> <OutPorts = 1>
ST_3 : Operation 147 [1/1] (1.58ns)   --->   "%br_ln144 = br i1 %icmp_ln144, void %if.end.i.i, void %if.then.i.i" [firmware/nnet_utils/nnet_dense_resource.h:144]   --->   Operation 147 'br' 'br_ln144' <Predicate = true> <Delay = 1.58>
ST_3 : Operation 148 [1/1] (1.73ns)   --->   "%switch_ln144 = switch i4 %out_index, void %V32.i.i27.i.i43.case.1537, i4 0, void %V32.i.i27.i.i43.case.022, i4 1, void %V32.i.i27.i.i43.case.123, i4 2, void %V32.i.i27.i.i43.case.224, i4 3, void %V32.i.i27.i.i43.case.325, i4 4, void %V32.i.i27.i.i43.case.426, i4 5, void %V32.i.i27.i.i43.case.527, i4 6, void %V32.i.i27.i.i43.case.628, i4 7, void %V32.i.i27.i.i43.case.729, i4 8, void %V32.i.i27.i.i43.case.830, i4 9, void %V32.i.i27.i.i43.case.931, i4 10, void %V32.i.i27.i.i43.case.1032, i4 11, void %V32.i.i27.i.i43.case.1133, i4 12, void %V32.i.i27.i.i43.case.1234, i4 13, void %V32.i.i27.i.i43.case.1335, i4 14, void %if.end.i.i" [firmware/nnet_utils/nnet_dense_resource.h:144]   --->   Operation 148 'switch' 'switch_ln144' <Predicate = (icmp_ln144)> <Delay = 1.73>
ST_3 : Operation 149 [1/1] (1.58ns)   --->   "%br_ln144 = br void %if.end.i.i" [firmware/nnet_utils/nnet_dense_resource.h:144]   --->   Operation 149 'br' 'br_ln144' <Predicate = (icmp_ln144 & out_index == 13)> <Delay = 1.58>
ST_3 : Operation 150 [1/1] (1.58ns)   --->   "%br_ln144 = br void %if.end.i.i" [firmware/nnet_utils/nnet_dense_resource.h:144]   --->   Operation 150 'br' 'br_ln144' <Predicate = (icmp_ln144 & out_index == 12)> <Delay = 1.58>
ST_3 : Operation 151 [1/1] (1.58ns)   --->   "%br_ln144 = br void %if.end.i.i" [firmware/nnet_utils/nnet_dense_resource.h:144]   --->   Operation 151 'br' 'br_ln144' <Predicate = (icmp_ln144 & out_index == 11)> <Delay = 1.58>
ST_3 : Operation 152 [1/1] (1.58ns)   --->   "%br_ln144 = br void %if.end.i.i" [firmware/nnet_utils/nnet_dense_resource.h:144]   --->   Operation 152 'br' 'br_ln144' <Predicate = (icmp_ln144 & out_index == 10)> <Delay = 1.58>
ST_3 : Operation 153 [1/1] (1.58ns)   --->   "%br_ln144 = br void %if.end.i.i" [firmware/nnet_utils/nnet_dense_resource.h:144]   --->   Operation 153 'br' 'br_ln144' <Predicate = (icmp_ln144 & out_index == 9)> <Delay = 1.58>
ST_3 : Operation 154 [1/1] (1.58ns)   --->   "%br_ln144 = br void %if.end.i.i" [firmware/nnet_utils/nnet_dense_resource.h:144]   --->   Operation 154 'br' 'br_ln144' <Predicate = (icmp_ln144 & out_index == 8)> <Delay = 1.58>
ST_3 : Operation 155 [1/1] (1.58ns)   --->   "%br_ln144 = br void %if.end.i.i" [firmware/nnet_utils/nnet_dense_resource.h:144]   --->   Operation 155 'br' 'br_ln144' <Predicate = (icmp_ln144 & out_index == 7)> <Delay = 1.58>
ST_3 : Operation 156 [1/1] (1.58ns)   --->   "%br_ln144 = br void %if.end.i.i" [firmware/nnet_utils/nnet_dense_resource.h:144]   --->   Operation 156 'br' 'br_ln144' <Predicate = (icmp_ln144 & out_index == 6)> <Delay = 1.58>
ST_3 : Operation 157 [1/1] (1.58ns)   --->   "%br_ln144 = br void %if.end.i.i" [firmware/nnet_utils/nnet_dense_resource.h:144]   --->   Operation 157 'br' 'br_ln144' <Predicate = (icmp_ln144 & out_index == 5)> <Delay = 1.58>
ST_3 : Operation 158 [1/1] (1.58ns)   --->   "%br_ln144 = br void %if.end.i.i" [firmware/nnet_utils/nnet_dense_resource.h:144]   --->   Operation 158 'br' 'br_ln144' <Predicate = (icmp_ln144 & out_index == 4)> <Delay = 1.58>
ST_3 : Operation 159 [1/1] (1.58ns)   --->   "%br_ln144 = br void %if.end.i.i" [firmware/nnet_utils/nnet_dense_resource.h:144]   --->   Operation 159 'br' 'br_ln144' <Predicate = (icmp_ln144 & out_index == 3)> <Delay = 1.58>
ST_3 : Operation 160 [1/1] (1.58ns)   --->   "%br_ln144 = br void %if.end.i.i" [firmware/nnet_utils/nnet_dense_resource.h:144]   --->   Operation 160 'br' 'br_ln144' <Predicate = (icmp_ln144 & out_index == 2)> <Delay = 1.58>
ST_3 : Operation 161 [1/1] (1.58ns)   --->   "%br_ln144 = br void %if.end.i.i" [firmware/nnet_utils/nnet_dense_resource.h:144]   --->   Operation 161 'br' 'br_ln144' <Predicate = (icmp_ln144 & out_index == 1)> <Delay = 1.58>
ST_3 : Operation 162 [1/1] (1.58ns)   --->   "%br_ln144 = br void %if.end.i.i" [firmware/nnet_utils/nnet_dense_resource.h:144]   --->   Operation 162 'br' 'br_ln144' <Predicate = (icmp_ln144 & out_index == 0)> <Delay = 1.58>
ST_3 : Operation 163 [1/1] (1.58ns)   --->   "%br_ln144 = br void %if.end.i.i" [firmware/nnet_utils/nnet_dense_resource.h:144]   --->   Operation 163 'br' 'br_ln144' <Predicate = (icmp_ln144 & out_index == 15)> <Delay = 1.58>
ST_3 : Operation 164 [1/1] (0.00ns)   --->   "%acc_95 = phi i26 0, void %V32.i.i27.i.i43.case.1537, i26 %acc_11110, void %V32.i.i27.i.i43.case.1335, i26 %acc_11110, void %V32.i.i27.i.i43.case.1234, i26 %acc_11110, void %V32.i.i27.i.i43.case.1133, i26 %acc_11110, void %V32.i.i27.i.i43.case.1032, i26 %acc_11110, void %V32.i.i27.i.i43.case.931, i26 %acc_11110, void %V32.i.i27.i.i43.case.830, i26 %acc_11110, void %V32.i.i27.i.i43.case.729, i26 %acc_11110, void %V32.i.i27.i.i43.case.628, i26 %acc_11110, void %V32.i.i27.i.i43.case.527, i26 %acc_11110, void %V32.i.i27.i.i43.case.426, i26 %acc_11110, void %V32.i.i27.i.i43.case.325, i26 %acc_11110, void %V32.i.i27.i.i43.case.224, i26 %acc_11110, void %V32.i.i27.i.i43.case.123, i26 %acc_11110, void %V32.i.i27.i.i43.case.022, i26 %acc_11110, void %MultLoop.split, i26 %acc_11110, void %if.then.i.i" [firmware/nnet_utils/nnet_dense_resource.h:144]   --->   Operation 164 'phi' 'acc_95' <Predicate = true> <Delay = 0.00>
ST_3 : Operation 165 [1/1] (0.00ns)   --->   "%acc_94 = phi i26 %acc_11012, void %V32.i.i27.i.i43.case.1537, i26 %acc_11012, void %V32.i.i27.i.i43.case.1335, i26 %acc_11012, void %V32.i.i27.i.i43.case.1234, i26 %acc_11012, void %V32.i.i27.i.i43.case.1133, i26 %acc_11012, void %V32.i.i27.i.i43.case.1032, i26 %acc_11012, void %V32.i.i27.i.i43.case.931, i26 %acc_11012, void %V32.i.i27.i.i43.case.830, i26 %acc_11012, void %V32.i.i27.i.i43.case.729, i26 %acc_11012, void %V32.i.i27.i.i43.case.628, i26 %acc_11012, void %V32.i.i27.i.i43.case.527, i26 %acc_11012, void %V32.i.i27.i.i43.case.426, i26 %acc_11012, void %V32.i.i27.i.i43.case.325, i26 %acc_11012, void %V32.i.i27.i.i43.case.224, i26 %acc_11012, void %V32.i.i27.i.i43.case.123, i26 %acc_11012, void %V32.i.i27.i.i43.case.022, i26 %acc_11012, void %MultLoop.split, i26 0, void %if.then.i.i" [firmware/nnet_utils/nnet_dense_resource.h:144]   --->   Operation 165 'phi' 'acc_94' <Predicate = true> <Delay = 0.00>
ST_3 : Operation 166 [1/1] (0.00ns)   --->   "%acc_93 = phi i26 %acc_10914, void %V32.i.i27.i.i43.case.1537, i26 0, void %V32.i.i27.i.i43.case.1335, i26 %acc_10914, void %V32.i.i27.i.i43.case.1234, i26 %acc_10914, void %V32.i.i27.i.i43.case.1133, i26 %acc_10914, void %V32.i.i27.i.i43.case.1032, i26 %acc_10914, void %V32.i.i27.i.i43.case.931, i26 %acc_10914, void %V32.i.i27.i.i43.case.830, i26 %acc_10914, void %V32.i.i27.i.i43.case.729, i26 %acc_10914, void %V32.i.i27.i.i43.case.628, i26 %acc_10914, void %V32.i.i27.i.i43.case.527, i26 %acc_10914, void %V32.i.i27.i.i43.case.426, i26 %acc_10914, void %V32.i.i27.i.i43.case.325, i26 %acc_10914, void %V32.i.i27.i.i43.case.224, i26 %acc_10914, void %V32.i.i27.i.i43.case.123, i26 %acc_10914, void %V32.i.i27.i.i43.case.022, i26 %acc_10914, void %MultLoop.split, i26 %acc_10914, void %if.then.i.i" [firmware/nnet_utils/nnet_dense_resource.h:144]   --->   Operation 166 'phi' 'acc_93' <Predicate = true> <Delay = 0.00>
ST_3 : Operation 167 [1/1] (0.00ns)   --->   "%acc_92 = phi i26 %acc_10816, void %V32.i.i27.i.i43.case.1537, i26 %acc_10816, void %V32.i.i27.i.i43.case.1335, i26 0, void %V32.i.i27.i.i43.case.1234, i26 %acc_10816, void %V32.i.i27.i.i43.case.1133, i26 %acc_10816, void %V32.i.i27.i.i43.case.1032, i26 %acc_10816, void %V32.i.i27.i.i43.case.931, i26 %acc_10816, void %V32.i.i27.i.i43.case.830, i26 %acc_10816, void %V32.i.i27.i.i43.case.729, i26 %acc_10816, void %V32.i.i27.i.i43.case.628, i26 %acc_10816, void %V32.i.i27.i.i43.case.527, i26 %acc_10816, void %V32.i.i27.i.i43.case.426, i26 %acc_10816, void %V32.i.i27.i.i43.case.325, i26 %acc_10816, void %V32.i.i27.i.i43.case.224, i26 %acc_10816, void %V32.i.i27.i.i43.case.123, i26 %acc_10816, void %V32.i.i27.i.i43.case.022, i26 %acc_10816, void %MultLoop.split, i26 %acc_10816, void %if.then.i.i" [firmware/nnet_utils/nnet_dense_resource.h:144]   --->   Operation 167 'phi' 'acc_92' <Predicate = true> <Delay = 0.00>
ST_3 : Operation 168 [1/1] (0.00ns)   --->   "%acc_91 = phi i26 %acc_10718, void %V32.i.i27.i.i43.case.1537, i26 %acc_10718, void %V32.i.i27.i.i43.case.1335, i26 %acc_10718, void %V32.i.i27.i.i43.case.1234, i26 0, void %V32.i.i27.i.i43.case.1133, i26 %acc_10718, void %V32.i.i27.i.i43.case.1032, i26 %acc_10718, void %V32.i.i27.i.i43.case.931, i26 %acc_10718, void %V32.i.i27.i.i43.case.830, i26 %acc_10718, void %V32.i.i27.i.i43.case.729, i26 %acc_10718, void %V32.i.i27.i.i43.case.628, i26 %acc_10718, void %V32.i.i27.i.i43.case.527, i26 %acc_10718, void %V32.i.i27.i.i43.case.426, i26 %acc_10718, void %V32.i.i27.i.i43.case.325, i26 %acc_10718, void %V32.i.i27.i.i43.case.224, i26 %acc_10718, void %V32.i.i27.i.i43.case.123, i26 %acc_10718, void %V32.i.i27.i.i43.case.022, i26 %acc_10718, void %MultLoop.split, i26 %acc_10718, void %if.then.i.i" [firmware/nnet_utils/nnet_dense_resource.h:144]   --->   Operation 168 'phi' 'acc_91' <Predicate = true> <Delay = 0.00>
ST_3 : Operation 169 [1/1] (0.00ns)   --->   "%acc_90 = phi i26 %acc_10620, void %V32.i.i27.i.i43.case.1537, i26 %acc_10620, void %V32.i.i27.i.i43.case.1335, i26 %acc_10620, void %V32.i.i27.i.i43.case.1234, i26 %acc_10620, void %V32.i.i27.i.i43.case.1133, i26 0, void %V32.i.i27.i.i43.case.1032, i26 %acc_10620, void %V32.i.i27.i.i43.case.931, i26 %acc_10620, void %V32.i.i27.i.i43.case.830, i26 %acc_10620, void %V32.i.i27.i.i43.case.729, i26 %acc_10620, void %V32.i.i27.i.i43.case.628, i26 %acc_10620, void %V32.i.i27.i.i43.case.527, i26 %acc_10620, void %V32.i.i27.i.i43.case.426, i26 %acc_10620, void %V32.i.i27.i.i43.case.325, i26 %acc_10620, void %V32.i.i27.i.i43.case.224, i26 %acc_10620, void %V32.i.i27.i.i43.case.123, i26 %acc_10620, void %V32.i.i27.i.i43.case.022, i26 %acc_10620, void %MultLoop.split, i26 %acc_10620, void %if.then.i.i" [firmware/nnet_utils/nnet_dense_resource.h:144]   --->   Operation 169 'phi' 'acc_90' <Predicate = true> <Delay = 0.00>
ST_3 : Operation 170 [1/1] (0.00ns)   --->   "%acc_89 = phi i26 %acc_10522, void %V32.i.i27.i.i43.case.1537, i26 %acc_10522, void %V32.i.i27.i.i43.case.1335, i26 %acc_10522, void %V32.i.i27.i.i43.case.1234, i26 %acc_10522, void %V32.i.i27.i.i43.case.1133, i26 %acc_10522, void %V32.i.i27.i.i43.case.1032, i26 0, void %V32.i.i27.i.i43.case.931, i26 %acc_10522, void %V32.i.i27.i.i43.case.830, i26 %acc_10522, void %V32.i.i27.i.i43.case.729, i26 %acc_10522, void %V32.i.i27.i.i43.case.628, i26 %acc_10522, void %V32.i.i27.i.i43.case.527, i26 %acc_10522, void %V32.i.i27.i.i43.case.426, i26 %acc_10522, void %V32.i.i27.i.i43.case.325, i26 %acc_10522, void %V32.i.i27.i.i43.case.224, i26 %acc_10522, void %V32.i.i27.i.i43.case.123, i26 %acc_10522, void %V32.i.i27.i.i43.case.022, i26 %acc_10522, void %MultLoop.split, i26 %acc_10522, void %if.then.i.i" [firmware/nnet_utils/nnet_dense_resource.h:144]   --->   Operation 170 'phi' 'acc_89' <Predicate = true> <Delay = 0.00>
ST_3 : Operation 171 [1/1] (0.00ns)   --->   "%acc_88 = phi i26 %acc_10424, void %V32.i.i27.i.i43.case.1537, i26 %acc_10424, void %V32.i.i27.i.i43.case.1335, i26 %acc_10424, void %V32.i.i27.i.i43.case.1234, i26 %acc_10424, void %V32.i.i27.i.i43.case.1133, i26 %acc_10424, void %V32.i.i27.i.i43.case.1032, i26 %acc_10424, void %V32.i.i27.i.i43.case.931, i26 0, void %V32.i.i27.i.i43.case.830, i26 %acc_10424, void %V32.i.i27.i.i43.case.729, i26 %acc_10424, void %V32.i.i27.i.i43.case.628, i26 %acc_10424, void %V32.i.i27.i.i43.case.527, i26 %acc_10424, void %V32.i.i27.i.i43.case.426, i26 %acc_10424, void %V32.i.i27.i.i43.case.325, i26 %acc_10424, void %V32.i.i27.i.i43.case.224, i26 %acc_10424, void %V32.i.i27.i.i43.case.123, i26 %acc_10424, void %V32.i.i27.i.i43.case.022, i26 %acc_10424, void %MultLoop.split, i26 %acc_10424, void %if.then.i.i" [firmware/nnet_utils/nnet_dense_resource.h:144]   --->   Operation 171 'phi' 'acc_88' <Predicate = true> <Delay = 0.00>
ST_3 : Operation 172 [1/1] (0.00ns)   --->   "%acc_87 = phi i26 %acc_10326, void %V32.i.i27.i.i43.case.1537, i26 %acc_10326, void %V32.i.i27.i.i43.case.1335, i26 %acc_10326, void %V32.i.i27.i.i43.case.1234, i26 %acc_10326, void %V32.i.i27.i.i43.case.1133, i26 %acc_10326, void %V32.i.i27.i.i43.case.1032, i26 %acc_10326, void %V32.i.i27.i.i43.case.931, i26 %acc_10326, void %V32.i.i27.i.i43.case.830, i26 0, void %V32.i.i27.i.i43.case.729, i26 %acc_10326, void %V32.i.i27.i.i43.case.628, i26 %acc_10326, void %V32.i.i27.i.i43.case.527, i26 %acc_10326, void %V32.i.i27.i.i43.case.426, i26 %acc_10326, void %V32.i.i27.i.i43.case.325, i26 %acc_10326, void %V32.i.i27.i.i43.case.224, i26 %acc_10326, void %V32.i.i27.i.i43.case.123, i26 %acc_10326, void %V32.i.i27.i.i43.case.022, i26 %acc_10326, void %MultLoop.split, i26 %acc_10326, void %if.then.i.i" [firmware/nnet_utils/nnet_dense_resource.h:144]   --->   Operation 172 'phi' 'acc_87' <Predicate = true> <Delay = 0.00>
ST_3 : Operation 173 [1/1] (0.00ns)   --->   "%acc_86 = phi i26 %acc_10228, void %V32.i.i27.i.i43.case.1537, i26 %acc_10228, void %V32.i.i27.i.i43.case.1335, i26 %acc_10228, void %V32.i.i27.i.i43.case.1234, i26 %acc_10228, void %V32.i.i27.i.i43.case.1133, i26 %acc_10228, void %V32.i.i27.i.i43.case.1032, i26 %acc_10228, void %V32.i.i27.i.i43.case.931, i26 %acc_10228, void %V32.i.i27.i.i43.case.830, i26 %acc_10228, void %V32.i.i27.i.i43.case.729, i26 0, void %V32.i.i27.i.i43.case.628, i26 %acc_10228, void %V32.i.i27.i.i43.case.527, i26 %acc_10228, void %V32.i.i27.i.i43.case.426, i26 %acc_10228, void %V32.i.i27.i.i43.case.325, i26 %acc_10228, void %V32.i.i27.i.i43.case.224, i26 %acc_10228, void %V32.i.i27.i.i43.case.123, i26 %acc_10228, void %V32.i.i27.i.i43.case.022, i26 %acc_10228, void %MultLoop.split, i26 %acc_10228, void %if.then.i.i" [firmware/nnet_utils/nnet_dense_resource.h:144]   --->   Operation 173 'phi' 'acc_86' <Predicate = true> <Delay = 0.00>
ST_3 : Operation 174 [1/1] (0.00ns)   --->   "%acc_85 = phi i26 %acc_10130, void %V32.i.i27.i.i43.case.1537, i26 %acc_10130, void %V32.i.i27.i.i43.case.1335, i26 %acc_10130, void %V32.i.i27.i.i43.case.1234, i26 %acc_10130, void %V32.i.i27.i.i43.case.1133, i26 %acc_10130, void %V32.i.i27.i.i43.case.1032, i26 %acc_10130, void %V32.i.i27.i.i43.case.931, i26 %acc_10130, void %V32.i.i27.i.i43.case.830, i26 %acc_10130, void %V32.i.i27.i.i43.case.729, i26 %acc_10130, void %V32.i.i27.i.i43.case.628, i26 0, void %V32.i.i27.i.i43.case.527, i26 %acc_10130, void %V32.i.i27.i.i43.case.426, i26 %acc_10130, void %V32.i.i27.i.i43.case.325, i26 %acc_10130, void %V32.i.i27.i.i43.case.224, i26 %acc_10130, void %V32.i.i27.i.i43.case.123, i26 %acc_10130, void %V32.i.i27.i.i43.case.022, i26 %acc_10130, void %MultLoop.split, i26 %acc_10130, void %if.then.i.i" [firmware/nnet_utils/nnet_dense_resource.h:144]   --->   Operation 174 'phi' 'acc_85' <Predicate = true> <Delay = 0.00>
ST_3 : Operation 175 [1/1] (0.00ns)   --->   "%acc_84 = phi i26 %acc_10032, void %V32.i.i27.i.i43.case.1537, i26 %acc_10032, void %V32.i.i27.i.i43.case.1335, i26 %acc_10032, void %V32.i.i27.i.i43.case.1234, i26 %acc_10032, void %V32.i.i27.i.i43.case.1133, i26 %acc_10032, void %V32.i.i27.i.i43.case.1032, i26 %acc_10032, void %V32.i.i27.i.i43.case.931, i26 %acc_10032, void %V32.i.i27.i.i43.case.830, i26 %acc_10032, void %V32.i.i27.i.i43.case.729, i26 %acc_10032, void %V32.i.i27.i.i43.case.628, i26 %acc_10032, void %V32.i.i27.i.i43.case.527, i26 0, void %V32.i.i27.i.i43.case.426, i26 %acc_10032, void %V32.i.i27.i.i43.case.325, i26 %acc_10032, void %V32.i.i27.i.i43.case.224, i26 %acc_10032, void %V32.i.i27.i.i43.case.123, i26 %acc_10032, void %V32.i.i27.i.i43.case.022, i26 %acc_10032, void %MultLoop.split, i26 %acc_10032, void %if.then.i.i" [firmware/nnet_utils/nnet_dense_resource.h:144]   --->   Operation 175 'phi' 'acc_84' <Predicate = true> <Delay = 0.00>
ST_3 : Operation 176 [1/1] (0.00ns)   --->   "%acc_83 = phi i26 %acc_9934, void %V32.i.i27.i.i43.case.1537, i26 %acc_9934, void %V32.i.i27.i.i43.case.1335, i26 %acc_9934, void %V32.i.i27.i.i43.case.1234, i26 %acc_9934, void %V32.i.i27.i.i43.case.1133, i26 %acc_9934, void %V32.i.i27.i.i43.case.1032, i26 %acc_9934, void %V32.i.i27.i.i43.case.931, i26 %acc_9934, void %V32.i.i27.i.i43.case.830, i26 %acc_9934, void %V32.i.i27.i.i43.case.729, i26 %acc_9934, void %V32.i.i27.i.i43.case.628, i26 %acc_9934, void %V32.i.i27.i.i43.case.527, i26 %acc_9934, void %V32.i.i27.i.i43.case.426, i26 0, void %V32.i.i27.i.i43.case.325, i26 %acc_9934, void %V32.i.i27.i.i43.case.224, i26 %acc_9934, void %V32.i.i27.i.i43.case.123, i26 %acc_9934, void %V32.i.i27.i.i43.case.022, i26 %acc_9934, void %MultLoop.split, i26 %acc_9934, void %if.then.i.i" [firmware/nnet_utils/nnet_dense_resource.h:144]   --->   Operation 176 'phi' 'acc_83' <Predicate = true> <Delay = 0.00>
ST_3 : Operation 177 [1/1] (0.00ns)   --->   "%acc_82 = phi i26 %acc_9836, void %V32.i.i27.i.i43.case.1537, i26 %acc_9836, void %V32.i.i27.i.i43.case.1335, i26 %acc_9836, void %V32.i.i27.i.i43.case.1234, i26 %acc_9836, void %V32.i.i27.i.i43.case.1133, i26 %acc_9836, void %V32.i.i27.i.i43.case.1032, i26 %acc_9836, void %V32.i.i27.i.i43.case.931, i26 %acc_9836, void %V32.i.i27.i.i43.case.830, i26 %acc_9836, void %V32.i.i27.i.i43.case.729, i26 %acc_9836, void %V32.i.i27.i.i43.case.628, i26 %acc_9836, void %V32.i.i27.i.i43.case.527, i26 %acc_9836, void %V32.i.i27.i.i43.case.426, i26 %acc_9836, void %V32.i.i27.i.i43.case.325, i26 0, void %V32.i.i27.i.i43.case.224, i26 %acc_9836, void %V32.i.i27.i.i43.case.123, i26 %acc_9836, void %V32.i.i27.i.i43.case.022, i26 %acc_9836, void %MultLoop.split, i26 %acc_9836, void %if.then.i.i" [firmware/nnet_utils/nnet_dense_resource.h:144]   --->   Operation 177 'phi' 'acc_82' <Predicate = true> <Delay = 0.00>
ST_3 : Operation 178 [1/1] (0.00ns)   --->   "%acc_81 = phi i26 %acc_9738, void %V32.i.i27.i.i43.case.1537, i26 %acc_9738, void %V32.i.i27.i.i43.case.1335, i26 %acc_9738, void %V32.i.i27.i.i43.case.1234, i26 %acc_9738, void %V32.i.i27.i.i43.case.1133, i26 %acc_9738, void %V32.i.i27.i.i43.case.1032, i26 %acc_9738, void %V32.i.i27.i.i43.case.931, i26 %acc_9738, void %V32.i.i27.i.i43.case.830, i26 %acc_9738, void %V32.i.i27.i.i43.case.729, i26 %acc_9738, void %V32.i.i27.i.i43.case.628, i26 %acc_9738, void %V32.i.i27.i.i43.case.527, i26 %acc_9738, void %V32.i.i27.i.i43.case.426, i26 %acc_9738, void %V32.i.i27.i.i43.case.325, i26 %acc_9738, void %V32.i.i27.i.i43.case.224, i26 0, void %V32.i.i27.i.i43.case.123, i26 %acc_9738, void %V32.i.i27.i.i43.case.022, i26 %acc_9738, void %MultLoop.split, i26 %acc_9738, void %if.then.i.i" [firmware/nnet_utils/nnet_dense_resource.h:144]   --->   Operation 178 'phi' 'acc_81' <Predicate = true> <Delay = 0.00>
ST_3 : Operation 179 [1/1] (0.00ns)   --->   "%acc_80 = phi i26 %acc40, void %V32.i.i27.i.i43.case.1537, i26 %acc40, void %V32.i.i27.i.i43.case.1335, i26 %acc40, void %V32.i.i27.i.i43.case.1234, i26 %acc40, void %V32.i.i27.i.i43.case.1133, i26 %acc40, void %V32.i.i27.i.i43.case.1032, i26 %acc40, void %V32.i.i27.i.i43.case.931, i26 %acc40, void %V32.i.i27.i.i43.case.830, i26 %acc40, void %V32.i.i27.i.i43.case.729, i26 %acc40, void %V32.i.i27.i.i43.case.628, i26 %acc40, void %V32.i.i27.i.i43.case.527, i26 %acc40, void %V32.i.i27.i.i43.case.426, i26 %acc40, void %V32.i.i27.i.i43.case.325, i26 %acc40, void %V32.i.i27.i.i43.case.224, i26 %acc40, void %V32.i.i27.i.i43.case.123, i26 0, void %V32.i.i27.i.i43.case.022, i26 %acc40, void %MultLoop.split, i26 %acc40, void %if.then.i.i" [firmware/nnet_utils/nnet_dense_resource.h:144]   --->   Operation 179 'phi' 'acc_80' <Predicate = true> <Delay = 0.00>
ST_3 : Operation 180 [1/1] (0.00ns)   --->   "%acc_96 = trunc i27 %add_ln144" [firmware/nnet_utils/nnet_dense_resource.h:144]   --->   Operation 180 'trunc' 'acc_96' <Predicate = true> <Delay = 0.00>
ST_3 : Operation 181 [1/1] (1.73ns)   --->   "%switch_ln144 = switch i4 %out_index, void %V32.i.i27.i.i43.case.15, i4 0, void %V32.i.i27.i.i43.case.0, i4 1, void %V32.i.i27.i.i43.case.1, i4 2, void %V32.i.i27.i.i43.case.2, i4 3, void %V32.i.i27.i.i43.case.3, i4 4, void %V32.i.i27.i.i43.case.4, i4 5, void %V32.i.i27.i.i43.case.5, i4 6, void %V32.i.i27.i.i43.case.6, i4 7, void %V32.i.i27.i.i43.case.7, i4 8, void %V32.i.i27.i.i43.case.8, i4 9, void %V32.i.i27.i.i43.case.9, i4 10, void %V32.i.i27.i.i43.case.10, i4 11, void %V32.i.i27.i.i43.case.11, i4 12, void %V32.i.i27.i.i43.case.12, i4 13, void %V32.i.i27.i.i43.case.13, i4 14, void %V32.i.i27.i.i43.exit" [firmware/nnet_utils/nnet_dense_resource.h:144]   --->   Operation 181 'switch' 'switch_ln144' <Predicate = true> <Delay = 1.73>
ST_3 : Operation 182 [1/1] (1.58ns)   --->   "%br_ln144 = br void %V32.i.i27.i.i43.exit" [firmware/nnet_utils/nnet_dense_resource.h:144]   --->   Operation 182 'br' 'br_ln144' <Predicate = (out_index == 13)> <Delay = 1.58>
ST_3 : Operation 183 [1/1] (1.58ns)   --->   "%br_ln144 = br void %V32.i.i27.i.i43.exit" [firmware/nnet_utils/nnet_dense_resource.h:144]   --->   Operation 183 'br' 'br_ln144' <Predicate = (out_index == 12)> <Delay = 1.58>
ST_3 : Operation 184 [1/1] (1.58ns)   --->   "%br_ln144 = br void %V32.i.i27.i.i43.exit" [firmware/nnet_utils/nnet_dense_resource.h:144]   --->   Operation 184 'br' 'br_ln144' <Predicate = (out_index == 11)> <Delay = 1.58>
ST_3 : Operation 185 [1/1] (1.58ns)   --->   "%br_ln144 = br void %V32.i.i27.i.i43.exit" [firmware/nnet_utils/nnet_dense_resource.h:144]   --->   Operation 185 'br' 'br_ln144' <Predicate = (out_index == 10)> <Delay = 1.58>
ST_3 : Operation 186 [1/1] (1.58ns)   --->   "%br_ln144 = br void %V32.i.i27.i.i43.exit" [firmware/nnet_utils/nnet_dense_resource.h:144]   --->   Operation 186 'br' 'br_ln144' <Predicate = (out_index == 9)> <Delay = 1.58>
ST_3 : Operation 187 [1/1] (1.58ns)   --->   "%br_ln144 = br void %V32.i.i27.i.i43.exit" [firmware/nnet_utils/nnet_dense_resource.h:144]   --->   Operation 187 'br' 'br_ln144' <Predicate = (out_index == 8)> <Delay = 1.58>
ST_3 : Operation 188 [1/1] (1.58ns)   --->   "%br_ln144 = br void %V32.i.i27.i.i43.exit" [firmware/nnet_utils/nnet_dense_resource.h:144]   --->   Operation 188 'br' 'br_ln144' <Predicate = (out_index == 7)> <Delay = 1.58>
ST_3 : Operation 189 [1/1] (1.58ns)   --->   "%br_ln144 = br void %V32.i.i27.i.i43.exit" [firmware/nnet_utils/nnet_dense_resource.h:144]   --->   Operation 189 'br' 'br_ln144' <Predicate = (out_index == 6)> <Delay = 1.58>
ST_3 : Operation 190 [1/1] (1.58ns)   --->   "%br_ln144 = br void %V32.i.i27.i.i43.exit" [firmware/nnet_utils/nnet_dense_resource.h:144]   --->   Operation 190 'br' 'br_ln144' <Predicate = (out_index == 5)> <Delay = 1.58>
ST_3 : Operation 191 [1/1] (1.58ns)   --->   "%br_ln144 = br void %V32.i.i27.i.i43.exit" [firmware/nnet_utils/nnet_dense_resource.h:144]   --->   Operation 191 'br' 'br_ln144' <Predicate = (out_index == 4)> <Delay = 1.58>
ST_3 : Operation 192 [1/1] (1.58ns)   --->   "%br_ln144 = br void %V32.i.i27.i.i43.exit" [firmware/nnet_utils/nnet_dense_resource.h:144]   --->   Operation 192 'br' 'br_ln144' <Predicate = (out_index == 3)> <Delay = 1.58>
ST_3 : Operation 193 [1/1] (1.58ns)   --->   "%br_ln144 = br void %V32.i.i27.i.i43.exit" [firmware/nnet_utils/nnet_dense_resource.h:144]   --->   Operation 193 'br' 'br_ln144' <Predicate = (out_index == 2)> <Delay = 1.58>
ST_3 : Operation 194 [1/1] (1.58ns)   --->   "%br_ln144 = br void %V32.i.i27.i.i43.exit" [firmware/nnet_utils/nnet_dense_resource.h:144]   --->   Operation 194 'br' 'br_ln144' <Predicate = (out_index == 1)> <Delay = 1.58>
ST_3 : Operation 195 [1/1] (1.58ns)   --->   "%br_ln144 = br void %V32.i.i27.i.i43.exit" [firmware/nnet_utils/nnet_dense_resource.h:144]   --->   Operation 195 'br' 'br_ln144' <Predicate = (out_index == 0)> <Delay = 1.58>
ST_3 : Operation 196 [1/1] (1.58ns)   --->   "%br_ln144 = br void %V32.i.i27.i.i43.exit" [firmware/nnet_utils/nnet_dense_resource.h:144]   --->   Operation 196 'br' 'br_ln144' <Predicate = (out_index == 15)> <Delay = 1.58>
ST_3 : Operation 197 [1/1] (0.00ns)   --->   "%acc_79 = phi i26 %acc_96, void %V32.i.i27.i.i43.case.15, i26 %acc_95, void %V32.i.i27.i.i43.case.13, i26 %acc_95, void %V32.i.i27.i.i43.case.12, i26 %acc_95, void %V32.i.i27.i.i43.case.11, i26 %acc_95, void %V32.i.i27.i.i43.case.10, i26 %acc_95, void %V32.i.i27.i.i43.case.9, i26 %acc_95, void %V32.i.i27.i.i43.case.8, i26 %acc_95, void %V32.i.i27.i.i43.case.7, i26 %acc_95, void %V32.i.i27.i.i43.case.6, i26 %acc_95, void %V32.i.i27.i.i43.case.5, i26 %acc_95, void %V32.i.i27.i.i43.case.4, i26 %acc_95, void %V32.i.i27.i.i43.case.3, i26 %acc_95, void %V32.i.i27.i.i43.case.2, i26 %acc_95, void %V32.i.i27.i.i43.case.1, i26 %acc_95, void %V32.i.i27.i.i43.case.0, i26 %acc_95, void %if.end.i.i"   --->   Operation 197 'phi' 'acc_79' <Predicate = true> <Delay = 0.00>
ST_3 : Operation 198 [1/1] (0.00ns)   --->   "%acc_78 = phi i26 %acc_94, void %V32.i.i27.i.i43.case.15, i26 %acc_94, void %V32.i.i27.i.i43.case.13, i26 %acc_94, void %V32.i.i27.i.i43.case.12, i26 %acc_94, void %V32.i.i27.i.i43.case.11, i26 %acc_94, void %V32.i.i27.i.i43.case.10, i26 %acc_94, void %V32.i.i27.i.i43.case.9, i26 %acc_94, void %V32.i.i27.i.i43.case.8, i26 %acc_94, void %V32.i.i27.i.i43.case.7, i26 %acc_94, void %V32.i.i27.i.i43.case.6, i26 %acc_94, void %V32.i.i27.i.i43.case.5, i26 %acc_94, void %V32.i.i27.i.i43.case.4, i26 %acc_94, void %V32.i.i27.i.i43.case.3, i26 %acc_94, void %V32.i.i27.i.i43.case.2, i26 %acc_94, void %V32.i.i27.i.i43.case.1, i26 %acc_94, void %V32.i.i27.i.i43.case.0, i26 %acc_96, void %if.end.i.i"   --->   Operation 198 'phi' 'acc_78' <Predicate = true> <Delay = 0.00>
ST_3 : Operation 199 [1/1] (0.00ns)   --->   "%acc_77 = phi i26 %acc_93, void %V32.i.i27.i.i43.case.15, i26 %acc_96, void %V32.i.i27.i.i43.case.13, i26 %acc_93, void %V32.i.i27.i.i43.case.12, i26 %acc_93, void %V32.i.i27.i.i43.case.11, i26 %acc_93, void %V32.i.i27.i.i43.case.10, i26 %acc_93, void %V32.i.i27.i.i43.case.9, i26 %acc_93, void %V32.i.i27.i.i43.case.8, i26 %acc_93, void %V32.i.i27.i.i43.case.7, i26 %acc_93, void %V32.i.i27.i.i43.case.6, i26 %acc_93, void %V32.i.i27.i.i43.case.5, i26 %acc_93, void %V32.i.i27.i.i43.case.4, i26 %acc_93, void %V32.i.i27.i.i43.case.3, i26 %acc_93, void %V32.i.i27.i.i43.case.2, i26 %acc_93, void %V32.i.i27.i.i43.case.1, i26 %acc_93, void %V32.i.i27.i.i43.case.0, i26 %acc_93, void %if.end.i.i"   --->   Operation 199 'phi' 'acc_77' <Predicate = true> <Delay = 0.00>
ST_3 : Operation 200 [1/1] (0.00ns)   --->   "%acc_76 = phi i26 %acc_92, void %V32.i.i27.i.i43.case.15, i26 %acc_92, void %V32.i.i27.i.i43.case.13, i26 %acc_96, void %V32.i.i27.i.i43.case.12, i26 %acc_92, void %V32.i.i27.i.i43.case.11, i26 %acc_92, void %V32.i.i27.i.i43.case.10, i26 %acc_92, void %V32.i.i27.i.i43.case.9, i26 %acc_92, void %V32.i.i27.i.i43.case.8, i26 %acc_92, void %V32.i.i27.i.i43.case.7, i26 %acc_92, void %V32.i.i27.i.i43.case.6, i26 %acc_92, void %V32.i.i27.i.i43.case.5, i26 %acc_92, void %V32.i.i27.i.i43.case.4, i26 %acc_92, void %V32.i.i27.i.i43.case.3, i26 %acc_92, void %V32.i.i27.i.i43.case.2, i26 %acc_92, void %V32.i.i27.i.i43.case.1, i26 %acc_92, void %V32.i.i27.i.i43.case.0, i26 %acc_92, void %if.end.i.i"   --->   Operation 200 'phi' 'acc_76' <Predicate = true> <Delay = 0.00>
ST_3 : Operation 201 [1/1] (0.00ns)   --->   "%acc_75 = phi i26 %acc_91, void %V32.i.i27.i.i43.case.15, i26 %acc_91, void %V32.i.i27.i.i43.case.13, i26 %acc_91, void %V32.i.i27.i.i43.case.12, i26 %acc_96, void %V32.i.i27.i.i43.case.11, i26 %acc_91, void %V32.i.i27.i.i43.case.10, i26 %acc_91, void %V32.i.i27.i.i43.case.9, i26 %acc_91, void %V32.i.i27.i.i43.case.8, i26 %acc_91, void %V32.i.i27.i.i43.case.7, i26 %acc_91, void %V32.i.i27.i.i43.case.6, i26 %acc_91, void %V32.i.i27.i.i43.case.5, i26 %acc_91, void %V32.i.i27.i.i43.case.4, i26 %acc_91, void %V32.i.i27.i.i43.case.3, i26 %acc_91, void %V32.i.i27.i.i43.case.2, i26 %acc_91, void %V32.i.i27.i.i43.case.1, i26 %acc_91, void %V32.i.i27.i.i43.case.0, i26 %acc_91, void %if.end.i.i"   --->   Operation 201 'phi' 'acc_75' <Predicate = true> <Delay = 0.00>
ST_3 : Operation 202 [1/1] (0.00ns)   --->   "%acc_74 = phi i26 %acc_90, void %V32.i.i27.i.i43.case.15, i26 %acc_90, void %V32.i.i27.i.i43.case.13, i26 %acc_90, void %V32.i.i27.i.i43.case.12, i26 %acc_90, void %V32.i.i27.i.i43.case.11, i26 %acc_96, void %V32.i.i27.i.i43.case.10, i26 %acc_90, void %V32.i.i27.i.i43.case.9, i26 %acc_90, void %V32.i.i27.i.i43.case.8, i26 %acc_90, void %V32.i.i27.i.i43.case.7, i26 %acc_90, void %V32.i.i27.i.i43.case.6, i26 %acc_90, void %V32.i.i27.i.i43.case.5, i26 %acc_90, void %V32.i.i27.i.i43.case.4, i26 %acc_90, void %V32.i.i27.i.i43.case.3, i26 %acc_90, void %V32.i.i27.i.i43.case.2, i26 %acc_90, void %V32.i.i27.i.i43.case.1, i26 %acc_90, void %V32.i.i27.i.i43.case.0, i26 %acc_90, void %if.end.i.i"   --->   Operation 202 'phi' 'acc_74' <Predicate = true> <Delay = 0.00>
ST_3 : Operation 203 [1/1] (0.00ns)   --->   "%acc_73 = phi i26 %acc_89, void %V32.i.i27.i.i43.case.15, i26 %acc_89, void %V32.i.i27.i.i43.case.13, i26 %acc_89, void %V32.i.i27.i.i43.case.12, i26 %acc_89, void %V32.i.i27.i.i43.case.11, i26 %acc_89, void %V32.i.i27.i.i43.case.10, i26 %acc_96, void %V32.i.i27.i.i43.case.9, i26 %acc_89, void %V32.i.i27.i.i43.case.8, i26 %acc_89, void %V32.i.i27.i.i43.case.7, i26 %acc_89, void %V32.i.i27.i.i43.case.6, i26 %acc_89, void %V32.i.i27.i.i43.case.5, i26 %acc_89, void %V32.i.i27.i.i43.case.4, i26 %acc_89, void %V32.i.i27.i.i43.case.3, i26 %acc_89, void %V32.i.i27.i.i43.case.2, i26 %acc_89, void %V32.i.i27.i.i43.case.1, i26 %acc_89, void %V32.i.i27.i.i43.case.0, i26 %acc_89, void %if.end.i.i"   --->   Operation 203 'phi' 'acc_73' <Predicate = true> <Delay = 0.00>
ST_3 : Operation 204 [1/1] (0.00ns)   --->   "%acc_72 = phi i26 %acc_88, void %V32.i.i27.i.i43.case.15, i26 %acc_88, void %V32.i.i27.i.i43.case.13, i26 %acc_88, void %V32.i.i27.i.i43.case.12, i26 %acc_88, void %V32.i.i27.i.i43.case.11, i26 %acc_88, void %V32.i.i27.i.i43.case.10, i26 %acc_88, void %V32.i.i27.i.i43.case.9, i26 %acc_96, void %V32.i.i27.i.i43.case.8, i26 %acc_88, void %V32.i.i27.i.i43.case.7, i26 %acc_88, void %V32.i.i27.i.i43.case.6, i26 %acc_88, void %V32.i.i27.i.i43.case.5, i26 %acc_88, void %V32.i.i27.i.i43.case.4, i26 %acc_88, void %V32.i.i27.i.i43.case.3, i26 %acc_88, void %V32.i.i27.i.i43.case.2, i26 %acc_88, void %V32.i.i27.i.i43.case.1, i26 %acc_88, void %V32.i.i27.i.i43.case.0, i26 %acc_88, void %if.end.i.i"   --->   Operation 204 'phi' 'acc_72' <Predicate = true> <Delay = 0.00>
ST_3 : Operation 205 [1/1] (0.00ns)   --->   "%acc_71 = phi i26 %acc_87, void %V32.i.i27.i.i43.case.15, i26 %acc_87, void %V32.i.i27.i.i43.case.13, i26 %acc_87, void %V32.i.i27.i.i43.case.12, i26 %acc_87, void %V32.i.i27.i.i43.case.11, i26 %acc_87, void %V32.i.i27.i.i43.case.10, i26 %acc_87, void %V32.i.i27.i.i43.case.9, i26 %acc_87, void %V32.i.i27.i.i43.case.8, i26 %acc_96, void %V32.i.i27.i.i43.case.7, i26 %acc_87, void %V32.i.i27.i.i43.case.6, i26 %acc_87, void %V32.i.i27.i.i43.case.5, i26 %acc_87, void %V32.i.i27.i.i43.case.4, i26 %acc_87, void %V32.i.i27.i.i43.case.3, i26 %acc_87, void %V32.i.i27.i.i43.case.2, i26 %acc_87, void %V32.i.i27.i.i43.case.1, i26 %acc_87, void %V32.i.i27.i.i43.case.0, i26 %acc_87, void %if.end.i.i"   --->   Operation 205 'phi' 'acc_71' <Predicate = true> <Delay = 0.00>
ST_3 : Operation 206 [1/1] (0.00ns)   --->   "%acc_70 = phi i26 %acc_86, void %V32.i.i27.i.i43.case.15, i26 %acc_86, void %V32.i.i27.i.i43.case.13, i26 %acc_86, void %V32.i.i27.i.i43.case.12, i26 %acc_86, void %V32.i.i27.i.i43.case.11, i26 %acc_86, void %V32.i.i27.i.i43.case.10, i26 %acc_86, void %V32.i.i27.i.i43.case.9, i26 %acc_86, void %V32.i.i27.i.i43.case.8, i26 %acc_86, void %V32.i.i27.i.i43.case.7, i26 %acc_96, void %V32.i.i27.i.i43.case.6, i26 %acc_86, void %V32.i.i27.i.i43.case.5, i26 %acc_86, void %V32.i.i27.i.i43.case.4, i26 %acc_86, void %V32.i.i27.i.i43.case.3, i26 %acc_86, void %V32.i.i27.i.i43.case.2, i26 %acc_86, void %V32.i.i27.i.i43.case.1, i26 %acc_86, void %V32.i.i27.i.i43.case.0, i26 %acc_86, void %if.end.i.i"   --->   Operation 206 'phi' 'acc_70' <Predicate = true> <Delay = 0.00>
ST_3 : Operation 207 [1/1] (0.00ns)   --->   "%acc_69 = phi i26 %acc_85, void %V32.i.i27.i.i43.case.15, i26 %acc_85, void %V32.i.i27.i.i43.case.13, i26 %acc_85, void %V32.i.i27.i.i43.case.12, i26 %acc_85, void %V32.i.i27.i.i43.case.11, i26 %acc_85, void %V32.i.i27.i.i43.case.10, i26 %acc_85, void %V32.i.i27.i.i43.case.9, i26 %acc_85, void %V32.i.i27.i.i43.case.8, i26 %acc_85, void %V32.i.i27.i.i43.case.7, i26 %acc_85, void %V32.i.i27.i.i43.case.6, i26 %acc_96, void %V32.i.i27.i.i43.case.5, i26 %acc_85, void %V32.i.i27.i.i43.case.4, i26 %acc_85, void %V32.i.i27.i.i43.case.3, i26 %acc_85, void %V32.i.i27.i.i43.case.2, i26 %acc_85, void %V32.i.i27.i.i43.case.1, i26 %acc_85, void %V32.i.i27.i.i43.case.0, i26 %acc_85, void %if.end.i.i"   --->   Operation 207 'phi' 'acc_69' <Predicate = true> <Delay = 0.00>
ST_3 : Operation 208 [1/1] (0.00ns)   --->   "%acc_68 = phi i26 %acc_84, void %V32.i.i27.i.i43.case.15, i26 %acc_84, void %V32.i.i27.i.i43.case.13, i26 %acc_84, void %V32.i.i27.i.i43.case.12, i26 %acc_84, void %V32.i.i27.i.i43.case.11, i26 %acc_84, void %V32.i.i27.i.i43.case.10, i26 %acc_84, void %V32.i.i27.i.i43.case.9, i26 %acc_84, void %V32.i.i27.i.i43.case.8, i26 %acc_84, void %V32.i.i27.i.i43.case.7, i26 %acc_84, void %V32.i.i27.i.i43.case.6, i26 %acc_84, void %V32.i.i27.i.i43.case.5, i26 %acc_96, void %V32.i.i27.i.i43.case.4, i26 %acc_84, void %V32.i.i27.i.i43.case.3, i26 %acc_84, void %V32.i.i27.i.i43.case.2, i26 %acc_84, void %V32.i.i27.i.i43.case.1, i26 %acc_84, void %V32.i.i27.i.i43.case.0, i26 %acc_84, void %if.end.i.i"   --->   Operation 208 'phi' 'acc_68' <Predicate = true> <Delay = 0.00>
ST_3 : Operation 209 [1/1] (0.00ns)   --->   "%acc_67 = phi i26 %acc_83, void %V32.i.i27.i.i43.case.15, i26 %acc_83, void %V32.i.i27.i.i43.case.13, i26 %acc_83, void %V32.i.i27.i.i43.case.12, i26 %acc_83, void %V32.i.i27.i.i43.case.11, i26 %acc_83, void %V32.i.i27.i.i43.case.10, i26 %acc_83, void %V32.i.i27.i.i43.case.9, i26 %acc_83, void %V32.i.i27.i.i43.case.8, i26 %acc_83, void %V32.i.i27.i.i43.case.7, i26 %acc_83, void %V32.i.i27.i.i43.case.6, i26 %acc_83, void %V32.i.i27.i.i43.case.5, i26 %acc_83, void %V32.i.i27.i.i43.case.4, i26 %acc_96, void %V32.i.i27.i.i43.case.3, i26 %acc_83, void %V32.i.i27.i.i43.case.2, i26 %acc_83, void %V32.i.i27.i.i43.case.1, i26 %acc_83, void %V32.i.i27.i.i43.case.0, i26 %acc_83, void %if.end.i.i"   --->   Operation 209 'phi' 'acc_67' <Predicate = true> <Delay = 0.00>
ST_3 : Operation 210 [1/1] (0.00ns)   --->   "%acc_66 = phi i26 %acc_82, void %V32.i.i27.i.i43.case.15, i26 %acc_82, void %V32.i.i27.i.i43.case.13, i26 %acc_82, void %V32.i.i27.i.i43.case.12, i26 %acc_82, void %V32.i.i27.i.i43.case.11, i26 %acc_82, void %V32.i.i27.i.i43.case.10, i26 %acc_82, void %V32.i.i27.i.i43.case.9, i26 %acc_82, void %V32.i.i27.i.i43.case.8, i26 %acc_82, void %V32.i.i27.i.i43.case.7, i26 %acc_82, void %V32.i.i27.i.i43.case.6, i26 %acc_82, void %V32.i.i27.i.i43.case.5, i26 %acc_82, void %V32.i.i27.i.i43.case.4, i26 %acc_82, void %V32.i.i27.i.i43.case.3, i26 %acc_96, void %V32.i.i27.i.i43.case.2, i26 %acc_82, void %V32.i.i27.i.i43.case.1, i26 %acc_82, void %V32.i.i27.i.i43.case.0, i26 %acc_82, void %if.end.i.i"   --->   Operation 210 'phi' 'acc_66' <Predicate = true> <Delay = 0.00>
ST_3 : Operation 211 [1/1] (0.00ns)   --->   "%acc_65 = phi i26 %acc_81, void %V32.i.i27.i.i43.case.15, i26 %acc_81, void %V32.i.i27.i.i43.case.13, i26 %acc_81, void %V32.i.i27.i.i43.case.12, i26 %acc_81, void %V32.i.i27.i.i43.case.11, i26 %acc_81, void %V32.i.i27.i.i43.case.10, i26 %acc_81, void %V32.i.i27.i.i43.case.9, i26 %acc_81, void %V32.i.i27.i.i43.case.8, i26 %acc_81, void %V32.i.i27.i.i43.case.7, i26 %acc_81, void %V32.i.i27.i.i43.case.6, i26 %acc_81, void %V32.i.i27.i.i43.case.5, i26 %acc_81, void %V32.i.i27.i.i43.case.4, i26 %acc_81, void %V32.i.i27.i.i43.case.3, i26 %acc_81, void %V32.i.i27.i.i43.case.2, i26 %acc_96, void %V32.i.i27.i.i43.case.1, i26 %acc_81, void %V32.i.i27.i.i43.case.0, i26 %acc_81, void %if.end.i.i"   --->   Operation 211 'phi' 'acc_65' <Predicate = true> <Delay = 0.00>
ST_3 : Operation 212 [1/1] (0.00ns)   --->   "%acc = phi i26 %acc_80, void %V32.i.i27.i.i43.case.15, i26 %acc_80, void %V32.i.i27.i.i43.case.13, i26 %acc_80, void %V32.i.i27.i.i43.case.12, i26 %acc_80, void %V32.i.i27.i.i43.case.11, i26 %acc_80, void %V32.i.i27.i.i43.case.10, i26 %acc_80, void %V32.i.i27.i.i43.case.9, i26 %acc_80, void %V32.i.i27.i.i43.case.8, i26 %acc_80, void %V32.i.i27.i.i43.case.7, i26 %acc_80, void %V32.i.i27.i.i43.case.6, i26 %acc_80, void %V32.i.i27.i.i43.case.5, i26 %acc_80, void %V32.i.i27.i.i43.case.4, i26 %acc_80, void %V32.i.i27.i.i43.case.3, i26 %acc_80, void %V32.i.i27.i.i43.case.2, i26 %acc_80, void %V32.i.i27.i.i43.case.1, i26 %acc_96, void %V32.i.i27.i.i43.case.0, i26 %acc_80, void %if.end.i.i"   --->   Operation 212 'phi' 'acc' <Predicate = true> <Delay = 0.00>
ST_3 : Operation 213 [1/1] (2.55ns)   --->   "%in_index_2 = add i32 %in_index42, i32 1" [firmware/nnet_utils/nnet_dense_resource.h:153]   --->   Operation 213 'add' 'in_index_2' <Predicate = true> <Delay = 2.55> <CoreInst = "Adder">   --->   Core 1 'Adder' <Latency = 0> <II = 1> <Delay = 2.55> <FuncUnit> <Opcode : 'add' 'sub'> <InPorts = 2> <OutPorts = 1>
ST_3 : Operation 214 [1/1] (0.00ns)   --->   "%tmp_460 = partselect i27 @_ssdm_op_PartSelect.i27.i32.i32.i32, i32 %in_index_2, i32 5, i32 31" [firmware/nnet_utils/nnet_dense_resource.h:154]   --->   Operation 214 'partselect' 'tmp_460' <Predicate = true> <Delay = 0.00>
ST_3 : Operation 215 [1/1] (2.40ns)   --->   "%icmp_ln154 = icmp_sgt  i27 %tmp_460, i27 0" [firmware/nnet_utils/nnet_dense_resource.h:154]   --->   Operation 215 'icmp' 'icmp_ln154' <Predicate = true> <Delay = 2.40> <CoreInst = "Cmp">   --->   Core 9 'Cmp' <Latency = 0> <II = 1> <Delay = 2.40> <FuncUnit> <Opcode : 'seteq' 'setne' 'setle' 'setge' 'setlt' 'setgt'> <InPorts = 2> <OutPorts = 1>
ST_3 : Operation 216 [1/1] (0.69ns)   --->   "%in_index = select i1 %icmp_ln154, i32 0, i32 %in_index_2" [firmware/nnet_utils/nnet_dense_resource.h:154]   --->   Operation 216 'select' 'in_index' <Predicate = true> <Delay = 0.69> <CoreInst = "Sel">   --->   Core 73 'Sel' <Latency = 0> <II = 1> <Delay = 0.69> <FuncUnit> <Opcode : 'select'> <InPorts = 3> <OutPorts = 1>
ST_3 : Operation 217 [1/1] (0.00ns)   --->   "%mrv = insertvalue i416 <undef>, i26 %acc" [firmware/nnet_utils/nnet_dense_resource.h:166]   --->   Operation 217 'insertvalue' 'mrv' <Predicate = (icmp_ln135)> <Delay = 0.00>
ST_3 : Operation 218 [1/1] (0.00ns)   --->   "%mrv_1 = insertvalue i416 %mrv, i26 %acc_65" [firmware/nnet_utils/nnet_dense_resource.h:166]   --->   Operation 218 'insertvalue' 'mrv_1' <Predicate = (icmp_ln135)> <Delay = 0.00>
ST_3 : Operation 219 [1/1] (0.00ns)   --->   "%mrv_2 = insertvalue i416 %mrv_1, i26 %acc_66" [firmware/nnet_utils/nnet_dense_resource.h:166]   --->   Operation 219 'insertvalue' 'mrv_2' <Predicate = (icmp_ln135)> <Delay = 0.00>
ST_3 : Operation 220 [1/1] (0.00ns)   --->   "%mrv_3 = insertvalue i416 %mrv_2, i26 %acc_67" [firmware/nnet_utils/nnet_dense_resource.h:166]   --->   Operation 220 'insertvalue' 'mrv_3' <Predicate = (icmp_ln135)> <Delay = 0.00>
ST_3 : Operation 221 [1/1] (0.00ns)   --->   "%mrv_4 = insertvalue i416 %mrv_3, i26 %acc_68" [firmware/nnet_utils/nnet_dense_resource.h:166]   --->   Operation 221 'insertvalue' 'mrv_4' <Predicate = (icmp_ln135)> <Delay = 0.00>
ST_3 : Operation 222 [1/1] (0.00ns)   --->   "%mrv_5 = insertvalue i416 %mrv_4, i26 %acc_69" [firmware/nnet_utils/nnet_dense_resource.h:166]   --->   Operation 222 'insertvalue' 'mrv_5' <Predicate = (icmp_ln135)> <Delay = 0.00>
ST_3 : Operation 223 [1/1] (0.00ns)   --->   "%mrv_6 = insertvalue i416 %mrv_5, i26 %acc_70" [firmware/nnet_utils/nnet_dense_resource.h:166]   --->   Operation 223 'insertvalue' 'mrv_6' <Predicate = (icmp_ln135)> <Delay = 0.00>
ST_3 : Operation 224 [1/1] (0.00ns)   --->   "%mrv_7 = insertvalue i416 %mrv_6, i26 %acc_71" [firmware/nnet_utils/nnet_dense_resource.h:166]   --->   Operation 224 'insertvalue' 'mrv_7' <Predicate = (icmp_ln135)> <Delay = 0.00>
ST_3 : Operation 225 [1/1] (0.00ns)   --->   "%mrv_8 = insertvalue i416 %mrv_7, i26 %acc_72" [firmware/nnet_utils/nnet_dense_resource.h:166]   --->   Operation 225 'insertvalue' 'mrv_8' <Predicate = (icmp_ln135)> <Delay = 0.00>
ST_3 : Operation 226 [1/1] (0.00ns)   --->   "%mrv_9 = insertvalue i416 %mrv_8, i26 %acc_73" [firmware/nnet_utils/nnet_dense_resource.h:166]   --->   Operation 226 'insertvalue' 'mrv_9' <Predicate = (icmp_ln135)> <Delay = 0.00>
ST_3 : Operation 227 [1/1] (0.00ns)   --->   "%mrv_10 = insertvalue i416 %mrv_9, i26 %acc_74" [firmware/nnet_utils/nnet_dense_resource.h:166]   --->   Operation 227 'insertvalue' 'mrv_10' <Predicate = (icmp_ln135)> <Delay = 0.00>
ST_3 : Operation 228 [1/1] (0.00ns)   --->   "%mrv_11 = insertvalue i416 %mrv_10, i26 %acc_75" [firmware/nnet_utils/nnet_dense_resource.h:166]   --->   Operation 228 'insertvalue' 'mrv_11' <Predicate = (icmp_ln135)> <Delay = 0.00>
ST_3 : Operation 229 [1/1] (0.00ns)   --->   "%mrv_12 = insertvalue i416 %mrv_11, i26 %acc_76" [firmware/nnet_utils/nnet_dense_resource.h:166]   --->   Operation 229 'insertvalue' 'mrv_12' <Predicate = (icmp_ln135)> <Delay = 0.00>
ST_3 : Operation 230 [1/1] (0.00ns)   --->   "%mrv_13 = insertvalue i416 %mrv_12, i26 %acc_77" [firmware/nnet_utils/nnet_dense_resource.h:166]   --->   Operation 230 'insertvalue' 'mrv_13' <Predicate = (icmp_ln135)> <Delay = 0.00>
ST_3 : Operation 231 [1/1] (0.00ns)   --->   "%mrv_14 = insertvalue i416 %mrv_13, i26 %acc_78" [firmware/nnet_utils/nnet_dense_resource.h:166]   --->   Operation 231 'insertvalue' 'mrv_14' <Predicate = (icmp_ln135)> <Delay = 0.00>
ST_3 : Operation 232 [1/1] (0.00ns)   --->   "%mrv_15 = insertvalue i416 %mrv_14, i26 %acc_79" [firmware/nnet_utils/nnet_dense_resource.h:166]   --->   Operation 232 'insertvalue' 'mrv_15' <Predicate = (icmp_ln135)> <Delay = 0.00>
ST_3 : Operation 233 [1/1] (0.00ns)   --->   "%return_ln166 = return void @_ssdm_op_Return, i416 %mrv_15" [firmware/nnet_utils/nnet_dense_resource.h:166]   --->   Operation 233 'return' 'return_ln166' <Predicate = (icmp_ln135)> <Delay = 0.00>


============================================================
+ Verbose Summary: Timing violations
============================================================
Target clock period: 20.000ns, clock uncertainty: 2.500ns.

 <State 1>: 1.588ns
The critical path consists of the following:
	multiplexor before 'phi' operation 1 bit ('do_init') [37]  (1.588 ns)

 <State 2>: 3.254ns
The critical path consists of the following:
	'phi' operation 9 bit ('ir') with incoming values : ('w_index', firmware/nnet_utils/nnet_dense_resource.h:135) [71]  (0.000 ns)
	'getelementptr' operation 9 bit ('outidx_18_addr', firmware/nnet_utils/nnet_dense_resource.h:139) [162]  (0.000 ns)
	'load' operation 4 bit ('out_index', firmware/nnet_utils/nnet_dense_resource.h:139) on array 'outidx_18' [163]  (3.254 ns)

 <State 3>: 16.900ns
The critical path consists of the following:
	'phi' operation 10 bit ('data_0_val51_rewind', firmware/nnet_utils/nnet_dense_resource.h:135) with incoming values : ('data_0_val_read', firmware/nnet_utils/nnet_dense_resource.h:135) [38]  (0.000 ns)
	multiplexor before 'phi' operation 10 bit ('data_0_val51_phi', firmware/nnet_utils/nnet_dense_resource.h:135) with incoming values : ('data_0_val_read', firmware/nnet_utils/nnet_dense_resource.h:135) [125]  (1.588 ns)
	'phi' operation 10 bit ('data_0_val51_phi', firmware/nnet_utils/nnet_dense_resource.h:135) with incoming values : ('data_0_val_read', firmware/nnet_utils/nnet_dense_resource.h:135) [125]  (0.000 ns)
	'sparsemux' operation 10 bit ('a', firmware/nnet_utils/nnet_dense_resource.h:135) [164]  (3.205 ns)
	'mul' operation 17 bit of DSP[173] ('mul_ln73', firmware/nnet_utils/nnet_mult.h:73->firmware/nnet_utils/nnet_dense_resource.h:145) [169]  (3.360 ns)
	'add' operation 27 bit of DSP[173] ('add_ln144', firmware/nnet_utils/nnet_dense_resource.h:144) [173]  (3.020 ns)
	'icmp' operation 1 bit ('icmp_ln144', firmware/nnet_utils/nnet_dense_resource.h:144) [174]  (2.404 ns)
	multiplexor before 'phi' operation 26 bit ('acc', firmware/nnet_utils/nnet_dense_resource.h:144) with incoming values : ('acc', firmware/nnet_utils/nnet_dense_resource.h:144) [210]  (1.588 ns)
	'phi' operation 26 bit ('acc', firmware/nnet_utils/nnet_dense_resource.h:144) with incoming values : ('acc', firmware/nnet_utils/nnet_dense_resource.h:144) [210]  (0.000 ns)
	multiplexor before 'phi' operation 26 bit ('acc') with incoming values : ('acc', firmware/nnet_utils/nnet_dense_resource.h:144) [259]  (1.735 ns)
	'phi' operation 26 bit ('acc') with incoming values : ('acc', firmware/nnet_utils/nnet_dense_resource.h:144) [259]  (0.000 ns)


============================================================
+ Verbose Summary: Binding
============================================================
N/A
* FSMD analyzer results:
  - Output states:
 - Input state : 
  - Chain level:
	State 1
	State 2
	State 3


============================================================
+ Verbose Summary: Datapath Resource usage 
============================================================
N/A
