

================================================================
== Vitis HLS Report for 'wedrowiec_hls_axi'
================================================================
* Date:           Fri May 15 14:04:35 2026

* Version:        2024.2 (Build 5238294 on Nov  8 2024)
* Project:        wedrowiec_hls_prj
* Solution:       solution1 (Vivado IP Flow Target)
* Product family: zynq
* Target device:  xc7z020-clg400-1


================================================================
== Performance Estimates
================================================================
+ Timing: 
    * Summary: 
    +--------+----------+-----------+------------+
    |  Clock |  Target  | Estimated | Uncertainty|
    +--------+----------+-----------+------------+
    |ap_clk  |  20.00 ns|  17.488 ns|     2.50 ns|
    +--------+----------+-----------+------------+

+ Latency: 
    * Summary: 
    +---------+---------+-----------+-----------+------+------+---------+
    |  Latency (cycles) |   Latency (absolute)  |   Interval  | Pipeline|
    |   min   |   max   |    min    |    max    |  min |  max |   Type  |
    +---------+---------+-----------+-----------+------+------+---------+
    |     2151|     2152|  43.020 us|  43.040 us|  2152|  2153|       no|
    +---------+---------+-----------+-----------+------+------+---------+

    + Detail: 
        * Instance: 
        +-------------------------------------------------------+--------------------------------------------+---------+---------+-----------+-----------+------+------+------------------------------------------------+
        |                                                       |                                            |  Latency (cycles) |   Latency (absolute)  |   Interval  |                    Pipeline                    |
        |                        Instance                       |                   Module                   |   min   |   max   |    min    |    max    |  min |  max |                      Type                      |
        +-------------------------------------------------------+--------------------------------------------+---------+---------+-----------+-----------+------+------+------------------------------------------------+
        |grp_wedrowiec_hls_axi_Pipeline_VITIS_LOOP_16_1_fu_158  |wedrowiec_hls_axi_Pipeline_VITIS_LOOP_16_1  |       73|       73|   1.460 us|   1.460 us|    72|    72|  loop auto-rewind stp (delay=0 clock cycles(s))|
        |grp_wedrowiec_hls_fu_168                               |wedrowiec_hls                               |     2062|     2063|  41.240 us|  41.260 us|  2063|  2064|                                        dataflow|
        |grp_wedrowiec_hls_axi_Pipeline_VITIS_LOOP_31_4_fu_190  |wedrowiec_hls_axi_Pipeline_VITIS_LOOP_31_4  |        7|        7|   0.140 us|   0.140 us|     5|     5|  loop auto-rewind stp (delay=0 clock cycles(s))|
        +-------------------------------------------------------+--------------------------------------------+---------+---------+-----------+-----------+------+------+------------------------------------------------+

        * Loop: 
        N/A



================================================================
== Utilization Estimates
================================================================
* Summary: 
+-----------------+---------+-----+--------+-------+-----+
|       Name      | BRAM_18K| DSP |   FF   |  LUT  | URAM|
+-----------------+---------+-----+--------+-------+-----+
|DSP              |        -|    -|       -|      -|    -|
|Expression       |        -|    -|       0|      4|    -|
|FIFO             |        -|    -|     198|    135|    -|
|Instance         |        7|    4|   11666|  29008|    -|
|Memory           |        0|    -|      50|      2|    0|
|Multiplexer      |        -|    -|       0|    187|    -|
|Register         |        -|    -|      98|      -|    -|
+-----------------+---------+-----+--------+-------+-----+
|Total            |        7|    4|   12012|  29336|    0|
+-----------------+---------+-----+--------+-------+-----+
|Available        |      280|  220|  106400|  53200|    0|
+-----------------+---------+-----+--------+-------+-----+
|Utilization (%)  |        2|    1|      11|     55|    0|
+-----------------+---------+-----+--------+-------+-----+

+ Detail: 
    * Instance: 
    +-------------------------------------------------------+--------------------------------------------+---------+----+-------+-------+-----+
    |                        Instance                       |                   Module                   | BRAM_18K| DSP|   FF  |  LUT  | URAM|
    +-------------------------------------------------------+--------------------------------------------+---------+----+-------+-------+-----+
    |grp_wedrowiec_hls_fu_168                               |wedrowiec_hls                               |        7|   4|  11241|  17797|    0|
    |grp_wedrowiec_hls_axi_Pipeline_VITIS_LOOP_16_1_fu_158  |wedrowiec_hls_axi_Pipeline_VITIS_LOOP_16_1  |        0|   0|    388|  10428|    0|
    |grp_wedrowiec_hls_axi_Pipeline_VITIS_LOOP_31_4_fu_190  |wedrowiec_hls_axi_Pipeline_VITIS_LOOP_31_4  |        0|   0|     37|    783|    0|
    +-------------------------------------------------------+--------------------------------------------+---------+----+-------+-------+-----+
    |Total                                                  |                                            |        7|   4|  11666|  29008|    0|
    +-------------------------------------------------------+--------------------------------------------+---------+----+-------+-------+-----+

    * DSP: 
    N/A

    * Memory: 
    +---------+---------------------+---------+----+----+-----+------+-----+------+-------------+
    |  Memory |        Module       | BRAM_18K| FF | LUT| URAM| Words| Bits| Banks| W*Bits*Banks|
    +---------+---------------------+---------+----+----+-----+------+-----+------+-------------+
    |ctype_U  |ctype_RAM_AUTO_1R1W  |        0|  50|   2|    0|     4|   25|     1|          100|
    +---------+---------------------+---------+----+----+-----+------+-----+------+-------------+
    |Total    |                     |        0|  50|   2|    0|     4|   25|     1|          100|
    +---------+---------------------+---------+----+----+-----+------+-----+------+-------------+

    * FIFO: 
    +------------------+---------+----+----+-----+------+-----+---------+
    |       Name       | BRAM_18K| FF | LUT| URAM| Depth| Bits| Size:D*B|
    +------------------+---------+----+----+-----+------+-----+---------+
    |in_local_fifo_U   |        0|  99|   0|    -|     8|   64|      512|
    |out_local_fifo_U  |        0|  99|   0|    -|     1|  100|      100|
    +------------------+---------+----+----+-----+------+-----+---------+
    |Total             |        0| 198|   0|    0|     9|  164|      612|
    +------------------+---------+----+----+-----+------+-----+---------+

    * Expression: 
    +--------------------------------------------------------------------+----------+----+---+----+------------+------------+
    |                            Variable Name                           | Operation| DSP| FF| LUT| Bitwidth P0| Bitwidth P1|
    +--------------------------------------------------------------------+----------+----+---+----+------------+------------+
    |grp_wedrowiec_hls_axi_Pipeline_VITIS_LOOP_31_4_fu_190_out_r_TREADY  |       and|   0|  0|   2|           1|           1|
    |ap_sync_grp_wedrowiec_hls_fu_168_ap_ready                           |        or|   0|  0|   2|           1|           1|
    +--------------------------------------------------------------------+----------+----+---+----+------------+------------+
    |Total                                                               |          |   0|  0|   4|           2|           2|
    +--------------------------------------------------------------------+----------+----+---+----+------------+------------+

    * Multiplexer: 
    +--------------------------+----+-----------+-----+-----------+
    |           Name           | LUT| Input Size| Bits| Total Bits|
    +--------------------------+----+-----------+-----+-----------+
    |ap_NS_fsm                 |  59|         11|    1|         11|
    |ctype_address0            |   9|          2|    2|          4|
    |ctype_address0_local      |  14|          3|    2|          6|
    |ctype_address1_local      |  14|          3|    2|          6|
    |ctype_ce0                 |   9|          2|    1|          2|
    |ctype_d0_local            |  14|          3|   25|         75|
    |ctype_d1_local            |  14|          3|   25|         75|
    |in_local_read             |   9|          2|    1|          2|
    |in_local_write            |   9|          2|    1|          2|
    |in_r_TREADY_int_regslice  |   9|          2|    1|          2|
    |out_local_write           |   9|          2|    1|          2|
    |out_r_TDATA_int_regslice  |   9|          2|   32|         64|
    |out_r_TLAST_int_regslice  |   9|          2|    1|          2|
    +--------------------------+----+-----------+-----+-----------+
    |Total                     | 187|         39|   95|        253|
    +--------------------------+----+-----------+-----+-----------+

    * Register: 
    +--------------------------------------------------------------------+----+----+-----+-----------+
    |                                Name                                | FF | LUT| Bits| Const Bits|
    +--------------------------------------------------------------------+----+----+-----+-----------+
    |ap_CS_fsm                                                           |  10|   0|   10|          0|
    |ap_sync_reg_grp_wedrowiec_hls_fu_168_ap_done                        |   1|   0|    1|          0|
    |ap_sync_reg_grp_wedrowiec_hls_fu_168_ap_ready                       |   1|   0|    1|          0|
    |grp_wedrowiec_hls_axi_Pipeline_VITIS_LOOP_16_1_fu_158_ap_start_reg  |   1|   0|    1|          0|
    |grp_wedrowiec_hls_axi_Pipeline_VITIS_LOOP_31_4_fu_190_ap_start_reg  |   1|   0|    1|          0|
    |grp_wedrowiec_hls_fu_168_ap_start_reg                               |   1|   0|    1|          0|
    |out_r_TDATA_reg                                                     |  32|   0|   32|          0|
    |out_r_TLAST_reg                                                     |   1|   0|    1|          0|
    |trunc_ln30_2_reg_258                                                |  25|   0|   25|          0|
    |trunc_ln30_3_reg_263                                                |  25|   0|   25|          0|
    +--------------------------------------------------------------------+----+----+-----+-----------+
    |Total                                                               |  98|   0|   98|          0|
    +--------------------------------------------------------------------+----+----+-----+-----------+



================================================================
== Interface
================================================================
* Summary: 
+--------------+-----+-----+--------------+-------------------+--------------+
|   RTL Ports  | Dir | Bits|   Protocol   |   Source Object   |    C Type    |
+--------------+-----+-----+--------------+-------------------+--------------+
|ap_clk        |   in|    1|  ap_ctrl_none|  wedrowiec_hls_axi|  return value|
|ap_rst_n      |   in|    1|  ap_ctrl_none|  wedrowiec_hls_axi|  return value|
|in_r_TDATA    |   in|   32|          axis|      in_r_V_data_V|       pointer|
|in_r_TVALID   |   in|    1|          axis|      in_r_V_last_V|       pointer|
|in_r_TREADY   |  out|    1|          axis|      in_r_V_last_V|       pointer|
|in_r_TLAST    |   in|    1|          axis|      in_r_V_last_V|       pointer|
|out_r_TDATA   |  out|   32|          axis|     out_r_V_data_V|       pointer|
|out_r_TVALID  |  out|    1|          axis|     out_r_V_last_V|       pointer|
|out_r_TREADY  |   in|    1|          axis|     out_r_V_last_V|       pointer|
|out_r_TLAST   |  out|    1|          axis|     out_r_V_last_V|       pointer|
+--------------+-----+-----+--------------+-------------------+--------------+

============================================================
+ Verbose Summary: Synthesis Manager
============================================================
InlineROM: 1
ExposeGlobal: 0
============================================================
+ Verbose Summary: CDFG Model
============================================================
IsTopModel: 1
ResetActiveHigh: 1
IsCombinational: 2
IsDatapathOnly: 2
HasWiredReturn: 1
HasMFsm: 0
HasVarLatency: 1
IsPipeline: 0
IsRtlPipelined: 0
IsInstanceOverlapped: 0
IsDontTouch: 0
HasImplIP: 0
IsGatedGlobalClock: 0


============================================================
+ Verbose Summary: Schedule
============================================================
* Number of FSM states : 10
* Pipeline : 0
* Dataflow Pipeline: 0

* FSM state transitions: 
1 --> 2 
2 --> 3 
3 --> 4 
4 --> 5 
5 --> 6 
6 --> 7 
7 --> 8 
8 --> 9 
9 --> 10 
10 --> 

* FSM state operations: 

State 1 <SV = 0> <Delay = 2.32>
ST_1 : Operation 11 [1/1] (0.00ns)   --->   "%is_last_loc = alloca i64 1"   --->   Operation 11 'alloca' 'is_last_loc' <Predicate = true> <Delay = 0.00>
ST_1 : Operation 12 [1/1] (0.00ns)   --->   "%in_local = alloca i64 1"   --->   Operation 12 'alloca' 'in_local' <Predicate = true> <Delay = 0.00> <CoreInst = "FIFO_SRL">   --->   Core 80 'FIFO_SRL' <Latency = 0> <II = 1> <Delay = 3.54> <Storage> <Opcode : 'read' 'write' 'nbread' 'nbwrite'> <Ports = 0> <Width = 64> <Depth = 8> <FIFO>
ST_1 : Operation 13 [1/1] (0.00ns)   --->   "%out_local = alloca i64 1"   --->   Operation 13 'alloca' 'out_local' <Predicate = true> <Delay = 0.00> <CoreInst = "FIFO_SRL">   --->   Core 80 'FIFO_SRL' <Latency = 0> <II = 1> <Delay = 3.63> <Storage> <Opcode : 'read' 'write' 'nbread' 'nbwrite'> <Ports = 0> <Width = 100> <Depth = 1> <FIFO>
ST_1 : Operation 14 [1/1] (2.32ns)   --->   "%ctype = alloca i64 1" [firmware/wedrowiec_hls_axi.cpp:30]   --->   Operation 14 'alloca' 'ctype' <Predicate = true> <Delay = 2.32> <CoreInst = "RAM">   --->   Core 81 'RAM' <Latency = 1> <II = 1> <Delay = 2.32> <Storage> <Opcode : 'load' 'store'> <Ports = 2> <Width = 25> <Depth = 4> <RAM>

State 2 <SV = 1> <Delay = 4.95>
ST_2 : Operation 15 [2/2] (4.95ns)   --->   "%call_ln0 = call void @wedrowiec_hls_axi_Pipeline_VITIS_LOOP_16_1, i32 %in_r_V_data_V, i1 %in_r_V_last_V, i64 %in_local, i1 %is_last_loc"   --->   Operation 15 'call' 'call_ln0' <Predicate = true> <Delay = 4.95> <CoreType = "Generic">   --->   Generic Core

State 3 <SV = 2> <Delay = 0.00>
ST_3 : Operation 16 [1/2] (0.00ns)   --->   "%call_ln0 = call void @wedrowiec_hls_axi_Pipeline_VITIS_LOOP_16_1, i32 %in_r_V_data_V, i1 %in_r_V_last_V, i64 %in_local, i1 %is_last_loc"   --->   Operation 16 'call' 'call_ln0' <Predicate = true> <Delay = 0.00> <CoreType = "Generic">   --->   Generic Core

State 4 <SV = 3> <Delay = 0.00>
ST_4 : Operation 17 [2/2] (0.00ns)   --->   "%call_ln27 = call void @wedrowiec_hls, i64 %in_local, i100 %out_local, i5 %outidx, i7 %w3, i5 %outidx_9, i7 %w5, i4 %outidx_18, i7 %w7, i2 %outidx_27, i7 %w9" [firmware/wedrowiec_hls_axi.cpp:27]   --->   Operation 17 'call' 'call_ln27' <Predicate = true> <Delay = 0.00> <CoreType = "Generic">   --->   Generic Core

State 5 <SV = 4> <Delay = 0.00>
ST_5 : Operation 18 [1/2] (0.00ns)   --->   "%call_ln27 = call void @wedrowiec_hls, i64 %in_local, i100 %out_local, i5 %outidx, i7 %w3, i5 %outidx_9, i7 %w5, i4 %outidx_18, i7 %w7, i2 %outidx_27, i7 %w9" [firmware/wedrowiec_hls_axi.cpp:27]   --->   Operation 18 'call' 'call_ln27' <Predicate = true> <Delay = 0.00> <CoreType = "Generic">   --->   Generic Core

State 6 <SV = 5> <Delay = 5.95>
ST_6 : Operation 19 [1/1] (0.00ns)   --->   "%ctype_addr = getelementptr i25 %ctype, i64 0, i64 0"   --->   Operation 19 'getelementptr' 'ctype_addr' <Predicate = true> <Delay = 0.00>
ST_6 : Operation 20 [1/1] (0.00ns)   --->   "%ctype_addr_1 = getelementptr i25 %ctype, i64 0, i64 1"   --->   Operation 20 'getelementptr' 'ctype_addr_1' <Predicate = true> <Delay = 0.00>
ST_6 : Operation 21 [1/1] ( I:3.63ns O:3.63ns )   --->   "%out_local_read = read i100 @_ssdm_op_Read.ap_fifo.volatile.i100P0A, i100 %out_local" [firmware/wedrowiec_hls_axi.cpp:30]   --->   Operation 21 'read' 'out_local_read' <Predicate = true> <Delay = 3.63> <CoreInst = "FIFO_SRL">   --->   Core 80 'FIFO_SRL' <Latency = 0> <II = 1> <Delay = 3.63> <Storage> <Opcode : 'read' 'write' 'nbread' 'nbwrite'> <Ports = 0> <Width = 100> <Depth = 1> <FIFO>
ST_6 : Operation 22 [1/1] (0.00ns)   --->   "%trunc_ln30 = trunc i100 %out_local_read" [firmware/wedrowiec_hls_axi.cpp:30]   --->   Operation 22 'trunc' 'trunc_ln30' <Predicate = true> <Delay = 0.00>
ST_6 : Operation 23 [1/1] (0.00ns)   --->   "%trunc_ln30_1 = partselect i25 @_ssdm_op_PartSelect.i25.i100.i32.i32, i100 %out_local_read, i32 25, i32 49" [firmware/wedrowiec_hls_axi.cpp:30]   --->   Operation 23 'partselect' 'trunc_ln30_1' <Predicate = true> <Delay = 0.00>
ST_6 : Operation 24 [1/1] (0.00ns)   --->   "%trunc_ln30_2 = partselect i25 @_ssdm_op_PartSelect.i25.i100.i32.i32, i100 %out_local_read, i32 50, i32 74" [firmware/wedrowiec_hls_axi.cpp:30]   --->   Operation 24 'partselect' 'trunc_ln30_2' <Predicate = true> <Delay = 0.00>
ST_6 : Operation 25 [1/1] (0.00ns)   --->   "%trunc_ln30_3 = partselect i25 @_ssdm_op_PartSelect.i25.i100.i32.i32, i100 %out_local_read, i32 75, i32 99" [firmware/wedrowiec_hls_axi.cpp:30]   --->   Operation 25 'partselect' 'trunc_ln30_3' <Predicate = true> <Delay = 0.00>
ST_6 : Operation 26 [1/1] ( I:2.32ns O:2.32ns )   --->   "%store_ln30 = store i25 %trunc_ln30, i2 %ctype_addr" [firmware/wedrowiec_hls_axi.cpp:30]   --->   Operation 26 'store' 'store_ln30' <Predicate = true> <Delay = 2.32> <CoreInst = "RAM">   --->   Core 81 'RAM' <Latency = 1> <II = 1> <Delay = 2.32> <Storage> <Opcode : 'load' 'store'> <Ports = 2> <Width = 25> <Depth = 4> <RAM>
ST_6 : Operation 27 [1/1] ( I:2.32ns O:2.32ns )   --->   "%store_ln30 = store i25 %trunc_ln30_1, i2 %ctype_addr_1" [firmware/wedrowiec_hls_axi.cpp:30]   --->   Operation 27 'store' 'store_ln30' <Predicate = true> <Delay = 2.32> <CoreInst = "RAM">   --->   Core 81 'RAM' <Latency = 1> <II = 1> <Delay = 2.32> <Storage> <Opcode : 'load' 'store'> <Ports = 2> <Width = 25> <Depth = 4> <RAM>

State 7 <SV = 6> <Delay = 2.32>
ST_7 : Operation 28 [1/1] (0.00ns)   --->   "%ctype_addr_2 = getelementptr i25 %ctype, i64 0, i64 2"   --->   Operation 28 'getelementptr' 'ctype_addr_2' <Predicate = true> <Delay = 0.00>
ST_7 : Operation 29 [1/1] (0.00ns)   --->   "%ctype_addr_3 = getelementptr i25 %ctype, i64 0, i64 3"   --->   Operation 29 'getelementptr' 'ctype_addr_3' <Predicate = true> <Delay = 0.00>
ST_7 : Operation 30 [1/1] ( I:2.32ns O:2.32ns )   --->   "%store_ln30 = store i25 %trunc_ln30_2, i2 %ctype_addr_2" [firmware/wedrowiec_hls_axi.cpp:30]   --->   Operation 30 'store' 'store_ln30' <Predicate = true> <Delay = 2.32> <CoreInst = "RAM">   --->   Core 81 'RAM' <Latency = 1> <II = 1> <Delay = 2.32> <Storage> <Opcode : 'load' 'store'> <Ports = 2> <Width = 25> <Depth = 4> <RAM>
ST_7 : Operation 31 [1/1] ( I:2.32ns O:2.32ns )   --->   "%store_ln30 = store i25 %trunc_ln30_3, i2 %ctype_addr_3" [firmware/wedrowiec_hls_axi.cpp:30]   --->   Operation 31 'store' 'store_ln30' <Predicate = true> <Delay = 2.32> <CoreInst = "RAM">   --->   Core 81 'RAM' <Latency = 1> <II = 1> <Delay = 2.32> <Storage> <Opcode : 'load' 'store'> <Ports = 2> <Width = 25> <Depth = 4> <RAM>

State 8 <SV = 7> <Delay = 0.97>
ST_8 : Operation 32 [1/1] (0.00ns)   --->   "%is_last_loc_load = load i1 %is_last_loc"   --->   Operation 32 'load' 'is_last_loc_load' <Predicate = true> <Delay = 0.00>
ST_8 : Operation 33 [2/2] (0.97ns)   --->   "%call_ln0 = call void @wedrowiec_hls_axi_Pipeline_VITIS_LOOP_31_4, i1 %is_last_loc_load, i25 %ctype, i32 %out_r_V_data_V, i1 %out_r_V_last_V"   --->   Operation 33 'call' 'call_ln0' <Predicate = true> <Delay = 0.97> <CoreType = "Generic">   --->   Generic Core

State 9 <SV = 8> <Delay = 16.9>
ST_9 : Operation 34 [1/2] (16.9ns)   --->   "%call_ln0 = call void @wedrowiec_hls_axi_Pipeline_VITIS_LOOP_31_4, i1 %is_last_loc_load, i25 %ctype, i32 %out_r_V_data_V, i1 %out_r_V_last_V"   --->   Operation 34 'call' 'call_ln0' <Predicate = true> <Delay = 16.9> <CoreType = "Generic">   --->   Generic Core

State 10 <SV = 9> <Delay = 0.00>
ST_10 : Operation 35 [1/1] (0.00ns)   --->   "%spectopmodule_ln3 = spectopmodule void @_ssdm_op_SpecTopModule, void @empty_6" [firmware/wedrowiec_hls_axi.cpp:3]   --->   Operation 35 'spectopmodule' 'spectopmodule_ln3' <Predicate = true> <Delay = 0.00>
ST_10 : Operation 36 [1/1] (0.00ns)   --->   "%specinterface_ln3 = specinterface void @_ssdm_op_SpecInterface, i32 0, void @empty_7, i32 0, i32 0, void @empty_1, i32 0, i32 0, void @empty_1, void @empty_1, void @empty_1, i32 0, i32 0, i32 0, i32 0, void @empty_1, void @empty_1, i32 4294967295, i32 0, i32 0" [firmware/wedrowiec_hls_axi.cpp:3]   --->   Operation 36 'specinterface' 'specinterface_ln3' <Predicate = true> <Delay = 0.00>
ST_10 : Operation 37 [1/1] (0.00ns)   --->   "%specinterface_ln0 = specinterface void @_ssdm_op_SpecInterface, i32 %in_r_V_data_V, i1 %in_r_V_last_V, void @empty, i32 1, i32 1, void @empty_0, i32 0, i32 0, void @empty_1, void @empty_1, void @empty_1, i32 0, i32 0, i32 0, i32 0, void @empty_1, void @empty_1, i32 4294967295, i32 0, i32 0"   --->   Operation 37 'specinterface' 'specinterface_ln0' <Predicate = true> <Delay = 0.00>
ST_10 : Operation 38 [1/1] (0.00ns)   --->   "%specbitsmap_ln0 = specbitsmap void @_ssdm_op_SpecBitsMap, i32 %in_r_V_data_V"   --->   Operation 38 'specbitsmap' 'specbitsmap_ln0' <Predicate = true> <Delay = 0.00>
ST_10 : Operation 39 [1/1] (0.00ns)   --->   "%specbitsmap_ln0 = specbitsmap void @_ssdm_op_SpecBitsMap, i1 %in_r_V_last_V"   --->   Operation 39 'specbitsmap' 'specbitsmap_ln0' <Predicate = true> <Delay = 0.00>
ST_10 : Operation 40 [1/1] (0.00ns)   --->   "%specinterface_ln0 = specinterface void @_ssdm_op_SpecInterface, i32 %out_r_V_data_V, i1 %out_r_V_last_V, void @empty, i32 1, i32 1, void @empty_0, i32 0, i32 0, void @empty_1, void @empty_1, void @empty_1, i32 0, i32 0, i32 0, i32 0, void @empty_1, void @empty_1, i32 4294967295, i32 0, i32 0"   --->   Operation 40 'specinterface' 'specinterface_ln0' <Predicate = true> <Delay = 0.00>
ST_10 : Operation 41 [1/1] (0.00ns)   --->   "%specbitsmap_ln0 = specbitsmap void @_ssdm_op_SpecBitsMap, i32 %out_r_V_data_V"   --->   Operation 41 'specbitsmap' 'specbitsmap_ln0' <Predicate = true> <Delay = 0.00>
ST_10 : Operation 42 [1/1] (0.00ns)   --->   "%specbitsmap_ln0 = specbitsmap void @_ssdm_op_SpecBitsMap, i1 %out_r_V_last_V"   --->   Operation 42 'specbitsmap' 'specbitsmap_ln0' <Predicate = true> <Delay = 0.00>
ST_10 : Operation 43 [1/1] (0.00ns)   --->   "%empty = specchannel i32 @_ssdm_op_SpecChannel, void @in_local_str, i32 1, void @p_str, void @p_str, i32 8, i32 8, i64 %in_local, i64 %in_local"   --->   Operation 43 'specchannel' 'empty' <Predicate = true> <Delay = 0.00>
ST_10 : Operation 44 [1/1] (0.00ns)   --->   "%specinterface_ln0 = specinterface void @_ssdm_op_SpecInterface, i64 %in_local, void @empty_2, i32 0, i32 0, void @empty_1, i32 0, i32 0, void @empty_1, void @empty_1, void @empty_1, i32 0, i32 0, i32 0, i32 0, void @empty_1, void @empty_1, i32 4294967295, i32 0, i32 0"   --->   Operation 44 'specinterface' 'specinterface_ln0' <Predicate = true> <Delay = 0.00>
ST_10 : Operation 45 [1/1] (0.00ns)   --->   "%empty_54 = specchannel i32 @_ssdm_op_SpecChannel, void @out_local_str, i32 1, void @p_str, void @p_str, i32 1, i32 1, i100 %out_local, i100 %out_local"   --->   Operation 45 'specchannel' 'empty_54' <Predicate = true> <Delay = 0.00>
ST_10 : Operation 46 [1/1] (0.00ns)   --->   "%specinterface_ln0 = specinterface void @_ssdm_op_SpecInterface, i100 %out_local, void @empty_2, i32 0, i32 0, void @empty_1, i32 0, i32 0, void @empty_1, void @empty_1, void @empty_1, i32 0, i32 0, i32 0, i32 0, void @empty_1, void @empty_1, i32 4294967295, i32 0, i32 0"   --->   Operation 46 'specinterface' 'specinterface_ln0' <Predicate = true> <Delay = 0.00>
ST_10 : Operation 47 [1/1] (0.00ns)   --->   "%specaxissidechannel_ln16 = specaxissidechannel void @_ssdm_op_SpecAXISSideChannel, i32 %out_r_V_data_V, i1 0, i1 0, i1 0, i1 %out_r_V_last_V, i1 0, i1 0, void @empty_3" [firmware/wedrowiec_hls_axi.cpp:16]   --->   Operation 47 'specaxissidechannel' 'specaxissidechannel_ln16' <Predicate = true> <Delay = 0.00>
ST_10 : Operation 48 [1/1] (0.00ns)   --->   "%specaxissidechannel_ln16 = specaxissidechannel void @_ssdm_op_SpecAXISSideChannel, i32 %in_r_V_data_V, i1 0, i1 0, i1 0, i1 %in_r_V_last_V, i1 0, i1 0, void @empty_4" [firmware/wedrowiec_hls_axi.cpp:16]   --->   Operation 48 'specaxissidechannel' 'specaxissidechannel_ln16' <Predicate = true> <Delay = 0.00>
ST_10 : Operation 49 [1/1] (0.00ns)   --->   "%ret_ln36 = ret" [firmware/wedrowiec_hls_axi.cpp:36]   --->   Operation 49 'ret' 'ret_ln36' <Predicate = true> <Delay = 0.00>


============================================================
+ Verbose Summary: Binding
============================================================
STG Binding: 
---------------- STG Properties BEGIN ----------------
- Is combinational: 0
- Is one-state seq: 0
- Is datapath-only: 0
- Is pipelined: 0
- Is top level: 1
Port [ Return ] is wired: 1; IO mode=ap_ctrl_none:ce=0
Port [ in_r_V_data_V]:  wired=1; compound=1; hidden=0; nouse=0; global=0; static=0; extern=0; dir=0; type=0; pingpong=0; private_global=0; IO mode=axis:ce=0
Port [ in_r_V_last_V]:  wired=1; compound=1; hidden=0; nouse=0; global=0; static=0; extern=0; dir=0; type=0; pingpong=0; private_global=0; IO mode=axis:ce=0
Port [ out_r_V_data_V]:  wired=1; compound=1; hidden=0; nouse=0; global=0; static=0; extern=0; dir=1; type=0; pingpong=0; private_global=0; IO mode=axis:ce=0
Port [ out_r_V_last_V]:  wired=1; compound=1; hidden=0; nouse=0; global=0; static=0; extern=0; dir=1; type=0; pingpong=0; private_global=0; IO mode=axis:ce=0
Port [ outidx]:  wired=0; compound=1; hidden=1; nouse=1; global=1; static=1; extern=0; dir=0; type=1; pingpong=0; private_global=0; MemPort=[1]; IO mode=ap_memory:ce=0
Port [ w3]:  wired=0; compound=1; hidden=1; nouse=1; global=1; static=1; extern=0; dir=0; type=1; pingpong=0; private_global=0; MemPort=[1]; IO mode=ap_memory:ce=0
Port [ outidx_9]:  wired=0; compound=1; hidden=1; nouse=1; global=1; static=1; extern=0; dir=0; type=1; pingpong=0; private_global=0; MemPort=[1]; IO mode=ap_memory:ce=0
Port [ w5]:  wired=0; compound=1; hidden=1; nouse=1; global=1; static=1; extern=0; dir=0; type=1; pingpong=0; private_global=0; MemPort=[1]; IO mode=ap_memory:ce=0
Port [ outidx_18]:  wired=0; compound=1; hidden=1; nouse=1; global=1; static=1; extern=0; dir=0; type=1; pingpong=0; private_global=0; MemPort=[1]; IO mode=ap_memory:ce=0
Port [ w7]:  wired=0; compound=1; hidden=1; nouse=1; global=1; static=1; extern=0; dir=0; type=1; pingpong=0; private_global=0; MemPort=[1]; IO mode=ap_memory:ce=0
Port [ outidx_27]:  wired=0; compound=1; hidden=1; nouse=1; global=1; static=1; extern=0; dir=0; type=1; pingpong=0; private_global=0; MemPort=[1]; IO mode=ap_memory:ce=0
Port [ w9]:  wired=0; compound=1; hidden=1; nouse=1; global=1; static=1; extern=0; dir=0; type=1; pingpong=0; private_global=0; MemPort=[1]; IO mode=ap_memory:ce=0
---------------- STG Properties END ------------------

---------------- Datapath Model BEGIN ----------------

<LifeTime>
<method=bitvector/>
is_last_loc              (alloca             ) [ 00111111100]
in_local                 (alloca             ) [ 00111111111]
out_local                (alloca             ) [ 00111111111]
ctype                    (alloca             ) [ 00111111110]
call_ln0                 (call               ) [ 00000000000]
call_ln27                (call               ) [ 00000000000]
ctype_addr               (getelementptr      ) [ 00000000000]
ctype_addr_1             (getelementptr      ) [ 00000000000]
out_local_read           (read               ) [ 00000000000]
trunc_ln30               (trunc              ) [ 00000000000]
trunc_ln30_1             (partselect         ) [ 00000000000]
trunc_ln30_2             (partselect         ) [ 00000001000]
trunc_ln30_3             (partselect         ) [ 00000001000]
store_ln30               (store              ) [ 00000000000]
store_ln30               (store              ) [ 00000000000]
ctype_addr_2             (getelementptr      ) [ 00000000000]
ctype_addr_3             (getelementptr      ) [ 00000000000]
store_ln30               (store              ) [ 00000000000]
store_ln30               (store              ) [ 00000000000]
is_last_loc_load         (load               ) [ 00000000010]
call_ln0                 (call               ) [ 00000000000]
spectopmodule_ln3        (spectopmodule      ) [ 00000000000]
specinterface_ln3        (specinterface      ) [ 00000000000]
specinterface_ln0        (specinterface      ) [ 00000000000]
specbitsmap_ln0          (specbitsmap        ) [ 00000000000]
specbitsmap_ln0          (specbitsmap        ) [ 00000000000]
specinterface_ln0        (specinterface      ) [ 00000000000]
specbitsmap_ln0          (specbitsmap        ) [ 00000000000]
specbitsmap_ln0          (specbitsmap        ) [ 00000000000]
empty                    (specchannel        ) [ 00000000000]
specinterface_ln0        (specinterface      ) [ 00000000000]
empty_54                 (specchannel        ) [ 00000000000]
specinterface_ln0        (specinterface      ) [ 00000000000]
specaxissidechannel_ln16 (specaxissidechannel) [ 00000000000]
specaxissidechannel_ln16 (specaxissidechannel) [ 00000000000]
ret_ln36                 (ret                ) [ 00000000000]
</LifeTime>

<model>

<comp_list>
<comp id="0" class="1000" name="in_r_V_data_V">
<pin_list>
<pin id="1" dir="1" index="0" bw="1" slack="0"/>
</pin_list>
<bind>
<StgValue><ssdm name="in_r_V_data_V"/></StgValue>
</bind>
</comp>

<comp id="2" class="1000" name="in_r_V_last_V">
<pin_list>
<pin id="3" dir="1" index="0" bw="1" slack="0"/>
</pin_list>
<bind>
<StgValue><ssdm name="in_r_V_last_V"/></StgValue>
</bind>
</comp>

<comp id="4" class="1000" name="out_r_V_data_V">
<pin_list>
<pin id="5" dir="1" index="0" bw="1" slack="0"/>
</pin_list>
<bind>
<StgValue><ssdm name="out_r_V_data_V"/></StgValue>
</bind>
</comp>

<comp id="6" class="1000" name="out_r_V_last_V">
<pin_list>
<pin id="7" dir="1" index="0" bw="1" slack="0"/>
</pin_list>
<bind>
<StgValue><ssdm name="out_r_V_last_V"/></StgValue>
</bind>
</comp>

<comp id="8" class="1000" name="outidx">
<pin_list>
<pin id="9" dir="1" index="0" bw="1" slack="0"/>
</pin_list>
<bind>
<StgValue><ssdm name="outidx"/><MemPortTyVec>1 </MemPortTyVec>
</StgValue>
</bind>
</comp>

<comp id="10" class="1000" name="w3">
<pin_list>
<pin id="11" dir="1" index="0" bw="1" slack="0"/>
</pin_list>
<bind>
<StgValue><ssdm name="w3"/><MemPortTyVec>1 </MemPortTyVec>
</StgValue>
</bind>
</comp>

<comp id="12" class="1000" name="outidx_9">
<pin_list>
<pin id="13" dir="1" index="0" bw="1" slack="0"/>
</pin_list>
<bind>
<StgValue><ssdm name="outidx_9"/><MemPortTyVec>1 </MemPortTyVec>
</StgValue>
</bind>
</comp>

<comp id="14" class="1000" name="w5">
<pin_list>
<pin id="15" dir="1" index="0" bw="1" slack="0"/>
</pin_list>
<bind>
<StgValue><ssdm name="w5"/><MemPortTyVec>1 </MemPortTyVec>
</StgValue>
</bind>
</comp>

<comp id="16" class="1000" name="outidx_18">
<pin_list>
<pin id="17" dir="1" index="0" bw="1" slack="0"/>
</pin_list>
<bind>
<StgValue><ssdm name="outidx_18"/><MemPortTyVec>1 </MemPortTyVec>
</StgValue>
</bind>
</comp>

<comp id="18" class="1000" name="w7">
<pin_list>
<pin id="19" dir="1" index="0" bw="1" slack="0"/>
</pin_list>
<bind>
<StgValue><ssdm name="w7"/><MemPortTyVec>1 </MemPortTyVec>
</StgValue>
</bind>
</comp>

<comp id="20" class="1000" name="outidx_27">
<pin_list>
<pin id="21" dir="1" index="0" bw="1" slack="0"/>
</pin_list>
<bind>
<StgValue><ssdm name="outidx_27"/><MemPortTyVec>1 </MemPortTyVec>
</StgValue>
</bind>
</comp>

<comp id="22" class="1000" name="w9">
<pin_list>
<pin id="23" dir="1" index="0" bw="1" slack="0"/>
</pin_list>
<bind>
<StgValue><ssdm name="w9"/><MemPortTyVec>1 </MemPortTyVec>
</StgValue>
</bind>
</comp>

<comp id="24" class="1001" name="const_24">
<pin_list>
<pin id="25" dir="1" index="0" bw="1" slack="0"/>
</pin_list>
<bind>
<StgValue><ssdm name=""/></StgValue>
</bind>
</comp>

<comp id="26" class="1001" name="const_26">
<pin_list>
<pin id="27" dir="1" index="0" bw="1" slack="0"/>
</pin_list>
<bind>
<StgValue><ssdm name="wedrowiec_hls_axi_Pipeline_VITIS_LOOP_16_1"/></StgValue>
</bind>
</comp>

<comp id="28" class="1001" name="const_28">
<pin_list>
<pin id="29" dir="1" index="0" bw="1" slack="0"/>
</pin_list>
<bind>
<StgValue><ssdm name="wedrowiec_hls"/></StgValue>
</bind>
</comp>

<comp id="30" class="1001" name="const_30">
<pin_list>
<pin id="31" dir="1" index="0" bw="1" slack="0"/>
</pin_list>
<bind>
<StgValue><ssdm name=""/></StgValue>
</bind>
</comp>

<comp id="32" class="1001" name="const_32">
<pin_list>
<pin id="33" dir="1" index="0" bw="1" slack="0"/>
</pin_list>
<bind>
<StgValue><ssdm name="_ssdm_op_Read.ap_fifo.volatile.i100P0A"/></StgValue>
</bind>
</comp>

<comp id="34" class="1001" name="const_34">
<pin_list>
<pin id="35" dir="1" index="0" bw="1" slack="0"/>
</pin_list>
<bind>
<StgValue><ssdm name="_ssdm_op_PartSelect.i25.i100.i32.i32"/></StgValue>
</bind>
</comp>

<comp id="36" class="1001" name="const_36">
<pin_list>
<pin id="37" dir="1" index="0" bw="1" slack="0"/>
</pin_list>
<bind>
<StgValue><ssdm name=""/></StgValue>
</bind>
</comp>

<comp id="38" class="1001" name="const_38">
<pin_list>
<pin id="39" dir="1" index="0" bw="1" slack="0"/>
</pin_list>
<bind>
<StgValue><ssdm name=""/></StgValue>
</bind>
</comp>

<comp id="40" class="1001" name="const_40">
<pin_list>
<pin id="41" dir="1" index="0" bw="1" slack="0"/>
</pin_list>
<bind>
<StgValue><ssdm name=""/></StgValue>
</bind>
</comp>

<comp id="42" class="1001" name="const_42">
<pin_list>
<pin id="43" dir="1" index="0" bw="1" slack="0"/>
</pin_list>
<bind>
<StgValue><ssdm name=""/></StgValue>
</bind>
</comp>

<comp id="44" class="1001" name="const_44">
<pin_list>
<pin id="45" dir="1" index="0" bw="1" slack="0"/>
</pin_list>
<bind>
<StgValue><ssdm name=""/></StgValue>
</bind>
</comp>

<comp id="46" class="1001" name="const_46">
<pin_list>
<pin id="47" dir="1" index="0" bw="1" slack="0"/>
</pin_list>
<bind>
<StgValue><ssdm name=""/></StgValue>
</bind>
</comp>

<comp id="48" class="1001" name="const_48">
<pin_list>
<pin id="49" dir="1" index="0" bw="1" slack="0"/>
</pin_list>
<bind>
<StgValue><ssdm name=""/></StgValue>
</bind>
</comp>

<comp id="50" class="1001" name="const_50">
<pin_list>
<pin id="51" dir="1" index="0" bw="1" slack="0"/>
</pin_list>
<bind>
<StgValue><ssdm name=""/></StgValue>
</bind>
</comp>

<comp id="52" class="1001" name="const_52">
<pin_list>
<pin id="53" dir="1" index="0" bw="1" slack="0"/>
</pin_list>
<bind>
<StgValue><ssdm name="wedrowiec_hls_axi_Pipeline_VITIS_LOOP_31_4"/></StgValue>
</bind>
</comp>

<comp id="54" class="1001" name="const_54">
<pin_list>
<pin id="55" dir="1" index="0" bw="1" slack="2147483647"/>
</pin_list>
<bind>
<StgValue><ssdm name="_ssdm_op_SpecTopModule"/></StgValue>
</bind>
</comp>

<comp id="56" class="1001" name="const_56">
<pin_list>
<pin id="57" dir="1" index="0" bw="1" slack="2147483647"/>
</pin_list>
<bind>
<StgValue><ssdm name="empty_6"/></StgValue>
</bind>
</comp>

<comp id="58" class="1001" name="const_58">
<pin_list>
<pin id="59" dir="1" index="0" bw="1" slack="2147483647"/>
</pin_list>
<bind>
<StgValue><ssdm name="_ssdm_op_SpecInterface"/></StgValue>
</bind>
</comp>

<comp id="60" class="1001" name="const_60">
<pin_list>
<pin id="61" dir="1" index="0" bw="1" slack="2147483647"/>
</pin_list>
<bind>
<StgValue><ssdm name=""/></StgValue>
</bind>
</comp>

<comp id="62" class="1001" name="const_62">
<pin_list>
<pin id="63" dir="1" index="0" bw="1" slack="2147483647"/>
</pin_list>
<bind>
<StgValue><ssdm name="empty_7"/></StgValue>
</bind>
</comp>

<comp id="64" class="1001" name="const_64">
<pin_list>
<pin id="65" dir="1" index="0" bw="1" slack="2147483647"/>
</pin_list>
<bind>
<StgValue><ssdm name="empty_1"/></StgValue>
</bind>
</comp>

<comp id="66" class="1001" name="const_66">
<pin_list>
<pin id="67" dir="1" index="0" bw="1" slack="2147483647"/>
</pin_list>
<bind>
<StgValue><ssdm name=""/></StgValue>
</bind>
</comp>

<comp id="68" class="1001" name="const_68">
<pin_list>
<pin id="69" dir="1" index="0" bw="1" slack="2147483647"/>
</pin_list>
<bind>
<StgValue><ssdm name="empty"/></StgValue>
</bind>
</comp>

<comp id="70" class="1001" name="const_70">
<pin_list>
<pin id="71" dir="1" index="0" bw="1" slack="2147483647"/>
</pin_list>
<bind>
<StgValue><ssdm name=""/></StgValue>
</bind>
</comp>

<comp id="72" class="1001" name="const_72">
<pin_list>
<pin id="73" dir="1" index="0" bw="1" slack="2147483647"/>
</pin_list>
<bind>
<StgValue><ssdm name="empty_0"/></StgValue>
</bind>
</comp>

<comp id="74" class="1001" name="const_74">
<pin_list>
<pin id="75" dir="1" index="0" bw="1" slack="2147483647"/>
</pin_list>
<bind>
<StgValue><ssdm name="_ssdm_op_SpecBitsMap"/></StgValue>
</bind>
</comp>

<comp id="76" class="1001" name="const_76">
<pin_list>
<pin id="77" dir="1" index="0" bw="1" slack="2147483647"/>
</pin_list>
<bind>
<StgValue><ssdm name="_ssdm_op_SpecChannel"/></StgValue>
</bind>
</comp>

<comp id="78" class="1001" name="const_78">
<pin_list>
<pin id="79" dir="1" index="0" bw="1" slack="2147483647"/>
</pin_list>
<bind>
<StgValue><ssdm name="in_local_str"/></StgValue>
</bind>
</comp>

<comp id="80" class="1001" name="const_80">
<pin_list>
<pin id="81" dir="1" index="0" bw="1" slack="2147483647"/>
</pin_list>
<bind>
<StgValue><ssdm name="p_str"/></StgValue>
</bind>
</comp>

<comp id="82" class="1001" name="const_82">
<pin_list>
<pin id="83" dir="1" index="0" bw="1" slack="2147483647"/>
</pin_list>
<bind>
<StgValue><ssdm name=""/></StgValue>
</bind>
</comp>

<comp id="84" class="1001" name="const_84">
<pin_list>
<pin id="85" dir="1" index="0" bw="1" slack="2147483647"/>
</pin_list>
<bind>
<StgValue><ssdm name="empty_2"/></StgValue>
</bind>
</comp>

<comp id="86" class="1001" name="const_86">
<pin_list>
<pin id="87" dir="1" index="0" bw="1" slack="2147483647"/>
</pin_list>
<bind>
<StgValue><ssdm name="out_local_str"/></StgValue>
</bind>
</comp>

<comp id="88" class="1001" name="const_88">
<pin_list>
<pin id="89" dir="1" index="0" bw="1" slack="2147483647"/>
</pin_list>
<bind>
<StgValue><ssdm name="_ssdm_op_SpecAXISSideChannel"/></StgValue>
</bind>
</comp>

<comp id="90" class="1001" name="const_90">
<pin_list>
<pin id="91" dir="1" index="0" bw="1" slack="2147483647"/>
</pin_list>
<bind>
<StgValue><ssdm name=""/></StgValue>
</bind>
</comp>

<comp id="92" class="1001" name="const_92">
<pin_list>
<pin id="93" dir="1" index="0" bw="1" slack="2147483647"/>
</pin_list>
<bind>
<StgValue><ssdm name="empty_3"/></StgValue>
</bind>
</comp>

<comp id="94" class="1001" name="const_94">
<pin_list>
<pin id="95" dir="1" index="0" bw="1" slack="2147483647"/>
</pin_list>
<bind>
<StgValue><ssdm name="empty_4"/></StgValue>
</bind>
</comp>

<comp id="96" class="1004" name="is_last_loc_fu_96">
<pin_list>
<pin id="97" dir="0" index="0" bw="1" slack="0"/>
<pin id="98" dir="1" index="1" bw="1" slack="1"/>
</pin_list>
<bind>
<opcode="alloca(26) " fcode="alloca"/>
<opset="is_last_loc/1 "/>
</bind>
</comp>

<comp id="100" class="1004" name="in_local_fu_100">
<pin_list>
<pin id="101" dir="0" index="0" bw="1" slack="0"/>
<pin id="102" dir="1" index="1" bw="64" slack="1"/>
</pin_list>
<bind>
<opcode="alloca(26) " fcode="alloca"/>
<opset="in_local/1 "/>
</bind>
</comp>

<comp id="104" class="1004" name="out_local_fu_104">
<pin_list>
<pin id="105" dir="0" index="0" bw="1" slack="0"/>
<pin id="106" dir="1" index="1" bw="100" slack="3"/>
</pin_list>
<bind>
<opcode="alloca(26) " fcode="alloca"/>
<opset="out_local/1 "/>
</bind>
</comp>

<comp id="108" class="1004" name="ctype_alloca_fu_108">
<pin_list>
<pin id="109" dir="0" index="0" bw="1" slack="0"/>
<pin id="110" dir="1" index="1" bw="25" slack="2147483647"/>
</pin_list>
<bind>
<opcode="alloca(26) " fcode="alloca"/>
<opset="ctype/1 "/>
</bind>
</comp>

<comp id="112" class="1004" name="out_local_read_read_fu_112">
<pin_list>
<pin id="113" dir="0" index="0" bw="100" slack="0"/>
<pin id="114" dir="0" index="1" bw="100" slack="5"/>
<pin id="115" dir="1" index="2" bw="100" slack="0"/>
</pin_list>
<bind>
<opcode="read(1150) " fcode="read"/>
<opset="out_local_read/6 "/>
</bind>
</comp>

<comp id="117" class="1004" name="ctype_addr_gep_fu_117">
<pin_list>
<pin id="118" dir="0" index="0" bw="25" slack="2147483647"/>
<pin id="119" dir="0" index="1" bw="1" slack="0"/>
<pin id="120" dir="0" index="2" bw="1" slack="0"/>
<pin id="121" dir="1" index="3" bw="2" slack="0"/>
</pin_list>
<bind>
<opcode="getelementptr(29) " fcode="getelementptr"/>
<opset="ctype_addr/6 "/>
</bind>
</comp>

<comp id="124" class="1004" name="ctype_addr_1_gep_fu_124">
<pin_list>
<pin id="125" dir="0" index="0" bw="25" slack="2147483647"/>
<pin id="126" dir="0" index="1" bw="1" slack="0"/>
<pin id="127" dir="0" index="2" bw="1" slack="0"/>
<pin id="128" dir="1" index="3" bw="2" slack="0"/>
</pin_list>
<bind>
<opcode="getelementptr(29) " fcode="getelementptr"/>
<opset="ctype_addr_1/6 "/>
</bind>
</comp>

<comp id="131" class="1004" name="grp_access_fu_131">
<pin_list>
<pin id="132" dir="0" index="0" bw="2" slack="0"/>
<pin id="133" dir="0" index="1" bw="25" slack="0"/>
<pin id="134" dir="0" index="2" bw="0" slack="0"/>
<pin id="136" dir="0" index="4" bw="2" slack="0"/>
<pin id="137" dir="0" index="5" bw="25" slack="2147483647"/>
<pin id="138" dir="0" index="6" bw="0" slack="2147483647"/>
<pin id="135" dir="1" index="3" bw="25" slack="2147483647"/>
<pin id="139" dir="1" index="7" bw="25" slack="2147483647"/>
</pin_list>
<bind>
<opcode="store(28) " fcode="store"/>
<opset="store_ln30/6 store_ln30/6 store_ln30/7 store_ln30/7 "/>
</bind>
</comp>

<comp id="142" class="1004" name="ctype_addr_2_gep_fu_142">
<pin_list>
<pin id="143" dir="0" index="0" bw="25" slack="2147483647"/>
<pin id="144" dir="0" index="1" bw="1" slack="0"/>
<pin id="145" dir="0" index="2" bw="3" slack="0"/>
<pin id="146" dir="1" index="3" bw="2" slack="0"/>
</pin_list>
<bind>
<opcode="getelementptr(29) " fcode="getelementptr"/>
<opset="ctype_addr_2/7 "/>
</bind>
</comp>

<comp id="149" class="1004" name="ctype_addr_3_gep_fu_149">
<pin_list>
<pin id="150" dir="0" index="0" bw="25" slack="2147483647"/>
<pin id="151" dir="0" index="1" bw="1" slack="0"/>
<pin id="152" dir="0" index="2" bw="3" slack="0"/>
<pin id="153" dir="1" index="3" bw="2" slack="0"/>
</pin_list>
<bind>
<opcode="getelementptr(29) " fcode="getelementptr"/>
<opset="ctype_addr_3/7 "/>
</bind>
</comp>

<comp id="158" class="1004" name="grp_wedrowiec_hls_axi_Pipeline_VITIS_LOOP_16_1_fu_158">
<pin_list>
<pin id="159" dir="0" index="0" bw="0" slack="0"/>
<pin id="160" dir="0" index="1" bw="32" slack="0"/>
<pin id="161" dir="0" index="2" bw="1" slack="0"/>
<pin id="162" dir="0" index="3" bw="64" slack="1"/>
<pin id="163" dir="0" index="4" bw="1" slack="1"/>
<pin id="164" dir="1" index="5" bw="0" slack="2147483647"/>
</pin_list>
<bind>
<opcode="call(48) " fcode="call"/>
<opset="call_ln0/2 "/>
</bind>
</comp>

<comp id="168" class="1004" name="grp_wedrowiec_hls_fu_168">
<pin_list>
<pin id="169" dir="0" index="0" bw="0" slack="0"/>
<pin id="170" dir="0" index="1" bw="64" slack="3"/>
<pin id="171" dir="0" index="2" bw="100" slack="3"/>
<pin id="172" dir="0" index="3" bw="5" slack="0"/>
<pin id="173" dir="0" index="4" bw="7" slack="0"/>
<pin id="174" dir="0" index="5" bw="5" slack="0"/>
<pin id="175" dir="0" index="6" bw="7" slack="0"/>
<pin id="176" dir="0" index="7" bw="4" slack="0"/>
<pin id="177" dir="0" index="8" bw="7" slack="0"/>
<pin id="178" dir="0" index="9" bw="2" slack="0"/>
<pin id="179" dir="0" index="10" bw="7" slack="0"/>
<pin id="180" dir="1" index="11" bw="0" slack="2147483647"/>
</pin_list>
<bind>
<opcode="call(48) " fcode="call"/>
<opset="call_ln27/4 "/>
</bind>
</comp>

<comp id="190" class="1004" name="grp_wedrowiec_hls_axi_Pipeline_VITIS_LOOP_31_4_fu_190">
<pin_list>
<pin id="191" dir="0" index="0" bw="0" slack="0"/>
<pin id="192" dir="0" index="1" bw="1" slack="0"/>
<pin id="193" dir="0" index="2" bw="25" slack="2147483647"/>
<pin id="194" dir="0" index="3" bw="32" slack="0"/>
<pin id="195" dir="0" index="4" bw="1" slack="0"/>
<pin id="196" dir="1" index="5" bw="0" slack="2147483647"/>
</pin_list>
<bind>
<opcode="call(48) " fcode="call"/>
<opset="call_ln0/8 "/>
</bind>
</comp>

<comp id="200" class="1004" name="trunc_ln30_fu_200">
<pin_list>
<pin id="201" dir="0" index="0" bw="100" slack="0"/>
<pin id="202" dir="1" index="1" bw="25" slack="0"/>
</pin_list>
<bind>
<opcode="trunc(33) " fcode="trunc"/>
<opset="trunc_ln30/6 "/>
</bind>
</comp>

<comp id="205" class="1004" name="trunc_ln30_1_fu_205">
<pin_list>
<pin id="206" dir="0" index="0" bw="25" slack="0"/>
<pin id="207" dir="0" index="1" bw="100" slack="0"/>
<pin id="208" dir="0" index="2" bw="6" slack="0"/>
<pin id="209" dir="0" index="3" bw="7" slack="0"/>
<pin id="210" dir="1" index="4" bw="25" slack="0"/>
</pin_list>
<bind>
<opcode="partselect(1002) " fcode="partselect"/>
<opset="trunc_ln30_1/6 "/>
</bind>
</comp>

<comp id="216" class="1004" name="trunc_ln30_2_fu_216">
<pin_list>
<pin id="217" dir="0" index="0" bw="25" slack="0"/>
<pin id="218" dir="0" index="1" bw="100" slack="0"/>
<pin id="219" dir="0" index="2" bw="7" slack="0"/>
<pin id="220" dir="0" index="3" bw="8" slack="0"/>
<pin id="221" dir="1" index="4" bw="25" slack="1"/>
</pin_list>
<bind>
<opcode="partselect(1002) " fcode="partselect"/>
<opset="trunc_ln30_2/6 "/>
</bind>
</comp>

<comp id="226" class="1004" name="trunc_ln30_3_fu_226">
<pin_list>
<pin id="227" dir="0" index="0" bw="25" slack="0"/>
<pin id="228" dir="0" index="1" bw="100" slack="0"/>
<pin id="229" dir="0" index="2" bw="8" slack="0"/>
<pin id="230" dir="0" index="3" bw="8" slack="0"/>
<pin id="231" dir="1" index="4" bw="25" slack="1"/>
</pin_list>
<bind>
<opcode="partselect(1002) " fcode="partselect"/>
<opset="trunc_ln30_3/6 "/>
</bind>
</comp>

<comp id="236" class="1004" name="is_last_loc_load_load_fu_236">
<pin_list>
<pin id="237" dir="0" index="0" bw="1" slack="7"/>
<pin id="238" dir="1" index="1" bw="1" slack="0"/>
</pin_list>
<bind>
<opcode="load(27) " fcode="load"/>
<opset="is_last_loc_load/8 "/>
</bind>
</comp>

<comp id="240" class="1005" name="is_last_loc_reg_240">
<pin_list>
<pin id="241" dir="0" index="0" bw="1" slack="1"/>
<pin id="242" dir="1" index="1" bw="1" slack="1"/>
</pin_list>
<bind>
<opset="is_last_loc "/>
</bind>
</comp>

<comp id="246" class="1005" name="in_local_reg_246">
<pin_list>
<pin id="247" dir="0" index="0" bw="64" slack="1"/>
<pin id="248" dir="1" index="1" bw="64" slack="1"/>
</pin_list>
<bind>
<opset="in_local "/>
</bind>
</comp>

<comp id="252" class="1005" name="out_local_reg_252">
<pin_list>
<pin id="253" dir="0" index="0" bw="100" slack="3"/>
<pin id="254" dir="1" index="1" bw="100" slack="3"/>
</pin_list>
<bind>
<opset="out_local "/>
</bind>
</comp>

<comp id="258" class="1005" name="trunc_ln30_2_reg_258">
<pin_list>
<pin id="259" dir="0" index="0" bw="25" slack="1"/>
<pin id="260" dir="1" index="1" bw="25" slack="1"/>
</pin_list>
<bind>
<opset="trunc_ln30_2 "/>
</bind>
</comp>

<comp id="263" class="1005" name="trunc_ln30_3_reg_263">
<pin_list>
<pin id="264" dir="0" index="0" bw="25" slack="1"/>
<pin id="265" dir="1" index="1" bw="25" slack="1"/>
</pin_list>
<bind>
<opset="trunc_ln30_3 "/>
</bind>
</comp>

</comp_list>

<net_list>
<net id="99"><net_src comp="24" pin="0"/><net_sink comp="96" pin=0"/></net>

<net id="103"><net_src comp="24" pin="0"/><net_sink comp="100" pin=0"/></net>

<net id="107"><net_src comp="24" pin="0"/><net_sink comp="104" pin=0"/></net>

<net id="111"><net_src comp="24" pin="0"/><net_sink comp="108" pin=0"/></net>

<net id="116"><net_src comp="32" pin="0"/><net_sink comp="112" pin=0"/></net>

<net id="122"><net_src comp="30" pin="0"/><net_sink comp="117" pin=1"/></net>

<net id="123"><net_src comp="30" pin="0"/><net_sink comp="117" pin=2"/></net>

<net id="129"><net_src comp="30" pin="0"/><net_sink comp="124" pin=1"/></net>

<net id="130"><net_src comp="24" pin="0"/><net_sink comp="124" pin=2"/></net>

<net id="140"><net_src comp="117" pin="3"/><net_sink comp="131" pin=2"/></net>

<net id="141"><net_src comp="124" pin="3"/><net_sink comp="131" pin=0"/></net>

<net id="147"><net_src comp="30" pin="0"/><net_sink comp="142" pin=1"/></net>

<net id="148"><net_src comp="48" pin="0"/><net_sink comp="142" pin=2"/></net>

<net id="154"><net_src comp="30" pin="0"/><net_sink comp="149" pin=1"/></net>

<net id="155"><net_src comp="50" pin="0"/><net_sink comp="149" pin=2"/></net>

<net id="156"><net_src comp="142" pin="3"/><net_sink comp="131" pin=2"/></net>

<net id="157"><net_src comp="149" pin="3"/><net_sink comp="131" pin=0"/></net>

<net id="165"><net_src comp="26" pin="0"/><net_sink comp="158" pin=0"/></net>

<net id="166"><net_src comp="0" pin="0"/><net_sink comp="158" pin=1"/></net>

<net id="167"><net_src comp="2" pin="0"/><net_sink comp="158" pin=2"/></net>

<net id="181"><net_src comp="28" pin="0"/><net_sink comp="168" pin=0"/></net>

<net id="182"><net_src comp="8" pin="0"/><net_sink comp="168" pin=3"/></net>

<net id="183"><net_src comp="10" pin="0"/><net_sink comp="168" pin=4"/></net>

<net id="184"><net_src comp="12" pin="0"/><net_sink comp="168" pin=5"/></net>

<net id="185"><net_src comp="14" pin="0"/><net_sink comp="168" pin=6"/></net>

<net id="186"><net_src comp="16" pin="0"/><net_sink comp="168" pin=7"/></net>

<net id="187"><net_src comp="18" pin="0"/><net_sink comp="168" pin=8"/></net>

<net id="188"><net_src comp="20" pin="0"/><net_sink comp="168" pin=9"/></net>

<net id="189"><net_src comp="22" pin="0"/><net_sink comp="168" pin=10"/></net>

<net id="197"><net_src comp="52" pin="0"/><net_sink comp="190" pin=0"/></net>

<net id="198"><net_src comp="4" pin="0"/><net_sink comp="190" pin=3"/></net>

<net id="199"><net_src comp="6" pin="0"/><net_sink comp="190" pin=4"/></net>

<net id="203"><net_src comp="112" pin="2"/><net_sink comp="200" pin=0"/></net>

<net id="204"><net_src comp="200" pin="1"/><net_sink comp="131" pin=4"/></net>

<net id="211"><net_src comp="34" pin="0"/><net_sink comp="205" pin=0"/></net>

<net id="212"><net_src comp="112" pin="2"/><net_sink comp="205" pin=1"/></net>

<net id="213"><net_src comp="36" pin="0"/><net_sink comp="205" pin=2"/></net>

<net id="214"><net_src comp="38" pin="0"/><net_sink comp="205" pin=3"/></net>

<net id="215"><net_src comp="205" pin="4"/><net_sink comp="131" pin=1"/></net>

<net id="222"><net_src comp="34" pin="0"/><net_sink comp="216" pin=0"/></net>

<net id="223"><net_src comp="112" pin="2"/><net_sink comp="216" pin=1"/></net>

<net id="224"><net_src comp="40" pin="0"/><net_sink comp="216" pin=2"/></net>

<net id="225"><net_src comp="42" pin="0"/><net_sink comp="216" pin=3"/></net>

<net id="232"><net_src comp="34" pin="0"/><net_sink comp="226" pin=0"/></net>

<net id="233"><net_src comp="112" pin="2"/><net_sink comp="226" pin=1"/></net>

<net id="234"><net_src comp="44" pin="0"/><net_sink comp="226" pin=2"/></net>

<net id="235"><net_src comp="46" pin="0"/><net_sink comp="226" pin=3"/></net>

<net id="239"><net_src comp="236" pin="1"/><net_sink comp="190" pin=1"/></net>

<net id="243"><net_src comp="96" pin="1"/><net_sink comp="240" pin=0"/></net>

<net id="244"><net_src comp="240" pin="1"/><net_sink comp="158" pin=4"/></net>

<net id="245"><net_src comp="240" pin="1"/><net_sink comp="236" pin=0"/></net>

<net id="249"><net_src comp="100" pin="1"/><net_sink comp="246" pin=0"/></net>

<net id="250"><net_src comp="246" pin="1"/><net_sink comp="158" pin=3"/></net>

<net id="251"><net_src comp="246" pin="1"/><net_sink comp="168" pin=1"/></net>

<net id="255"><net_src comp="104" pin="1"/><net_sink comp="252" pin=0"/></net>

<net id="256"><net_src comp="252" pin="1"/><net_sink comp="168" pin=2"/></net>

<net id="257"><net_src comp="252" pin="1"/><net_sink comp="112" pin=1"/></net>

<net id="261"><net_src comp="216" pin="4"/><net_sink comp="258" pin=0"/></net>

<net id="262"><net_src comp="258" pin="1"/><net_sink comp="131" pin=4"/></net>

<net id="266"><net_src comp="226" pin="4"/><net_sink comp="263" pin=0"/></net>

<net id="267"><net_src comp="263" pin="1"/><net_sink comp="131" pin=1"/></net>

</net_list>

</model> 
---------------- Datapath Model END ------------------

* FSMD analyzer results:
  - Output states:
	Port: out_r_V_data_V | {8 9 }
	Port: out_r_V_last_V | {8 9 }
 - Input state : 
	Port: wedrowiec_hls_axi : in_r_V_data_V | {2 3 }
	Port: wedrowiec_hls_axi : in_r_V_last_V | {2 3 }
	Port: wedrowiec_hls_axi : outidx | {4 5 }
	Port: wedrowiec_hls_axi : w3 | {4 5 }
	Port: wedrowiec_hls_axi : outidx_9 | {4 5 }
	Port: wedrowiec_hls_axi : w5 | {4 5 }
	Port: wedrowiec_hls_axi : outidx_18 | {4 5 }
	Port: wedrowiec_hls_axi : w7 | {4 5 }
	Port: wedrowiec_hls_axi : outidx_27 | {4 5 }
	Port: wedrowiec_hls_axi : w9 | {4 5 }
  - Chain level:
	State 1
	State 2
	State 3
	State 4
	State 5
	State 6
		store_ln30 : 1
		store_ln30 : 1
	State 7
		store_ln30 : 1
		store_ln30 : 1
	State 8
		call_ln0 : 1
	State 9
	State 10


============================================================
+ Verbose Summary: Datapath Resource usage 
============================================================

* Functional unit list:
|----------|-------------------------------------------------------|---------|---------|---------|---------|
| Operation|                    Functional Unit                    |   DSP   |  Delay  |    FF   |   LUT   |
|----------|-------------------------------------------------------|---------|---------|---------|---------|
|          | grp_wedrowiec_hls_axi_Pipeline_VITIS_LOOP_16_1_fu_158 |    0    |  3.652  |   814   |   9212  |
|   call   |                grp_wedrowiec_hls_fu_168               |    4    | 146.096 |  17515  |  11100  |
|          | grp_wedrowiec_hls_axi_Pipeline_VITIS_LOOP_31_4_fu_190 |    0    |  1.588  |    34   |   578   |
|----------|-------------------------------------------------------|---------|---------|---------|---------|
|   read   |               out_local_read_read_fu_112              |    0    |    0    |    0    |    0    |
|----------|-------------------------------------------------------|---------|---------|---------|---------|
|   trunc  |                   trunc_ln30_fu_200                   |    0    |    0    |    0    |    0    |
|----------|-------------------------------------------------------|---------|---------|---------|---------|
|          |                  trunc_ln30_1_fu_205                  |    0    |    0    |    0    |    0    |
|partselect|                  trunc_ln30_2_fu_216                  |    0    |    0    |    0    |    0    |
|          |                  trunc_ln30_3_fu_226                  |    0    |    0    |    0    |    0    |
|----------|-------------------------------------------------------|---------|---------|---------|---------|
|   Total  |                                                       |    4    | 151.336 |  18363  |  20890  |
|----------|-------------------------------------------------------|---------|---------|---------|---------|

Memories:
+---------+--------+--------+--------+--------+
|         |  BRAM  |   FF   |   LUT  |  URAM  |
+---------+--------+--------+--------+--------+
|  ctype  |    0   |   50   |    2   |    0   |
|  outidx |    1   |    0   |    0   |    -   |
|outidx_18|    1   |    0   |    0   |    -   |
|outidx_27|    0   |    2   |    2   |    -   |
| outidx_9|    1   |    0   |    0   |    -   |
|    w3   |    1   |    0   |    0   |    -   |
|    w5   |    1   |    0   |    0   |    -   |
|    w7   |    1   |    0   |    0   |    -   |
|    w9   |    1   |    0   |    0   |    -   |
+---------+--------+--------+--------+--------+
|  Total  |    7   |   52   |    4   |    0   |
+---------+--------+--------+--------+--------+

* Register list:
+--------------------+--------+
|                    |   FF   |
+--------------------+--------+
|  in_local_reg_246  |   64   |
| is_last_loc_reg_240|    1   |
|  out_local_reg_252 |   100  |
|trunc_ln30_2_reg_258|   25   |
|trunc_ln30_3_reg_263|   25   |
+--------------------+--------+
|        Total       |   215  |
+--------------------+--------+

* Multiplexer (MUX) list: 
|-------------------|------|------|------|--------||---------||---------||---------|
|        Comp       |  Pin | Size |  BW  | S x BW ||  Delay  ||    FF   ||   LUT   |
|-------------------|------|------|------|--------||---------||---------||---------|
| grp_access_fu_131 |  p0  |   2  |   2  |    4   ||    0    ||    9    |
| grp_access_fu_131 |  p1  |   2  |  25  |   50   ||    0    ||    9    |
| grp_access_fu_131 |  p2  |   2  |   0  |    0   ||    0    ||    9    |
| grp_access_fu_131 |  p4  |   2  |   2  |    4   ||    0    ||    9    |
|-------------------|------|------|------|--------||---------||---------||---------|
|       Total       |      |      |      |   58   ||  6.352  ||    0    ||    36   |
|-------------------|------|------|------|--------||---------||---------||---------|



* Summary:
+-----------+--------+--------+--------+--------+--------+--------+
|           |  BRAM  |   DSP  |  Delay |   FF   |   LUT  |  URAM  |
+-----------+--------+--------+--------+--------+--------+--------+
|  Function |    -   |    4   |   151  |  18363 |  20890 |    -   |
|   Memory  |    7   |    -   |    -   |   52   |    4   |    0   |
|Multiplexer|    -   |    -   |    6   |    0   |   36   |    -   |
|  Register |    -   |    -   |    -   |   215  |    -   |    -   |
+-----------+--------+--------+--------+--------+--------+--------+
|   Total   |    7   |    4   |   157  |  18630 |  20930 |    0   |
+-----------+--------+--------+--------+--------+--------+--------+
