G:\Xlinix-workspace\projekt-hls\hls4ml_projects\wedrowiec_hls\wedrowiec_hls_prj\solution1\.autopilot\db\wedrowiec_hls_axi.pp.0.cpp:26690:5: warning: Added loop label VITIS_LOOP_676_1:   [xilinx-label-all-loops]
    for (unsigned i = low; i != high+1; ++i) {
    ^~~
    VITIS_LOOP_676_1: 
G:\Xlinix-workspace\projekt-hls\hls4ml_projects\wedrowiec_hls\wedrowiec_hls_prj\solution1\.autopilot\db\wedrowiec_hls_axi.pp.0.cpp:26690:5: note: FIX-IT applied suggested code changes
G:\Xlinix-workspace\projekt-hls\hls4ml_projects\wedrowiec_hls\wedrowiec_hls_prj\solution1\.autopilot\db\wedrowiec_hls_axi.pp.0.cpp:26704:5: warning: Added loop label VITIS_LOOP_690_1:   [xilinx-label-all-loops]
    for (unsigned i = low; i != high+1; ++i) {
    ^~~
    VITIS_LOOP_690_1: 
G:\Xlinix-workspace\projekt-hls\hls4ml_projects\wedrowiec_hls\wedrowiec_hls_prj\solution1\.autopilot\db\wedrowiec_hls_axi.pp.0.cpp:26704:5: note: FIX-IT applied suggested code changes
G:\Xlinix-workspace\projekt-hls\hls4ml_projects\wedrowiec_hls\wedrowiec_hls_prj\solution1\.autopilot\db\wedrowiec_hls_axi.pp.0.cpp:26718:5: warning: Added loop label VITIS_LOOP_704_1:   [xilinx-label-all-loops]
    for (unsigned i = low; i != high+1; ++i) {
    ^~~
    VITIS_LOOP_704_1: 
G:\Xlinix-workspace\projekt-hls\hls4ml_projects\wedrowiec_hls\wedrowiec_hls_prj\solution1\.autopilot\db\wedrowiec_hls_axi.pp.0.cpp:26718:5: note: FIX-IT applied suggested code changes
G:\Xlinix-workspace\projekt-hls\hls4ml_projects\wedrowiec_hls\wedrowiec_hls_prj\solution1\.autopilot\db\wedrowiec_hls_axi.pp.0.cpp:28352:7: warning: Added loop label VITIS_LOOP_1248_1:   [xilinx-label-all-loops]
      for (i = 0; i < __N - 1; ++i) {
      ^~~
      VITIS_LOOP_1248_1: 
G:\Xlinix-workspace\projekt-hls\hls4ml_projects\wedrowiec_hls\wedrowiec_hls_prj\solution1\.autopilot\db\wedrowiec_hls_axi.pp.0.cpp:28352:7: note: FIX-IT applied suggested code changes
G:\Xlinix-workspace\projekt-hls\hls4ml_projects\wedrowiec_hls\wedrowiec_hls_prj\solution1\.autopilot\db\wedrowiec_hls_axi.pp.0.cpp:30690:9: warning: Added loop label VITIS_LOOP_27_1:   [xilinx-label-all-loops]
        for (unsigned i = 0; i < N; i++) {
        ^~~
        VITIS_LOOP_27_1: 
G:\Xlinix-workspace\projekt-hls\hls4ml_projects\wedrowiec_hls\wedrowiec_hls_prj\solution1\.autopilot\db\wedrowiec_hls_axi.pp.0.cpp:30690:9: note: FIX-IT applied suggested code changes
G:\Xlinix-workspace\projekt-hls\hls4ml_projects\wedrowiec_hls\wedrowiec_hls_prj\solution1\.autopilot\db\wedrowiec_hls_axi.pp.0.cpp:30702:9: warning: Added loop label VITIS_LOOP_39_1:   [xilinx-label-all-loops]
        for (unsigned i = 0; i < N; i++) {
        ^~~
        VITIS_LOOP_39_1: 
G:\Xlinix-workspace\projekt-hls\hls4ml_projects\wedrowiec_hls\wedrowiec_hls_prj\solution1\.autopilot\db\wedrowiec_hls_axi.pp.0.cpp:30702:9: note: FIX-IT applied suggested code changes
G:\Xlinix-workspace\projekt-hls\hls4ml_projects\wedrowiec_hls\wedrowiec_hls_prj\solution1\.autopilot\db\wedrowiec_hls_axi.pp.0.cpp:30719:9: warning: Added loop label VITIS_LOOP_56_1:   [xilinx-label-all-loops]
        for (size_t i = 0; i < N; i++) {
        ^~~
        VITIS_LOOP_56_1: 
G:\Xlinix-workspace\projekt-hls\hls4ml_projects\wedrowiec_hls\wedrowiec_hls_prj\solution1\.autopilot\db\wedrowiec_hls_axi.pp.0.cpp:30719:9: note: FIX-IT applied suggested code changes
G:\Xlinix-workspace\projekt-hls\hls4ml_projects\wedrowiec_hls\wedrowiec_hls_prj\solution1\.autopilot\db\wedrowiec_hls_axi.pp.0.cpp:33121:2: warning: Added loop label VITIS_LOOP_16_1:   [xilinx-label-all-loops]
 for(unsigned i = 0; i < N_IN / input_t::size; ++i) {
 ^~~
 VITIS_LOOP_16_1: 
G:\Xlinix-workspace\projekt-hls\hls4ml_projects\wedrowiec_hls\wedrowiec_hls_prj\solution1\.autopilot\db\wedrowiec_hls_axi.pp.0.cpp:33121:2: note: FIX-IT applied suggested code changes
G:\Xlinix-workspace\projekt-hls\hls4ml_projects\wedrowiec_hls\wedrowiec_hls_prj\solution1\.autopilot\db\wedrowiec_hls_axi.pp.0.cpp:33124:2: warning: Added loop label VITIS_LOOP_19_2:   [xilinx-label-all-loops]
 for(unsigned j = 0; j < input_t::size; j++) {
 ^~~
 VITIS_LOOP_19_2: 
G:\Xlinix-workspace\projekt-hls\hls4ml_projects\wedrowiec_hls\wedrowiec_hls_prj\solution1\.autopilot\db\wedrowiec_hls_axi.pp.0.cpp:33124:2: note: FIX-IT applied suggested code changes
G:\Xlinix-workspace\projekt-hls\hls4ml_projects\wedrowiec_hls\wedrowiec_hls_prj\solution1\.autopilot\db\wedrowiec_hls_axi.pp.0.cpp:33134:5: warning: Added loop label VITIS_LOOP_29_3:   [xilinx-label-all-loops]
    for(unsigned i = 0; i < N_OUT / result_t::size; ++i) {
    ^~~
    VITIS_LOOP_29_3: 
G:\Xlinix-workspace\projekt-hls\hls4ml_projects\wedrowiec_hls\wedrowiec_hls_prj\solution1\.autopilot\db\wedrowiec_hls_axi.pp.0.cpp:33134:5: note: FIX-IT applied suggested code changes
G:\Xlinix-workspace\projekt-hls\hls4ml_projects\wedrowiec_hls\wedrowiec_hls_prj\solution1\.autopilot\db\wedrowiec_hls_axi.pp.0.cpp:33136:9: warning: Added loop label VITIS_LOOP_31_4:   [xilinx-label-all-loops]
        for(unsigned j = 0; j < result_t::size; j++) {
        ^~~
        VITIS_LOOP_31_4: 
G:\Xlinix-workspace\projekt-hls\hls4ml_projects\wedrowiec_hls\wedrowiec_hls_prj\solution1\.autopilot\db\wedrowiec_hls_axi.pp.0.cpp:33136:9: note: FIX-IT applied suggested code changes
