

================================================================
== Vitis HLS Report for 'wedrowiec_hls_axi_Pipeline_VITIS_LOOP_31_4'
================================================================
* Date:           Fri May 15 14:04:25 2026

* Version:        2024.2 (Build 5238294 on Nov  8 2024)
* Project:        wedrowiec_hls_prj
* Solution:       solution1 (Vivado IP Flow Target)
* Product family: zynq
* Target device:  xc7z020-clg400-1


================================================================
== Performance Estimates
================================================================
+ Timing: 
    * Summary: 
    +--------+----------+-----------+------------+
    |  Clock |  Target  | Estimated | Uncertainty|
    +--------+----------+-----------+------------+
    |ap_clk  |  20.00 ns|  16.947 ns|     2.50 ns|
    +--------+----------+-----------+------------+

+ Latency: 
    * Summary: 
    +---------+---------+----------+----------+-----+-----+------------------------------------------------+
    |  Latency (cycles) |  Latency (absolute) |  Interval |                    Pipeline                    |
    |   min   |   max   |    min   |    max   | min | max |                      Type                      |
    +---------+---------+----------+----------+-----+-----+------------------------------------------------+
    |        7|        7|  0.140 us|  0.140 us|    5|    5|  loop auto-rewind stp (delay=0 clock cycles(s))|
    +---------+---------+----------+----------+-----+-----+------------------------------------------------+

    + Detail: 
        * Instance: 
        N/A

        * Loop: 
        +-------------------+---------+---------+----------+-----------+-----------+------+----------+
        |                   |  Latency (cycles) | Iteration|  Initiation Interval  | Trip |          |
        |     Loop Name     |   min   |   max   |  Latency |  achieved |   target  | Count| Pipelined|
        +-------------------+---------+---------+----------+-----------+-----------+------+----------+
        |- VITIS_LOOP_31_4  |        5|        5|         3|          1|          1|     4|       yes|
        +-------------------+---------+---------+----------+-----------+-----------+------+----------+

============================================================
+ Verbose Summary: Synthesis Manager
============================================================
InlineROM: 1
ExposeGlobal: 0
============================================================
+ Verbose Summary: CDFG Model
============================================================
IsTopModel: 0
ResetActiveHigh: 1
IsCombinational: 0
IsDatapathOnly: 0
HasWiredReturn: 1
HasMFsm: 2
HasVarLatency: 1
IsPipeline: 0
IsRtlPipelined: 0
IsInstanceOverlapped: 0
IsDontTouch: 0
HasImplIP: 0
IsGatedGlobalClock: 0

+ Individual pipeline summary: 
  * Pipeline-0: initiation interval (II) = 1, depth = 3


============================================================
+ Verbose Summary: Schedule
============================================================
* Number of FSM states : 3
* Pipeline : 1
  Pipeline-0 : II = 1, D = 3, States = { 1 2 3 }
* Dataflow Pipeline: 0

* FSM state transitions: 
1 --> 2 
2 --> 3 
3 --> 

* FSM state operations: 

State 1 <SV = 0> <Delay = 4.82>
ST_1 : Operation 6 [1/1] (0.00ns)   --->   "%j = alloca i32 1" [firmware/wedrowiec_hls_axi.cpp:31]   --->   Operation 6 'alloca' 'j' <Predicate = true> <Delay = 0.00>
ST_1 : Operation 7 [1/1] (0.00ns)   --->   "%specaxissidechannel_ln0 = specaxissidechannel void @_ssdm_op_SpecAXISSideChannel, i32 %out_r_V_data_V, i1 0, i1 0, i1 0, i1 %out_r_V_last_V, i1 0, i1 0, void @empty_3"   --->   Operation 7 'specaxissidechannel' 'specaxissidechannel_ln0' <Predicate = true> <Delay = 0.00>
ST_1 : Operation 8 [1/1] (0.00ns)   --->   "%specinterface_ln0 = specinterface void @_ssdm_op_SpecInterface, i1 %out_r_V_last_V, i32 %out_r_V_data_V, void @empty, i32 0, i32 0, void @empty_0, i32 0, i32 0, void @empty_1, void @empty_1, void @empty_1, i32 0, i32 0, i32 0, i32 0, void @empty_1, void @empty_1, i32 4294967295, i32 0, i32 0"   --->   Operation 8 'specinterface' 'specinterface_ln0' <Predicate = true> <Delay = 0.00>
ST_1 : Operation 9 [1/1] (0.00ns)   --->   "%is_last_reload_read = read i1 @_ssdm_op_Read.ap_auto.i1, i1 %is_last_reload"   --->   Operation 9 'read' 'is_last_reload_read' <Predicate = true> <Delay = 0.00>
ST_1 : Operation 10 [1/1] (1.58ns)   --->   "%store_ln31 = store i3 0, i3 %j" [firmware/wedrowiec_hls_axi.cpp:31]   --->   Operation 10 'store' 'store_ln31' <Predicate = true> <Delay = 1.58>
ST_1 : Operation 11 [1/1] (0.00ns)   --->   "%br_ln0 = br void %for.body21"   --->   Operation 11 'br' 'br_ln0' <Predicate = true> <Delay = 0.00>
ST_1 : Operation 12 [1/1] (0.00ns)   --->   "%j_1 = load i3 %j" [firmware/wedrowiec_hls_axi.cpp:31]   --->   Operation 12 'load' 'j_1' <Predicate = true> <Delay = 0.00>
ST_1 : Operation 13 [1/1] (1.65ns)   --->   "%icmp_ln31 = icmp_eq  i3 %j_1, i3 4" [firmware/wedrowiec_hls_axi.cpp:31]   --->   Operation 13 'icmp' 'icmp_ln31' <Predicate = true> <Delay = 1.65> <CoreInst = "Cmp">   --->   Core 9 'Cmp' <Latency = 0> <II = 1> <Delay = 1.65> <FuncUnit> <Opcode : 'seteq' 'setne' 'setle' 'setge' 'setlt' 'setgt'> <InPorts = 2> <OutPorts = 1>
ST_1 : Operation 14 [1/1] (1.65ns)   --->   "%add_ln31 = add i3 %j_1, i3 1" [firmware/wedrowiec_hls_axi.cpp:31]   --->   Operation 14 'add' 'add_ln31' <Predicate = true> <Delay = 1.65> <CoreInst = "Adder">   --->   Core 1 'Adder' <Latency = 0> <II = 1> <Delay = 1.65> <FuncUnit> <Opcode : 'add' 'sub'> <InPorts = 2> <OutPorts = 1>
ST_1 : Operation 15 [1/1] (0.00ns)   --->   "%br_ln31 = br i1 %icmp_ln31, void %for.body21.split_ifconv, void %for.inc34.exitStub" [firmware/wedrowiec_hls_axi.cpp:31]   --->   Operation 15 'br' 'br_ln31' <Predicate = true> <Delay = 0.00>
ST_1 : Operation 16 [1/1] (0.00ns)   --->   "%zext_ln31 = zext i3 %j_1" [firmware/wedrowiec_hls_axi.cpp:31]   --->   Operation 16 'zext' 'zext_ln31' <Predicate = (!icmp_ln31)> <Delay = 0.00>
ST_1 : Operation 17 [1/1] (1.65ns)   --->   "%icmp_ln32 = icmp_eq  i3 %j_1, i3 3" [firmware/wedrowiec_hls_axi.cpp:32]   --->   Operation 17 'icmp' 'icmp_ln32' <Predicate = (!icmp_ln31)> <Delay = 1.65> <CoreInst = "Cmp">   --->   Core 9 'Cmp' <Latency = 0> <II = 1> <Delay = 1.65> <FuncUnit> <Opcode : 'seteq' 'setne' 'setle' 'setge' 'setlt' 'setgt'> <InPorts = 2> <OutPorts = 1>
ST_1 : Operation 18 [1/1] (0.97ns)   --->   "%last = and i1 %is_last_reload_read, i1 %icmp_ln32" [firmware/wedrowiec_hls_axi.cpp:32]   --->   Operation 18 'and' 'last' <Predicate = (!icmp_ln31)> <Delay = 0.97> <CoreInst = "LogicGate">   --->   Core 74 'LogicGate' <Latency = 0> <II = 1> <Delay = 0.97> <FuncUnit> <Opcode : 'and' 'or' 'xor'> <InPorts = 2> <OutPorts = 1>
ST_1 : Operation 19 [1/1] (0.00ns)   --->   "%ctype_addr = getelementptr i25 %ctype, i64 0, i64 %zext_ln31" [firmware/wedrowiec_hls_axi.cpp:33]   --->   Operation 19 'getelementptr' 'ctype_addr' <Predicate = (!icmp_ln31)> <Delay = 0.00>
ST_1 : Operation 20 [2/2] (2.32ns)   --->   "%ctype_load = load i2 %ctype_addr" [firmware/wedrowiec_hls_axi.cpp:33]   --->   Operation 20 'load' 'ctype_load' <Predicate = (!icmp_ln31)> <Delay = 2.32> <CoreInst = "RAM">   --->   Core 81 'RAM' <Latency = 1> <II = 1> <Delay = 2.32> <Storage> <Opcode : 'load' 'store'> <Ports = 2> <Width = 25> <Depth = 4> <RAM>
ST_1 : Operation 21 [1/1] (1.58ns)   --->   "%store_ln31 = store i3 %add_ln31, i3 %j" [firmware/wedrowiec_hls_axi.cpp:31]   --->   Operation 21 'store' 'store_ln31' <Predicate = (!icmp_ln31)> <Delay = 1.58>

State 2 <SV = 1> <Delay = 5.39>
ST_2 : Operation 22 [1/2] ( I:2.32ns O:2.32ns )   --->   "%ctype_load = load i2 %ctype_addr" [firmware/wedrowiec_hls_axi.cpp:33]   --->   Operation 22 'load' 'ctype_load' <Predicate = true> <Delay = 2.32> <CoreInst = "RAM">   --->   Core 81 'RAM' <Latency = 1> <II = 1> <Delay = 2.32> <Storage> <Opcode : 'load' 'store'> <Ports = 2> <Width = 25> <Depth = 4> <RAM>
ST_2 : Operation 23 [1/1] (2.34ns)   --->   "%icmp_ln33 = icmp_eq  i25 %ctype_load, i25 0" [firmware/wedrowiec_hls_axi.cpp:33]   --->   Operation 23 'icmp' 'icmp_ln33' <Predicate = true> <Delay = 2.34> <CoreInst = "Cmp">   --->   Core 9 'Cmp' <Latency = 0> <II = 1> <Delay = 2.34> <FuncUnit> <Opcode : 'seteq' 'setne' 'setle' 'setge' 'setlt' 'setgt'> <InPorts = 2> <OutPorts = 1>
ST_2 : Operation 24 [1/1] (0.00ns)   --->   "%tmp = bitselect i1 @_ssdm_op_BitSelect.i1.i25.i32, i25 %ctype_load, i32 24" [firmware/wedrowiec_hls_axi.cpp:33]   --->   Operation 24 'bitselect' 'tmp' <Predicate = true> <Delay = 0.00>
ST_2 : Operation 25 [1/1] (2.34ns)   --->   "%sub_ln33 = sub i25 0, i25 %ctype_load" [firmware/wedrowiec_hls_axi.cpp:33]   --->   Operation 25 'sub' 'sub_ln33' <Predicate = true> <Delay = 2.34> <CoreInst = "Adder">   --->   Core 1 'Adder' <Latency = 0> <II = 1> <Delay = 2.34> <FuncUnit> <Opcode : 'add' 'sub'> <InPorts = 2> <OutPorts = 1>
ST_2 : Operation 26 [1/1] (0.73ns)   --->   "%select_ln33 = select i1 %tmp, i25 %sub_ln33, i25 %ctype_load" [firmware/wedrowiec_hls_axi.cpp:33]   --->   Operation 26 'select' 'select_ln33' <Predicate = true> <Delay = 0.73> <CoreInst = "Sel">   --->   Core 73 'Sel' <Latency = 0> <II = 1> <Delay = 0.73> <FuncUnit> <Opcode : 'select'> <InPorts = 3> <OutPorts = 1>
ST_2 : Operation 66 [1/1] (1.58ns)   --->   "%ret_ln0 = ret"   --->   Operation 66 'ret' 'ret_ln0' <Predicate = (icmp_ln31)> <Delay = 1.58>

State 3 <SV = 2> <Delay = 16.9>
ST_3 : Operation 27 [1/1] (0.00ns)   --->   "%specpipeline_ln31 = specpipeline void @_ssdm_op_SpecPipeline, i32 4294967295, i32 0, i32 0, i32 0, void @empty_1" [firmware/wedrowiec_hls_axi.cpp:31]   --->   Operation 27 'specpipeline' 'specpipeline_ln31' <Predicate = true> <Delay = 0.00>
ST_3 : Operation 28 [1/1] (0.00ns)   --->   "%speclooptripcount_ln31 = speclooptripcount void @_ssdm_op_SpecLoopTripCount, i64 4, i64 4, i64 4" [firmware/wedrowiec_hls_axi.cpp:31]   --->   Operation 28 'speclooptripcount' 'speclooptripcount_ln31' <Predicate = true> <Delay = 0.00>
ST_3 : Operation 29 [1/1] (0.00ns)   --->   "%specloopname_ln31 = specloopname void @_ssdm_op_SpecLoopName, void @empty_8" [firmware/wedrowiec_hls_axi.cpp:31]   --->   Operation 29 'specloopname' 'specloopname_ln31' <Predicate = true> <Delay = 0.00>
ST_3 : Operation 30 [1/1] (1.88ns)   --->   "%tmp_8 = ctlz i25 @llvm.ctlz.i25, i25 %select_ln33, i1 0" [firmware/wedrowiec_hls_axi.cpp:33]   --->   Operation 30 'ctlz' 'tmp_8' <Predicate = (!icmp_ln33)> <Delay = 1.88> <CoreInst = "ctlz">   --->   Core 133 'ctlz' <Latency = 0> <II = 1> <Delay = 1.88> <FuncUnit> <Opcode : 'ctlz'> <InPorts = 1> <OutPorts = 1>
ST_3 : Operation 31 [1/1] (0.00ns)   --->   "%trunc_ln33 = trunc i25 %tmp_8" [firmware/wedrowiec_hls_axi.cpp:33]   --->   Operation 31 'trunc' 'trunc_ln33' <Predicate = (!icmp_ln33)> <Delay = 0.00>
ST_3 : Operation 32 [1/1] (1.78ns)   --->   "%sub_ln33_1 = sub i5 25, i5 %trunc_ln33" [firmware/wedrowiec_hls_axi.cpp:33]   --->   Operation 32 'sub' 'sub_ln33_1' <Predicate = (!icmp_ln33)> <Delay = 1.78> <CoreInst = "Adder">   --->   Core 1 'Adder' <Latency = 0> <II = 1> <Delay = 1.78> <FuncUnit> <Opcode : 'add' 'sub'> <InPorts = 2> <OutPorts = 1>
ST_3 : Operation 33 [1/1] (0.00ns)   --->   "%zext_ln33 = zext i5 %sub_ln33_1" [firmware/wedrowiec_hls_axi.cpp:33]   --->   Operation 33 'zext' 'zext_ln33' <Predicate = (!icmp_ln33)> <Delay = 0.00>
ST_3 : Operation 34 [1/1] (1.82ns)   --->   "%add_ln33 = add i6 %zext_ln33, i6 40" [firmware/wedrowiec_hls_axi.cpp:33]   --->   Operation 34 'add' 'add_ln33' <Predicate = (!icmp_ln33)> <Delay = 1.82> <CoreInst = "Adder">   --->   Core 1 'Adder' <Latency = 0> <II = 1> <Delay = 1.82> <FuncUnit> <Opcode : 'add' 'sub'> <InPorts = 2> <OutPorts = 1>
ST_3 : Operation 35 [1/1] (0.00ns)   --->   "%sext_ln33 = sext i6 %add_ln33" [firmware/wedrowiec_hls_axi.cpp:33]   --->   Operation 35 'sext' 'sext_ln33' <Predicate = (!icmp_ln33)> <Delay = 0.00>
ST_3 : Operation 36 [1/1] (0.00ns) (grouped into LUT with out node add_ln33_2)   --->   "%tmp_1 = bitselect i1 @_ssdm_op_BitSelect.i1.i6.i32, i6 %add_ln33, i32 5" [firmware/wedrowiec_hls_axi.cpp:33]   --->   Operation 36 'bitselect' 'tmp_1' <Predicate = (!icmp_ln33)> <Delay = 0.00>
ST_3 : Operation 37 [1/1] (0.00ns) (grouped into LUT with out node add_ln33_2)   --->   "%xor_ln33 = xor i1 %tmp_1, i1 1" [firmware/wedrowiec_hls_axi.cpp:33]   --->   Operation 37 'xor' 'xor_ln33' <Predicate = (!icmp_ln33)> <Delay = 0.00> <CoreInst = "LogicGate">   --->   Core 74 'LogicGate' <Latency = 0> <II = 1> <Delay = 0.97> <FuncUnit> <Opcode : 'and' 'or' 'xor'> <InPorts = 2> <OutPorts = 1>
ST_3 : Operation 38 [1/1] (2.18ns)   --->   "%tmp_2 = bitselect i1 @_ssdm_op_BitSelect.i1.i25.i32, i25 %select_ln33, i32 %sext_ln33" [firmware/wedrowiec_hls_axi.cpp:33]   --->   Operation 38 'bitselect' 'tmp_2' <Predicate = (!icmp_ln33)> <Delay = 2.18> <CoreInst = "BitSelector">   --->   Core 141 'BitSelector' <Latency = 0> <II = 1> <Delay = 2.18> <FuncUnit> <Opcode : 'bitselect'> <InPorts = 2> <OutPorts = 1>
ST_3 : Operation 39 [1/1] (0.00ns) (grouped into LUT with out node add_ln33_2)   --->   "%phi_ln33 = and i1 %tmp_2, i1 %xor_ln33" [firmware/wedrowiec_hls_axi.cpp:33]   --->   Operation 39 'and' 'phi_ln33' <Predicate = (!icmp_ln33)> <Delay = 0.00> <CoreInst = "LogicGate">   --->   Core 74 'LogicGate' <Latency = 0> <II = 1> <Delay = 0.97> <FuncUnit> <Opcode : 'and' 'or' 'xor'> <InPorts = 2> <OutPorts = 1>
ST_3 : Operation 40 [1/1] (0.00ns)   --->   "%zext_ln33_1 = zext i25 %select_ln33" [firmware/wedrowiec_hls_axi.cpp:33]   --->   Operation 40 'zext' 'zext_ln33_1' <Predicate = (!icmp_ln33)> <Delay = 0.00>
ST_3 : Operation 41 [1/1] (0.00ns)   --->   "%zext_ln33_2 = zext i25 %select_ln33" [firmware/wedrowiec_hls_axi.cpp:33]   --->   Operation 41 'zext' 'zext_ln33_2' <Predicate = (!icmp_ln33)> <Delay = 0.00>
ST_3 : Operation 42 [1/1] (1.82ns)   --->   "%icmp_ln33_1 = icmp_sgt  i6 %add_ln33, i6 0" [firmware/wedrowiec_hls_axi.cpp:33]   --->   Operation 42 'icmp' 'icmp_ln33_1' <Predicate = (!icmp_ln33)> <Delay = 1.82> <CoreInst = "Cmp">   --->   Core 9 'Cmp' <Latency = 0> <II = 1> <Delay = 1.82> <FuncUnit> <Opcode : 'seteq' 'setne' 'setle' 'setge' 'setlt' 'setgt'> <InPorts = 2> <OutPorts = 1>
ST_3 : Operation 43 [1/1] (1.82ns)   --->   "%add_ln33_1 = add i6 %zext_ln33, i6 39" [firmware/wedrowiec_hls_axi.cpp:33]   --->   Operation 43 'add' 'add_ln33_1' <Predicate = (!icmp_ln33)> <Delay = 1.82> <CoreInst = "Adder">   --->   Core 1 'Adder' <Latency = 0> <II = 1> <Delay = 1.82> <FuncUnit> <Opcode : 'add' 'sub'> <InPorts = 2> <OutPorts = 1>
ST_3 : Operation 44 [1/1] (0.00ns)   --->   "%sext_ln33_1 = sext i6 %add_ln33_1" [firmware/wedrowiec_hls_axi.cpp:33]   --->   Operation 44 'sext' 'sext_ln33_1' <Predicate = (!icmp_ln33)> <Delay = 0.00>
ST_3 : Operation 45 [1/1] (0.00ns)   --->   "%zext_ln33_3 = zext i32 %sext_ln33_1" [firmware/wedrowiec_hls_axi.cpp:33]   --->   Operation 45 'zext' 'zext_ln33_3' <Predicate = (!icmp_ln33)> <Delay = 0.00>
ST_3 : Operation 46 [1/1] (4.42ns)   --->   "%lshr_ln33 = lshr i64 %zext_ln33_1, i64 %zext_ln33_3" [firmware/wedrowiec_hls_axi.cpp:33]   --->   Operation 46 'lshr' 'lshr_ln33' <Predicate = (!icmp_ln33)> <Delay = 4.42> <CoreInst = "Shifter">   --->   Core 75 'Shifter' <Latency = 0> <II = 1> <Delay = 4.42> <FuncUnit> <Opcode : 'shl' 'lshr' 'ashr'> <InPorts = 2> <OutPorts = 1>
ST_3 : Operation 47 [1/1] (0.00ns) (grouped into LUT with out node add_ln33_2)   --->   "%trunc_ln33_1 = trunc i64 %lshr_ln33" [firmware/wedrowiec_hls_axi.cpp:33]   --->   Operation 47 'trunc' 'trunc_ln33_1' <Predicate = (!icmp_ln33)> <Delay = 0.00>
ST_3 : Operation 48 [1/1] (0.00ns)   --->   "%zext_ln33_4 = zext i25 %tmp_8" [firmware/wedrowiec_hls_axi.cpp:33]   --->   Operation 48 'zext' 'zext_ln33_4' <Predicate = (!icmp_ln33)> <Delay = 0.00>
ST_3 : Operation 49 [1/1] (4.23ns)   --->   "%shl_ln33 = shl i49 %zext_ln33_2, i49 %zext_ln33_4" [firmware/wedrowiec_hls_axi.cpp:33]   --->   Operation 49 'shl' 'shl_ln33' <Predicate = (!icmp_ln33)> <Delay = 4.23> <CoreInst = "Shifter">   --->   Core 75 'Shifter' <Latency = 0> <II = 1> <Delay = 4.23> <FuncUnit> <Opcode : 'shl' 'lshr' 'ashr'> <InPorts = 2> <OutPorts = 1>
ST_3 : Operation 50 [1/1] (0.00ns) (grouped into LUT with out node add_ln33_2)   --->   "%cond50_i_i = select i1 %icmp_ln33_1, i49 %trunc_ln33_1, i49 %shl_ln33" [firmware/wedrowiec_hls_axi.cpp:33]   --->   Operation 50 'select' 'cond50_i_i' <Predicate = (!icmp_ln33)> <Delay = 0.00> <CoreInst = "Sel">   --->   Core 73 'Sel' <Latency = 0> <II = 1> <Delay = 0.96> <FuncUnit> <Opcode : 'select'> <InPorts = 3> <OutPorts = 1>
ST_3 : Operation 51 [1/1] (0.00ns) (grouped into LUT with out node add_ln33_2)   --->   "%zext_ln33_5 = zext i1 %phi_ln33" [firmware/wedrowiec_hls_axi.cpp:33]   --->   Operation 51 'zext' 'zext_ln33_5' <Predicate = (!icmp_ln33)> <Delay = 0.00>
ST_3 : Operation 52 [1/1] (3.13ns) (out node of the LUT)   --->   "%add_ln33_2 = add i49 %cond50_i_i, i49 %zext_ln33_5" [firmware/wedrowiec_hls_axi.cpp:33]   --->   Operation 52 'add' 'add_ln33_2' <Predicate = (!icmp_ln33)> <Delay = 3.13> <CoreInst = "Adder">   --->   Core 1 'Adder' <Latency = 0> <II = 1> <Delay = 3.13> <FuncUnit> <Opcode : 'add' 'sub'> <InPorts = 2> <OutPorts = 1>
ST_3 : Operation 53 [1/1] (0.00ns)   --->   "%lshr_ln33_1 = partselect i48 @_ssdm_op_PartSelect.i48.i49.i32.i32, i49 %add_ln33_2, i32 1, i32 48" [firmware/wedrowiec_hls_axi.cpp:33]   --->   Operation 53 'partselect' 'lshr_ln33_1' <Predicate = (!icmp_ln33)> <Delay = 0.00>
ST_3 : Operation 54 [1/1] (0.00ns)   --->   "%zext_ln33_6 = zext i48 %lshr_ln33_1" [firmware/wedrowiec_hls_axi.cpp:33]   --->   Operation 54 'zext' 'zext_ln33_6' <Predicate = (!icmp_ln33)> <Delay = 0.00>
ST_3 : Operation 55 [1/1] (0.00ns) (grouped into LUT with out node add_ln33_3)   --->   "%tmp_3 = bitselect i1 @_ssdm_op_BitSelect.i1.i49.i32, i49 %add_ln33_2, i32 25" [firmware/wedrowiec_hls_axi.cpp:33]   --->   Operation 55 'bitselect' 'tmp_3' <Predicate = (!icmp_ln33)> <Delay = 0.00>
ST_3 : Operation 56 [1/1] (0.00ns) (grouped into LUT with out node add_ln33_3)   --->   "%select_ln33_1 = select i1 %tmp_3, i8 127, i8 126" [firmware/wedrowiec_hls_axi.cpp:33]   --->   Operation 56 'select' 'select_ln33_1' <Predicate = (!icmp_ln33)> <Delay = 0.00> <CoreInst = "Sel">   --->   Core 73 'Sel' <Latency = 0> <II = 1> <Delay = 1.24> <FuncUnit> <Opcode : 'select'> <InPorts = 3> <OutPorts = 1>
ST_3 : Operation 57 [1/1] (1.78ns)   --->   "%sub_ln33_2 = sub i5 13, i5 %trunc_ln33" [firmware/wedrowiec_hls_axi.cpp:33]   --->   Operation 57 'sub' 'sub_ln33_2' <Predicate = (!icmp_ln33)> <Delay = 1.78> <CoreInst = "Adder">   --->   Core 1 'Adder' <Latency = 0> <II = 1> <Delay = 1.78> <FuncUnit> <Opcode : 'add' 'sub'> <InPorts = 2> <OutPorts = 1>
ST_3 : Operation 58 [1/1] (0.00ns) (grouped into LUT with out node add_ln33_3)   --->   "%sext_ln33_2 = sext i5 %sub_ln33_2" [firmware/wedrowiec_hls_axi.cpp:33]   --->   Operation 58 'sext' 'sext_ln33_2' <Predicate = (!icmp_ln33)> <Delay = 0.00>
ST_3 : Operation 59 [1/1] (1.91ns) (out node of the LUT)   --->   "%add_ln33_3 = add i8 %select_ln33_1, i8 %sext_ln33_2" [firmware/wedrowiec_hls_axi.cpp:33]   --->   Operation 59 'add' 'add_ln33_3' <Predicate = (!icmp_ln33)> <Delay = 1.91> <CoreInst = "Adder">   --->   Core 1 'Adder' <Latency = 0> <II = 1> <Delay = 1.91> <FuncUnit> <Opcode : 'add' 'sub'> <InPorts = 2> <OutPorts = 1>
ST_3 : Operation 60 [1/1] (0.00ns)   --->   "%tmp_s = bitconcatenate i9 @_ssdm_op_BitConcatenate.i9.i1.i8, i1 %tmp, i8 %add_ln33_3" [firmware/wedrowiec_hls_axi.cpp:33]   --->   Operation 60 'bitconcatenate' 'tmp_s' <Predicate = (!icmp_ln33)> <Delay = 0.00>
ST_3 : Operation 61 [1/1] (0.00ns)   --->   "%pi_assign = partset i64 @_ssdm_op_PartSet.i64.i64.i9.i32.i32, i64 %zext_ln33_6, i9 %tmp_s, i32 23, i32 31" [firmware/wedrowiec_hls_axi.cpp:33]   --->   Operation 61 'partset' 'pi_assign' <Predicate = (!icmp_ln33)> <Delay = 0.00>
ST_3 : Operation 62 [1/1] (0.00ns)   --->   "%LD = trunc i64 %pi_assign" [firmware/wedrowiec_hls_axi.cpp:33]   --->   Operation 62 'trunc' 'LD' <Predicate = (!icmp_ln33)> <Delay = 0.00>
ST_3 : Operation 63 [1/1] (0.69ns)   --->   "%select_ln33_2 = select i1 %icmp_ln33, i32 0, i32 %LD" [firmware/wedrowiec_hls_axi.cpp:33]   --->   Operation 63 'select' 'select_ln33_2' <Predicate = true> <Delay = 0.69> <CoreInst = "Sel">   --->   Core 73 'Sel' <Latency = 0> <II = 1> <Delay = 0.69> <FuncUnit> <Opcode : 'select'> <InPorts = 3> <OutPorts = 1>
ST_3 : Operation 64 [1/1] (1.29ns)   --->   "%write_ln33 = write void @_ssdm_op_Write.axis.volatile.i32P0A.i1P0A, i32 %out_r_V_data_V, i1 %out_r_V_last_V, i32 %select_ln33_2, i1 %last" [firmware/wedrowiec_hls_axi.cpp:33]   --->   Operation 64 'write' 'write_ln33' <Predicate = true> <Delay = 1.29> <CoreInst = "regslice">   --->   Core 135 'regslice' <Latency = 0> <II = 1> <Delay = 1.86> <Adapter> <Opcode : 'read' 'write'>
ST_3 : Operation 65 [1/1] (0.00ns)   --->   "%br_ln31 = br void %for.body21" [firmware/wedrowiec_hls_axi.cpp:31]   --->   Operation 65 'br' 'br_ln31' <Predicate = true> <Delay = 0.00>


============================================================
+ Verbose Summary: Timing violations
============================================================
Target clock period: 20.000ns, clock uncertainty: 2.500ns.

 <State 1>: 4.826ns
The critical path consists of the following:
	'store' operation 0 bit ('store_ln31', firmware/wedrowiec_hls_axi.cpp:31) of constant 0 on local variable 'j', firmware/wedrowiec_hls_axi.cpp:31 [9]  (1.588 ns)
	'load' operation 3 bit ('j', firmware/wedrowiec_hls_axi.cpp:31) on local variable 'j', firmware/wedrowiec_hls_axi.cpp:31 [12]  (0.000 ns)
	'add' operation 3 bit ('add_ln31', firmware/wedrowiec_hls_axi.cpp:31) [14]  (1.650 ns)
	'store' operation 0 bit ('store_ln31', firmware/wedrowiec_hls_axi.cpp:31) of variable 'add_ln31', firmware/wedrowiec_hls_axi.cpp:31 on local variable 'j', firmware/wedrowiec_hls_axi.cpp:31 [64]  (1.588 ns)

 <State 2>: 5.396ns
The critical path consists of the following:
	'load' operation 25 bit ('ctype_load', firmware/wedrowiec_hls_axi.cpp:33) on array 'ctype' [24]  (2.322 ns)
	'sub' operation 25 bit ('sub_ln33', firmware/wedrowiec_hls_axi.cpp:33) [27]  (2.344 ns)
	'select' operation 25 bit ('select_ln33', firmware/wedrowiec_hls_axi.cpp:33) [28]  (0.730 ns)

 <State 3>: 16.947ns
The critical path consists of the following:
	'ctlz' operation 25 bit ('tmp_8', firmware/wedrowiec_hls_axi.cpp:33) [29]  (1.888 ns)
	'sub' operation 5 bit ('sub_ln33_1', firmware/wedrowiec_hls_axi.cpp:33) [31]  (1.780 ns)
	'add' operation 6 bit ('add_ln33_1', firmware/wedrowiec_hls_axi.cpp:33) [42]  (1.825 ns)
	'lshr' operation 64 bit ('lshr_ln33', firmware/wedrowiec_hls_axi.cpp:33) [45]  (4.420 ns)
	'select' operation 49 bit ('cond50_i_i', firmware/wedrowiec_hls_axi.cpp:33) [49]  (0.000 ns)
	'add' operation 49 bit ('add_ln33_2', firmware/wedrowiec_hls_axi.cpp:33) [51]  (3.131 ns)
	'select' operation 8 bit ('select_ln33_1', firmware/wedrowiec_hls_axi.cpp:33) [55]  (0.000 ns)
	'add' operation 8 bit ('add_ln33_3', firmware/wedrowiec_hls_axi.cpp:33) [58]  (1.915 ns)
	'select' operation 32 bit ('select_ln33_2', firmware/wedrowiec_hls_axi.cpp:33) [62]  (0.698 ns)
	axis write operation ('write_ln33', firmware/wedrowiec_hls_axi.cpp:33) on port 'out_r_V_data_V' (firmware/wedrowiec_hls_axi.cpp:33) [63]  (1.290 ns)


============================================================
+ Verbose Summary: Binding
============================================================
N/A
* FSMD analyzer results:
  - Output states:
 - Input state : 
  - Chain level:
	State 1
	State 2
	State 3


============================================================
+ Verbose Summary: Datapath Resource usage 
============================================================
N/A
