

================================================================
== Vitis HLS Report for 'wedrowiec_hls_axi_Pipeline_VITIS_LOOP_31_4'
================================================================
* Date:           Fri May 15 14:04:25 2026

* Version:        2024.2 (Build 5238294 on Nov  8 2024)
* Project:        wedrowiec_hls_prj
* Solution:       solution1 (Vivado IP Flow Target)
* Product family: zynq
* Target device:  xc7z020-clg400-1


================================================================
== Performance Estimates
================================================================
+ Timing: 
    * Summary: 
    +--------+----------+-----------+------------+
    |  Clock |  Target  | Estimated | Uncertainty|
    +--------+----------+-----------+------------+
    |ap_clk  |  20.00 ns|  16.947 ns|     2.50 ns|
    +--------+----------+-----------+------------+

+ Latency: 
    * Summary: 
    +---------+---------+----------+----------+-----+-----+------------------------------------------------+
    |  Latency (cycles) |  Latency (absolute) |  Interval |                    Pipeline                    |
    |   min   |   max   |    min   |    max   | min | max |                      Type                      |
    +---------+---------+----------+----------+-----+-----+------------------------------------------------+
    |        7|        7|  0.140 us|  0.140 us|    5|    5|  loop auto-rewind stp (delay=0 clock cycles(s))|
    +---------+---------+----------+----------+-----+-----+------------------------------------------------+

    + Detail: 
        * Instance: 
        N/A

        * Loop: 
        +-------------------+---------+---------+----------+-----------+-----------+------+----------+
        |                   |  Latency (cycles) | Iteration|  Initiation Interval  | Trip |          |
        |     Loop Name     |   min   |   max   |  Latency |  achieved |   target  | Count| Pipelined|
        +-------------------+---------+---------+----------+-----------+-----------+------+----------+
        |- VITIS_LOOP_31_4  |        5|        5|         3|          1|          1|     4|       yes|
        +-------------------+---------+---------+----------+-----------+-----------+------+----------+

============================================================
+ Verbose Summary: Synthesis Manager
============================================================
InlineROM: 1
ExposeGlobal: 0
============================================================
+ Verbose Summary: CDFG Model
============================================================
IsTopModel: 0
ResetActiveHigh: 1
IsCombinational: 0
IsDatapathOnly: 0
HasWiredReturn: 1
HasMFsm: 2
HasVarLatency: 1
IsPipeline: 0
IsRtlPipelined: 0
IsInstanceOverlapped: 0
IsDontTouch: 0
HasImplIP: 0
IsGatedGlobalClock: 0

+ Individual pipeline summary: 
  * Pipeline-0: initiation interval (II) = 1, depth = 3


============================================================
+ Verbose Summary: Schedule
============================================================
* Number of FSM states : 3
* Pipeline : 1
  Pipeline-0 : II = 1, D = 3, States = { 1 2 3 }
* Dataflow Pipeline: 0

* FSM state transitions: 
1 --> 2 
2 --> 3 
3 --> 

* FSM state operations: 

State 1 <SV = 0> <Delay = 4.82>
ST_1 : Operation 6 [1/1] (0.00ns)   --->   "%j = alloca i32 1" [firmware/wedrowiec_hls_axi.cpp:31]   --->   Operation 6 'alloca' 'j' <Predicate = true> <Delay = 0.00>
ST_1 : Operation 7 [1/1] (0.00ns)   --->   "%specaxissidechannel_ln0 = specaxissidechannel void @_ssdm_op_SpecAXISSideChannel, i32 %out_r_V_data_V, i1 0, i1 0, i1 0, i1 %out_r_V_last_V, i1 0, i1 0, void @empty_3"   --->   Operation 7 'specaxissidechannel' 'specaxissidechannel_ln0' <Predicate = true> <Delay = 0.00>
ST_1 : Operation 8 [1/1] (0.00ns)   --->   "%specinterface_ln0 = specinterface void @_ssdm_op_SpecInterface, i1 %out_r_V_last_V, i32 %out_r_V_data_V, void @empty, i32 0, i32 0, void @empty_0, i32 0, i32 0, void @empty_1, void @empty_1, void @empty_1, i32 0, i32 0, i32 0, i32 0, void @empty_1, void @empty_1, i32 4294967295, i32 0, i32 0"   --->   Operation 8 'specinterface' 'specinterface_ln0' <Predicate = true> <Delay = 0.00>
ST_1 : Operation 9 [1/1] (0.00ns)   --->   "%is_last_reload_read = read i1 @_ssdm_op_Read.ap_auto.i1, i1 %is_last_reload"   --->   Operation 9 'read' 'is_last_reload_read' <Predicate = true> <Delay = 0.00>
ST_1 : Operation 10 [1/1] (1.58ns)   --->   "%store_ln31 = store i3 0, i3 %j" [firmware/wedrowiec_hls_axi.cpp:31]   --->   Operation 10 'store' 'store_ln31' <Predicate = true> <Delay = 1.58>
ST_1 : Operation 11 [1/1] (0.00ns)   --->   "%br_ln0 = br void %for.body21"   --->   Operation 11 'br' 'br_ln0' <Predicate = true> <Delay = 0.00>
ST_1 : Operation 12 [1/1] (0.00ns)   --->   "%j_1 = load i3 %j" [firmware/wedrowiec_hls_axi.cpp:31]   --->   Operation 12 'load' 'j_1' <Predicate = true> <Delay = 0.00>
ST_1 : Operation 13 [1/1] (1.65ns)   --->   "%icmp_ln31 = icmp_eq  i3 %j_1, i3 4" [firmware/wedrowiec_hls_axi.cpp:31]   --->   Operation 13 'icmp' 'icmp_ln31' <Predicate = true> <Delay = 1.65> <CoreInst = "Cmp">   --->   Core 9 'Cmp' <Latency = 0> <II = 1> <Delay = 1.65> <FuncUnit> <Opcode : 'seteq' 'setne' 'setle' 'setge' 'setlt' 'setgt'> <InPorts = 2> <OutPorts = 1>
ST_1 : Operation 14 [1/1] (1.65ns)   --->   "%add_ln31 = add i3 %j_1, i3 1" [firmware/wedrowiec_hls_axi.cpp:31]   --->   Operation 14 'add' 'add_ln31' <Predicate = true> <Delay = 1.65> <CoreInst = "Adder">   --->   Core 1 'Adder' <Latency = 0> <II = 1> <Delay = 1.65> <FuncUnit> <Opcode : 'add' 'sub'> <InPorts = 2> <OutPorts = 1>
ST_1 : Operation 15 [1/1] (0.00ns)   --->   "%br_ln31 = br i1 %icmp_ln31, void %for.body21.split_ifconv, void %for.inc34.exitStub" [firmware/wedrowiec_hls_axi.cpp:31]   --->   Operation 15 'br' 'br_ln31' <Predicate = true> <Delay = 0.00>
ST_1 : Operation 16 [1/1] (0.00ns)   --->   "%zext_ln31 = zext i3 %j_1" [firmware/wedrowiec_hls_axi.cpp:31]   --->   Operation 16 'zext' 'zext_ln31' <Predicate = (!icmp_ln31)> <Delay = 0.00>
ST_1 : Operation 17 [1/1] (1.65ns)   --->   "%icmp_ln32 = icmp_eq  i3 %j_1, i3 3" [firmware/wedrowiec_hls_axi.cpp:32]   --->   Operation 17 'icmp' 'icmp_ln32' <Predicate = (!icmp_ln31)> <Delay = 1.65> <CoreInst = "Cmp">   --->   Core 9 'Cmp' <Latency = 0> <II = 1> <Delay = 1.65> <FuncUnit> <Opcode : 'seteq' 'setne' 'setle' 'setge' 'setlt' 'setgt'> <InPorts = 2> <OutPorts = 1>
ST_1 : Operation 18 [1/1] (0.97ns)   --->   "%last = and i1 %is_last_reload_read, i1 %icmp_ln32" [firmware/wedrowiec_hls_axi.cpp:32]   --->   Operation 18 'and' 'last' <Predicate = (!icmp_ln31)> <Delay = 0.97> <CoreInst = "LogicGate">   --->   Core 74 'LogicGate' <Latency = 0> <II = 1> <Delay = 0.97> <FuncUnit> <Opcode : 'and' 'or' 'xor'> <InPorts = 2> <OutPorts = 1>
ST_1 : Operation 19 [1/1] (0.00ns)   --->   "%ctype_addr = getelementptr i25 %ctype, i64 0, i64 %zext_ln31" [firmware/wedrowiec_hls_axi.cpp:33]   --->   Operation 19 'getelementptr' 'ctype_addr' <Predicate = (!icmp_ln31)> <Delay = 0.00>
ST_1 : Operation 20 [2/2] (2.32ns)   --->   "%ctype_load = load i2 %ctype_addr" [firmware/wedrowiec_hls_axi.cpp:33]   --->   Operation 20 'load' 'ctype_load' <Predicate = (!icmp_ln31)> <Delay = 2.32> <CoreInst = "RAM">   --->   Core 81 'RAM' <Latency = 1> <II = 1> <Delay = 2.32> <Storage> <Opcode : 'load' 'store'> <Ports = 2> <Width = 25> <Depth = 4> <RAM>
ST_1 : Operation 21 [1/1] (1.58ns)   --->   "%store_ln31 = store i3 %add_ln31, i3 %j" [firmware/wedrowiec_hls_axi.cpp:31]   --->   Operation 21 'store' 'store_ln31' <Predicate = (!icmp_ln31)> <Delay = 1.58>

State 2 <SV = 1> <Delay = 5.39>
ST_2 : Operation 22 [1/2] ( I:2.32ns O:2.32ns )   --->   "%ctype_load = load i2 %ctype_addr" [firmware/wedrowiec_hls_axi.cpp:33]   --->   Operation 22 'load' 'ctype_load' <Predicate = true> <Delay = 2.32> <CoreInst = "RAM">   --->   Core 81 'RAM' <Latency = 1> <II = 1> <Delay = 2.32> <Storage> <Opcode : 'load' 'store'> <Ports = 2> <Width = 25> <Depth = 4> <RAM>
ST_2 : Operation 23 [1/1] (2.34ns)   --->   "%icmp_ln33 = icmp_eq  i25 %ctype_load, i25 0" [firmware/wedrowiec_hls_axi.cpp:33]   --->   Operation 23 'icmp' 'icmp_ln33' <Predicate = true> <Delay = 2.34> <CoreInst = "Cmp">   --->   Core 9 'Cmp' <Latency = 0> <II = 1> <Delay = 2.34> <FuncUnit> <Opcode : 'seteq' 'setne' 'setle' 'setge' 'setlt' 'setgt'> <InPorts = 2> <OutPorts = 1>
ST_2 : Operation 24 [1/1] (0.00ns)   --->   "%tmp = bitselect i1 @_ssdm_op_BitSelect.i1.i25.i32, i25 %ctype_load, i32 24" [firmware/wedrowiec_hls_axi.cpp:33]   --->   Operation 24 'bitselect' 'tmp' <Predicate = true> <Delay = 0.00>
ST_2 : Operation 25 [1/1] (2.34ns)   --->   "%sub_ln33 = sub i25 0, i25 %ctype_load" [firmware/wedrowiec_hls_axi.cpp:33]   --->   Operation 25 'sub' 'sub_ln33' <Predicate = true> <Delay = 2.34> <CoreInst = "Adder">   --->   Core 1 'Adder' <Latency = 0> <II = 1> <Delay = 2.34> <FuncUnit> <Opcode : 'add' 'sub'> <InPorts = 2> <OutPorts = 1>
ST_2 : Operation 26 [1/1] (0.73ns)   --->   "%select_ln33 = select i1 %tmp, i25 %sub_ln33, i25 %ctype_load" [firmware/wedrowiec_hls_axi.cpp:33]   --->   Operation 26 'select' 'select_ln33' <Predicate = true> <Delay = 0.73> <CoreInst = "Sel">   --->   Core 73 'Sel' <Latency = 0> <II = 1> <Delay = 0.73> <FuncUnit> <Opcode : 'select'> <InPorts = 3> <OutPorts = 1>
ST_2 : Operation 66 [1/1] (1.58ns)   --->   "%ret_ln0 = ret"   --->   Operation 66 'ret' 'ret_ln0' <Predicate = (icmp_ln31)> <Delay = 1.58>

State 3 <SV = 2> <Delay = 16.9>
ST_3 : Operation 27 [1/1] (0.00ns)   --->   "%specpipeline_ln31 = specpipeline void @_ssdm_op_SpecPipeline, i32 4294967295, i32 0, i32 0, i32 0, void @empty_1" [firmware/wedrowiec_hls_axi.cpp:31]   --->   Operation 27 'specpipeline' 'specpipeline_ln31' <Predicate = true> <Delay = 0.00>
ST_3 : Operation 28 [1/1] (0.00ns)   --->   "%speclooptripcount_ln31 = speclooptripcount void @_ssdm_op_SpecLoopTripCount, i64 4, i64 4, i64 4" [firmware/wedrowiec_hls_axi.cpp:31]   --->   Operation 28 'speclooptripcount' 'speclooptripcount_ln31' <Predicate = true> <Delay = 0.00>
ST_3 : Operation 29 [1/1] (0.00ns)   --->   "%specloopname_ln31 = specloopname void @_ssdm_op_SpecLoopName, void @empty_8" [firmware/wedrowiec_hls_axi.cpp:31]   --->   Operation 29 'specloopname' 'specloopname_ln31' <Predicate = true> <Delay = 0.00>
ST_3 : Operation 30 [1/1] (1.88ns)   --->   "%tmp_8 = ctlz i25 @llvm.ctlz.i25, i25 %select_ln33, i1 0" [firmware/wedrowiec_hls_axi.cpp:33]   --->   Operation 30 'ctlz' 'tmp_8' <Predicate = (!icmp_ln33)> <Delay = 1.88> <CoreInst = "ctlz">   --->   Core 133 'ctlz' <Latency = 0> <II = 1> <Delay = 1.88> <FuncUnit> <Opcode : 'ctlz'> <InPorts = 1> <OutPorts = 1>
ST_3 : Operation 31 [1/1] (0.00ns)   --->   "%trunc_ln33 = trunc i25 %tmp_8" [firmware/wedrowiec_hls_axi.cpp:33]   --->   Operation 31 'trunc' 'trunc_ln33' <Predicate = (!icmp_ln33)> <Delay = 0.00>
ST_3 : Operation 32 [1/1] (1.78ns)   --->   "%sub_ln33_1 = sub i5 25, i5 %trunc_ln33" [firmware/wedrowiec_hls_axi.cpp:33]   --->   Operation 32 'sub' 'sub_ln33_1' <Predicate = (!icmp_ln33)> <Delay = 1.78> <CoreInst = "Adder">   --->   Core 1 'Adder' <Latency = 0> <II = 1> <Delay = 1.78> <FuncUnit> <Opcode : 'add' 'sub'> <InPorts = 2> <OutPorts = 1>
ST_3 : Operation 33 [1/1] (0.00ns)   --->   "%zext_ln33 = zext i5 %sub_ln33_1" [firmware/wedrowiec_hls_axi.cpp:33]   --->   Operation 33 'zext' 'zext_ln33' <Predicate = (!icmp_ln33)> <Delay = 0.00>
ST_3 : Operation 34 [1/1] (1.82ns)   --->   "%add_ln33 = add i6 %zext_ln33, i6 40" [firmware/wedrowiec_hls_axi.cpp:33]   --->   Operation 34 'add' 'add_ln33' <Predicate = (!icmp_ln33)> <Delay = 1.82> <CoreInst = "Adder">   --->   Core 1 'Adder' <Latency = 0> <II = 1> <Delay = 1.82> <FuncUnit> <Opcode : 'add' 'sub'> <InPorts = 2> <OutPorts = 1>
ST_3 : Operation 35 [1/1] (0.00ns)   --->   "%sext_ln33 = sext i6 %add_ln33" [firmware/wedrowiec_hls_axi.cpp:33]   --->   Operation 35 'sext' 'sext_ln33' <Predicate = (!icmp_ln33)> <Delay = 0.00>
ST_3 : Operation 36 [1/1] (0.00ns) (grouped into LUT with out node add_ln33_2)   --->   "%tmp_1 = bitselect i1 @_ssdm_op_BitSelect.i1.i6.i32, i6 %add_ln33, i32 5" [firmware/wedrowiec_hls_axi.cpp:33]   --->   Operation 36 'bitselect' 'tmp_1' <Predicate = (!icmp_ln33)> <Delay = 0.00>
ST_3 : Operation 37 [1/1] (0.00ns) (grouped into LUT with out node add_ln33_2)   --->   "%xor_ln33 = xor i1 %tmp_1, i1 1" [firmware/wedrowiec_hls_axi.cpp:33]   --->   Operation 37 'xor' 'xor_ln33' <Predicate = (!icmp_ln33)> <Delay = 0.00> <CoreInst = "LogicGate">   --->   Core 74 'LogicGate' <Latency = 0> <II = 1> <Delay = 0.97> <FuncUnit> <Opcode : 'and' 'or' 'xor'> <InPorts = 2> <OutPorts = 1>
ST_3 : Operation 38 [1/1] (2.18ns)   --->   "%tmp_2 = bitselect i1 @_ssdm_op_BitSelect.i1.i25.i32, i25 %select_ln33, i32 %sext_ln33" [firmware/wedrowiec_hls_axi.cpp:33]   --->   Operation 38 'bitselect' 'tmp_2' <Predicate = (!icmp_ln33)> <Delay = 2.18> <CoreInst = "BitSelector">   --->   Core 141 'BitSelector' <Latency = 0> <II = 1> <Delay = 2.18> <FuncUnit> <Opcode : 'bitselect'> <InPorts = 2> <OutPorts = 1>
ST_3 : Operation 39 [1/1] (0.00ns) (grouped into LUT with out node add_ln33_2)   --->   "%phi_ln33 = and i1 %tmp_2, i1 %xor_ln33" [firmware/wedrowiec_hls_axi.cpp:33]   --->   Operation 39 'and' 'phi_ln33' <Predicate = (!icmp_ln33)> <Delay = 0.00> <CoreInst = "LogicGate">   --->   Core 74 'LogicGate' <Latency = 0> <II = 1> <Delay = 0.97> <FuncUnit> <Opcode : 'and' 'or' 'xor'> <InPorts = 2> <OutPorts = 1>
ST_3 : Operation 40 [1/1] (0.00ns)   --->   "%zext_ln33_1 = zext i25 %select_ln33" [firmware/wedrowiec_hls_axi.cpp:33]   --->   Operation 40 'zext' 'zext_ln33_1' <Predicate = (!icmp_ln33)> <Delay = 0.00>
ST_3 : Operation 41 [1/1] (0.00ns)   --->   "%zext_ln33_2 = zext i25 %select_ln33" [firmware/wedrowiec_hls_axi.cpp:33]   --->   Operation 41 'zext' 'zext_ln33_2' <Predicate = (!icmp_ln33)> <Delay = 0.00>
ST_3 : Operation 42 [1/1] (1.82ns)   --->   "%icmp_ln33_1 = icmp_sgt  i6 %add_ln33, i6 0" [firmware/wedrowiec_hls_axi.cpp:33]   --->   Operation 42 'icmp' 'icmp_ln33_1' <Predicate = (!icmp_ln33)> <Delay = 1.82> <CoreInst = "Cmp">   --->   Core 9 'Cmp' <Latency = 0> <II = 1> <Delay = 1.82> <FuncUnit> <Opcode : 'seteq' 'setne' 'setle' 'setge' 'setlt' 'setgt'> <InPorts = 2> <OutPorts = 1>
ST_3 : Operation 43 [1/1] (1.82ns)   --->   "%add_ln33_1 = add i6 %zext_ln33, i6 39" [firmware/wedrowiec_hls_axi.cpp:33]   --->   Operation 43 'add' 'add_ln33_1' <Predicate = (!icmp_ln33)> <Delay = 1.82> <CoreInst = "Adder">   --->   Core 1 'Adder' <Latency = 0> <II = 1> <Delay = 1.82> <FuncUnit> <Opcode : 'add' 'sub'> <InPorts = 2> <OutPorts = 1>
ST_3 : Operation 44 [1/1] (0.00ns)   --->   "%sext_ln33_1 = sext i6 %add_ln33_1" [firmware/wedrowiec_hls_axi.cpp:33]   --->   Operation 44 'sext' 'sext_ln33_1' <Predicate = (!icmp_ln33)> <Delay = 0.00>
ST_3 : Operation 45 [1/1] (0.00ns)   --->   "%zext_ln33_3 = zext i32 %sext_ln33_1" [firmware/wedrowiec_hls_axi.cpp:33]   --->   Operation 45 'zext' 'zext_ln33_3' <Predicate = (!icmp_ln33)> <Delay = 0.00>
ST_3 : Operation 46 [1/1] (4.42ns)   --->   "%lshr_ln33 = lshr i64 %zext_ln33_1, i64 %zext_ln33_3" [firmware/wedrowiec_hls_axi.cpp:33]   --->   Operation 46 'lshr' 'lshr_ln33' <Predicate = (!icmp_ln33)> <Delay = 4.42> <CoreInst = "Shifter">   --->   Core 75 'Shifter' <Latency = 0> <II = 1> <Delay = 4.42> <FuncUnit> <Opcode : 'shl' 'lshr' 'ashr'> <InPorts = 2> <OutPorts = 1>
ST_3 : Operation 47 [1/1] (0.00ns) (grouped into LUT with out node add_ln33_2)   --->   "%trunc_ln33_1 = trunc i64 %lshr_ln33" [firmware/wedrowiec_hls_axi.cpp:33]   --->   Operation 47 'trunc' 'trunc_ln33_1' <Predicate = (!icmp_ln33)> <Delay = 0.00>
ST_3 : Operation 48 [1/1] (0.00ns)   --->   "%zext_ln33_4 = zext i25 %tmp_8" [firmware/wedrowiec_hls_axi.cpp:33]   --->   Operation 48 'zext' 'zext_ln33_4' <Predicate = (!icmp_ln33)> <Delay = 0.00>
ST_3 : Operation 49 [1/1] (4.23ns)   --->   "%shl_ln33 = shl i49 %zext_ln33_2, i49 %zext_ln33_4" [firmware/wedrowiec_hls_axi.cpp:33]   --->   Operation 49 'shl' 'shl_ln33' <Predicate = (!icmp_ln33)> <Delay = 4.23> <CoreInst = "Shifter">   --->   Core 75 'Shifter' <Latency = 0> <II = 1> <Delay = 4.23> <FuncUnit> <Opcode : 'shl' 'lshr' 'ashr'> <InPorts = 2> <OutPorts = 1>
ST_3 : Operation 50 [1/1] (0.00ns) (grouped into LUT with out node add_ln33_2)   --->   "%cond50_i_i = select i1 %icmp_ln33_1, i49 %trunc_ln33_1, i49 %shl_ln33" [firmware/wedrowiec_hls_axi.cpp:33]   --->   Operation 50 'select' 'cond50_i_i' <Predicate = (!icmp_ln33)> <Delay = 0.00> <CoreInst = "Sel">   --->   Core 73 'Sel' <Latency = 0> <II = 1> <Delay = 0.96> <FuncUnit> <Opcode : 'select'> <InPorts = 3> <OutPorts = 1>
ST_3 : Operation 51 [1/1] (0.00ns) (grouped into LUT with out node add_ln33_2)   --->   "%zext_ln33_5 = zext i1 %phi_ln33" [firmware/wedrowiec_hls_axi.cpp:33]   --->   Operation 51 'zext' 'zext_ln33_5' <Predicate = (!icmp_ln33)> <Delay = 0.00>
ST_3 : Operation 52 [1/1] (3.13ns) (out node of the LUT)   --->   "%add_ln33_2 = add i49 %cond50_i_i, i49 %zext_ln33_5" [firmware/wedrowiec_hls_axi.cpp:33]   --->   Operation 52 'add' 'add_ln33_2' <Predicate = (!icmp_ln33)> <Delay = 3.13> <CoreInst = "Adder">   --->   Core 1 'Adder' <Latency = 0> <II = 1> <Delay = 3.13> <FuncUnit> <Opcode : 'add' 'sub'> <InPorts = 2> <OutPorts = 1>
ST_3 : Operation 53 [1/1] (0.00ns)   --->   "%lshr_ln33_1 = partselect i48 @_ssdm_op_PartSelect.i48.i49.i32.i32, i49 %add_ln33_2, i32 1, i32 48" [firmware/wedrowiec_hls_axi.cpp:33]   --->   Operation 53 'partselect' 'lshr_ln33_1' <Predicate = (!icmp_ln33)> <Delay = 0.00>
ST_3 : Operation 54 [1/1] (0.00ns)   --->   "%zext_ln33_6 = zext i48 %lshr_ln33_1" [firmware/wedrowiec_hls_axi.cpp:33]   --->   Operation 54 'zext' 'zext_ln33_6' <Predicate = (!icmp_ln33)> <Delay = 0.00>
ST_3 : Operation 55 [1/1] (0.00ns) (grouped into LUT with out node add_ln33_3)   --->   "%tmp_3 = bitselect i1 @_ssdm_op_BitSelect.i1.i49.i32, i49 %add_ln33_2, i32 25" [firmware/wedrowiec_hls_axi.cpp:33]   --->   Operation 55 'bitselect' 'tmp_3' <Predicate = (!icmp_ln33)> <Delay = 0.00>
ST_3 : Operation 56 [1/1] (0.00ns) (grouped into LUT with out node add_ln33_3)   --->   "%select_ln33_1 = select i1 %tmp_3, i8 127, i8 126" [firmware/wedrowiec_hls_axi.cpp:33]   --->   Operation 56 'select' 'select_ln33_1' <Predicate = (!icmp_ln33)> <Delay = 0.00> <CoreInst = "Sel">   --->   Core 73 'Sel' <Latency = 0> <II = 1> <Delay = 1.24> <FuncUnit> <Opcode : 'select'> <InPorts = 3> <OutPorts = 1>
ST_3 : Operation 57 [1/1] (1.78ns)   --->   "%sub_ln33_2 = sub i5 13, i5 %trunc_ln33" [firmware/wedrowiec_hls_axi.cpp:33]   --->   Operation 57 'sub' 'sub_ln33_2' <Predicate = (!icmp_ln33)> <Delay = 1.78> <CoreInst = "Adder">   --->   Core 1 'Adder' <Latency = 0> <II = 1> <Delay = 1.78> <FuncUnit> <Opcode : 'add' 'sub'> <InPorts = 2> <OutPorts = 1>
ST_3 : Operation 58 [1/1] (0.00ns) (grouped into LUT with out node add_ln33_3)   --->   "%sext_ln33_2 = sext i5 %sub_ln33_2" [firmware/wedrowiec_hls_axi.cpp:33]   --->   Operation 58 'sext' 'sext_ln33_2' <Predicate = (!icmp_ln33)> <Delay = 0.00>
ST_3 : Operation 59 [1/1] (1.91ns) (out node of the LUT)   --->   "%add_ln33_3 = add i8 %select_ln33_1, i8 %sext_ln33_2" [firmware/wedrowiec_hls_axi.cpp:33]   --->   Operation 59 'add' 'add_ln33_3' <Predicate = (!icmp_ln33)> <Delay = 1.91> <CoreInst = "Adder">   --->   Core 1 'Adder' <Latency = 0> <II = 1> <Delay = 1.91> <FuncUnit> <Opcode : 'add' 'sub'> <InPorts = 2> <OutPorts = 1>
ST_3 : Operation 60 [1/1] (0.00ns)   --->   "%tmp_s = bitconcatenate i9 @_ssdm_op_BitConcatenate.i9.i1.i8, i1 %tmp, i8 %add_ln33_3" [firmware/wedrowiec_hls_axi.cpp:33]   --->   Operation 60 'bitconcatenate' 'tmp_s' <Predicate = (!icmp_ln33)> <Delay = 0.00>
ST_3 : Operation 61 [1/1] (0.00ns)   --->   "%pi_assign = partset i64 @_ssdm_op_PartSet.i64.i64.i9.i32.i32, i64 %zext_ln33_6, i9 %tmp_s, i32 23, i32 31" [firmware/wedrowiec_hls_axi.cpp:33]   --->   Operation 61 'partset' 'pi_assign' <Predicate = (!icmp_ln33)> <Delay = 0.00>
ST_3 : Operation 62 [1/1] (0.00ns)   --->   "%LD = trunc i64 %pi_assign" [firmware/wedrowiec_hls_axi.cpp:33]   --->   Operation 62 'trunc' 'LD' <Predicate = (!icmp_ln33)> <Delay = 0.00>
ST_3 : Operation 63 [1/1] (0.69ns)   --->   "%select_ln33_2 = select i1 %icmp_ln33, i32 0, i32 %LD" [firmware/wedrowiec_hls_axi.cpp:33]   --->   Operation 63 'select' 'select_ln33_2' <Predicate = true> <Delay = 0.69> <CoreInst = "Sel">   --->   Core 73 'Sel' <Latency = 0> <II = 1> <Delay = 0.69> <FuncUnit> <Opcode : 'select'> <InPorts = 3> <OutPorts = 1>
ST_3 : Operation 64 [1/1] (1.29ns)   --->   "%write_ln33 = write void @_ssdm_op_Write.axis.volatile.i32P0A.i1P0A, i32 %out_r_V_data_V, i1 %out_r_V_last_V, i32 %select_ln33_2, i1 %last" [firmware/wedrowiec_hls_axi.cpp:33]   --->   Operation 64 'write' 'write_ln33' <Predicate = true> <Delay = 1.29> <CoreInst = "regslice">   --->   Core 135 'regslice' <Latency = 0> <II = 1> <Delay = 1.86> <Adapter> <Opcode : 'read' 'write'>
ST_3 : Operation 65 [1/1] (0.00ns)   --->   "%br_ln31 = br void %for.body21" [firmware/wedrowiec_hls_axi.cpp:31]   --->   Operation 65 'br' 'br_ln31' <Predicate = true> <Delay = 0.00>


============================================================
+ Verbose Summary: Binding
============================================================
STG Binding: 
---------------- STG Properties BEGIN ----------------
- Is combinational: 0
- Is one-state seq: 0
- Is datapath-only: 0
- Is pipelined: 0
- Is top level: 0
Port [ Return ] is wired: 1; IO mode=ap_ctrl_hs:ce=0
Port [ is_last_reload]:  wired=1; compound=0; hidden=0; nouse=0; global=0; static=0; extern=0; dir=0; type=0; pingpong=0; private_global=0; IO mode=ap_none:ce=0
Port [ ctype]:  wired=1; compound=1; hidden=0; nouse=0; global=0; static=0; extern=0; dir=0; type=1; pingpong=0; private_global=0; MemPort=[13]; IO mode=ap_memory:ce=0
Port [ out_r_V_data_V]:  wired=1; compound=1; hidden=0; nouse=0; global=0; static=0; extern=0; dir=1; type=0; pingpong=0; private_global=0; IO mode=axis:ce=0
Port [ out_r_V_last_V]:  wired=1; compound=1; hidden=0; nouse=0; global=0; static=0; extern=0; dir=1; type=0; pingpong=0; private_global=0; IO mode=axis:ce=0
---------------- STG Properties END ------------------

---------------- Datapath Model BEGIN ----------------

<LifeTime>
<method=bitvector/>
j                       (alloca             ) [ 0100]
specaxissidechannel_ln0 (specaxissidechannel) [ 0000]
specinterface_ln0       (specinterface      ) [ 0000]
is_last_reload_read     (read               ) [ 0000]
store_ln31              (store              ) [ 0000]
br_ln0                  (br                 ) [ 0000]
j_1                     (load               ) [ 0000]
icmp_ln31               (icmp               ) [ 0110]
add_ln31                (add                ) [ 0000]
br_ln31                 (br                 ) [ 0000]
zext_ln31               (zext               ) [ 0000]
icmp_ln32               (icmp               ) [ 0000]
last                    (and                ) [ 0111]
ctype_addr              (getelementptr      ) [ 0110]
store_ln31              (store              ) [ 0000]
ctype_load              (load               ) [ 0000]
icmp_ln33               (icmp               ) [ 0101]
tmp                     (bitselect          ) [ 0101]
sub_ln33                (sub                ) [ 0000]
select_ln33             (select             ) [ 0101]
specpipeline_ln31       (specpipeline       ) [ 0000]
speclooptripcount_ln31  (speclooptripcount  ) [ 0000]
specloopname_ln31       (specloopname       ) [ 0000]
tmp_8                   (ctlz               ) [ 0000]
trunc_ln33              (trunc              ) [ 0000]
sub_ln33_1              (sub                ) [ 0000]
zext_ln33               (zext               ) [ 0000]
add_ln33                (add                ) [ 0000]
sext_ln33               (sext               ) [ 0000]
tmp_1                   (bitselect          ) [ 0000]
xor_ln33                (xor                ) [ 0000]
tmp_2                   (bitselect          ) [ 0000]
phi_ln33                (and                ) [ 0000]
zext_ln33_1             (zext               ) [ 0000]
zext_ln33_2             (zext               ) [ 0000]
icmp_ln33_1             (icmp               ) [ 0000]
add_ln33_1              (add                ) [ 0000]
sext_ln33_1             (sext               ) [ 0000]
zext_ln33_3             (zext               ) [ 0000]
lshr_ln33               (lshr               ) [ 0000]
trunc_ln33_1            (trunc              ) [ 0000]
zext_ln33_4             (zext               ) [ 0000]
shl_ln33                (shl                ) [ 0000]
cond50_i_i              (select             ) [ 0000]
zext_ln33_5             (zext               ) [ 0000]
add_ln33_2              (add                ) [ 0000]
lshr_ln33_1             (partselect         ) [ 0000]
zext_ln33_6             (zext               ) [ 0000]
tmp_3                   (bitselect          ) [ 0000]
select_ln33_1           (select             ) [ 0000]
sub_ln33_2              (sub                ) [ 0000]
sext_ln33_2             (sext               ) [ 0000]
add_ln33_3              (add                ) [ 0000]
tmp_s                   (bitconcatenate     ) [ 0000]
pi_assign               (partset            ) [ 0000]
LD                      (trunc              ) [ 0000]
select_ln33_2           (select             ) [ 0000]
write_ln33              (write              ) [ 0000]
br_ln31                 (br                 ) [ 0000]
ret_ln0                 (ret                ) [ 0000]
</LifeTime>

<model>

<comp_list>
<comp id="0" class="1000" name="is_last_reload">
<pin_list>
<pin id="1" dir="1" index="0" bw="1" slack="0"/>
</pin_list>
<bind>
<StgValue><ssdm name="is_last_reload"/></StgValue>
</bind>
</comp>

<comp id="2" class="1000" name="ctype">
<pin_list>
<pin id="3" dir="1" index="0" bw="1" slack="0"/>
</pin_list>
<bind>
<StgValue><ssdm name="ctype"/><MemPortTyVec>1 3 </MemPortTyVec>
</StgValue>
</bind>
</comp>

<comp id="4" class="1000" name="out_r_V_data_V">
<pin_list>
<pin id="5" dir="1" index="0" bw="1" slack="0"/>
</pin_list>
<bind>
<StgValue><ssdm name="out_r_V_data_V"/></StgValue>
</bind>
</comp>

<comp id="6" class="1000" name="out_r_V_last_V">
<pin_list>
<pin id="7" dir="1" index="0" bw="1" slack="0"/>
</pin_list>
<bind>
<StgValue><ssdm name="out_r_V_last_V"/></StgValue>
</bind>
</comp>

<comp id="8" class="1001" name="const_8">
<pin_list>
<pin id="9" dir="1" index="0" bw="1" slack="0"/>
</pin_list>
<bind>
<StgValue><ssdm name=""/></StgValue>
</bind>
</comp>

<comp id="10" class="1001" name="const_10">
<pin_list>
<pin id="11" dir="1" index="0" bw="1" slack="2147483647"/>
</pin_list>
<bind>
<StgValue><ssdm name="_ssdm_op_SpecAXISSideChannel"/></StgValue>
</bind>
</comp>

<comp id="12" class="1001" name="const_12">
<pin_list>
<pin id="13" dir="1" index="0" bw="1" slack="2147483647"/>
</pin_list>
<bind>
<StgValue><ssdm name=""/></StgValue>
</bind>
</comp>

<comp id="14" class="1001" name="const_14">
<pin_list>
<pin id="15" dir="1" index="0" bw="1" slack="2147483647"/>
</pin_list>
<bind>
<StgValue><ssdm name="empty_3"/></StgValue>
</bind>
</comp>

<comp id="16" class="1001" name="const_16">
<pin_list>
<pin id="17" dir="1" index="0" bw="1" slack="2147483647"/>
</pin_list>
<bind>
<StgValue><ssdm name="_ssdm_op_SpecInterface"/></StgValue>
</bind>
</comp>

<comp id="18" class="1001" name="const_18">
<pin_list>
<pin id="19" dir="1" index="0" bw="1" slack="2147483647"/>
</pin_list>
<bind>
<StgValue><ssdm name="empty"/></StgValue>
</bind>
</comp>

<comp id="20" class="1001" name="const_20">
<pin_list>
<pin id="21" dir="1" index="0" bw="1" slack="0"/>
</pin_list>
<bind>
<StgValue><ssdm name=""/></StgValue>
</bind>
</comp>

<comp id="22" class="1001" name="const_22">
<pin_list>
<pin id="23" dir="1" index="0" bw="1" slack="2147483647"/>
</pin_list>
<bind>
<StgValue><ssdm name="empty_0"/></StgValue>
</bind>
</comp>

<comp id="24" class="1001" name="const_24">
<pin_list>
<pin id="25" dir="1" index="0" bw="1" slack="2147483647"/>
</pin_list>
<bind>
<StgValue><ssdm name="empty_1"/></StgValue>
</bind>
</comp>

<comp id="26" class="1001" name="const_26">
<pin_list>
<pin id="27" dir="1" index="0" bw="1" slack="2147483647"/>
</pin_list>
<bind>
<StgValue><ssdm name=""/></StgValue>
</bind>
</comp>

<comp id="28" class="1001" name="const_28">
<pin_list>
<pin id="29" dir="1" index="0" bw="1" slack="0"/>
</pin_list>
<bind>
<StgValue><ssdm name="_ssdm_op_Read.ap_auto.i1"/></StgValue>
</bind>
</comp>

<comp id="30" class="1001" name="const_30">
<pin_list>
<pin id="31" dir="1" index="0" bw="1" slack="0"/>
</pin_list>
<bind>
<StgValue><ssdm name=""/></StgValue>
</bind>
</comp>

<comp id="32" class="1001" name="const_32">
<pin_list>
<pin id="33" dir="1" index="0" bw="1" slack="0"/>
</pin_list>
<bind>
<StgValue><ssdm name=""/></StgValue>
</bind>
</comp>

<comp id="34" class="1001" name="const_34">
<pin_list>
<pin id="35" dir="1" index="0" bw="1" slack="0"/>
</pin_list>
<bind>
<StgValue><ssdm name=""/></StgValue>
</bind>
</comp>

<comp id="36" class="1001" name="const_36">
<pin_list>
<pin id="37" dir="1" index="0" bw="1" slack="0"/>
</pin_list>
<bind>
<StgValue><ssdm name=""/></StgValue>
</bind>
</comp>

<comp id="38" class="1001" name="const_38">
<pin_list>
<pin id="39" dir="1" index="0" bw="1" slack="0"/>
</pin_list>
<bind>
<StgValue><ssdm name=""/></StgValue>
</bind>
</comp>

<comp id="40" class="1001" name="const_40">
<pin_list>
<pin id="41" dir="1" index="0" bw="1" slack="0"/>
</pin_list>
<bind>
<StgValue><ssdm name=""/></StgValue>
</bind>
</comp>

<comp id="42" class="1001" name="const_42">
<pin_list>
<pin id="43" dir="1" index="0" bw="1" slack="0"/>
</pin_list>
<bind>
<StgValue><ssdm name="_ssdm_op_BitSelect.i1.i25.i32"/></StgValue>
</bind>
</comp>

<comp id="44" class="1001" name="const_44">
<pin_list>
<pin id="45" dir="1" index="0" bw="1" slack="0"/>
</pin_list>
<bind>
<StgValue><ssdm name=""/></StgValue>
</bind>
</comp>

<comp id="46" class="1001" name="const_46">
<pin_list>
<pin id="47" dir="1" index="0" bw="1" slack="2147483647"/>
</pin_list>
<bind>
<StgValue><ssdm name="_ssdm_op_SpecPipeline"/></StgValue>
</bind>
</comp>

<comp id="48" class="1001" name="const_48">
<pin_list>
<pin id="49" dir="1" index="0" bw="1" slack="2147483647"/>
</pin_list>
<bind>
<StgValue><ssdm name="_ssdm_op_SpecLoopTripCount"/></StgValue>
</bind>
</comp>

<comp id="50" class="1001" name="const_50">
<pin_list>
<pin id="51" dir="1" index="0" bw="1" slack="2147483647"/>
</pin_list>
<bind>
<StgValue><ssdm name=""/></StgValue>
</bind>
</comp>

<comp id="52" class="1001" name="const_52">
<pin_list>
<pin id="53" dir="1" index="0" bw="1" slack="2147483647"/>
</pin_list>
<bind>
<StgValue><ssdm name="_ssdm_op_SpecLoopName"/></StgValue>
</bind>
</comp>

<comp id="54" class="1001" name="const_54">
<pin_list>
<pin id="55" dir="1" index="0" bw="1" slack="2147483647"/>
</pin_list>
<bind>
<StgValue><ssdm name="empty_8"/></StgValue>
</bind>
</comp>

<comp id="56" class="1001" name="const_56">
<pin_list>
<pin id="57" dir="1" index="0" bw="1" slack="0"/>
</pin_list>
<bind>
<StgValue><ssdm name="llvm.ctlz.i25"/></StgValue>
</bind>
</comp>

<comp id="58" class="1001" name="const_58">
<pin_list>
<pin id="59" dir="1" index="0" bw="1" slack="0"/>
</pin_list>
<bind>
<StgValue><ssdm name=""/></StgValue>
</bind>
</comp>

<comp id="60" class="1001" name="const_60">
<pin_list>
<pin id="61" dir="1" index="0" bw="1" slack="0"/>
</pin_list>
<bind>
<StgValue><ssdm name=""/></StgValue>
</bind>
</comp>

<comp id="62" class="1001" name="const_62">
<pin_list>
<pin id="63" dir="1" index="0" bw="1" slack="0"/>
</pin_list>
<bind>
<StgValue><ssdm name=""/></StgValue>
</bind>
</comp>

<comp id="64" class="1001" name="const_64">
<pin_list>
<pin id="65" dir="1" index="0" bw="1" slack="0"/>
</pin_list>
<bind>
<StgValue><ssdm name="_ssdm_op_BitSelect.i1.i6.i32"/></StgValue>
</bind>
</comp>

<comp id="66" class="1001" name="const_66">
<pin_list>
<pin id="67" dir="1" index="0" bw="1" slack="0"/>
</pin_list>
<bind>
<StgValue><ssdm name=""/></StgValue>
</bind>
</comp>

<comp id="68" class="1001" name="const_68">
<pin_list>
<pin id="69" dir="1" index="0" bw="1" slack="0"/>
</pin_list>
<bind>
<StgValue><ssdm name=""/></StgValue>
</bind>
</comp>

<comp id="70" class="1001" name="const_70">
<pin_list>
<pin id="71" dir="1" index="0" bw="1" slack="0"/>
</pin_list>
<bind>
<StgValue><ssdm name=""/></StgValue>
</bind>
</comp>

<comp id="72" class="1001" name="const_72">
<pin_list>
<pin id="73" dir="1" index="0" bw="1" slack="0"/>
</pin_list>
<bind>
<StgValue><ssdm name=""/></StgValue>
</bind>
</comp>

<comp id="74" class="1001" name="const_74">
<pin_list>
<pin id="75" dir="1" index="0" bw="1" slack="0"/>
</pin_list>
<bind>
<StgValue><ssdm name="_ssdm_op_PartSelect.i48.i49.i32.i32"/></StgValue>
</bind>
</comp>

<comp id="76" class="1001" name="const_76">
<pin_list>
<pin id="77" dir="1" index="0" bw="1" slack="0"/>
</pin_list>
<bind>
<StgValue><ssdm name=""/></StgValue>
</bind>
</comp>

<comp id="78" class="1001" name="const_78">
<pin_list>
<pin id="79" dir="1" index="0" bw="1" slack="0"/>
</pin_list>
<bind>
<StgValue><ssdm name="_ssdm_op_BitSelect.i1.i49.i32"/></StgValue>
</bind>
</comp>

<comp id="80" class="1001" name="const_80">
<pin_list>
<pin id="81" dir="1" index="0" bw="1" slack="0"/>
</pin_list>
<bind>
<StgValue><ssdm name=""/></StgValue>
</bind>
</comp>

<comp id="82" class="1001" name="const_82">
<pin_list>
<pin id="83" dir="1" index="0" bw="1" slack="0"/>
</pin_list>
<bind>
<StgValue><ssdm name=""/></StgValue>
</bind>
</comp>

<comp id="84" class="1001" name="const_84">
<pin_list>
<pin id="85" dir="1" index="0" bw="1" slack="0"/>
</pin_list>
<bind>
<StgValue><ssdm name=""/></StgValue>
</bind>
</comp>

<comp id="86" class="1001" name="const_86">
<pin_list>
<pin id="87" dir="1" index="0" bw="1" slack="0"/>
</pin_list>
<bind>
<StgValue><ssdm name=""/></StgValue>
</bind>
</comp>

<comp id="88" class="1001" name="const_88">
<pin_list>
<pin id="89" dir="1" index="0" bw="1" slack="0"/>
</pin_list>
<bind>
<StgValue><ssdm name="_ssdm_op_BitConcatenate.i9.i1.i8"/></StgValue>
</bind>
</comp>

<comp id="90" class="1001" name="const_90">
<pin_list>
<pin id="91" dir="1" index="0" bw="1" slack="0"/>
</pin_list>
<bind>
<StgValue><ssdm name="_ssdm_op_PartSet.i64.i64.i9.i32.i32"/></StgValue>
</bind>
</comp>

<comp id="92" class="1001" name="const_92">
<pin_list>
<pin id="93" dir="1" index="0" bw="1" slack="0"/>
</pin_list>
<bind>
<StgValue><ssdm name=""/></StgValue>
</bind>
</comp>

<comp id="94" class="1001" name="const_94">
<pin_list>
<pin id="95" dir="1" index="0" bw="1" slack="0"/>
</pin_list>
<bind>
<StgValue><ssdm name=""/></StgValue>
</bind>
</comp>

<comp id="96" class="1001" name="const_96">
<pin_list>
<pin id="97" dir="1" index="0" bw="1" slack="0"/>
</pin_list>
<bind>
<StgValue><ssdm name="_ssdm_op_Write.axis.volatile.i32P0A.i1P0A"/></StgValue>
</bind>
</comp>

<comp id="98" class="1004" name="j_fu_98">
<pin_list>
<pin id="99" dir="0" index="0" bw="1" slack="0"/>
<pin id="100" dir="1" index="1" bw="3" slack="0"/>
</pin_list>
<bind>
<opcode="alloca(26) " fcode="alloca"/>
<opset="j/1 "/>
</bind>
</comp>

<comp id="102" class="1004" name="is_last_reload_read_read_fu_102">
<pin_list>
<pin id="103" dir="0" index="0" bw="1" slack="0"/>
<pin id="104" dir="0" index="1" bw="1" slack="0"/>
<pin id="105" dir="1" index="2" bw="1" slack="0"/>
</pin_list>
<bind>
<opcode="read(1150) " fcode="read"/>
<opset="is_last_reload_read/1 "/>
</bind>
</comp>

<comp id="108" class="1004" name="write_ln33_write_fu_108">
<pin_list>
<pin id="109" dir="0" index="0" bw="0" slack="0"/>
<pin id="110" dir="0" index="1" bw="32" slack="0"/>
<pin id="111" dir="0" index="2" bw="1" slack="0"/>
<pin id="112" dir="0" index="3" bw="32" slack="0"/>
<pin id="113" dir="0" index="4" bw="1" slack="2"/>
<pin id="114" dir="1" index="5" bw="0" slack="2147483647"/>
</pin_list>
<bind>
<opcode="write(1151) " fcode="write"/>
<opset="write_ln33/3 "/>
</bind>
</comp>

<comp id="118" class="1004" name="ctype_addr_gep_fu_118">
<pin_list>
<pin id="119" dir="0" index="0" bw="25" slack="0"/>
<pin id="120" dir="0" index="1" bw="1" slack="0"/>
<pin id="121" dir="0" index="2" bw="3" slack="0"/>
<pin id="122" dir="1" index="3" bw="2" slack="0"/>
</pin_list>
<bind>
<opcode="getelementptr(29) " fcode="getelementptr"/>
<opset="ctype_addr/1 "/>
</bind>
</comp>

<comp id="125" class="1004" name="grp_access_fu_125">
<pin_list>
<pin id="126" dir="0" index="0" bw="2" slack="0"/>
<pin id="127" dir="0" index="1" bw="25" slack="2147483647"/>
<pin id="128" dir="0" index="2" bw="0" slack="2147483647"/>
<pin id="129" dir="1" index="3" bw="25" slack="0"/>
</pin_list>
<bind>
<opcode="load(27) " fcode="load"/>
<opset="ctype_load/1 "/>
</bind>
</comp>

<comp id="131" class="1004" name="store_ln31_store_fu_131">
<pin_list>
<pin id="132" dir="0" index="0" bw="1" slack="0"/>
<pin id="133" dir="0" index="1" bw="3" slack="0"/>
<pin id="134" dir="1" index="2" bw="0" slack="2147483647"/>
</pin_list>
<bind>
<opcode="store(28) " fcode="store"/>
<opset="store_ln31/1 "/>
</bind>
</comp>

<comp id="136" class="1004" name="j_1_load_fu_136">
<pin_list>
<pin id="137" dir="0" index="0" bw="3" slack="0"/>
<pin id="138" dir="1" index="1" bw="3" slack="0"/>
</pin_list>
<bind>
<opcode="load(27) " fcode="load"/>
<opset="j_1/1 "/>
</bind>
</comp>

<comp id="139" class="1004" name="icmp_ln31_fu_139">
<pin_list>
<pin id="140" dir="0" index="0" bw="3" slack="0"/>
<pin id="141" dir="0" index="1" bw="3" slack="0"/>
<pin id="142" dir="1" index="2" bw="1" slack="1"/>
</pin_list>
<bind>
<opcode="icmp(45) " fcode="icmp"/>
<opset="icmp_ln31/1 "/>
</bind>
</comp>

<comp id="145" class="1004" name="add_ln31_fu_145">
<pin_list>
<pin id="146" dir="0" index="0" bw="3" slack="0"/>
<pin id="147" dir="0" index="1" bw="1" slack="0"/>
<pin id="148" dir="1" index="2" bw="3" slack="0"/>
</pin_list>
<bind>
<opcode="add(8) " fcode="add"/>
<opset="add_ln31/1 "/>
</bind>
</comp>

<comp id="151" class="1004" name="zext_ln31_fu_151">
<pin_list>
<pin id="152" dir="0" index="0" bw="3" slack="0"/>
<pin id="153" dir="1" index="1" bw="64" slack="0"/>
</pin_list>
<bind>
<opcode="zext(34) " fcode="zext"/>
<opset="zext_ln31/1 "/>
</bind>
</comp>

<comp id="156" class="1004" name="icmp_ln32_fu_156">
<pin_list>
<pin id="157" dir="0" index="0" bw="3" slack="0"/>
<pin id="158" dir="0" index="1" bw="3" slack="0"/>
<pin id="159" dir="1" index="2" bw="1" slack="0"/>
</pin_list>
<bind>
<opcode="icmp(45) " fcode="icmp"/>
<opset="icmp_ln32/1 "/>
</bind>
</comp>

<comp id="162" class="1004" name="last_fu_162">
<pin_list>
<pin id="163" dir="0" index="0" bw="1" slack="0"/>
<pin id="164" dir="0" index="1" bw="1" slack="0"/>
<pin id="165" dir="1" index="2" bw="1" slack="2"/>
</pin_list>
<bind>
<opcode="and(23) " fcode="and"/>
<opset="last/1 "/>
</bind>
</comp>

<comp id="168" class="1004" name="store_ln31_store_fu_168">
<pin_list>
<pin id="169" dir="0" index="0" bw="3" slack="0"/>
<pin id="170" dir="0" index="1" bw="3" slack="0"/>
<pin id="171" dir="1" index="2" bw="0" slack="2147483647"/>
</pin_list>
<bind>
<opcode="store(28) " fcode="store"/>
<opset="store_ln31/1 "/>
</bind>
</comp>

<comp id="173" class="1004" name="icmp_ln33_fu_173">
<pin_list>
<pin id="174" dir="0" index="0" bw="25" slack="0"/>
<pin id="175" dir="0" index="1" bw="1" slack="0"/>
<pin id="176" dir="1" index="2" bw="1" slack="1"/>
</pin_list>
<bind>
<opcode="icmp(45) " fcode="icmp"/>
<opset="icmp_ln33/2 "/>
</bind>
</comp>

<comp id="179" class="1004" name="tmp_fu_179">
<pin_list>
<pin id="180" dir="0" index="0" bw="1" slack="0"/>
<pin id="181" dir="0" index="1" bw="25" slack="0"/>
<pin id="182" dir="0" index="2" bw="6" slack="0"/>
<pin id="183" dir="1" index="3" bw="1" slack="0"/>
</pin_list>
<bind>
<opcode="bitselect(1000) " fcode="bitselect"/>
<opset="tmp/2 "/>
</bind>
</comp>

<comp id="187" class="1004" name="sub_ln33_fu_187">
<pin_list>
<pin id="188" dir="0" index="0" bw="1" slack="0"/>
<pin id="189" dir="0" index="1" bw="25" slack="0"/>
<pin id="190" dir="1" index="2" bw="25" slack="0"/>
</pin_list>
<bind>
<opcode="sub(10) " fcode="sub"/>
<opset="sub_ln33/2 "/>
</bind>
</comp>

<comp id="193" class="1004" name="select_ln33_fu_193">
<pin_list>
<pin id="194" dir="0" index="0" bw="1" slack="0"/>
<pin id="195" dir="0" index="1" bw="25" slack="0"/>
<pin id="196" dir="0" index="2" bw="25" slack="0"/>
<pin id="197" dir="1" index="3" bw="25" slack="1"/>
</pin_list>
<bind>
<opcode="select(49) " fcode="select"/>
<opset="select_ln33/2 "/>
</bind>
</comp>

<comp id="201" class="1004" name="tmp_8_fu_201">
<pin_list>
<pin id="202" dir="0" index="0" bw="25" slack="0"/>
<pin id="203" dir="0" index="1" bw="25" slack="1"/>
<pin id="204" dir="0" index="2" bw="1" slack="0"/>
<pin id="205" dir="1" index="3" bw="25" slack="0"/>
</pin_list>
<bind>
<opcode="ctlz(523) " fcode="ctlz"/>
<opset="tmp_8/3 "/>
</bind>
</comp>

<comp id="208" class="1004" name="trunc_ln33_fu_208">
<pin_list>
<pin id="209" dir="0" index="0" bw="25" slack="0"/>
<pin id="210" dir="1" index="1" bw="5" slack="0"/>
</pin_list>
<bind>
<opcode="trunc(33) " fcode="trunc"/>
<opset="trunc_ln33/3 "/>
</bind>
</comp>

<comp id="212" class="1004" name="sub_ln33_1_fu_212">
<pin_list>
<pin id="213" dir="0" index="0" bw="4" slack="0"/>
<pin id="214" dir="0" index="1" bw="5" slack="0"/>
<pin id="215" dir="1" index="2" bw="5" slack="0"/>
</pin_list>
<bind>
<opcode="sub(10) " fcode="sub"/>
<opset="sub_ln33_1/3 "/>
</bind>
</comp>

<comp id="218" class="1004" name="zext_ln33_fu_218">
<pin_list>
<pin id="219" dir="0" index="0" bw="5" slack="0"/>
<pin id="220" dir="1" index="1" bw="6" slack="0"/>
</pin_list>
<bind>
<opcode="zext(34) " fcode="zext"/>
<opset="zext_ln33/3 "/>
</bind>
</comp>

<comp id="222" class="1004" name="add_ln33_fu_222">
<pin_list>
<pin id="223" dir="0" index="0" bw="5" slack="0"/>
<pin id="224" dir="0" index="1" bw="6" slack="0"/>
<pin id="225" dir="1" index="2" bw="6" slack="0"/>
</pin_list>
<bind>
<opcode="add(8) " fcode="add"/>
<opset="add_ln33/3 "/>
</bind>
</comp>

<comp id="228" class="1004" name="sext_ln33_fu_228">
<pin_list>
<pin id="229" dir="0" index="0" bw="6" slack="0"/>
<pin id="230" dir="1" index="1" bw="32" slack="0"/>
</pin_list>
<bind>
<opcode="sext(35) " fcode="sext"/>
<opset="sext_ln33/3 "/>
</bind>
</comp>

<comp id="232" class="1004" name="tmp_1_fu_232">
<pin_list>
<pin id="233" dir="0" index="0" bw="1" slack="0"/>
<pin id="234" dir="0" index="1" bw="6" slack="0"/>
<pin id="235" dir="0" index="2" bw="4" slack="0"/>
<pin id="236" dir="1" index="3" bw="1" slack="0"/>
</pin_list>
<bind>
<opcode="bitselect(1000) " fcode="bitselect"/>
<opset="tmp_1/3 "/>
</bind>
</comp>

<comp id="240" class="1004" name="xor_ln33_fu_240">
<pin_list>
<pin id="241" dir="0" index="0" bw="1" slack="0"/>
<pin id="242" dir="0" index="1" bw="1" slack="0"/>
<pin id="243" dir="1" index="2" bw="1" slack="0"/>
</pin_list>
<bind>
<opcode="xor(25) " fcode="xor"/>
<opset="xor_ln33/3 "/>
</bind>
</comp>

<comp id="246" class="1004" name="tmp_2_fu_246">
<pin_list>
<pin id="247" dir="0" index="0" bw="1" slack="0"/>
<pin id="248" dir="0" index="1" bw="25" slack="1"/>
<pin id="249" dir="0" index="2" bw="6" slack="0"/>
<pin id="250" dir="1" index="3" bw="1" slack="0"/>
</pin_list>
<bind>
<opcode="bitselect(1000) " fcode="bitselect"/>
<opset="tmp_2/3 "/>
</bind>
</comp>

<comp id="253" class="1004" name="phi_ln33_fu_253">
<pin_list>
<pin id="254" dir="0" index="0" bw="1" slack="0"/>
<pin id="255" dir="0" index="1" bw="1" slack="0"/>
<pin id="256" dir="1" index="2" bw="1" slack="0"/>
</pin_list>
<bind>
<opcode="and(23) " fcode="and"/>
<opset="phi_ln33/3 "/>
</bind>
</comp>

<comp id="259" class="1004" name="zext_ln33_1_fu_259">
<pin_list>
<pin id="260" dir="0" index="0" bw="25" slack="1"/>
<pin id="261" dir="1" index="1" bw="64" slack="0"/>
</pin_list>
<bind>
<opcode="zext(34) " fcode="zext"/>
<opset="zext_ln33_1/3 "/>
</bind>
</comp>

<comp id="262" class="1004" name="zext_ln33_2_fu_262">
<pin_list>
<pin id="263" dir="0" index="0" bw="25" slack="1"/>
<pin id="264" dir="1" index="1" bw="49" slack="0"/>
</pin_list>
<bind>
<opcode="zext(34) " fcode="zext"/>
<opset="zext_ln33_2/3 "/>
</bind>
</comp>

<comp id="265" class="1004" name="icmp_ln33_1_fu_265">
<pin_list>
<pin id="266" dir="0" index="0" bw="6" slack="0"/>
<pin id="267" dir="0" index="1" bw="1" slack="0"/>
<pin id="268" dir="1" index="2" bw="1" slack="0"/>
</pin_list>
<bind>
<opcode="icmp(45) " fcode="icmp"/>
<opset="icmp_ln33_1/3 "/>
</bind>
</comp>

<comp id="271" class="1004" name="add_ln33_1_fu_271">
<pin_list>
<pin id="272" dir="0" index="0" bw="5" slack="0"/>
<pin id="273" dir="0" index="1" bw="6" slack="0"/>
<pin id="274" dir="1" index="2" bw="6" slack="0"/>
</pin_list>
<bind>
<opcode="add(8) " fcode="add"/>
<opset="add_ln33_1/3 "/>
</bind>
</comp>

<comp id="277" class="1004" name="sext_ln33_1_fu_277">
<pin_list>
<pin id="278" dir="0" index="0" bw="6" slack="0"/>
<pin id="279" dir="1" index="1" bw="32" slack="0"/>
</pin_list>
<bind>
<opcode="sext(35) " fcode="sext"/>
<opset="sext_ln33_1/3 "/>
</bind>
</comp>

<comp id="281" class="1004" name="zext_ln33_3_fu_281">
<pin_list>
<pin id="282" dir="0" index="0" bw="6" slack="0"/>
<pin id="283" dir="1" index="1" bw="64" slack="0"/>
</pin_list>
<bind>
<opcode="zext(34) " fcode="zext"/>
<opset="zext_ln33_3/3 "/>
</bind>
</comp>

<comp id="285" class="1004" name="lshr_ln33_fu_285">
<pin_list>
<pin id="286" dir="0" index="0" bw="25" slack="0"/>
<pin id="287" dir="0" index="1" bw="32" slack="0"/>
<pin id="288" dir="1" index="2" bw="64" slack="0"/>
</pin_list>
<bind>
<opcode="lshr(21) " fcode="lshr"/>
<opset="lshr_ln33/3 "/>
</bind>
</comp>

<comp id="291" class="1004" name="trunc_ln33_1_fu_291">
<pin_list>
<pin id="292" dir="0" index="0" bw="64" slack="0"/>
<pin id="293" dir="1" index="1" bw="49" slack="0"/>
</pin_list>
<bind>
<opcode="trunc(33) " fcode="trunc"/>
<opset="trunc_ln33_1/3 "/>
</bind>
</comp>

<comp id="295" class="1004" name="zext_ln33_4_fu_295">
<pin_list>
<pin id="296" dir="0" index="0" bw="25" slack="0"/>
<pin id="297" dir="1" index="1" bw="49" slack="0"/>
</pin_list>
<bind>
<opcode="zext(34) " fcode="zext"/>
<opset="zext_ln33_4/3 "/>
</bind>
</comp>

<comp id="299" class="1004" name="shl_ln33_fu_299">
<pin_list>
<pin id="300" dir="0" index="0" bw="25" slack="0"/>
<pin id="301" dir="0" index="1" bw="25" slack="0"/>
<pin id="302" dir="1" index="2" bw="49" slack="0"/>
</pin_list>
<bind>
<opcode="shl(20) " fcode="shl"/>
<opset="shl_ln33/3 "/>
</bind>
</comp>

<comp id="305" class="1004" name="cond50_i_i_fu_305">
<pin_list>
<pin id="306" dir="0" index="0" bw="1" slack="0"/>
<pin id="307" dir="0" index="1" bw="49" slack="0"/>
<pin id="308" dir="0" index="2" bw="49" slack="0"/>
<pin id="309" dir="1" index="3" bw="49" slack="0"/>
</pin_list>
<bind>
<opcode="select(49) " fcode="select"/>
<opset="cond50_i_i/3 "/>
</bind>
</comp>

<comp id="313" class="1004" name="zext_ln33_5_fu_313">
<pin_list>
<pin id="314" dir="0" index="0" bw="1" slack="0"/>
<pin id="315" dir="1" index="1" bw="49" slack="0"/>
</pin_list>
<bind>
<opcode="zext(34) " fcode="zext"/>
<opset="zext_ln33_5/3 "/>
</bind>
</comp>

<comp id="317" class="1004" name="add_ln33_2_fu_317">
<pin_list>
<pin id="318" dir="0" index="0" bw="49" slack="0"/>
<pin id="319" dir="0" index="1" bw="1" slack="0"/>
<pin id="320" dir="1" index="2" bw="49" slack="0"/>
</pin_list>
<bind>
<opcode="add(8) " fcode="add"/>
<opset="add_ln33_2/3 "/>
</bind>
</comp>

<comp id="323" class="1004" name="lshr_ln33_1_fu_323">
<pin_list>
<pin id="324" dir="0" index="0" bw="48" slack="0"/>
<pin id="325" dir="0" index="1" bw="49" slack="0"/>
<pin id="326" dir="0" index="2" bw="1" slack="0"/>
<pin id="327" dir="0" index="3" bw="7" slack="0"/>
<pin id="328" dir="1" index="4" bw="48" slack="0"/>
</pin_list>
<bind>
<opcode="partselect(1002) " fcode="partselect"/>
<opset="lshr_ln33_1/3 "/>
</bind>
</comp>

<comp id="333" class="1004" name="zext_ln33_6_fu_333">
<pin_list>
<pin id="334" dir="0" index="0" bw="48" slack="0"/>
<pin id="335" dir="1" index="1" bw="64" slack="0"/>
</pin_list>
<bind>
<opcode="zext(34) " fcode="zext"/>
<opset="zext_ln33_6/3 "/>
</bind>
</comp>

<comp id="337" class="1004" name="tmp_3_fu_337">
<pin_list>
<pin id="338" dir="0" index="0" bw="1" slack="0"/>
<pin id="339" dir="0" index="1" bw="49" slack="0"/>
<pin id="340" dir="0" index="2" bw="6" slack="0"/>
<pin id="341" dir="1" index="3" bw="1" slack="0"/>
</pin_list>
<bind>
<opcode="bitselect(1000) " fcode="bitselect"/>
<opset="tmp_3/3 "/>
</bind>
</comp>

<comp id="345" class="1004" name="select_ln33_1_fu_345">
<pin_list>
<pin id="346" dir="0" index="0" bw="1" slack="0"/>
<pin id="347" dir="0" index="1" bw="8" slack="0"/>
<pin id="348" dir="0" index="2" bw="8" slack="0"/>
<pin id="349" dir="1" index="3" bw="8" slack="0"/>
</pin_list>
<bind>
<opcode="select(49) " fcode="select"/>
<opset="select_ln33_1/3 "/>
</bind>
</comp>

<comp id="353" class="1004" name="sub_ln33_2_fu_353">
<pin_list>
<pin id="354" dir="0" index="0" bw="5" slack="0"/>
<pin id="355" dir="0" index="1" bw="5" slack="0"/>
<pin id="356" dir="1" index="2" bw="5" slack="0"/>
</pin_list>
<bind>
<opcode="sub(10) " fcode="sub"/>
<opset="sub_ln33_2/3 "/>
</bind>
</comp>

<comp id="359" class="1004" name="sext_ln33_2_fu_359">
<pin_list>
<pin id="360" dir="0" index="0" bw="5" slack="0"/>
<pin id="361" dir="1" index="1" bw="8" slack="0"/>
</pin_list>
<bind>
<opcode="sext(35) " fcode="sext"/>
<opset="sext_ln33_2/3 "/>
</bind>
</comp>

<comp id="363" class="1004" name="add_ln33_3_fu_363">
<pin_list>
<pin id="364" dir="0" index="0" bw="8" slack="0"/>
<pin id="365" dir="0" index="1" bw="5" slack="0"/>
<pin id="366" dir="1" index="2" bw="8" slack="0"/>
</pin_list>
<bind>
<opcode="add(8) " fcode="add"/>
<opset="add_ln33_3/3 "/>
</bind>
</comp>

<comp id="369" class="1004" name="tmp_s_fu_369">
<pin_list>
<pin id="370" dir="0" index="0" bw="9" slack="0"/>
<pin id="371" dir="0" index="1" bw="1" slack="1"/>
<pin id="372" dir="0" index="2" bw="8" slack="0"/>
<pin id="373" dir="1" index="3" bw="9" slack="0"/>
</pin_list>
<bind>
<opcode="bitconcatenate(1004) " fcode="bitconcatenate"/>
<opset="tmp_s/3 "/>
</bind>
</comp>

<comp id="376" class="1004" name="pi_assign_fu_376">
<pin_list>
<pin id="377" dir="0" index="0" bw="64" slack="0"/>
<pin id="378" dir="0" index="1" bw="48" slack="0"/>
<pin id="379" dir="0" index="2" bw="9" slack="0"/>
<pin id="380" dir="0" index="3" bw="6" slack="0"/>
<pin id="381" dir="0" index="4" bw="6" slack="0"/>
<pin id="382" dir="1" index="5" bw="64" slack="0"/>
</pin_list>
<bind>
<opcode="partset(1003) " fcode="partset"/>
<opset="pi_assign/3 "/>
</bind>
</comp>

<comp id="388" class="1004" name="LD_fu_388">
<pin_list>
<pin id="389" dir="0" index="0" bw="64" slack="0"/>
<pin id="390" dir="1" index="1" bw="32" slack="0"/>
</pin_list>
<bind>
<opcode="trunc(33) " fcode="trunc"/>
<opset="LD/3 "/>
</bind>
</comp>

<comp id="392" class="1004" name="select_ln33_2_fu_392">
<pin_list>
<pin id="393" dir="0" index="0" bw="1" slack="1"/>
<pin id="394" dir="0" index="1" bw="1" slack="0"/>
<pin id="395" dir="0" index="2" bw="32" slack="0"/>
<pin id="396" dir="1" index="3" bw="32" slack="0"/>
</pin_list>
<bind>
<opcode="select(49) " fcode="select"/>
<opset="select_ln33_2/3 "/>
</bind>
</comp>

<comp id="400" class="1005" name="j_reg_400">
<pin_list>
<pin id="401" dir="0" index="0" bw="3" slack="0"/>
<pin id="402" dir="1" index="1" bw="3" slack="0"/>
</pin_list>
<bind>
<opset="j "/>
</bind>
</comp>

<comp id="407" class="1005" name="icmp_ln31_reg_407">
<pin_list>
<pin id="408" dir="0" index="0" bw="1" slack="1"/>
<pin id="409" dir="1" index="1" bw="1" slack="2147483647"/>
</pin_list>
<bind>
<opset="icmp_ln31 "/>
</bind>
</comp>

<comp id="411" class="1005" name="last_reg_411">
<pin_list>
<pin id="412" dir="0" index="0" bw="1" slack="2"/>
<pin id="413" dir="1" index="1" bw="1" slack="2"/>
</pin_list>
<bind>
<opset="last "/>
</bind>
</comp>

<comp id="416" class="1005" name="ctype_addr_reg_416">
<pin_list>
<pin id="417" dir="0" index="0" bw="2" slack="1"/>
<pin id="418" dir="1" index="1" bw="2" slack="1"/>
</pin_list>
<bind>
<opset="ctype_addr "/>
</bind>
</comp>

<comp id="421" class="1005" name="icmp_ln33_reg_421">
<pin_list>
<pin id="422" dir="0" index="0" bw="1" slack="1"/>
<pin id="423" dir="1" index="1" bw="1" slack="1"/>
</pin_list>
<bind>
<opset="icmp_ln33 "/>
</bind>
</comp>

<comp id="426" class="1005" name="tmp_reg_426">
<pin_list>
<pin id="427" dir="0" index="0" bw="1" slack="1"/>
<pin id="428" dir="1" index="1" bw="1" slack="1"/>
</pin_list>
<bind>
<opset="tmp "/>
</bind>
</comp>

<comp id="431" class="1005" name="select_ln33_reg_431">
<pin_list>
<pin id="432" dir="0" index="0" bw="25" slack="1"/>
<pin id="433" dir="1" index="1" bw="25" slack="1"/>
</pin_list>
<bind>
<opset="select_ln33 "/>
</bind>
</comp>

</comp_list>

<net_list>
<net id="101"><net_src comp="8" pin="0"/><net_sink comp="98" pin=0"/></net>

<net id="106"><net_src comp="28" pin="0"/><net_sink comp="102" pin=0"/></net>

<net id="107"><net_src comp="0" pin="0"/><net_sink comp="102" pin=1"/></net>

<net id="115"><net_src comp="96" pin="0"/><net_sink comp="108" pin=0"/></net>

<net id="116"><net_src comp="4" pin="0"/><net_sink comp="108" pin=1"/></net>

<net id="117"><net_src comp="6" pin="0"/><net_sink comp="108" pin=2"/></net>

<net id="123"><net_src comp="2" pin="0"/><net_sink comp="118" pin=0"/></net>

<net id="124"><net_src comp="38" pin="0"/><net_sink comp="118" pin=1"/></net>

<net id="130"><net_src comp="118" pin="3"/><net_sink comp="125" pin=0"/></net>

<net id="135"><net_src comp="30" pin="0"/><net_sink comp="131" pin=0"/></net>

<net id="143"><net_src comp="136" pin="1"/><net_sink comp="139" pin=0"/></net>

<net id="144"><net_src comp="32" pin="0"/><net_sink comp="139" pin=1"/></net>

<net id="149"><net_src comp="136" pin="1"/><net_sink comp="145" pin=0"/></net>

<net id="150"><net_src comp="34" pin="0"/><net_sink comp="145" pin=1"/></net>

<net id="154"><net_src comp="136" pin="1"/><net_sink comp="151" pin=0"/></net>

<net id="155"><net_src comp="151" pin="1"/><net_sink comp="118" pin=2"/></net>

<net id="160"><net_src comp="136" pin="1"/><net_sink comp="156" pin=0"/></net>

<net id="161"><net_src comp="36" pin="0"/><net_sink comp="156" pin=1"/></net>

<net id="166"><net_src comp="102" pin="2"/><net_sink comp="162" pin=0"/></net>

<net id="167"><net_src comp="156" pin="2"/><net_sink comp="162" pin=1"/></net>

<net id="172"><net_src comp="145" pin="2"/><net_sink comp="168" pin=0"/></net>

<net id="177"><net_src comp="125" pin="3"/><net_sink comp="173" pin=0"/></net>

<net id="178"><net_src comp="40" pin="0"/><net_sink comp="173" pin=1"/></net>

<net id="184"><net_src comp="42" pin="0"/><net_sink comp="179" pin=0"/></net>

<net id="185"><net_src comp="125" pin="3"/><net_sink comp="179" pin=1"/></net>

<net id="186"><net_src comp="44" pin="0"/><net_sink comp="179" pin=2"/></net>

<net id="191"><net_src comp="40" pin="0"/><net_sink comp="187" pin=0"/></net>

<net id="192"><net_src comp="125" pin="3"/><net_sink comp="187" pin=1"/></net>

<net id="198"><net_src comp="179" pin="3"/><net_sink comp="193" pin=0"/></net>

<net id="199"><net_src comp="187" pin="2"/><net_sink comp="193" pin=1"/></net>

<net id="200"><net_src comp="125" pin="3"/><net_sink comp="193" pin=2"/></net>

<net id="206"><net_src comp="56" pin="0"/><net_sink comp="201" pin=0"/></net>

<net id="207"><net_src comp="58" pin="0"/><net_sink comp="201" pin=2"/></net>

<net id="211"><net_src comp="201" pin="3"/><net_sink comp="208" pin=0"/></net>

<net id="216"><net_src comp="60" pin="0"/><net_sink comp="212" pin=0"/></net>

<net id="217"><net_src comp="208" pin="1"/><net_sink comp="212" pin=1"/></net>

<net id="221"><net_src comp="212" pin="2"/><net_sink comp="218" pin=0"/></net>

<net id="226"><net_src comp="218" pin="1"/><net_sink comp="222" pin=0"/></net>

<net id="227"><net_src comp="62" pin="0"/><net_sink comp="222" pin=1"/></net>

<net id="231"><net_src comp="222" pin="2"/><net_sink comp="228" pin=0"/></net>

<net id="237"><net_src comp="64" pin="0"/><net_sink comp="232" pin=0"/></net>

<net id="238"><net_src comp="222" pin="2"/><net_sink comp="232" pin=1"/></net>

<net id="239"><net_src comp="66" pin="0"/><net_sink comp="232" pin=2"/></net>

<net id="244"><net_src comp="232" pin="3"/><net_sink comp="240" pin=0"/></net>

<net id="245"><net_src comp="68" pin="0"/><net_sink comp="240" pin=1"/></net>

<net id="251"><net_src comp="42" pin="0"/><net_sink comp="246" pin=0"/></net>

<net id="252"><net_src comp="228" pin="1"/><net_sink comp="246" pin=2"/></net>

<net id="257"><net_src comp="246" pin="3"/><net_sink comp="253" pin=0"/></net>

<net id="258"><net_src comp="240" pin="2"/><net_sink comp="253" pin=1"/></net>

<net id="269"><net_src comp="222" pin="2"/><net_sink comp="265" pin=0"/></net>

<net id="270"><net_src comp="70" pin="0"/><net_sink comp="265" pin=1"/></net>

<net id="275"><net_src comp="218" pin="1"/><net_sink comp="271" pin=0"/></net>

<net id="276"><net_src comp="72" pin="0"/><net_sink comp="271" pin=1"/></net>

<net id="280"><net_src comp="271" pin="2"/><net_sink comp="277" pin=0"/></net>

<net id="284"><net_src comp="277" pin="1"/><net_sink comp="281" pin=0"/></net>

<net id="289"><net_src comp="259" pin="1"/><net_sink comp="285" pin=0"/></net>

<net id="290"><net_src comp="281" pin="1"/><net_sink comp="285" pin=1"/></net>

<net id="294"><net_src comp="285" pin="2"/><net_sink comp="291" pin=0"/></net>

<net id="298"><net_src comp="201" pin="3"/><net_sink comp="295" pin=0"/></net>

<net id="303"><net_src comp="262" pin="1"/><net_sink comp="299" pin=0"/></net>

<net id="304"><net_src comp="295" pin="1"/><net_sink comp="299" pin=1"/></net>

<net id="310"><net_src comp="265" pin="2"/><net_sink comp="305" pin=0"/></net>

<net id="311"><net_src comp="291" pin="1"/><net_sink comp="305" pin=1"/></net>

<net id="312"><net_src comp="299" pin="2"/><net_sink comp="305" pin=2"/></net>

<net id="316"><net_src comp="253" pin="2"/><net_sink comp="313" pin=0"/></net>

<net id="321"><net_src comp="305" pin="3"/><net_sink comp="317" pin=0"/></net>

<net id="322"><net_src comp="313" pin="1"/><net_sink comp="317" pin=1"/></net>

<net id="329"><net_src comp="74" pin="0"/><net_sink comp="323" pin=0"/></net>

<net id="330"><net_src comp="317" pin="2"/><net_sink comp="323" pin=1"/></net>

<net id="331"><net_src comp="8" pin="0"/><net_sink comp="323" pin=2"/></net>

<net id="332"><net_src comp="76" pin="0"/><net_sink comp="323" pin=3"/></net>

<net id="336"><net_src comp="323" pin="4"/><net_sink comp="333" pin=0"/></net>

<net id="342"><net_src comp="78" pin="0"/><net_sink comp="337" pin=0"/></net>

<net id="343"><net_src comp="317" pin="2"/><net_sink comp="337" pin=1"/></net>

<net id="344"><net_src comp="80" pin="0"/><net_sink comp="337" pin=2"/></net>

<net id="350"><net_src comp="337" pin="3"/><net_sink comp="345" pin=0"/></net>

<net id="351"><net_src comp="82" pin="0"/><net_sink comp="345" pin=1"/></net>

<net id="352"><net_src comp="84" pin="0"/><net_sink comp="345" pin=2"/></net>

<net id="357"><net_src comp="86" pin="0"/><net_sink comp="353" pin=0"/></net>

<net id="358"><net_src comp="208" pin="1"/><net_sink comp="353" pin=1"/></net>

<net id="362"><net_src comp="353" pin="2"/><net_sink comp="359" pin=0"/></net>

<net id="367"><net_src comp="345" pin="3"/><net_sink comp="363" pin=0"/></net>

<net id="368"><net_src comp="359" pin="1"/><net_sink comp="363" pin=1"/></net>

<net id="374"><net_src comp="88" pin="0"/><net_sink comp="369" pin=0"/></net>

<net id="375"><net_src comp="363" pin="2"/><net_sink comp="369" pin=2"/></net>

<net id="383"><net_src comp="90" pin="0"/><net_sink comp="376" pin=0"/></net>

<net id="384"><net_src comp="333" pin="1"/><net_sink comp="376" pin=1"/></net>

<net id="385"><net_src comp="369" pin="3"/><net_sink comp="376" pin=2"/></net>

<net id="386"><net_src comp="92" pin="0"/><net_sink comp="376" pin=3"/></net>

<net id="387"><net_src comp="94" pin="0"/><net_sink comp="376" pin=4"/></net>

<net id="391"><net_src comp="376" pin="5"/><net_sink comp="388" pin=0"/></net>

<net id="397"><net_src comp="20" pin="0"/><net_sink comp="392" pin=1"/></net>

<net id="398"><net_src comp="388" pin="1"/><net_sink comp="392" pin=2"/></net>

<net id="399"><net_src comp="392" pin="3"/><net_sink comp="108" pin=3"/></net>

<net id="403"><net_src comp="98" pin="1"/><net_sink comp="400" pin=0"/></net>

<net id="404"><net_src comp="400" pin="1"/><net_sink comp="131" pin=1"/></net>

<net id="405"><net_src comp="400" pin="1"/><net_sink comp="136" pin=0"/></net>

<net id="406"><net_src comp="400" pin="1"/><net_sink comp="168" pin=1"/></net>

<net id="410"><net_src comp="139" pin="2"/><net_sink comp="407" pin=0"/></net>

<net id="414"><net_src comp="162" pin="2"/><net_sink comp="411" pin=0"/></net>

<net id="415"><net_src comp="411" pin="1"/><net_sink comp="108" pin=4"/></net>

<net id="419"><net_src comp="118" pin="3"/><net_sink comp="416" pin=0"/></net>

<net id="420"><net_src comp="416" pin="1"/><net_sink comp="125" pin=0"/></net>

<net id="424"><net_src comp="173" pin="2"/><net_sink comp="421" pin=0"/></net>

<net id="425"><net_src comp="421" pin="1"/><net_sink comp="392" pin=0"/></net>

<net id="429"><net_src comp="179" pin="3"/><net_sink comp="426" pin=0"/></net>

<net id="430"><net_src comp="426" pin="1"/><net_sink comp="369" pin=1"/></net>

<net id="434"><net_src comp="193" pin="3"/><net_sink comp="431" pin=0"/></net>

<net id="435"><net_src comp="431" pin="1"/><net_sink comp="201" pin=1"/></net>

<net id="436"><net_src comp="431" pin="1"/><net_sink comp="246" pin=1"/></net>

<net id="437"><net_src comp="431" pin="1"/><net_sink comp="259" pin=0"/></net>

<net id="438"><net_src comp="431" pin="1"/><net_sink comp="262" pin=0"/></net>

</net_list>

</model> 
---------------- Datapath Model END ------------------

* FSMD analyzer results:
  - Output states:
	Port: out_r_V_data_V | {3 }
	Port: out_r_V_last_V | {3 }
 - Input state : 
	Port: wedrowiec_hls_axi_Pipeline_VITIS_LOOP_31_4 : is_last_reload | {1 }
	Port: wedrowiec_hls_axi_Pipeline_VITIS_LOOP_31_4 : ctype | {1 2 }
  - Chain level:
	State 1
		store_ln31 : 1
		j_1 : 1
		icmp_ln31 : 2
		add_ln31 : 2
		br_ln31 : 3
		zext_ln31 : 2
		icmp_ln32 : 2
		last : 3
		ctype_addr : 3
		ctype_load : 4
		store_ln31 : 3
	State 2
		icmp_ln33 : 1
		tmp : 1
		sub_ln33 : 1
		select_ln33 : 2
	State 3
		trunc_ln33 : 1
		sub_ln33_1 : 2
		zext_ln33 : 3
		add_ln33 : 4
		sext_ln33 : 5
		tmp_1 : 5
		xor_ln33 : 6
		tmp_2 : 6
		phi_ln33 : 6
		icmp_ln33_1 : 5
		add_ln33_1 : 4
		sext_ln33_1 : 5
		zext_ln33_3 : 6
		lshr_ln33 : 7
		trunc_ln33_1 : 8
		zext_ln33_4 : 1
		shl_ln33 : 2
		cond50_i_i : 9
		zext_ln33_5 : 6
		add_ln33_2 : 10
		lshr_ln33_1 : 11
		zext_ln33_6 : 12
		tmp_3 : 11
		select_ln33_1 : 12
		sub_ln33_2 : 2
		sext_ln33_2 : 3
		add_ln33_3 : 13
		tmp_s : 14
		pi_assign : 15
		LD : 16
		select_ln33_2 : 17
		write_ln33 : 18


============================================================
+ Verbose Summary: Datapath Resource usage 
============================================================

* Functional unit list:
|----------|---------------------------------|---------|---------|
| Operation|         Functional Unit         |    FF   |   LUT   |
|----------|---------------------------------|---------|---------|
|          |        select_ln33_fu_193       |    0    |    25   |
|  select  |        cond50_i_i_fu_305        |    0    |    49   |
|          |       select_ln33_1_fu_345      |    0    |    8    |
|          |       select_ln33_2_fu_392      |    0    |    32   |
|----------|---------------------------------|---------|---------|
|          |         add_ln31_fu_145         |    0    |    11   |
|          |         add_ln33_fu_222         |    0    |    14   |
|    add   |        add_ln33_1_fu_271        |    0    |    14   |
|          |        add_ln33_2_fu_317        |    0    |    56   |
|          |        add_ln33_3_fu_363        |    0    |    15   |
|----------|---------------------------------|---------|---------|
|   lshr   |         lshr_ln33_fu_285        |    0    |   100   |
|----------|---------------------------------|---------|---------|
|    shl   |         shl_ln33_fu_299         |    0    |    71   |
|----------|---------------------------------|---------|---------|
|          |         icmp_ln31_fu_139        |    0    |    11   |
|   icmp   |         icmp_ln32_fu_156        |    0    |    11   |
|          |         icmp_ln33_fu_173        |    0    |    32   |
|          |        icmp_ln33_1_fu_265       |    0    |    14   |
|----------|---------------------------------|---------|---------|
|          |         sub_ln33_fu_187         |    0    |    32   |
|    sub   |        sub_ln33_1_fu_212        |    0    |    13   |
|          |        sub_ln33_2_fu_353        |    0    |    13   |
|----------|---------------------------------|---------|---------|
|   ctlz   |           tmp_8_fu_201          |    0    |    33   |
|----------|---------------------------------|---------|---------|
|          |            tmp_fu_179           |    0    |    0    |
| bitselect|           tmp_1_fu_232          |    0    |    0    |
|          |           tmp_2_fu_246          |    0    |    9    |
|          |           tmp_3_fu_337          |    0    |    0    |
|----------|---------------------------------|---------|---------|
|    and   |           last_fu_162           |    0    |    2    |
|          |         phi_ln33_fu_253         |    0    |    2    |
|----------|---------------------------------|---------|---------|
|    xor   |         xor_ln33_fu_240         |    0    |    2    |
|----------|---------------------------------|---------|---------|
|   read   | is_last_reload_read_read_fu_102 |    0    |    0    |
|----------|---------------------------------|---------|---------|
|   write  |     write_ln33_write_fu_108     |    0    |    0    |
|----------|---------------------------------|---------|---------|
|          |         zext_ln31_fu_151        |    0    |    0    |
|          |         zext_ln33_fu_218        |    0    |    0    |
|          |        zext_ln33_1_fu_259       |    0    |    0    |
|   zext   |        zext_ln33_2_fu_262       |    0    |    0    |
|          |        zext_ln33_3_fu_281       |    0    |    0    |
|          |        zext_ln33_4_fu_295       |    0    |    0    |
|          |        zext_ln33_5_fu_313       |    0    |    0    |
|          |        zext_ln33_6_fu_333       |    0    |    0    |
|----------|---------------------------------|---------|---------|
|          |        trunc_ln33_fu_208        |    0    |    0    |
|   trunc  |       trunc_ln33_1_fu_291       |    0    |    0    |
|          |            LD_fu_388            |    0    |    0    |
|----------|---------------------------------|---------|---------|
|          |         sext_ln33_fu_228        |    0    |    0    |
|   sext   |        sext_ln33_1_fu_277       |    0    |    0    |
|          |        sext_ln33_2_fu_359       |    0    |    0    |
|----------|---------------------------------|---------|---------|
|partselect|        lshr_ln33_1_fu_323       |    0    |    0    |
|----------|---------------------------------|---------|---------|
|bitconcatenate|           tmp_s_fu_369          |    0    |    0    |
|----------|---------------------------------|---------|---------|
|  partset |         pi_assign_fu_376        |    0    |    0    |
|----------|---------------------------------|---------|---------|
|   Total  |                                 |    0    |   569   |
|----------|---------------------------------|---------|---------|

Memories:
N/A

* Register list:
+-------------------+--------+
|                   |   FF   |
+-------------------+--------+
| ctype_addr_reg_416|    2   |
| icmp_ln31_reg_407 |    1   |
| icmp_ln33_reg_421 |    1   |
|     j_reg_400     |    3   |
|    last_reg_411   |    1   |
|select_ln33_reg_431|   25   |
|    tmp_reg_426    |    1   |
+-------------------+--------+
|       Total       |   34   |
+-------------------+--------+

* Multiplexer (MUX) list: 
|-------------------|------|------|------|--------||---------||---------||---------|
|        Comp       |  Pin | Size |  BW  | S x BW ||  Delay  ||    FF   ||   LUT   |
|-------------------|------|------|------|--------||---------||---------||---------|
| grp_access_fu_125 |  p0  |   2  |   2  |    4   ||    0    ||    9    |
|-------------------|------|------|------|--------||---------||---------||---------|
|       Total       |      |      |      |    4   ||  1.588  ||    0    ||    9    |
|-------------------|------|------|------|--------||---------||---------||---------|



* Summary:
+-----------+--------+--------+--------+
|           |  Delay |   FF   |   LUT  |
+-----------+--------+--------+--------+
|  Function |    -   |    0   |   569  |
|   Memory  |    -   |    -   |    -   |
|Multiplexer|    1   |    0   |    9   |
|  Register |    -   |   34   |    -   |
+-----------+--------+--------+--------+
|   Total   |    1   |   34   |   578  |
+-----------+--------+--------+--------+
