

================================================================
== Vitis HLS Report for 'wedrowiec_hls'
================================================================
* Date:           Sun May 17 14:56:16 2026

* Version:        2025.1 (Build 6135595 on May 21 2025)
* Project:        wedrowiec_hls_prj
* Solution:       solution1 (Vivado IP Flow Target)
* Product family: zynq
* Target device:  xc7z020-clg400-1


================================================================
== Performance Estimates
================================================================
+ Timing: 
    * Summary: 
    +--------+----------+-----------+------------+
    |  Clock |  Target  | Estimated | Uncertainty|
    +--------+----------+-----------+------------+
    |ap_clk  |  20.00 ns|  14.549 ns|     5.40 ns|
    +--------+----------+-----------+------------+

+ Latency: 
    * Summary: 
    +---------+---------+----------+----------+-----+-----+----------+
    |  Latency (cycles) |  Latency (absolute) |  Interval | Pipeline |
    |   min   |   max   |    min   |    max   | min | max |   Type   |
    +---------+---------+----------+----------+-----+-----+----------+
    |       23|       23|  0.460 us|  0.460 us|   18|   18|  dataflow|
    +---------+---------+----------+----------+-----+-----+----------+

    + Detail: 
        * Instance: 
        +----------------------------------------------------------------------+---------------------------------------------------------------------+---------+---------+----------+----------+-----+-----+---------+
        |                                                                      |                                                                     |  Latency (cycles) |  Latency (absolute) |  Interval | Pipeline|
        |                               Instance                               |                                Module                               |   min   |   max   |    min   |    max   | min | max |   Type  |
        +----------------------------------------------------------------------+---------------------------------------------------------------------+---------+---------+----------+----------+-----+-----+---------+
        |dense_array_ap_int_8_8u_array_ap_fixed_21_19_5_3_0_32u_config3_U0     |dense_array_ap_int_8_8u_array_ap_fixed_21_19_5_3_0_32u_config3_s     |       17|       17|  0.340 us|  0.340 us|   17|   17|       no|
        |relu_array_ap_fixed_32u_array_ap_fixed_6_4_0_0_0_32u_relu_config4_U0  |relu_array_ap_fixed_32u_array_ap_fixed_6_4_0_0_0_32u_relu_config4_s  |        0|        0|      0 ns|      0 ns|    0|    0|       no|
        |dense_array_ap_fixed_32u_array_ap_fixed_18_14_5_3_0_32u_config5_U0    |dense_array_ap_fixed_32u_array_ap_fixed_18_14_5_3_0_32u_config5_s    |        5|        5|  0.100 us|  0.100 us|    5|    5|       no|
        |relu_array_ap_fixed_32u_array_ap_fixed_6_4_0_0_0_32u_relu_config6_U0  |relu_array_ap_fixed_32u_array_ap_fixed_6_4_0_0_0_32u_relu_config6_s  |        0|        0|      0 ns|      0 ns|    0|    0|       no|
        |dense_array_ap_fixed_32u_array_ap_fixed_18_14_5_3_0_16u_config7_U0    |dense_array_ap_fixed_32u_array_ap_fixed_18_14_5_3_0_16u_config7_s    |        6|        6|  0.120 us|  0.120 us|    6|    6|       no|
        |relu_array_ap_fixed_16u_array_ap_fixed_6_4_0_0_0_16u_relu_config8_U0  |relu_array_ap_fixed_16u_array_ap_fixed_6_4_0_0_0_16u_relu_config8_s  |        0|        0|      0 ns|      0 ns|    0|    0|       no|
        |dense_array_ap_fixed_16u_array_ap_fixed_17_13_5_3_0_4u_config9_U0     |dense_array_ap_fixed_16u_array_ap_fixed_17_13_5_3_0_4u_config9_s     |        6|        6|  0.120 us|  0.120 us|    6|    6|       no|
        +----------------------------------------------------------------------+---------------------------------------------------------------------+---------+---------+----------+----------+-----+-----+---------+

        * Loop: 
        N/A



================================================================
== Utilization Estimates
================================================================
* Summary: 
+-----------------+---------+-----+--------+-------+-----+
|       Name      | BRAM_18K| DSP |   FF   |  LUT  | URAM|
+-----------------+---------+-----+--------+-------+-----+
|DSP              |        -|    -|       -|      -|    -|
|Expression       |        -|    -|       0|      2|    -|
|FIFO             |        -|    -|     594|    408|    -|
|Instance         |        -|    -|    8427|  34683|    -|
|Memory           |        -|    -|       -|      -|    -|
|Multiplexer      |        -|    -|       -|      -|    -|
|Register         |        -|    -|       -|      -|    -|
+-----------------+---------+-----+--------+-------+-----+
|Total            |        0|    0|    9021|  35093|    0|
+-----------------+---------+-----+--------+-------+-----+
|Available        |      280|  220|  106400|  53200|    0|
+-----------------+---------+-----+--------+-------+-----+
|Utilization (%)  |        0|    0|       8|     65|    0|
+-----------------+---------+-----+--------+-------+-----+

+ Detail: 
    * Instance: 
    +----------------------------------------------------------------------+---------------------------------------------------------------------+---------+----+------+-------+-----+
    |                               Instance                               |                                Module                               | BRAM_18K| DSP|  FF  |  LUT  | URAM|
    +----------------------------------------------------------------------+---------------------------------------------------------------------+---------+----+------+-------+-----+
    |dense_array_ap_fixed_16u_array_ap_fixed_17_13_5_3_0_4u_config9_U0     |dense_array_ap_fixed_16u_array_ap_fixed_17_13_5_3_0_4u_config9_s     |        0|   0|   353|    918|    0|
    |dense_array_ap_fixed_32u_array_ap_fixed_18_14_5_3_0_16u_config7_U0    |dense_array_ap_fixed_32u_array_ap_fixed_18_14_5_3_0_16u_config7_s    |        0|   0|  1408|   4931|    0|
    |dense_array_ap_fixed_32u_array_ap_fixed_18_14_5_3_0_32u_config5_U0    |dense_array_ap_fixed_32u_array_ap_fixed_18_14_5_3_0_32u_config5_s    |        0|   0|  2539|   8626|    0|
    |dense_array_ap_int_8_8u_array_ap_fixed_21_19_5_3_0_32u_config3_U0     |dense_array_ap_int_8_8u_array_ap_fixed_21_19_5_3_0_32u_config3_s     |        0|   0|  4118|  13518|    0|
    |relu_array_ap_fixed_16u_array_ap_fixed_6_4_0_0_0_16u_relu_config8_U0  |relu_array_ap_fixed_16u_array_ap_fixed_6_4_0_0_0_16u_relu_config8_s  |        0|   0|     3|   1430|    0|
    |relu_array_ap_fixed_32u_array_ap_fixed_6_4_0_0_0_32u_relu_config4_U0  |relu_array_ap_fixed_32u_array_ap_fixed_6_4_0_0_0_32u_relu_config4_s  |        0|   0|     3|   2438|    0|
    |relu_array_ap_fixed_32u_array_ap_fixed_6_4_0_0_0_32u_relu_config6_U0  |relu_array_ap_fixed_32u_array_ap_fixed_6_4_0_0_0_32u_relu_config6_s  |        0|   0|     3|   2822|    0|
    +----------------------------------------------------------------------+---------------------------------------------------------------------+---------+----+------+-------+-----+
    |Total                                                                 |                                                                     |        0|   0|  8427|  34683|    0|
    +----------------------------------------------------------------------+---------------------------------------------------------------------+---------+----+------+-------+-----+

    * DSP: 
    N/A

    * Memory: 
    N/A

    * FIFO: 
    +--------------+---------+----+----+-----+------+-----+---------+
    |     Name     | BRAM_18K| FF | LUT| URAM| Depth| Bits| Size:D*B|
    +--------------+---------+----+----+-----+------+-----+---------+
    |layer3_out_U  |        0|  99|   0|    -|     1|  672|      672|
    |layer4_out_U  |        0|  99|   0|    -|     1|  192|      192|
    |layer5_out_U  |        0|  99|   0|    -|     1|  576|      576|
    |layer6_out_U  |        0|  99|   0|    -|     1|  192|      192|
    |layer7_out_U  |        0|  99|   0|    -|     1|  288|      288|
    |layer8_out_U  |        0|  99|   0|    -|     1|   96|       96|
    +--------------+---------+----+----+-----+------+-----+---------+
    |Total         |        0| 594|   0|    0|     6| 2016|     2016|
    +--------------+---------+----+----+-----+------+-----+---------+

    * Expression: 
    +--------------+----------+----+---+----+------------+------------+
    | Variable Name| Operation| DSP| FF| LUT| Bitwidth P0| Bitwidth P1|
    +--------------+----------+----+---+----+------------+------------+
    |ap_idle       |       and|   0|  0|   2|           1|           1|
    +--------------+----------+----+---+----+------------+------------+
    |Total         |          |   0|  0|   2|           1|           1|
    +--------------+----------+----+---+----+------------+------------+

    * Multiplexer: 
    N/A

    * Register: 
    N/A



================================================================
== Interface
================================================================
* Summary: 
+--------------------+-----+-----+------------+---------------+--------------+
|      RTL Ports     | Dir | Bits|  Protocol  | Source Object |    C Type    |
+--------------------+-----+-----+------------+---------------+--------------+
|input_layer_TDATA   |   in|   64|        axis|    input_layer|       pointer|
|input_layer_TVALID  |   in|    1|        axis|    input_layer|       pointer|
|input_layer_TREADY  |  out|    1|        axis|    input_layer|       pointer|
|layer9_out_TDATA    |  out|  128|        axis|     layer9_out|       pointer|
|layer9_out_TVALID   |  out|    1|        axis|     layer9_out|       pointer|
|layer9_out_TREADY   |   in|    1|        axis|     layer9_out|       pointer|
|ap_clk              |   in|    1|  ap_ctrl_hs|  wedrowiec_hls|  return value|
|ap_rst_n            |   in|    1|  ap_ctrl_hs|  wedrowiec_hls|  return value|
|ap_start            |   in|    1|  ap_ctrl_hs|  wedrowiec_hls|  return value|
|ap_done             |  out|    1|  ap_ctrl_hs|  wedrowiec_hls|  return value|
|ap_ready            |  out|    1|  ap_ctrl_hs|  wedrowiec_hls|  return value|
|ap_idle             |  out|    1|  ap_ctrl_hs|  wedrowiec_hls|  return value|
+--------------------+-----+-----+------------+---------------+--------------+

============================================================
+ Verbose Summary: Synthesis Manager
============================================================
InlineROM: 1
ExposeGlobal: 0
============================================================
+ Verbose Summary: CDFG Model
============================================================
IsTopModel: 1
ResetActiveHigh: 1
IsCombinational: 2
IsDatapathOnly: 2
HasWiredReturn: 1
HasMFsm: 0
HasVarLatency: 1
IsPipeline: 0
IsRtlPipelined: 0
IsInstanceOverlapped: 0
IsDontTouch: 0
HasImplIP: 0
IsGatedGlobalClock: 0


============================================================
+ Verbose Summary: Schedule
============================================================
* Number of FSM states : 13
* Pipeline : 0
* Dataflow Pipeline: 1
  DF-Pipeline-0: Size = 13, States = { 1 2 3 4 5 6 7 8 9 10 11 12 13 }

* FSM state transitions: 
1 --> 2 
2 --> 3 
3 --> 4 
4 --> 5 
5 --> 6 
6 --> 7 
7 --> 8 
8 --> 9 
9 --> 10 
10 --> 11 
11 --> 12 
12 --> 13 
13 --> 

* FSM state operations: 

State 1 <SV = 0> <Delay = 0.00>
ST_1 : Operation 14 [1/1] (0.00ns)   --->   "%layer3_out = alloca i64 1"   --->   Operation 14 'alloca' 'layer3_out' <Predicate = true> <Delay = 0.00> <CoreInst = "FIFO_SRL">   --->   Core 80 'FIFO_SRL' <Latency = 0> <II = 1> <Delay = 3.63> <Storage> <Opcode : 'read' 'write' 'nbread' 'nbwrite'> <Ports = 0> <Width = 672> <Depth = 1> <FIFO>
ST_1 : Operation 15 [1/1] (0.00ns)   --->   "%layer4_out = alloca i64 1"   --->   Operation 15 'alloca' 'layer4_out' <Predicate = true> <Delay = 0.00> <CoreInst = "FIFO_SRL">   --->   Core 80 'FIFO_SRL' <Latency = 0> <II = 1> <Delay = 3.63> <Storage> <Opcode : 'read' 'write' 'nbread' 'nbwrite'> <Ports = 0> <Width = 192> <Depth = 1> <FIFO>
ST_1 : Operation 16 [1/1] (0.00ns)   --->   "%layer5_out = alloca i64 1"   --->   Operation 16 'alloca' 'layer5_out' <Predicate = true> <Delay = 0.00> <CoreInst = "FIFO_SRL">   --->   Core 80 'FIFO_SRL' <Latency = 0> <II = 1> <Delay = 3.63> <Storage> <Opcode : 'read' 'write' 'nbread' 'nbwrite'> <Ports = 0> <Width = 576> <Depth = 1> <FIFO>
ST_1 : Operation 17 [1/1] (0.00ns)   --->   "%layer6_out = alloca i64 1"   --->   Operation 17 'alloca' 'layer6_out' <Predicate = true> <Delay = 0.00> <CoreInst = "FIFO_SRL">   --->   Core 80 'FIFO_SRL' <Latency = 0> <II = 1> <Delay = 3.63> <Storage> <Opcode : 'read' 'write' 'nbread' 'nbwrite'> <Ports = 0> <Width = 192> <Depth = 1> <FIFO>
ST_1 : Operation 18 [1/1] (0.00ns)   --->   "%layer7_out = alloca i64 1"   --->   Operation 18 'alloca' 'layer7_out' <Predicate = true> <Delay = 0.00> <CoreInst = "FIFO_SRL">   --->   Core 80 'FIFO_SRL' <Latency = 0> <II = 1> <Delay = 3.63> <Storage> <Opcode : 'read' 'write' 'nbread' 'nbwrite'> <Ports = 0> <Width = 288> <Depth = 1> <FIFO>
ST_1 : Operation 19 [1/1] (0.00ns)   --->   "%layer8_out = alloca i64 1"   --->   Operation 19 'alloca' 'layer8_out' <Predicate = true> <Delay = 0.00> <CoreInst = "FIFO_SRL">   --->   Core 80 'FIFO_SRL' <Latency = 0> <II = 1> <Delay = 3.63> <Storage> <Opcode : 'read' 'write' 'nbread' 'nbwrite'> <Ports = 0> <Width = 96> <Depth = 1> <FIFO>

State 2 <SV = 1> <Delay = 0.00>
ST_2 : Operation 20 [2/2] (0.00ns)   --->   "%call_ln55 = call void @dense<array<ap_int<8>, 8u>, array<ap_fixed<21, 19, 5, 3, 0>, 32u>, config3>, i64 %input_layer, i672 %layer3_out" [firmware/wedrowiec_hls.cpp:55]   --->   Operation 20 'call' 'call_ln55' <Predicate = true> <Delay = 0.00> <CoreType = "Generic">   --->   Generic Core

State 3 <SV = 2> <Delay = 0.00>
ST_3 : Operation 21 [1/2] (0.00ns)   --->   "%call_ln55 = call void @dense<array<ap_int<8>, 8u>, array<ap_fixed<21, 19, 5, 3, 0>, 32u>, config3>, i64 %input_layer, i672 %layer3_out" [firmware/wedrowiec_hls.cpp:55]   --->   Operation 21 'call' 'call_ln55' <Predicate = true> <Delay = 0.00> <CoreType = "Generic">   --->   Generic Core

State 4 <SV = 3> <Delay = 0.00>
ST_4 : Operation 22 [1/1] (0.00ns)   --->   "%call_ln57 = call void @relu<array<ap_fixed,32u>,array<ap_fixed<6,4,0,0,0>,32u>,relu_config4>, i672 %layer3_out, i192 %layer4_out" [firmware/wedrowiec_hls.cpp:57]   --->   Operation 22 'call' 'call_ln57' <Predicate = true> <Delay = 0.00> <CoreType = "Generic">   --->   Generic Core

State 5 <SV = 4> <Delay = 0.00>
ST_5 : Operation 23 [2/2] (0.00ns)   --->   "%call_ln59 = call void @dense<array<ap_fixed,32u>,array<ap_fixed<18,14,5,3,0>,32u>,config5>, i192 %layer4_out, i576 %layer5_out" [firmware/wedrowiec_hls.cpp:59]   --->   Operation 23 'call' 'call_ln59' <Predicate = true> <Delay = 0.00> <CoreType = "Generic">   --->   Generic Core

State 6 <SV = 5> <Delay = 0.00>
ST_6 : Operation 24 [1/2] (0.00ns)   --->   "%call_ln59 = call void @dense<array<ap_fixed,32u>,array<ap_fixed<18,14,5,3,0>,32u>,config5>, i192 %layer4_out, i576 %layer5_out" [firmware/wedrowiec_hls.cpp:59]   --->   Operation 24 'call' 'call_ln59' <Predicate = true> <Delay = 0.00> <CoreType = "Generic">   --->   Generic Core

State 7 <SV = 6> <Delay = 0.00>
ST_7 : Operation 25 [1/1] (0.00ns)   --->   "%call_ln61 = call void @relu<array<ap_fixed,32u>,array<ap_fixed<6,4,0,0,0>,32u>,relu_config6>, i576 %layer5_out, i192 %layer6_out" [firmware/wedrowiec_hls.cpp:61]   --->   Operation 25 'call' 'call_ln61' <Predicate = true> <Delay = 0.00> <CoreType = "Generic">   --->   Generic Core

State 8 <SV = 7> <Delay = 0.00>
ST_8 : Operation 26 [2/2] (0.00ns)   --->   "%call_ln63 = call void @dense<array<ap_fixed,32u>,array<ap_fixed<18,14,5,3,0>,16u>,config7>, i192 %layer6_out, i288 %layer7_out" [firmware/wedrowiec_hls.cpp:63]   --->   Operation 26 'call' 'call_ln63' <Predicate = true> <Delay = 0.00> <CoreType = "Generic">   --->   Generic Core

State 9 <SV = 8> <Delay = 0.00>
ST_9 : Operation 27 [1/2] (0.00ns)   --->   "%call_ln63 = call void @dense<array<ap_fixed,32u>,array<ap_fixed<18,14,5,3,0>,16u>,config7>, i192 %layer6_out, i288 %layer7_out" [firmware/wedrowiec_hls.cpp:63]   --->   Operation 27 'call' 'call_ln63' <Predicate = true> <Delay = 0.00> <CoreType = "Generic">   --->   Generic Core

State 10 <SV = 9> <Delay = 0.00>
ST_10 : Operation 28 [1/1] (0.00ns)   --->   "%call_ln65 = call void @relu<array<ap_fixed,16u>,array<ap_fixed<6,4,0,0,0>,16u>,relu_config8>, i288 %layer7_out, i96 %layer8_out" [firmware/wedrowiec_hls.cpp:65]   --->   Operation 28 'call' 'call_ln65' <Predicate = true> <Delay = 0.00> <CoreType = "Generic">   --->   Generic Core

State 11 <SV = 10> <Delay = 0.00>
ST_11 : Operation 29 [2/2] (0.00ns)   --->   "%call_ln67 = call void @dense<array<ap_fixed,16u>,array<ap_fixed<17,13,5,3,0>,4u>,config9>, i96 %layer8_out, i128 %layer9_out" [firmware/wedrowiec_hls.cpp:67]   --->   Operation 29 'call' 'call_ln67' <Predicate = true> <Delay = 0.00> <CoreType = "Generic">   --->   Generic Core

State 12 <SV = 11> <Delay = 0.00>
ST_12 : Operation 30 [1/2] (0.00ns)   --->   "%call_ln67 = call void @dense<array<ap_fixed,16u>,array<ap_fixed<17,13,5,3,0>,4u>,config9>, i96 %layer8_out, i128 %layer9_out" [firmware/wedrowiec_hls.cpp:67]   --->   Operation 30 'call' 'call_ln67' <Predicate = true> <Delay = 0.00> <CoreType = "Generic">   --->   Generic Core

State 13 <SV = 12> <Delay = 0.00>
ST_13 : Operation 31 [1/1] (0.00ns)   --->   "%specdataflowpipeline_ln14 = specdataflowpipeline void @_ssdm_op_SpecDataflowPipeline, i32 4294967295, i32 0, void @empty_1" [firmware/wedrowiec_hls.cpp:14]   --->   Operation 31 'specdataflowpipeline' 'specdataflowpipeline_ln14' <Predicate = true> <Delay = 0.00>
ST_13 : Operation 32 [1/1] (0.00ns)   --->   "%spectopmodule_ln7 = spectopmodule void @_ssdm_op_SpecTopModule, void @empty_4" [firmware/wedrowiec_hls.cpp:7]   --->   Operation 32 'spectopmodule' 'spectopmodule_ln7' <Predicate = true> <Delay = 0.00>
ST_13 : Operation 33 [1/1] (0.00ns)   --->   "%specinterface_ln0 = specinterface void @_ssdm_op_SpecInterface, i64 %input_layer, void @empty, i32 1, i32 1, void @empty_0, i32 0, i32 0, void @empty_1, void @empty_1, void @empty_1, i32 0, i32 0, i32 0, i32 0, void @empty_1, void @empty_1, i32 4294967295, i32 0, i32 0"   --->   Operation 33 'specinterface' 'specinterface_ln0' <Predicate = true> <Delay = 0.00>
ST_13 : Operation 34 [1/1] (0.00ns)   --->   "%specbitsmap_ln0 = specbitsmap void @_ssdm_op_SpecBitsMap, i64 %input_layer"   --->   Operation 34 'specbitsmap' 'specbitsmap_ln0' <Predicate = true> <Delay = 0.00>
ST_13 : Operation 35 [1/1] (0.00ns)   --->   "%specinterface_ln0 = specinterface void @_ssdm_op_SpecInterface, i128 %layer9_out, void @empty, i32 1, i32 1, void @empty_0, i32 0, i32 0, void @empty_1, void @empty_1, void @empty_1, i32 0, i32 0, i32 0, i32 0, void @empty_1, void @empty_1, i32 4294967295, i32 0, i32 0"   --->   Operation 35 'specinterface' 'specinterface_ln0' <Predicate = true> <Delay = 0.00>
ST_13 : Operation 36 [1/1] (0.00ns)   --->   "%specbitsmap_ln0 = specbitsmap void @_ssdm_op_SpecBitsMap, i128 %layer9_out"   --->   Operation 36 'specbitsmap' 'specbitsmap_ln0' <Predicate = true> <Delay = 0.00>
ST_13 : Operation 37 [1/1] (0.00ns)   --->   "%empty = specchannel i32 @_ssdm_op_SpecChannel, void @layer3_out_str, i32 1, void @p_str, void @p_str, i32 1, i32 1, i672 %layer3_out, i672 %layer3_out"   --->   Operation 37 'specchannel' 'empty' <Predicate = true> <Delay = 0.00>
ST_13 : Operation 38 [1/1] (0.00ns)   --->   "%specinterface_ln0 = specinterface void @_ssdm_op_SpecInterface, i672 %layer3_out, void @empty_2, i32 0, i32 0, void @empty_1, i32 0, i32 0, void @empty_1, void @empty_1, void @empty_1, i32 0, i32 0, i32 0, i32 0, void @empty_1, void @empty_1, i32 4294967295, i32 0, i32 0"   --->   Operation 38 'specinterface' 'specinterface_ln0' <Predicate = true> <Delay = 0.00>
ST_13 : Operation 39 [1/1] (0.00ns)   --->   "%empty_25 = specchannel i32 @_ssdm_op_SpecChannel, void @layer4_out_str, i32 1, void @p_str, void @p_str, i32 1, i32 1, i192 %layer4_out, i192 %layer4_out"   --->   Operation 39 'specchannel' 'empty_25' <Predicate = true> <Delay = 0.00>
ST_13 : Operation 40 [1/1] (0.00ns)   --->   "%specinterface_ln0 = specinterface void @_ssdm_op_SpecInterface, i192 %layer4_out, void @empty_2, i32 0, i32 0, void @empty_1, i32 0, i32 0, void @empty_1, void @empty_1, void @empty_1, i32 0, i32 0, i32 0, i32 0, void @empty_1, void @empty_1, i32 4294967295, i32 0, i32 0"   --->   Operation 40 'specinterface' 'specinterface_ln0' <Predicate = true> <Delay = 0.00>
ST_13 : Operation 41 [1/1] (0.00ns)   --->   "%empty_26 = specchannel i32 @_ssdm_op_SpecChannel, void @layer5_out_str, i32 1, void @p_str, void @p_str, i32 1, i32 1, i576 %layer5_out, i576 %layer5_out"   --->   Operation 41 'specchannel' 'empty_26' <Predicate = true> <Delay = 0.00>
ST_13 : Operation 42 [1/1] (0.00ns)   --->   "%specinterface_ln0 = specinterface void @_ssdm_op_SpecInterface, i576 %layer5_out, void @empty_2, i32 0, i32 0, void @empty_1, i32 0, i32 0, void @empty_1, void @empty_1, void @empty_1, i32 0, i32 0, i32 0, i32 0, void @empty_1, void @empty_1, i32 4294967295, i32 0, i32 0"   --->   Operation 42 'specinterface' 'specinterface_ln0' <Predicate = true> <Delay = 0.00>
ST_13 : Operation 43 [1/1] (0.00ns)   --->   "%empty_27 = specchannel i32 @_ssdm_op_SpecChannel, void @layer6_out_str, i32 1, void @p_str, void @p_str, i32 1, i32 1, i192 %layer6_out, i192 %layer6_out"   --->   Operation 43 'specchannel' 'empty_27' <Predicate = true> <Delay = 0.00>
ST_13 : Operation 44 [1/1] (0.00ns)   --->   "%specinterface_ln0 = specinterface void @_ssdm_op_SpecInterface, i192 %layer6_out, void @empty_2, i32 0, i32 0, void @empty_1, i32 0, i32 0, void @empty_1, void @empty_1, void @empty_1, i32 0, i32 0, i32 0, i32 0, void @empty_1, void @empty_1, i32 4294967295, i32 0, i32 0"   --->   Operation 44 'specinterface' 'specinterface_ln0' <Predicate = true> <Delay = 0.00>
ST_13 : Operation 45 [1/1] (0.00ns)   --->   "%empty_28 = specchannel i32 @_ssdm_op_SpecChannel, void @layer7_out_str, i32 1, void @p_str, void @p_str, i32 1, i32 1, i288 %layer7_out, i288 %layer7_out"   --->   Operation 45 'specchannel' 'empty_28' <Predicate = true> <Delay = 0.00>
ST_13 : Operation 46 [1/1] (0.00ns)   --->   "%specinterface_ln0 = specinterface void @_ssdm_op_SpecInterface, i288 %layer7_out, void @empty_2, i32 0, i32 0, void @empty_1, i32 0, i32 0, void @empty_1, void @empty_1, void @empty_1, i32 0, i32 0, i32 0, i32 0, void @empty_1, void @empty_1, i32 4294967295, i32 0, i32 0"   --->   Operation 46 'specinterface' 'specinterface_ln0' <Predicate = true> <Delay = 0.00>
ST_13 : Operation 47 [1/1] (0.00ns)   --->   "%empty_29 = specchannel i32 @_ssdm_op_SpecChannel, void @layer8_out_str, i32 1, void @p_str, void @p_str, i32 1, i32 1, i96 %layer8_out, i96 %layer8_out"   --->   Operation 47 'specchannel' 'empty_29' <Predicate = true> <Delay = 0.00>
ST_13 : Operation 48 [1/1] (0.00ns)   --->   "%specinterface_ln0 = specinterface void @_ssdm_op_SpecInterface, i96 %layer8_out, void @empty_2, i32 0, i32 0, void @empty_1, i32 0, i32 0, void @empty_1, void @empty_1, void @empty_1, i32 0, i32 0, i32 0, i32 0, void @empty_1, void @empty_1, i32 4294967295, i32 0, i32 0"   --->   Operation 48 'specinterface' 'specinterface_ln0' <Predicate = true> <Delay = 0.00>
ST_13 : Operation 49 [1/1] (0.00ns)   --->   "%ret_ln69 = ret" [firmware/wedrowiec_hls.cpp:69]   --->   Operation 49 'ret' 'ret_ln69' <Predicate = true> <Delay = 0.00>


============================================================
+ Verbose Summary: Binding
============================================================
STG Binding: 
---------------- STG Properties BEGIN ----------------
- Is combinational: 0
- Is one-state seq: 0
- Is datapath-only: 0
- Is pipelined: 0
- Is top level: 1
Port [ Return ] is wired: 1; IO mode=ap_ctrl_hs:ce=0
Port [ input_layer]:  wired=1; compound=1; hidden=0; nouse=0; global=0; static=0; extern=0; dir=0; type=0; pingpong=0; private_global=0; IO mode=axis:ce=0
Port [ layer9_out]:  wired=1; compound=1; hidden=0; nouse=0; global=0; static=0; extern=0; dir=1; type=0; pingpong=0; private_global=0; IO mode=axis:ce=0
---------------- STG Properties END ------------------

---------------- Datapath Model BEGIN ----------------

<LifeTime>
<method=bitvector/>
layer3_out                (alloca              ) [ 00111111111111]
layer4_out                (alloca              ) [ 00111111111111]
layer5_out                (alloca              ) [ 00111111111111]
layer6_out                (alloca              ) [ 00111111111111]
layer7_out                (alloca              ) [ 00111111111111]
layer8_out                (alloca              ) [ 00111111111111]
call_ln55                 (call                ) [ 00000000000000]
call_ln57                 (call                ) [ 00000000000000]
call_ln59                 (call                ) [ 00000000000000]
call_ln61                 (call                ) [ 00000000000000]
call_ln63                 (call                ) [ 00000000000000]
call_ln65                 (call                ) [ 00000000000000]
call_ln67                 (call                ) [ 00000000000000]
specdataflowpipeline_ln14 (specdataflowpipeline) [ 00000000000000]
spectopmodule_ln7         (spectopmodule       ) [ 00000000000000]
specinterface_ln0         (specinterface       ) [ 00000000000000]
specbitsmap_ln0           (specbitsmap         ) [ 00000000000000]
specinterface_ln0         (specinterface       ) [ 00000000000000]
specbitsmap_ln0           (specbitsmap         ) [ 00000000000000]
empty                     (specchannel         ) [ 00000000000000]
specinterface_ln0         (specinterface       ) [ 00000000000000]
empty_25                  (specchannel         ) [ 00000000000000]
specinterface_ln0         (specinterface       ) [ 00000000000000]
empty_26                  (specchannel         ) [ 00000000000000]
specinterface_ln0         (specinterface       ) [ 00000000000000]
empty_27                  (specchannel         ) [ 00000000000000]
specinterface_ln0         (specinterface       ) [ 00000000000000]
empty_28                  (specchannel         ) [ 00000000000000]
specinterface_ln0         (specinterface       ) [ 00000000000000]
empty_29                  (specchannel         ) [ 00000000000000]
specinterface_ln0         (specinterface       ) [ 00000000000000]
ret_ln69                  (ret                 ) [ 00000000000000]
</LifeTime>

<model>

<comp_list>
<comp id="0" class="1000" name="input_layer">
<pin_list>
<pin id="1" dir="1" index="0" bw="1" slack="0"/>
</pin_list>
<bind>
<StgValue><ssdm name="input_layer"/></StgValue>
</bind>
</comp>

<comp id="2" class="1000" name="layer9_out">
<pin_list>
<pin id="3" dir="1" index="0" bw="1" slack="0"/>
</pin_list>
<bind>
<StgValue><ssdm name="layer9_out"/></StgValue>
</bind>
</comp>

<comp id="4" class="1001" name="const_4">
<pin_list>
<pin id="5" dir="1" index="0" bw="1" slack="0"/>
</pin_list>
<bind>
<StgValue><ssdm name=""/></StgValue>
</bind>
</comp>

<comp id="6" class="1001" name="const_6">
<pin_list>
<pin id="7" dir="1" index="0" bw="1" slack="0"/>
</pin_list>
<bind>
<StgValue><ssdm name="dense<array<ap_int<8>, 8u>, array<ap_fixed<21, 19, 5, 3, 0>, 32u>, config3>"/></StgValue>
</bind>
</comp>

<comp id="8" class="1001" name="const_8">
<pin_list>
<pin id="9" dir="1" index="0" bw="1" slack="0"/>
</pin_list>
<bind>
<StgValue><ssdm name="relu<array<ap_fixed,32u>,array<ap_fixed<6,4,0,0,0>,32u>,relu_config4>"/></StgValue>
</bind>
</comp>

<comp id="10" class="1001" name="const_10">
<pin_list>
<pin id="11" dir="1" index="0" bw="1" slack="0"/>
</pin_list>
<bind>
<StgValue><ssdm name="dense<array<ap_fixed,32u>,array<ap_fixed<18,14,5,3,0>,32u>,config5>"/></StgValue>
</bind>
</comp>

<comp id="12" class="1001" name="const_12">
<pin_list>
<pin id="13" dir="1" index="0" bw="1" slack="0"/>
</pin_list>
<bind>
<StgValue><ssdm name="relu<array<ap_fixed,32u>,array<ap_fixed<6,4,0,0,0>,32u>,relu_config6>"/></StgValue>
</bind>
</comp>

<comp id="14" class="1001" name="const_14">
<pin_list>
<pin id="15" dir="1" index="0" bw="1" slack="0"/>
</pin_list>
<bind>
<StgValue><ssdm name="dense<array<ap_fixed,32u>,array<ap_fixed<18,14,5,3,0>,16u>,config7>"/></StgValue>
</bind>
</comp>

<comp id="16" class="1001" name="const_16">
<pin_list>
<pin id="17" dir="1" index="0" bw="1" slack="0"/>
</pin_list>
<bind>
<StgValue><ssdm name="relu<array<ap_fixed,16u>,array<ap_fixed<6,4,0,0,0>,16u>,relu_config8>"/></StgValue>
</bind>
</comp>

<comp id="18" class="1001" name="const_18">
<pin_list>
<pin id="19" dir="1" index="0" bw="1" slack="0"/>
</pin_list>
<bind>
<StgValue><ssdm name="dense<array<ap_fixed,16u>,array<ap_fixed<17,13,5,3,0>,4u>,config9>"/></StgValue>
</bind>
</comp>

<comp id="20" class="1001" name="const_20">
<pin_list>
<pin id="21" dir="1" index="0" bw="1" slack="2147483647"/>
</pin_list>
<bind>
<StgValue><ssdm name="_ssdm_op_SpecDataflowPipeline"/></StgValue>
</bind>
</comp>

<comp id="22" class="1001" name="const_22">
<pin_list>
<pin id="23" dir="1" index="0" bw="1" slack="2147483647"/>
</pin_list>
<bind>
<StgValue><ssdm name=""/></StgValue>
</bind>
</comp>

<comp id="24" class="1001" name="const_24">
<pin_list>
<pin id="25" dir="1" index="0" bw="1" slack="2147483647"/>
</pin_list>
<bind>
<StgValue><ssdm name=""/></StgValue>
</bind>
</comp>

<comp id="26" class="1001" name="const_26">
<pin_list>
<pin id="27" dir="1" index="0" bw="1" slack="2147483647"/>
</pin_list>
<bind>
<StgValue><ssdm name="empty_1"/></StgValue>
</bind>
</comp>

<comp id="28" class="1001" name="const_28">
<pin_list>
<pin id="29" dir="1" index="0" bw="1" slack="2147483647"/>
</pin_list>
<bind>
<StgValue><ssdm name="_ssdm_op_SpecTopModule"/></StgValue>
</bind>
</comp>

<comp id="30" class="1001" name="const_30">
<pin_list>
<pin id="31" dir="1" index="0" bw="1" slack="2147483647"/>
</pin_list>
<bind>
<StgValue><ssdm name="empty_4"/></StgValue>
</bind>
</comp>

<comp id="32" class="1001" name="const_32">
<pin_list>
<pin id="33" dir="1" index="0" bw="1" slack="2147483647"/>
</pin_list>
<bind>
<StgValue><ssdm name="_ssdm_op_SpecInterface"/></StgValue>
</bind>
</comp>

<comp id="34" class="1001" name="const_34">
<pin_list>
<pin id="35" dir="1" index="0" bw="1" slack="2147483647"/>
</pin_list>
<bind>
<StgValue><ssdm name="empty"/></StgValue>
</bind>
</comp>

<comp id="36" class="1001" name="const_36">
<pin_list>
<pin id="37" dir="1" index="0" bw="1" slack="2147483647"/>
</pin_list>
<bind>
<StgValue><ssdm name=""/></StgValue>
</bind>
</comp>

<comp id="38" class="1001" name="const_38">
<pin_list>
<pin id="39" dir="1" index="0" bw="1" slack="2147483647"/>
</pin_list>
<bind>
<StgValue><ssdm name="empty_0"/></StgValue>
</bind>
</comp>

<comp id="40" class="1001" name="const_40">
<pin_list>
<pin id="41" dir="1" index="0" bw="1" slack="2147483647"/>
</pin_list>
<bind>
<StgValue><ssdm name="_ssdm_op_SpecBitsMap"/></StgValue>
</bind>
</comp>

<comp id="42" class="1001" name="const_42">
<pin_list>
<pin id="43" dir="1" index="0" bw="1" slack="2147483647"/>
</pin_list>
<bind>
<StgValue><ssdm name="_ssdm_op_SpecChannel"/></StgValue>
</bind>
</comp>

<comp id="44" class="1001" name="const_44">
<pin_list>
<pin id="45" dir="1" index="0" bw="1" slack="2147483647"/>
</pin_list>
<bind>
<StgValue><ssdm name="layer3_out_str"/></StgValue>
</bind>
</comp>

<comp id="46" class="1001" name="const_46">
<pin_list>
<pin id="47" dir="1" index="0" bw="1" slack="2147483647"/>
</pin_list>
<bind>
<StgValue><ssdm name="p_str"/></StgValue>
</bind>
</comp>

<comp id="48" class="1001" name="const_48">
<pin_list>
<pin id="49" dir="1" index="0" bw="1" slack="2147483647"/>
</pin_list>
<bind>
<StgValue><ssdm name="empty_2"/></StgValue>
</bind>
</comp>

<comp id="50" class="1001" name="const_50">
<pin_list>
<pin id="51" dir="1" index="0" bw="1" slack="2147483647"/>
</pin_list>
<bind>
<StgValue><ssdm name="layer4_out_str"/></StgValue>
</bind>
</comp>

<comp id="52" class="1001" name="const_52">
<pin_list>
<pin id="53" dir="1" index="0" bw="1" slack="2147483647"/>
</pin_list>
<bind>
<StgValue><ssdm name="layer5_out_str"/></StgValue>
</bind>
</comp>

<comp id="54" class="1001" name="const_54">
<pin_list>
<pin id="55" dir="1" index="0" bw="1" slack="2147483647"/>
</pin_list>
<bind>
<StgValue><ssdm name="layer6_out_str"/></StgValue>
</bind>
</comp>

<comp id="56" class="1001" name="const_56">
<pin_list>
<pin id="57" dir="1" index="0" bw="1" slack="2147483647"/>
</pin_list>
<bind>
<StgValue><ssdm name="layer7_out_str"/></StgValue>
</bind>
</comp>

<comp id="58" class="1001" name="const_58">
<pin_list>
<pin id="59" dir="1" index="0" bw="1" slack="2147483647"/>
</pin_list>
<bind>
<StgValue><ssdm name="layer8_out_str"/></StgValue>
</bind>
</comp>

<comp id="60" class="1004" name="layer3_out_fu_60">
<pin_list>
<pin id="61" dir="0" index="0" bw="1" slack="0"/>
<pin id="62" dir="1" index="1" bw="672" slack="1"/>
</pin_list>
<bind>
<opcode="alloca(26) " fcode="alloca"/>
<opset="layer3_out/1 "/>
</bind>
</comp>

<comp id="64" class="1004" name="layer4_out_fu_64">
<pin_list>
<pin id="65" dir="0" index="0" bw="1" slack="0"/>
<pin id="66" dir="1" index="1" bw="192" slack="3"/>
</pin_list>
<bind>
<opcode="alloca(26) " fcode="alloca"/>
<opset="layer4_out/1 "/>
</bind>
</comp>

<comp id="68" class="1004" name="layer5_out_fu_68">
<pin_list>
<pin id="69" dir="0" index="0" bw="1" slack="0"/>
<pin id="70" dir="1" index="1" bw="576" slack="4"/>
</pin_list>
<bind>
<opcode="alloca(26) " fcode="alloca"/>
<opset="layer5_out/1 "/>
</bind>
</comp>

<comp id="72" class="1004" name="layer6_out_fu_72">
<pin_list>
<pin id="73" dir="0" index="0" bw="1" slack="0"/>
<pin id="74" dir="1" index="1" bw="192" slack="6"/>
</pin_list>
<bind>
<opcode="alloca(26) " fcode="alloca"/>
<opset="layer6_out/1 "/>
</bind>
</comp>

<comp id="76" class="1004" name="layer7_out_fu_76">
<pin_list>
<pin id="77" dir="0" index="0" bw="1" slack="0"/>
<pin id="78" dir="1" index="1" bw="288" slack="7"/>
</pin_list>
<bind>
<opcode="alloca(26) " fcode="alloca"/>
<opset="layer7_out/1 "/>
</bind>
</comp>

<comp id="80" class="1004" name="layer8_out_fu_80">
<pin_list>
<pin id="81" dir="0" index="0" bw="1" slack="0"/>
<pin id="82" dir="1" index="1" bw="96" slack="9"/>
</pin_list>
<bind>
<opcode="alloca(26) " fcode="alloca"/>
<opset="layer8_out/1 "/>
</bind>
</comp>

<comp id="84" class="1004" name="grp_dense_array_ap_int_8_8u_array_ap_fixed_21_19_5_3_0_32u_config3_s_fu_84">
<pin_list>
<pin id="85" dir="0" index="0" bw="0" slack="0"/>
<pin id="86" dir="0" index="1" bw="64" slack="0"/>
<pin id="87" dir="0" index="2" bw="672" slack="1"/>
<pin id="88" dir="1" index="3" bw="0" slack="2147483647"/>
</pin_list>
<bind>
<opcode="call(48) " fcode="call"/>
<opset="call_ln55/2 "/>
</bind>
</comp>

<comp id="91" class="1004" name="call_ln57_relu_array_ap_fixed_32u_array_ap_fixed_6_4_0_0_0_32u_relu_config4_s_fu_91">
<pin_list>
<pin id="92" dir="0" index="0" bw="0" slack="0"/>
<pin id="93" dir="0" index="1" bw="672" slack="3"/>
<pin id="94" dir="0" index="2" bw="192" slack="3"/>
<pin id="95" dir="1" index="3" bw="0" slack="2147483647"/>
</pin_list>
<bind>
<opcode="call(48) " fcode="call"/>
<opset="call_ln57/4 "/>
</bind>
</comp>

<comp id="97" class="1004" name="grp_dense_array_ap_fixed_32u_array_ap_fixed_18_14_5_3_0_32u_config5_s_fu_97">
<pin_list>
<pin id="98" dir="0" index="0" bw="0" slack="0"/>
<pin id="99" dir="0" index="1" bw="192" slack="4"/>
<pin id="100" dir="0" index="2" bw="576" slack="4"/>
<pin id="101" dir="1" index="3" bw="0" slack="2147483647"/>
</pin_list>
<bind>
<opcode="call(48) " fcode="call"/>
<opset="call_ln59/5 "/>
</bind>
</comp>

<comp id="103" class="1004" name="call_ln61_relu_array_ap_fixed_32u_array_ap_fixed_6_4_0_0_0_32u_relu_config6_s_fu_103">
<pin_list>
<pin id="104" dir="0" index="0" bw="0" slack="0"/>
<pin id="105" dir="0" index="1" bw="576" slack="6"/>
<pin id="106" dir="0" index="2" bw="192" slack="6"/>
<pin id="107" dir="1" index="3" bw="0" slack="2147483647"/>
</pin_list>
<bind>
<opcode="call(48) " fcode="call"/>
<opset="call_ln61/7 "/>
</bind>
</comp>

<comp id="109" class="1004" name="grp_dense_array_ap_fixed_32u_array_ap_fixed_18_14_5_3_0_16u_config7_s_fu_109">
<pin_list>
<pin id="110" dir="0" index="0" bw="0" slack="0"/>
<pin id="111" dir="0" index="1" bw="192" slack="7"/>
<pin id="112" dir="0" index="2" bw="288" slack="7"/>
<pin id="113" dir="1" index="3" bw="0" slack="2147483647"/>
</pin_list>
<bind>
<opcode="call(48) " fcode="call"/>
<opset="call_ln63/8 "/>
</bind>
</comp>

<comp id="115" class="1004" name="call_ln65_relu_array_ap_fixed_16u_array_ap_fixed_6_4_0_0_0_16u_relu_config8_s_fu_115">
<pin_list>
<pin id="116" dir="0" index="0" bw="0" slack="0"/>
<pin id="117" dir="0" index="1" bw="288" slack="9"/>
<pin id="118" dir="0" index="2" bw="96" slack="9"/>
<pin id="119" dir="1" index="3" bw="0" slack="2147483647"/>
</pin_list>
<bind>
<opcode="call(48) " fcode="call"/>
<opset="call_ln65/10 "/>
</bind>
</comp>

<comp id="121" class="1004" name="grp_dense_array_ap_fixed_16u_array_ap_fixed_17_13_5_3_0_4u_config9_s_fu_121">
<pin_list>
<pin id="122" dir="0" index="0" bw="0" slack="0"/>
<pin id="123" dir="0" index="1" bw="96" slack="10"/>
<pin id="124" dir="0" index="2" bw="128" slack="0"/>
<pin id="125" dir="1" index="3" bw="0" slack="2147483647"/>
</pin_list>
<bind>
<opcode="call(48) " fcode="call"/>
<opset="call_ln67/11 "/>
</bind>
</comp>

<comp id="128" class="1005" name="layer3_out_reg_128">
<pin_list>
<pin id="129" dir="0" index="0" bw="672" slack="1"/>
<pin id="130" dir="1" index="1" bw="672" slack="1"/>
</pin_list>
<bind>
<opset="layer3_out "/>
</bind>
</comp>

<comp id="134" class="1005" name="layer4_out_reg_134">
<pin_list>
<pin id="135" dir="0" index="0" bw="192" slack="3"/>
<pin id="136" dir="1" index="1" bw="192" slack="3"/>
</pin_list>
<bind>
<opset="layer4_out "/>
</bind>
</comp>

<comp id="140" class="1005" name="layer5_out_reg_140">
<pin_list>
<pin id="141" dir="0" index="0" bw="576" slack="4"/>
<pin id="142" dir="1" index="1" bw="576" slack="4"/>
</pin_list>
<bind>
<opset="layer5_out "/>
</bind>
</comp>

<comp id="146" class="1005" name="layer6_out_reg_146">
<pin_list>
<pin id="147" dir="0" index="0" bw="192" slack="6"/>
<pin id="148" dir="1" index="1" bw="192" slack="6"/>
</pin_list>
<bind>
<opset="layer6_out "/>
</bind>
</comp>

<comp id="152" class="1005" name="layer7_out_reg_152">
<pin_list>
<pin id="153" dir="0" index="0" bw="288" slack="7"/>
<pin id="154" dir="1" index="1" bw="288" slack="7"/>
</pin_list>
<bind>
<opset="layer7_out "/>
</bind>
</comp>

<comp id="158" class="1005" name="layer8_out_reg_158">
<pin_list>
<pin id="159" dir="0" index="0" bw="96" slack="9"/>
<pin id="160" dir="1" index="1" bw="96" slack="9"/>
</pin_list>
<bind>
<opset="layer8_out "/>
</bind>
</comp>

</comp_list>

<net_list>
<net id="63"><net_src comp="4" pin="0"/><net_sink comp="60" pin=0"/></net>

<net id="67"><net_src comp="4" pin="0"/><net_sink comp="64" pin=0"/></net>

<net id="71"><net_src comp="4" pin="0"/><net_sink comp="68" pin=0"/></net>

<net id="75"><net_src comp="4" pin="0"/><net_sink comp="72" pin=0"/></net>

<net id="79"><net_src comp="4" pin="0"/><net_sink comp="76" pin=0"/></net>

<net id="83"><net_src comp="4" pin="0"/><net_sink comp="80" pin=0"/></net>

<net id="89"><net_src comp="6" pin="0"/><net_sink comp="84" pin=0"/></net>

<net id="90"><net_src comp="0" pin="0"/><net_sink comp="84" pin=1"/></net>

<net id="96"><net_src comp="8" pin="0"/><net_sink comp="91" pin=0"/></net>

<net id="102"><net_src comp="10" pin="0"/><net_sink comp="97" pin=0"/></net>

<net id="108"><net_src comp="12" pin="0"/><net_sink comp="103" pin=0"/></net>

<net id="114"><net_src comp="14" pin="0"/><net_sink comp="109" pin=0"/></net>

<net id="120"><net_src comp="16" pin="0"/><net_sink comp="115" pin=0"/></net>

<net id="126"><net_src comp="18" pin="0"/><net_sink comp="121" pin=0"/></net>

<net id="127"><net_src comp="2" pin="0"/><net_sink comp="121" pin=2"/></net>

<net id="131"><net_src comp="60" pin="1"/><net_sink comp="128" pin=0"/></net>

<net id="132"><net_src comp="128" pin="1"/><net_sink comp="84" pin=2"/></net>

<net id="133"><net_src comp="128" pin="1"/><net_sink comp="91" pin=1"/></net>

<net id="137"><net_src comp="64" pin="1"/><net_sink comp="134" pin=0"/></net>

<net id="138"><net_src comp="134" pin="1"/><net_sink comp="91" pin=2"/></net>

<net id="139"><net_src comp="134" pin="1"/><net_sink comp="97" pin=1"/></net>

<net id="143"><net_src comp="68" pin="1"/><net_sink comp="140" pin=0"/></net>

<net id="144"><net_src comp="140" pin="1"/><net_sink comp="97" pin=2"/></net>

<net id="145"><net_src comp="140" pin="1"/><net_sink comp="103" pin=1"/></net>

<net id="149"><net_src comp="72" pin="1"/><net_sink comp="146" pin=0"/></net>

<net id="150"><net_src comp="146" pin="1"/><net_sink comp="103" pin=2"/></net>

<net id="151"><net_src comp="146" pin="1"/><net_sink comp="109" pin=1"/></net>

<net id="155"><net_src comp="76" pin="1"/><net_sink comp="152" pin=0"/></net>

<net id="156"><net_src comp="152" pin="1"/><net_sink comp="109" pin=2"/></net>

<net id="157"><net_src comp="152" pin="1"/><net_sink comp="115" pin=1"/></net>

<net id="161"><net_src comp="80" pin="1"/><net_sink comp="158" pin=0"/></net>

<net id="162"><net_src comp="158" pin="1"/><net_sink comp="115" pin=2"/></net>

<net id="163"><net_src comp="158" pin="1"/><net_sink comp="121" pin=1"/></net>

</net_list>

</model> 
---------------- Datapath Model END ------------------

* FSMD analyzer results:
  - Output states:
	Port: layer9_out | {11 12 }
 - Input state : 
	Port: wedrowiec_hls : input_layer | {2 3 }
  - Chain level:
	State 1
	State 2
	State 3
	State 4
	State 5
	State 6
	State 7
	State 8
	State 9
	State 10
	State 11
	State 12
	State 13


============================================================
+ Verbose Summary: Datapath Resource usage 
============================================================

* Functional unit list:
|----------|--------------------------------------------------------------------------------------|---------|---------|---------|
| Operation|                                    Functional Unit                                   |  Delay  |    FF   |   LUT   |
|----------|--------------------------------------------------------------------------------------|---------|---------|---------|
|          |      grp_dense_array_ap_int_8_8u_array_ap_fixed_21_19_5_3_0_32u_config3_s_fu_84      | 101.632 |   3964  |  13797  |
|          |  call_ln57_relu_array_ap_fixed_32u_array_ap_fixed_6_4_0_0_0_32u_relu_config4_s_fu_91 |    0    |    0    |   2368  |
|          |      grp_dense_array_ap_fixed_32u_array_ap_fixed_18_14_5_3_0_32u_config5_s_fu_97     |  50.816 |   1626  |   8102  |
|   call   | call_ln61_relu_array_ap_fixed_32u_array_ap_fixed_6_4_0_0_0_32u_relu_config6_s_fu_103 |    0    |    0    |   2752  |
|          |     grp_dense_array_ap_fixed_32u_array_ap_fixed_18_14_5_3_0_16u_config7_s_fu_109     |  50.816 |   1100  |   4740  |
|          | call_ln65_relu_array_ap_fixed_16u_array_ap_fixed_6_4_0_0_0_16u_relu_config8_s_fu_115 |    0    |    0    |   1376  |
|          |      grp_dense_array_ap_fixed_16u_array_ap_fixed_17_13_5_3_0_4u_config9_s_fu_121     |  26.996 |   443   |   902   |
|----------|--------------------------------------------------------------------------------------|---------|---------|---------|
|   Total  |                                                                                      |  230.26 |   7133  |  34037  |
|----------|--------------------------------------------------------------------------------------|---------|---------|---------|

Memories:
N/A

* Register list:
+------------------+--------+
|                  |   FF   |
+------------------+--------+
|layer3_out_reg_128|   672  |
|layer4_out_reg_134|   192  |
|layer5_out_reg_140|   576  |
|layer6_out_reg_146|   192  |
|layer7_out_reg_152|   288  |
|layer8_out_reg_158|   96   |
+------------------+--------+
|       Total      |  2016  |
+------------------+--------+

* Multiplexer (MUX) list: 
|--------|------|------|------|--------|
|  Comp  |  Pin | Size |  BW  | S x BW |
|--------|------|------|------|--------|
|  Total |      |      |      |    0   |
|--------|------|------|------|--------|



* Summary:
+-----------+--------+--------+--------+
|           |  Delay |   FF   |   LUT  |
+-----------+--------+--------+--------+
|  Function |   230  |  7133  |  34037 |
|   Memory  |    -   |    -   |    -   |
|Multiplexer|    -   |    -   |    -   |
|  Register |    -   |  2016  |    -   |
+-----------+--------+--------+--------+
|   Total   |   230  |  9149  |  34037 |
+-----------+--------+--------+--------+
