

================================================================
== Vitis HLS Report for 'dense_array_ap_ufixed_8u_array_ap_fixed_25_12_5_3_0_32u_config3_s'
================================================================
* Date:           Fri May 15 14:04:28 2026

* Version:        2024.2 (Build 5238294 on Nov  8 2024)
* Project:        wedrowiec_hls_prj
* Solution:       solution1 (Vivado IP Flow Target)
* Product family: zynq
* Target device:  xc7z020-clg400-1


================================================================
== Performance Estimates
================================================================
+ Timing: 
    * Summary: 
    +--------+----------+-----------+------------+
    |  Clock |  Target  | Estimated | Uncertainty|
    +--------+----------+-----------+------------+
    |ap_clk  |  20.00 ns|  16.846 ns|     2.50 ns|
    +--------+----------+-----------+------------+

+ Latency: 
    * Summary: 
    +---------+---------+-----------+-----------+------+------+---------+
    |  Latency (cycles) |   Latency (absolute)  |   Interval  | Pipeline|
    |   min   |   max   |    min    |    max    |  min |  max |   Type  |
    +---------+---------+-----------+-----------+------+------+---------+
    |     2062|     2063|  41.240 us|  41.260 us|  2062|  2063|       no|
    +---------+---------+-----------+-----------+------+------+---------+

    + Detail: 
        * Instance: 
        +------------------------------------------------------------------------------------+-------------------------------------------------------------------------+---------+---------+-----------+-----------+------+------+------------------------------------------------+
        |                                                                                    |                                                                         |  Latency (cycles) |   Latency (absolute)  |   Interval  |                    Pipeline                    |
        |                                      Instance                                      |                                  Module                                 |   min   |   max   |    min    |    max    |  min |  max |                      Type                      |
        +------------------------------------------------------------------------------------+-------------------------------------------------------------------------+---------+---------+-----------+-----------+------+------+------------------------------------------------+
        |grp_dense_array_array_ap_fixed_25_12_5_3_0_32u_config3_Pipeline_DataPrepare_fu_293  |dense_array_array_ap_fixed_25_12_5_3_0_32u_config3_Pipeline_DataPrepare  |       10|       10|   0.200 us|   0.200 us|     9|     9|  loop auto-rewind stp (delay=0 clock cycles(s))|
        |grp_dense_resource_rf_gt_nin_rem0_ap_ufixed_ap_fixed_25_12_5_3_0_config3_s_fu_363   |dense_resource_rf_gt_nin_rem0_ap_ufixed_ap_fixed_25_12_5_3_0_config3_s   |     2048|     2049|  40.960 us|  40.980 us|  2048|  2048|       loop rewind stp (delay=0 clock cycles(s))|
        +------------------------------------------------------------------------------------+-------------------------------------------------------------------------+---------+---------+-----------+-----------+------+------+------------------------------------------------+

        * Loop: 
        N/A



================================================================
== Utilization Estimates
================================================================
* Summary: 
+-----------------+---------+-----+--------+-------+-----+
|       Name      | BRAM_18K| DSP |   FF   |  LUT  | URAM|
+-----------------+---------+-----+--------+-------+-----+
|DSP              |        -|    -|       -|      -|    -|
|Expression       |        -|    -|       0|      2|    -|
|FIFO             |        -|    -|       -|      -|    -|
|Instance         |        2|    1|    3205|   3350|    -|
|Memory           |        -|    -|       -|      -|    -|
|Multiplexer      |        -|    -|       0|     58|    -|
|Register         |        -|    -|     809|      -|    -|
+-----------------+---------+-----+--------+-------+-----+
|Total            |        2|    1|    4014|   3410|    0|
+-----------------+---------+-----+--------+-------+-----+
|Available        |      280|  220|  106400|  53200|    0|
+-----------------+---------+-----+--------+-------+-----+
|Utilization (%)  |       ~0|   ~0|       3|      6|    0|
+-----------------+---------+-----+--------+-------+-----+

+ Detail: 
    * Instance: 
    +------------------------------------------------------------------------------------+-------------------------------------------------------------------------+---------+----+------+------+-----+
    |                                      Instance                                      |                                  Module                                 | BRAM_18K| DSP|  FF  |  LUT | URAM|
    +------------------------------------------------------------------------------------+-------------------------------------------------------------------------+---------+----+------+------+-----+
    |grp_dense_array_array_ap_fixed_25_12_5_3_0_32u_config3_Pipeline_DataPrepare_fu_293  |dense_array_array_ap_fixed_25_12_5_3_0_32u_config3_Pipeline_DataPrepare  |        0|   0|   522|    75|    0|
    |grp_dense_resource_rf_gt_nin_rem0_ap_ufixed_ap_fixed_25_12_5_3_0_config3_s_fu_363   |dense_resource_rf_gt_nin_rem0_ap_ufixed_ap_fixed_25_12_5_3_0_config3_s   |        2|   1|  2683|  3275|    0|
    +------------------------------------------------------------------------------------+-------------------------------------------------------------------------+---------+----+------+------+-----+
    |Total                                                                               |                                                                         |        2|   1|  3205|  3350|    0|
    +------------------------------------------------------------------------------------+-------------------------------------------------------------------------+---------+----+------+------+-----+

    * DSP: 
    N/A

    * Memory: 
    N/A

    * FIFO: 
    N/A

    * Expression: 
    +-----------------+----------+----+---+----+------------+------------+
    |  Variable Name  | Operation| DSP| FF| LUT| Bitwidth P0| Bitwidth P1|
    +-----------------+----------+----+---+----+------------+------------+
    |ap_block_state1  |        or|   0|  0|   2|           1|           1|
    +-----------------+----------+----+---+----+------------+------------+
    |Total            |          |   0|  0|   2|           1|           1|
    +-----------------+----------+----+---+----+------------+------------+

    * Multiplexer: 
    +------------------+----+-----------+-----+-----------+
    |       Name       | LUT| Input Size| Bits| Total Bits|
    +------------------+----+-----------+-----+-----------+
    |ap_NS_fsm         |  31|          6|    1|          6|
    |ap_done           |   9|          2|    1|          2|
    |layer3_out_blk_n  |   9|          2|    1|          2|
    |real_start        |   9|          2|    1|          2|
    +------------------+----+-----------+-----+-----------+
    |Total             |  58|         12|    4|         12|
    +------------------+----+-----------+-----+-----------+

    * Register: 
    +-------------------------------------------------------------------------------------------------+----+----+-----+-----------+
    |                                               Name                                              | FF | LUT| Bits| Const Bits|
    +-------------------------------------------------------------------------------------------------+----+----+-----+-----------+
    |ap_CS_fsm                                                                                        |   5|   0|    5|          0|
    |ap_done_reg                                                                                      |   1|   0|    1|          0|
    |grp_dense_array_array_ap_fixed_25_12_5_3_0_32u_config3_Pipeline_DataPrepare_fu_293_ap_start_reg  |   1|   0|    1|          0|
    |grp_dense_resource_rf_gt_nin_rem0_ap_ufixed_ap_fixed_25_12_5_3_0_config3_s_fu_363_ap_start_reg   |   1|   0|    1|          0|
    |res_10_reg_1492                                                                                  |  25|   0|   25|          0|
    |res_11_reg_1497                                                                                  |  25|   0|   25|          0|
    |res_12_reg_1502                                                                                  |  25|   0|   25|          0|
    |res_13_reg_1507                                                                                  |  25|   0|   25|          0|
    |res_14_reg_1512                                                                                  |  25|   0|   25|          0|
    |res_15_reg_1517                                                                                  |  25|   0|   25|          0|
    |res_16_reg_1522                                                                                  |  25|   0|   25|          0|
    |res_17_reg_1527                                                                                  |  25|   0|   25|          0|
    |res_18_reg_1532                                                                                  |  25|   0|   25|          0|
    |res_19_reg_1537                                                                                  |  25|   0|   25|          0|
    |res_1_reg_1447                                                                                   |  25|   0|   25|          0|
    |res_20_reg_1542                                                                                  |  25|   0|   25|          0|
    |res_21_reg_1547                                                                                  |  25|   0|   25|          0|
    |res_22_reg_1552                                                                                  |  25|   0|   25|          0|
    |res_23_reg_1557                                                                                  |  25|   0|   25|          0|
    |res_24_reg_1562                                                                                  |  25|   0|   25|          0|
    |res_25_reg_1567                                                                                  |  25|   0|   25|          0|
    |res_26_reg_1572                                                                                  |  25|   0|   25|          0|
    |res_27_reg_1577                                                                                  |  25|   0|   25|          0|
    |res_28_reg_1582                                                                                  |  25|   0|   25|          0|
    |res_29_reg_1587                                                                                  |  25|   0|   25|          0|
    |res_2_reg_1452                                                                                   |  25|   0|   25|          0|
    |res_30_reg_1592                                                                                  |  25|   0|   25|          0|
    |res_31_reg_1597                                                                                  |  25|   0|   25|          0|
    |res_3_reg_1457                                                                                   |  25|   0|   25|          0|
    |res_4_reg_1462                                                                                   |  25|   0|   25|          0|
    |res_5_reg_1467                                                                                   |  25|   0|   25|          0|
    |res_6_reg_1472                                                                                   |  25|   0|   25|          0|
    |res_7_reg_1477                                                                                   |  25|   0|   25|          0|
    |res_8_reg_1482                                                                                   |  25|   0|   25|          0|
    |res_9_reg_1487                                                                                   |  25|   0|   25|          0|
    |res_reg_1442                                                                                     |  25|   0|   25|          0|
    |start_once_reg                                                                                   |   1|   0|    1|          0|
    +-------------------------------------------------------------------------------------------------+----+----+-----+-----------+
    |Total                                                                                            | 809|   0|  809|          0|
    +-------------------------------------------------------------------------------------------------+----+----+-----+-----------+



================================================================
== Interface
================================================================
* Summary: 
+---------------------------+-----+-----+------------+---------------------------------------------------------------------+--------------+
|         RTL Ports         | Dir | Bits|  Protocol  |                            Source Object                            |    C Type    |
+---------------------------+-----+-----+------------+---------------------------------------------------------------------+--------------+
|ap_clk                     |   in|    1|  ap_ctrl_hs|  dense<array<ap_ufixed,8u>,array<ap_fixed<25,12,5,3,0>,32u>,config3>|  return value|
|ap_rst                     |   in|    1|  ap_ctrl_hs|  dense<array<ap_ufixed,8u>,array<ap_fixed<25,12,5,3,0>,32u>,config3>|  return value|
|ap_start                   |   in|    1|  ap_ctrl_hs|  dense<array<ap_ufixed,8u>,array<ap_fixed<25,12,5,3,0>,32u>,config3>|  return value|
|start_full_n               |   in|    1|  ap_ctrl_hs|  dense<array<ap_ufixed,8u>,array<ap_fixed<25,12,5,3,0>,32u>,config3>|  return value|
|ap_done                    |  out|    1|  ap_ctrl_hs|  dense<array<ap_ufixed,8u>,array<ap_fixed<25,12,5,3,0>,32u>,config3>|  return value|
|ap_continue                |   in|    1|  ap_ctrl_hs|  dense<array<ap_ufixed,8u>,array<ap_fixed<25,12,5,3,0>,32u>,config3>|  return value|
|ap_idle                    |  out|    1|  ap_ctrl_hs|  dense<array<ap_ufixed,8u>,array<ap_fixed<25,12,5,3,0>,32u>,config3>|  return value|
|ap_ready                   |  out|    1|  ap_ctrl_hs|  dense<array<ap_ufixed,8u>,array<ap_fixed<25,12,5,3,0>,32u>,config3>|  return value|
|start_out                  |  out|    1|  ap_ctrl_hs|  dense<array<ap_ufixed,8u>,array<ap_fixed<25,12,5,3,0>,32u>,config3>|  return value|
|start_write                |  out|    1|  ap_ctrl_hs|  dense<array<ap_ufixed,8u>,array<ap_fixed<25,12,5,3,0>,32u>,config3>|  return value|
|in_local_dout              |   in|   64|     ap_fifo|                                                             in_local|       pointer|
|in_local_empty_n           |   in|    1|     ap_fifo|                                                             in_local|       pointer|
|in_local_read              |  out|    1|     ap_fifo|                                                             in_local|       pointer|
|layer3_out_din             |  out|  800|     ap_fifo|                                                           layer3_out|       pointer|
|layer3_out_full_n          |   in|    1|     ap_fifo|                                                           layer3_out|       pointer|
|layer3_out_write           |  out|    1|     ap_fifo|                                                           layer3_out|       pointer|
|layer3_out_num_data_valid  |   in|    2|     ap_fifo|                                                           layer3_out|       pointer|
|layer3_out_fifo_cap        |   in|    2|     ap_fifo|                                                           layer3_out|       pointer|
+---------------------------+-----+-----+------------+---------------------------------------------------------------------+--------------+

