

================================================================
== Vitis HLS Report for 'dense_resource_rf_gt_nin_rem0_ap_fixed_ap_fixed_26_14_5_3_0_config5_s'
================================================================
* Date:           Fri May 15 14:04:30 2026

* Version:        2024.2 (Build 5238294 on Nov  8 2024)
* Project:        wedrowiec_hls_prj
* Solution:       solution1 (Vivado IP Flow Target)
* Product family: zynq
* Target device:  xc7z020-clg400-1


================================================================
== Performance Estimates
================================================================
+ Timing: 
    * Summary: 
    +--------+----------+-----------+------------+
    |  Clock |  Target  | Estimated | Uncertainty|
    +--------+----------+-----------+------------+
    |ap_clk  |  20.00 ns|  16.945 ns|     2.50 ns|
    +--------+----------+-----------+------------+

+ Latency: 
    * Summary: 
    +---------+---------+-----------+-----------+------+------+-------------------------------------------+
    |  Latency (cycles) |   Latency (absolute)  |   Interval  |                  Pipeline                 |
    |   min   |   max   |    min    |    max    |  min |  max |                    Type                   |
    +---------+---------+-----------+-----------+------+------+-------------------------------------------+
    |     1024|     1025|  20.480 us|  20.500 us|  1024|  1024|  loop rewind stp (delay=0 clock cycles(s))|
    +---------+---------+-----------+-----------+------+------+-------------------------------------------+

    + Detail: 
        * Instance: 
        N/A

        * Loop: 
        +-------------+---------+---------+----------+-----------+-----------+------+----------+
        |             |  Latency (cycles) | Iteration|  Initiation Interval  | Trip |          |
        |  Loop Name  |   min   |   max   |  Latency |  achieved |   target  | Count| Pipelined|
        +-------------+---------+---------+----------+-----------+-----------+------+----------+
        |- ReuseLoop  |     1024|     1024|         2|          1|          1|  1024|       yes|
        +-------------+---------+---------+----------+-----------+-----------+------+----------+



================================================================
== Utilization Estimates
================================================================
* Summary: 
+-----------------+---------+-----+--------+-------+-----+
|       Name      | BRAM_18K| DSP |   FF   |  LUT  | URAM|
+-----------------+---------+-----+--------+-------+-----+
|DSP              |        -|    1|       -|      -|    -|
|Expression       |        -|    -|       0|    171|    -|
|FIFO             |        -|    -|       -|      -|    -|
|Instance         |        -|    -|       0|    284|    -|
|Memory           |        2|    -|       0|      0|    -|
|Multiplexer      |        -|    -|       0|   2117|    -|
|Register         |        -|    -|    2361|      -|    -|
+-----------------+---------+-----+--------+-------+-----+
|Total            |        2|    1|    2361|   2572|    0|
+-----------------+---------+-----+--------+-------+-----+
|Available        |      280|  220|  106400|  53200|    0|
+-----------------+---------+-----+--------+-------+-----+
|Utilization (%)  |       ~0|   ~0|       2|      4|    0|
+-----------------+---------+-----+--------+-------+-----+

+ Detail: 
    * Instance: 
    +----------------------------+-----------------------+---------+----+---+-----+-----+
    |          Instance          |         Module        | BRAM_18K| DSP| FF| LUT | URAM|
    +----------------------------+-----------------------+---------+----+---+-----+-----+
    |sparsemux_65_5_10_1_1_U208  |sparsemux_65_5_10_1_1  |        0|   0|  0|  142|    0|
    |sparsemux_65_5_26_1_1_U209  |sparsemux_65_5_26_1_1  |        0|   0|  0|  142|    0|
    +----------------------------+-----------------------+---------+----+---+-----+-----+
    |Total                       |                       |        0|   0|  0|  284|    0|
    +----------------------------+-----------------------+---------+----+---+-----+-----+

    * DSP: 
    +-----------------------------------+------------------------------+--------------+
    |              Instance             |            Module            |  Expression  |
    +-----------------------------------+------------------------------+--------------+
    |mac_muladd_10s_7s_26s_27_1_1_U210  |mac_muladd_10s_7s_26s_27_1_1  |  i0 + i1 * i2|
    +-----------------------------------+------------------------------+--------------+

    * Memory: 
    +------------+----------------------------------------------------------------------------------+---------+---+----+-----+------+-----+------+-------------+
    |   Memory   |                                      Module                                      | BRAM_18K| FF| LUT| URAM| Words| Bits| Banks| W*Bits*Banks|
    +------------+----------------------------------------------------------------------------------+---------+---+----+-----+------+-----+------+-------------+
    |outidx_9_U  |dense_resource_rf_gt_nin_rem0_ap_fixed_ap_fixed_26_14_5_3_0_config5_s_outidx_dEe  |        1|  0|   0|    0|  1024|    5|     1|         5120|
    |w5_U        |dense_resource_rf_gt_nin_rem0_ap_fixed_ap_fixed_26_14_5_3_0_config5_s_w5_ROM_eOg  |        1|  0|   0|    0|  1024|    7|     1|         7168|
    +------------+----------------------------------------------------------------------------------+---------+---+----+-----+------+-----+------+-------------+
    |Total       |                                                                                  |        2|  0|   0|    0|  2048|   12|     2|        12288|
    +------------+----------------------------------------------------------------------------------+---------+---+----+-----+------+-----+------+-------------+

    * FIFO: 
    N/A

    * Expression: 
    +-----------------------+----------+----+---+----+------------+------------+
    |     Variable Name     | Operation| DSP| FF| LUT| Bitwidth P0| Bitwidth P1|
    +-----------------------+----------+----+---+----+------------+------------+
    |in_index_fu_8694_p2    |         +|   0|  0|  39|          32|           1|
    |w_index_fu_8354_p2     |         +|   0|  0|  13|          10|           1|
    |ap_condition_37        |       and|   0|  0|   2|           1|           1|
    |ap_condition_537       |       and|   0|  0|   2|           1|           1|
    |icmp_ln135_fu_8360_p2  |      icmp|   0|  0|  13|          10|           2|
    |icmp_ln144_fu_8654_p2  |      icmp|   0|  0|  34|          27|           1|
    |icmp_ln154_fu_8710_p2  |      icmp|   0|  0|  34|          27|           1|
    |in_index_4_fu_8716_p3  |    select|   0|  0|  32|           1|           1|
    |ap_enable_pp0          |       xor|   0|  0|   2|           1|           2|
    +-----------------------+----------+----+---+----+------------+------------+
    |Total                  |          |   0|  0| 171|         110|          11|
    +-----------------------+----------+----+---+----+------------+------------+

    * Multiplexer: 
    +--------------------------------------------------+----+-----------+-----+-----------+
    |                       Name                       | LUT| Input Size| Bits| Total Bits|
    +--------------------------------------------------+----+-----------+-----+-----------+
    |acc72_reg_924                                     |   9|          2|   26|         52|
    |acc_14570_reg_938                                 |   9|          2|   26|         52|
    |acc_14668_reg_952                                 |   9|          2|   26|         52|
    |acc_14766_reg_966                                 |   9|          2|   26|         52|
    |acc_14864_reg_980                                 |   9|          2|   26|         52|
    |acc_14962_reg_994                                 |   9|          2|   26|         52|
    |acc_15060_reg_1008                                |   9|          2|   26|         52|
    |acc_15158_reg_1022                                |   9|          2|   26|         52|
    |acc_15256_reg_1036                                |   9|          2|   26|         52|
    |acc_15354_reg_1050                                |   9|          2|   26|         52|
    |acc_15452_reg_1064                                |   9|          2|   26|         52|
    |acc_15550_reg_1078                                |   9|          2|   26|         52|
    |acc_15648_reg_1092                                |   9|          2|   26|         52|
    |acc_15746_reg_1106                                |   9|          2|   26|         52|
    |acc_15844_reg_1120                                |   9|          2|   26|         52|
    |acc_15942_reg_1134                                |   9|          2|   26|         52|
    |acc_16040_reg_1148                                |   9|          2|   26|         52|
    |acc_16138_reg_1162                                |   9|          2|   26|         52|
    |acc_16236_reg_1176                                |   9|          2|   26|         52|
    |acc_16334_reg_1190                                |   9|          2|   26|         52|
    |acc_16432_reg_1204                                |   9|          2|   26|         52|
    |acc_16530_reg_1218                                |   9|          2|   26|         52|
    |acc_16628_reg_1232                                |   9|          2|   26|         52|
    |acc_16726_reg_1246                                |   9|          2|   26|         52|
    |acc_16824_reg_1260                                |   9|          2|   26|         52|
    |acc_16922_reg_1274                                |   9|          2|   26|         52|
    |acc_17020_reg_1288                                |   9|          2|   26|         52|
    |acc_17118_reg_1302                                |   9|          2|   26|         52|
    |acc_17216_reg_1316                                |   9|          2|   26|         52|
    |acc_17314_reg_1330                                |   9|          2|   26|         52|
    |acc_17412_reg_1344                                |   9|          2|   26|         52|
    |acc_17510_reg_1358                                |   9|          2|   26|         52|
    |ap_NS_fsm                                         |  14|          3|    1|          3|
    |ap_enable_reg_pp0_iter1                           |   9|          2|    1|          2|
    |ap_phi_mux_acc_100_phi_fu_7842_p64                |  14|          3|   26|         78|
    |ap_phi_mux_acc_101_phi_fu_7740_p64                |  14|          3|   26|         78|
    |ap_phi_mux_acc_102_phi_fu_7638_p64                |  14|          3|   26|         78|
    |ap_phi_mux_acc_103_phi_fu_7536_p64                |  14|          3|   26|         78|
    |ap_phi_mux_acc_104_phi_fu_7434_p64                |  14|          3|   26|         78|
    |ap_phi_mux_acc_105_phi_fu_7332_p64                |  14|          3|   26|         78|
    |ap_phi_mux_acc_106_phi_fu_7230_p64                |  14|          3|   26|         78|
    |ap_phi_mux_acc_107_phi_fu_7128_p64                |  14|          3|   26|         78|
    |ap_phi_mux_acc_108_phi_fu_7026_p64                |  14|          3|   26|         78|
    |ap_phi_mux_acc_109_phi_fu_6924_p64                |  14|          3|   26|         78|
    |ap_phi_mux_acc_110_phi_fu_6822_p64                |  14|          3|   26|         78|
    |ap_phi_mux_acc_111_phi_fu_6720_p64                |  14|          3|   26|         78|
    |ap_phi_mux_acc_112_phi_fu_6618_p64                |  14|          3|   26|         78|
    |ap_phi_mux_acc_113_phi_fu_6516_p64                |  14|          3|   26|         78|
    |ap_phi_mux_acc_114_phi_fu_6414_p64                |  14|          3|   26|         78|
    |ap_phi_mux_acc_115_phi_fu_6312_p64                |  14|          3|   26|         78|
    |ap_phi_mux_acc_116_phi_fu_6210_p64                |  14|          3|   26|         78|
    |ap_phi_mux_acc_117_phi_fu_6108_p64                |  14|          3|   26|         78|
    |ap_phi_mux_acc_118_phi_fu_6006_p64                |  14|          3|   26|         78|
    |ap_phi_mux_acc_119_phi_fu_5904_p64                |  14|          3|   26|         78|
    |ap_phi_mux_acc_120_phi_fu_5802_p64                |  14|          3|   26|         78|
    |ap_phi_mux_acc_121_phi_fu_5700_p64                |  14|          3|   26|         78|
    |ap_phi_mux_acc_122_phi_fu_5598_p64                |  14|          3|   26|         78|
    |ap_phi_mux_acc_123_phi_fu_5496_p64                |  14|          3|   26|         78|
    |ap_phi_mux_acc_124_phi_fu_5394_p64                |  14|          3|   26|         78|
    |ap_phi_mux_acc_125_phi_fu_5292_p64                |  14|          3|   26|         78|
    |ap_phi_mux_acc_126_phi_fu_5190_p64                |  14|          3|   26|         78|
    |ap_phi_mux_acc_127_phi_fu_5088_p64                |  14|          3|   26|         78|
    |ap_phi_mux_acc_128_phi_fu_4983_p66                |  14|          3|   26|         78|
    |ap_phi_mux_acc_129_phi_fu_4879_p66                |  14|          3|   26|         78|
    |ap_phi_mux_acc_130_phi_fu_4775_p66                |  14|          3|   26|         78|
    |ap_phi_mux_acc_131_phi_fu_4671_p66                |  14|          3|   26|         78|
    |ap_phi_mux_acc_132_phi_fu_4567_p66                |  14|          3|   26|         78|
    |ap_phi_mux_acc_133_phi_fu_4463_p66                |  14|          3|   26|         78|
    |ap_phi_mux_acc_134_phi_fu_4359_p66                |  14|          3|   26|         78|
    |ap_phi_mux_acc_135_phi_fu_4255_p66                |  14|          3|   26|         78|
    |ap_phi_mux_acc_136_phi_fu_4151_p66                |  14|          3|   26|         78|
    |ap_phi_mux_acc_137_phi_fu_4047_p66                |  14|          3|   26|         78|
    |ap_phi_mux_acc_138_phi_fu_3943_p66                |  14|          3|   26|         78|
    |ap_phi_mux_acc_139_phi_fu_3839_p66                |  14|          3|   26|         78|
    |ap_phi_mux_acc_140_phi_fu_3735_p66                |  14|          3|   26|         78|
    |ap_phi_mux_acc_141_phi_fu_3631_p66                |  14|          3|   26|         78|
    |ap_phi_mux_acc_142_phi_fu_3527_p66                |  14|          3|   26|         78|
    |ap_phi_mux_acc_143_phi_fu_3423_p66                |  14|          3|   26|         78|
    |ap_phi_mux_acc_144_phi_fu_3319_p66                |  14|          3|   26|         78|
    |ap_phi_mux_acc_145_phi_fu_3215_p66                |  14|          3|   26|         78|
    |ap_phi_mux_acc_146_phi_fu_3111_p66                |  14|          3|   26|         78|
    |ap_phi_mux_acc_147_phi_fu_3007_p66                |  14|          3|   26|         78|
    |ap_phi_mux_acc_148_phi_fu_2903_p66                |  14|          3|   26|         78|
    |ap_phi_mux_acc_149_phi_fu_2799_p66                |  14|          3|   26|         78|
    |ap_phi_mux_acc_150_phi_fu_2695_p66                |  14|          3|   26|         78|
    |ap_phi_mux_acc_151_phi_fu_2591_p66                |  14|          3|   26|         78|
    |ap_phi_mux_acc_152_phi_fu_2487_p66                |  14|          3|   26|         78|
    |ap_phi_mux_acc_153_phi_fu_2383_p66                |  14|          3|   26|         78|
    |ap_phi_mux_acc_154_phi_fu_2279_p66                |  14|          3|   26|         78|
    |ap_phi_mux_acc_155_phi_fu_2175_p66                |  14|          3|   26|         78|
    |ap_phi_mux_acc_156_phi_fu_2071_p66                |  14|          3|   26|         78|
    |ap_phi_mux_acc_157_phi_fu_1967_p66                |  14|          3|   26|         78|
    |ap_phi_mux_acc_158_phi_fu_1863_p66                |  14|          3|   26|         78|
    |ap_phi_mux_acc_159_phi_fu_1759_p66                |  14|          3|   26|         78|
    |ap_phi_mux_acc_97_phi_fu_8148_p64                 |  14|          3|   26|         78|
    |ap_phi_mux_acc_98_phi_fu_8046_p64                 |  14|          3|   26|         78|
    |ap_phi_mux_acc_99_phi_fu_7944_p64                 |  14|          3|   26|         78|
    |ap_phi_mux_acc_phi_fu_8250_p64                    |  14|          3|   26|         78|
    |ap_phi_mux_data_0_val83_phi_phi_fu_1376_p4        |   9|          2|   10|         20|
    |ap_phi_mux_data_10_val93_phi_phi_fu_1496_p4       |   9|          2|   10|         20|
    |ap_phi_mux_data_11_val94_phi_phi_fu_1508_p4       |   9|          2|   10|         20|
    |ap_phi_mux_data_12_val95_phi_phi_fu_1520_p4       |   9|          2|   10|         20|
    |ap_phi_mux_data_13_val96_phi_phi_fu_1532_p4       |   9|          2|   10|         20|
    |ap_phi_mux_data_14_val97_phi_phi_fu_1544_p4       |   9|          2|   10|         20|
    |ap_phi_mux_data_15_val98_phi_phi_fu_1556_p4       |   9|          2|   10|         20|
    |ap_phi_mux_data_16_val99_phi_phi_fu_1568_p4       |   9|          2|   10|         20|
    |ap_phi_mux_data_17_val100_phi_phi_fu_1580_p4      |   9|          2|   10|         20|
    |ap_phi_mux_data_18_val101_phi_phi_fu_1592_p4      |   9|          2|   10|         20|
    |ap_phi_mux_data_19_val102_phi_phi_fu_1604_p4      |   9|          2|   10|         20|
    |ap_phi_mux_data_1_val84_phi_phi_fu_1388_p4        |   9|          2|   10|         20|
    |ap_phi_mux_data_20_val103_phi_phi_fu_1616_p4      |   9|          2|   10|         20|
    |ap_phi_mux_data_21_val104_phi_phi_fu_1628_p4      |   9|          2|   10|         20|
    |ap_phi_mux_data_22_val105_phi_phi_fu_1640_p4      |   9|          2|   10|         20|
    |ap_phi_mux_data_23_val106_phi_phi_fu_1652_p4      |   9|          2|   10|         20|
    |ap_phi_mux_data_24_val107_phi_phi_fu_1664_p4      |   9|          2|   10|         20|
    |ap_phi_mux_data_25_val108_phi_phi_fu_1676_p4      |   9|          2|   10|         20|
    |ap_phi_mux_data_26_val109_phi_phi_fu_1688_p4      |   9|          2|   10|         20|
    |ap_phi_mux_data_27_val110_phi_phi_fu_1700_p4      |   9|          2|   10|         20|
    |ap_phi_mux_data_28_val111_phi_phi_fu_1712_p4      |   9|          2|   10|         20|
    |ap_phi_mux_data_29_val112_phi_phi_fu_1724_p4      |   9|          2|   10|         20|
    |ap_phi_mux_data_2_val85_phi_phi_fu_1400_p4        |   9|          2|   10|         20|
    |ap_phi_mux_data_30_val113_phi_phi_fu_1736_p4      |   9|          2|   10|         20|
    |ap_phi_mux_data_31_val114_phi_phi_fu_1748_p4      |   9|          2|   10|         20|
    |ap_phi_mux_data_3_val86_phi_phi_fu_1412_p4        |   9|          2|   10|         20|
    |ap_phi_mux_data_4_val87_phi_phi_fu_1424_p4        |   9|          2|   10|         20|
    |ap_phi_mux_data_5_val88_phi_phi_fu_1436_p4        |   9|          2|   10|         20|
    |ap_phi_mux_data_6_val89_phi_phi_fu_1448_p4        |   9|          2|   10|         20|
    |ap_phi_mux_data_7_val90_phi_phi_fu_1460_p4        |   9|          2|   10|         20|
    |ap_phi_mux_data_8_val91_phi_phi_fu_1472_p4        |   9|          2|   10|         20|
    |ap_phi_mux_data_9_val92_phi_phi_fu_1484_p4        |   9|          2|   10|         20|
    |ap_phi_mux_do_init_phi_fu_436_p6                  |  14|          3|    1|          3|
    |ap_phi_mux_w_index73_phi_fu_452_p6                |  14|          3|   10|         30|
    |ap_phi_reg_pp0_iter1_data_0_val83_phi_reg_1372    |   9|          2|   10|         20|
    |ap_phi_reg_pp0_iter1_data_10_val93_phi_reg_1492   |   9|          2|   10|         20|
    |ap_phi_reg_pp0_iter1_data_11_val94_phi_reg_1504   |   9|          2|   10|         20|
    |ap_phi_reg_pp0_iter1_data_12_val95_phi_reg_1516   |   9|          2|   10|         20|
    |ap_phi_reg_pp0_iter1_data_13_val96_phi_reg_1528   |   9|          2|   10|         20|
    |ap_phi_reg_pp0_iter1_data_14_val97_phi_reg_1540   |   9|          2|   10|         20|
    |ap_phi_reg_pp0_iter1_data_15_val98_phi_reg_1552   |   9|          2|   10|         20|
    |ap_phi_reg_pp0_iter1_data_16_val99_phi_reg_1564   |   9|          2|   10|         20|
    |ap_phi_reg_pp0_iter1_data_17_val100_phi_reg_1576  |   9|          2|   10|         20|
    |ap_phi_reg_pp0_iter1_data_18_val101_phi_reg_1588  |   9|          2|   10|         20|
    |ap_phi_reg_pp0_iter1_data_19_val102_phi_reg_1600  |   9|          2|   10|         20|
    |ap_phi_reg_pp0_iter1_data_1_val84_phi_reg_1384    |   9|          2|   10|         20|
    |ap_phi_reg_pp0_iter1_data_20_val103_phi_reg_1612  |   9|          2|   10|         20|
    |ap_phi_reg_pp0_iter1_data_21_val104_phi_reg_1624  |   9|          2|   10|         20|
    |ap_phi_reg_pp0_iter1_data_22_val105_phi_reg_1636  |   9|          2|   10|         20|
    |ap_phi_reg_pp0_iter1_data_23_val106_phi_reg_1648  |   9|          2|   10|         20|
    |ap_phi_reg_pp0_iter1_data_24_val107_phi_reg_1660  |   9|          2|   10|         20|
    |ap_phi_reg_pp0_iter1_data_25_val108_phi_reg_1672  |   9|          2|   10|         20|
    |ap_phi_reg_pp0_iter1_data_26_val109_phi_reg_1684  |   9|          2|   10|         20|
    |ap_phi_reg_pp0_iter1_data_27_val110_phi_reg_1696  |   9|          2|   10|         20|
    |ap_phi_reg_pp0_iter1_data_28_val111_phi_reg_1708  |   9|          2|   10|         20|
    |ap_phi_reg_pp0_iter1_data_29_val112_phi_reg_1720  |   9|          2|   10|         20|
    |ap_phi_reg_pp0_iter1_data_2_val85_phi_reg_1396    |   9|          2|   10|         20|
    |ap_phi_reg_pp0_iter1_data_30_val113_phi_reg_1732  |   9|          2|   10|         20|
    |ap_phi_reg_pp0_iter1_data_31_val114_phi_reg_1744  |   9|          2|   10|         20|
    |ap_phi_reg_pp0_iter1_data_3_val86_phi_reg_1408    |   9|          2|   10|         20|
    |ap_phi_reg_pp0_iter1_data_4_val87_phi_reg_1420    |   9|          2|   10|         20|
    |ap_phi_reg_pp0_iter1_data_5_val88_phi_reg_1432    |   9|          2|   10|         20|
    |ap_phi_reg_pp0_iter1_data_6_val89_phi_reg_1444    |   9|          2|   10|         20|
    |ap_phi_reg_pp0_iter1_data_7_val90_phi_reg_1456    |   9|          2|   10|         20|
    |ap_phi_reg_pp0_iter1_data_8_val91_phi_reg_1468    |   9|          2|   10|         20|
    |ap_phi_reg_pp0_iter1_data_9_val92_phi_reg_1480    |   9|          2|   10|         20|
    |ap_return_0                                       |   9|          2|   26|         52|
    |ap_return_1                                       |   9|          2|   26|         52|
    |ap_return_10                                      |   9|          2|   26|         52|
    |ap_return_11                                      |   9|          2|   26|         52|
    |ap_return_12                                      |   9|          2|   26|         52|
    |ap_return_13                                      |   9|          2|   26|         52|
    |ap_return_14                                      |   9|          2|   26|         52|
    |ap_return_15                                      |   9|          2|   26|         52|
    |ap_return_16                                      |   9|          2|   26|         52|
    |ap_return_17                                      |   9|          2|   26|         52|
    |ap_return_18                                      |   9|          2|   26|         52|
    |ap_return_19                                      |   9|          2|   26|         52|
    |ap_return_2                                       |   9|          2|   26|         52|
    |ap_return_20                                      |   9|          2|   26|         52|
    |ap_return_21                                      |   9|          2|   26|         52|
    |ap_return_22                                      |   9|          2|   26|         52|
    |ap_return_23                                      |   9|          2|   26|         52|
    |ap_return_24                                      |   9|          2|   26|         52|
    |ap_return_25                                      |   9|          2|   26|         52|
    |ap_return_26                                      |   9|          2|   26|         52|
    |ap_return_27                                      |   9|          2|   26|         52|
    |ap_return_28                                      |   9|          2|   26|         52|
    |ap_return_29                                      |   9|          2|   26|         52|
    |ap_return_3                                       |   9|          2|   26|         52|
    |ap_return_30                                      |   9|          2|   26|         52|
    |ap_return_31                                      |   9|          2|   26|         52|
    |ap_return_4                                       |   9|          2|   26|         52|
    |ap_return_5                                       |   9|          2|   26|         52|
    |ap_return_6                                       |   9|          2|   26|         52|
    |ap_return_7                                       |   9|          2|   26|         52|
    |ap_return_8                                       |   9|          2|   26|         52|
    |ap_return_9                                       |   9|          2|   26|         52|
    |in_index_574_reg_910                              |   9|          2|   32|         64|
    |w_index73_reg_448                                 |   9|          2|   10|         20|
    +--------------------------------------------------+----+-----------+-----+-----------+
    |Total                                             |2117|        463| 4023|       9722|
    +--------------------------------------------------+----+-----------+-----+-----------+

    * Register: 
    +--------------------------------------------------+----+----+-----+-----------+
    |                       Name                       | FF | LUT| Bits| Const Bits|
    +--------------------------------------------------+----+----+-----+-----------+
    |acc72_reg_924                                     |  26|   0|   26|          0|
    |acc_14570_reg_938                                 |  26|   0|   26|          0|
    |acc_14668_reg_952                                 |  26|   0|   26|          0|
    |acc_14766_reg_966                                 |  26|   0|   26|          0|
    |acc_14864_reg_980                                 |  26|   0|   26|          0|
    |acc_14962_reg_994                                 |  26|   0|   26|          0|
    |acc_15060_reg_1008                                |  26|   0|   26|          0|
    |acc_15158_reg_1022                                |  26|   0|   26|          0|
    |acc_15256_reg_1036                                |  26|   0|   26|          0|
    |acc_15354_reg_1050                                |  26|   0|   26|          0|
    |acc_15452_reg_1064                                |  26|   0|   26|          0|
    |acc_15550_reg_1078                                |  26|   0|   26|          0|
    |acc_15648_reg_1092                                |  26|   0|   26|          0|
    |acc_15746_reg_1106                                |  26|   0|   26|          0|
    |acc_15844_reg_1120                                |  26|   0|   26|          0|
    |acc_15942_reg_1134                                |  26|   0|   26|          0|
    |acc_16040_reg_1148                                |  26|   0|   26|          0|
    |acc_16138_reg_1162                                |  26|   0|   26|          0|
    |acc_16236_reg_1176                                |  26|   0|   26|          0|
    |acc_16334_reg_1190                                |  26|   0|   26|          0|
    |acc_16432_reg_1204                                |  26|   0|   26|          0|
    |acc_16530_reg_1218                                |  26|   0|   26|          0|
    |acc_16628_reg_1232                                |  26|   0|   26|          0|
    |acc_16726_reg_1246                                |  26|   0|   26|          0|
    |acc_16824_reg_1260                                |  26|   0|   26|          0|
    |acc_16922_reg_1274                                |  26|   0|   26|          0|
    |acc_17020_reg_1288                                |  26|   0|   26|          0|
    |acc_17118_reg_1302                                |  26|   0|   26|          0|
    |acc_17216_reg_1316                                |  26|   0|   26|          0|
    |acc_17314_reg_1330                                |  26|   0|   26|          0|
    |acc_17412_reg_1344                                |  26|   0|   26|          0|
    |acc_17510_reg_1358                                |  26|   0|   26|          0|
    |ap_CS_fsm                                         |   2|   0|    2|          0|
    |ap_enable_reg_pp0_iter1                           |   1|   0|    1|          0|
    |ap_phi_reg_pp0_iter1_data_0_val83_phi_reg_1372    |  10|   0|   10|          0|
    |ap_phi_reg_pp0_iter1_data_10_val93_phi_reg_1492   |  10|   0|   10|          0|
    |ap_phi_reg_pp0_iter1_data_11_val94_phi_reg_1504   |  10|   0|   10|          0|
    |ap_phi_reg_pp0_iter1_data_12_val95_phi_reg_1516   |  10|   0|   10|          0|
    |ap_phi_reg_pp0_iter1_data_13_val96_phi_reg_1528   |  10|   0|   10|          0|
    |ap_phi_reg_pp0_iter1_data_14_val97_phi_reg_1540   |  10|   0|   10|          0|
    |ap_phi_reg_pp0_iter1_data_15_val98_phi_reg_1552   |  10|   0|   10|          0|
    |ap_phi_reg_pp0_iter1_data_16_val99_phi_reg_1564   |  10|   0|   10|          0|
    |ap_phi_reg_pp0_iter1_data_17_val100_phi_reg_1576  |  10|   0|   10|          0|
    |ap_phi_reg_pp0_iter1_data_18_val101_phi_reg_1588  |  10|   0|   10|          0|
    |ap_phi_reg_pp0_iter1_data_19_val102_phi_reg_1600  |  10|   0|   10|          0|
    |ap_phi_reg_pp0_iter1_data_1_val84_phi_reg_1384    |  10|   0|   10|          0|
    |ap_phi_reg_pp0_iter1_data_20_val103_phi_reg_1612  |  10|   0|   10|          0|
    |ap_phi_reg_pp0_iter1_data_21_val104_phi_reg_1624  |  10|   0|   10|          0|
    |ap_phi_reg_pp0_iter1_data_22_val105_phi_reg_1636  |  10|   0|   10|          0|
    |ap_phi_reg_pp0_iter1_data_23_val106_phi_reg_1648  |  10|   0|   10|          0|
    |ap_phi_reg_pp0_iter1_data_24_val107_phi_reg_1660  |  10|   0|   10|          0|
    |ap_phi_reg_pp0_iter1_data_25_val108_phi_reg_1672  |  10|   0|   10|          0|
    |ap_phi_reg_pp0_iter1_data_26_val109_phi_reg_1684  |  10|   0|   10|          0|
    |ap_phi_reg_pp0_iter1_data_27_val110_phi_reg_1696  |  10|   0|   10|          0|
    |ap_phi_reg_pp0_iter1_data_28_val111_phi_reg_1708  |  10|   0|   10|          0|
    |ap_phi_reg_pp0_iter1_data_29_val112_phi_reg_1720  |  10|   0|   10|          0|
    |ap_phi_reg_pp0_iter1_data_2_val85_phi_reg_1396    |  10|   0|   10|          0|
    |ap_phi_reg_pp0_iter1_data_30_val113_phi_reg_1732  |  10|   0|   10|          0|
    |ap_phi_reg_pp0_iter1_data_31_val114_phi_reg_1744  |  10|   0|   10|          0|
    |ap_phi_reg_pp0_iter1_data_3_val86_phi_reg_1408    |  10|   0|   10|          0|
    |ap_phi_reg_pp0_iter1_data_4_val87_phi_reg_1420    |  10|   0|   10|          0|
    |ap_phi_reg_pp0_iter1_data_5_val88_phi_reg_1432    |  10|   0|   10|          0|
    |ap_phi_reg_pp0_iter1_data_6_val89_phi_reg_1444    |  10|   0|   10|          0|
    |ap_phi_reg_pp0_iter1_data_7_val90_phi_reg_1456    |  10|   0|   10|          0|
    |ap_phi_reg_pp0_iter1_data_8_val91_phi_reg_1468    |  10|   0|   10|          0|
    |ap_phi_reg_pp0_iter1_data_9_val92_phi_reg_1480    |  10|   0|   10|          0|
    |ap_return_0_preg                                  |  26|   0|   26|          0|
    |ap_return_10_preg                                 |  26|   0|   26|          0|
    |ap_return_11_preg                                 |  26|   0|   26|          0|
    |ap_return_12_preg                                 |  26|   0|   26|          0|
    |ap_return_13_preg                                 |  26|   0|   26|          0|
    |ap_return_14_preg                                 |  26|   0|   26|          0|
    |ap_return_15_preg                                 |  26|   0|   26|          0|
    |ap_return_16_preg                                 |  26|   0|   26|          0|
    |ap_return_17_preg                                 |  26|   0|   26|          0|
    |ap_return_18_preg                                 |  26|   0|   26|          0|
    |ap_return_19_preg                                 |  26|   0|   26|          0|
    |ap_return_1_preg                                  |  26|   0|   26|          0|
    |ap_return_20_preg                                 |  26|   0|   26|          0|
    |ap_return_21_preg                                 |  26|   0|   26|          0|
    |ap_return_22_preg                                 |  26|   0|   26|          0|
    |ap_return_23_preg                                 |  26|   0|   26|          0|
    |ap_return_24_preg                                 |  26|   0|   26|          0|
    |ap_return_25_preg                                 |  26|   0|   26|          0|
    |ap_return_26_preg                                 |  26|   0|   26|          0|
    |ap_return_27_preg                                 |  26|   0|   26|          0|
    |ap_return_28_preg                                 |  26|   0|   26|          0|
    |ap_return_29_preg                                 |  26|   0|   26|          0|
    |ap_return_2_preg                                  |  26|   0|   26|          0|
    |ap_return_30_preg                                 |  26|   0|   26|          0|
    |ap_return_31_preg                                 |  26|   0|   26|          0|
    |ap_return_3_preg                                  |  26|   0|   26|          0|
    |ap_return_4_preg                                  |  26|   0|   26|          0|
    |ap_return_5_preg                                  |  26|   0|   26|          0|
    |ap_return_6_preg                                  |  26|   0|   26|          0|
    |ap_return_7_preg                                  |  26|   0|   26|          0|
    |ap_return_8_preg                                  |  26|   0|   26|          0|
    |ap_return_9_preg                                  |  26|   0|   26|          0|
    |data_0_val83_rewind_reg_462                       |  10|   0|   10|          0|
    |data_10_val93_rewind_reg_602                      |  10|   0|   10|          0|
    |data_11_val94_rewind_reg_616                      |  10|   0|   10|          0|
    |data_12_val95_rewind_reg_630                      |  10|   0|   10|          0|
    |data_13_val96_rewind_reg_644                      |  10|   0|   10|          0|
    |data_14_val97_rewind_reg_658                      |  10|   0|   10|          0|
    |data_15_val98_rewind_reg_672                      |  10|   0|   10|          0|
    |data_16_val99_rewind_reg_686                      |  10|   0|   10|          0|
    |data_17_val100_rewind_reg_700                     |  10|   0|   10|          0|
    |data_18_val101_rewind_reg_714                     |  10|   0|   10|          0|
    |data_19_val102_rewind_reg_728                     |  10|   0|   10|          0|
    |data_1_val84_rewind_reg_476                       |  10|   0|   10|          0|
    |data_20_val103_rewind_reg_742                     |  10|   0|   10|          0|
    |data_21_val104_rewind_reg_756                     |  10|   0|   10|          0|
    |data_22_val105_rewind_reg_770                     |  10|   0|   10|          0|
    |data_23_val106_rewind_reg_784                     |  10|   0|   10|          0|
    |data_24_val107_rewind_reg_798                     |  10|   0|   10|          0|
    |data_25_val108_rewind_reg_812                     |  10|   0|   10|          0|
    |data_26_val109_rewind_reg_826                     |  10|   0|   10|          0|
    |data_27_val110_rewind_reg_840                     |  10|   0|   10|          0|
    |data_28_val111_rewind_reg_854                     |  10|   0|   10|          0|
    |data_29_val112_rewind_reg_868                     |  10|   0|   10|          0|
    |data_2_val85_rewind_reg_490                       |  10|   0|   10|          0|
    |data_30_val113_rewind_reg_882                     |  10|   0|   10|          0|
    |data_31_val114_rewind_reg_896                     |  10|   0|   10|          0|
    |data_3_val86_rewind_reg_504                       |  10|   0|   10|          0|
    |data_4_val87_rewind_reg_518                       |  10|   0|   10|          0|
    |data_5_val88_rewind_reg_532                       |  10|   0|   10|          0|
    |data_6_val89_rewind_reg_546                       |  10|   0|   10|          0|
    |data_7_val90_rewind_reg_560                       |  10|   0|   10|          0|
    |data_8_val91_rewind_reg_574                       |  10|   0|   10|          0|
    |data_9_val92_rewind_reg_588                       |  10|   0|   10|          0|
    |do_init_reg_432                                   |   1|   0|    1|          0|
    |icmp_ln135_reg_9105                               |   1|   0|    1|          0|
    |in_index_574_reg_910                              |  32|   0|   32|          0|
    |w_index73_reg_448                                 |  10|   0|   10|          0|
    |w_index_reg_9100                                  |  10|   0|   10|          0|
    +--------------------------------------------------+----+----+-----+-----------+
    |Total                                             |2361|   0| 2361|          0|
    +--------------------------------------------------+----+----+-----+-----------+



================================================================
== Interface
================================================================
* Summary: 
+--------------+-----+-----+------------+-----------------------------------------------------------------------+--------------+
|   RTL Ports  | Dir | Bits|  Protocol  |                             Source Object                             |    C Type    |
+--------------+-----+-----+------------+-----------------------------------------------------------------------+--------------+
|ap_clk        |   in|    1|  ap_ctrl_hs|  dense_resource_rf_gt_nin_rem0<ap_fixed,ap_fixed<26,14,5,3,0>,config5>|  return value|
|ap_rst        |   in|    1|  ap_ctrl_hs|  dense_resource_rf_gt_nin_rem0<ap_fixed,ap_fixed<26,14,5,3,0>,config5>|  return value|
|ap_start      |   in|    1|  ap_ctrl_hs|  dense_resource_rf_gt_nin_rem0<ap_fixed,ap_fixed<26,14,5,3,0>,config5>|  return value|
|ap_done       |  out|    1|  ap_ctrl_hs|  dense_resource_rf_gt_nin_rem0<ap_fixed,ap_fixed<26,14,5,3,0>,config5>|  return value|
|ap_idle       |  out|    1|  ap_ctrl_hs|  dense_resource_rf_gt_nin_rem0<ap_fixed,ap_fixed<26,14,5,3,0>,config5>|  return value|
|ap_ready      |  out|    1|  ap_ctrl_hs|  dense_resource_rf_gt_nin_rem0<ap_fixed,ap_fixed<26,14,5,3,0>,config5>|  return value|
|ap_return_0   |  out|   26|  ap_ctrl_hs|  dense_resource_rf_gt_nin_rem0<ap_fixed,ap_fixed<26,14,5,3,0>,config5>|  return value|
|ap_return_1   |  out|   26|  ap_ctrl_hs|  dense_resource_rf_gt_nin_rem0<ap_fixed,ap_fixed<26,14,5,3,0>,config5>|  return value|
|ap_return_2   |  out|   26|  ap_ctrl_hs|  dense_resource_rf_gt_nin_rem0<ap_fixed,ap_fixed<26,14,5,3,0>,config5>|  return value|
|ap_return_3   |  out|   26|  ap_ctrl_hs|  dense_resource_rf_gt_nin_rem0<ap_fixed,ap_fixed<26,14,5,3,0>,config5>|  return value|
|ap_return_4   |  out|   26|  ap_ctrl_hs|  dense_resource_rf_gt_nin_rem0<ap_fixed,ap_fixed<26,14,5,3,0>,config5>|  return value|
|ap_return_5   |  out|   26|  ap_ctrl_hs|  dense_resource_rf_gt_nin_rem0<ap_fixed,ap_fixed<26,14,5,3,0>,config5>|  return value|
|ap_return_6   |  out|   26|  ap_ctrl_hs|  dense_resource_rf_gt_nin_rem0<ap_fixed,ap_fixed<26,14,5,3,0>,config5>|  return value|
|ap_return_7   |  out|   26|  ap_ctrl_hs|  dense_resource_rf_gt_nin_rem0<ap_fixed,ap_fixed<26,14,5,3,0>,config5>|  return value|
|ap_return_8   |  out|   26|  ap_ctrl_hs|  dense_resource_rf_gt_nin_rem0<ap_fixed,ap_fixed<26,14,5,3,0>,config5>|  return value|
|ap_return_9   |  out|   26|  ap_ctrl_hs|  dense_resource_rf_gt_nin_rem0<ap_fixed,ap_fixed<26,14,5,3,0>,config5>|  return value|
|ap_return_10  |  out|   26|  ap_ctrl_hs|  dense_resource_rf_gt_nin_rem0<ap_fixed,ap_fixed<26,14,5,3,0>,config5>|  return value|
|ap_return_11  |  out|   26|  ap_ctrl_hs|  dense_resource_rf_gt_nin_rem0<ap_fixed,ap_fixed<26,14,5,3,0>,config5>|  return value|
|ap_return_12  |  out|   26|  ap_ctrl_hs|  dense_resource_rf_gt_nin_rem0<ap_fixed,ap_fixed<26,14,5,3,0>,config5>|  return value|
|ap_return_13  |  out|   26|  ap_ctrl_hs|  dense_resource_rf_gt_nin_rem0<ap_fixed,ap_fixed<26,14,5,3,0>,config5>|  return value|
|ap_return_14  |  out|   26|  ap_ctrl_hs|  dense_resource_rf_gt_nin_rem0<ap_fixed,ap_fixed<26,14,5,3,0>,config5>|  return value|
|ap_return_15  |  out|   26|  ap_ctrl_hs|  dense_resource_rf_gt_nin_rem0<ap_fixed,ap_fixed<26,14,5,3,0>,config5>|  return value|
|ap_return_16  |  out|   26|  ap_ctrl_hs|  dense_resource_rf_gt_nin_rem0<ap_fixed,ap_fixed<26,14,5,3,0>,config5>|  return value|
|ap_return_17  |  out|   26|  ap_ctrl_hs|  dense_resource_rf_gt_nin_rem0<ap_fixed,ap_fixed<26,14,5,3,0>,config5>|  return value|
|ap_return_18  |  out|   26|  ap_ctrl_hs|  dense_resource_rf_gt_nin_rem0<ap_fixed,ap_fixed<26,14,5,3,0>,config5>|  return value|
|ap_return_19  |  out|   26|  ap_ctrl_hs|  dense_resource_rf_gt_nin_rem0<ap_fixed,ap_fixed<26,14,5,3,0>,config5>|  return value|
|ap_return_20  |  out|   26|  ap_ctrl_hs|  dense_resource_rf_gt_nin_rem0<ap_fixed,ap_fixed<26,14,5,3,0>,config5>|  return value|
|ap_return_21  |  out|   26|  ap_ctrl_hs|  dense_resource_rf_gt_nin_rem0<ap_fixed,ap_fixed<26,14,5,3,0>,config5>|  return value|
|ap_return_22  |  out|   26|  ap_ctrl_hs|  dense_resource_rf_gt_nin_rem0<ap_fixed,ap_fixed<26,14,5,3,0>,config5>|  return value|
|ap_return_23  |  out|   26|  ap_ctrl_hs|  dense_resource_rf_gt_nin_rem0<ap_fixed,ap_fixed<26,14,5,3,0>,config5>|  return value|
|ap_return_24  |  out|   26|  ap_ctrl_hs|  dense_resource_rf_gt_nin_rem0<ap_fixed,ap_fixed<26,14,5,3,0>,config5>|  return value|
|ap_return_25  |  out|   26|  ap_ctrl_hs|  dense_resource_rf_gt_nin_rem0<ap_fixed,ap_fixed<26,14,5,3,0>,config5>|  return value|
|ap_return_26  |  out|   26|  ap_ctrl_hs|  dense_resource_rf_gt_nin_rem0<ap_fixed,ap_fixed<26,14,5,3,0>,config5>|  return value|
|ap_return_27  |  out|   26|  ap_ctrl_hs|  dense_resource_rf_gt_nin_rem0<ap_fixed,ap_fixed<26,14,5,3,0>,config5>|  return value|
|ap_return_28  |  out|   26|  ap_ctrl_hs|  dense_resource_rf_gt_nin_rem0<ap_fixed,ap_fixed<26,14,5,3,0>,config5>|  return value|
|ap_return_29  |  out|   26|  ap_ctrl_hs|  dense_resource_rf_gt_nin_rem0<ap_fixed,ap_fixed<26,14,5,3,0>,config5>|  return value|
|ap_return_30  |  out|   26|  ap_ctrl_hs|  dense_resource_rf_gt_nin_rem0<ap_fixed,ap_fixed<26,14,5,3,0>,config5>|  return value|
|ap_return_31  |  out|   26|  ap_ctrl_hs|  dense_resource_rf_gt_nin_rem0<ap_fixed,ap_fixed<26,14,5,3,0>,config5>|  return value|
|data_0_val    |   in|   10|     ap_none|                                                             data_0_val|        scalar|
|data_1_val    |   in|   10|     ap_none|                                                             data_1_val|        scalar|
|data_2_val    |   in|   10|     ap_none|                                                             data_2_val|        scalar|
|data_3_val    |   in|   10|     ap_none|                                                             data_3_val|        scalar|
|data_4_val    |   in|   10|     ap_none|                                                             data_4_val|        scalar|
|data_5_val    |   in|   10|     ap_none|                                                             data_5_val|        scalar|
|data_6_val    |   in|   10|     ap_none|                                                             data_6_val|        scalar|
|data_7_val    |   in|   10|     ap_none|                                                             data_7_val|        scalar|
|data_8_val    |   in|   10|     ap_none|                                                             data_8_val|        scalar|
|data_9_val    |   in|   10|     ap_none|                                                             data_9_val|        scalar|
|data_10_val   |   in|   10|     ap_none|                                                            data_10_val|        scalar|
|data_11_val   |   in|   10|     ap_none|                                                            data_11_val|        scalar|
|data_12_val   |   in|   10|     ap_none|                                                            data_12_val|        scalar|
|data_13_val   |   in|   10|     ap_none|                                                            data_13_val|        scalar|
|data_14_val   |   in|   10|     ap_none|                                                            data_14_val|        scalar|
|data_15_val   |   in|   10|     ap_none|                                                            data_15_val|        scalar|
|data_16_val   |   in|   10|     ap_none|                                                            data_16_val|        scalar|
|data_17_val   |   in|   10|     ap_none|                                                            data_17_val|        scalar|
|data_18_val   |   in|   10|     ap_none|                                                            data_18_val|        scalar|
|data_19_val   |   in|   10|     ap_none|                                                            data_19_val|        scalar|
|data_20_val   |   in|   10|     ap_none|                                                            data_20_val|        scalar|
|data_21_val   |   in|   10|     ap_none|                                                            data_21_val|        scalar|
|data_22_val   |   in|   10|     ap_none|                                                            data_22_val|        scalar|
|data_23_val   |   in|   10|     ap_none|                                                            data_23_val|        scalar|
|data_24_val   |   in|   10|     ap_none|                                                            data_24_val|        scalar|
|data_25_val   |   in|   10|     ap_none|                                                            data_25_val|        scalar|
|data_26_val   |   in|   10|     ap_none|                                                            data_26_val|        scalar|
|data_27_val   |   in|   10|     ap_none|                                                            data_27_val|        scalar|
|data_28_val   |   in|   10|     ap_none|                                                            data_28_val|        scalar|
|data_29_val   |   in|   10|     ap_none|                                                            data_29_val|        scalar|
|data_30_val   |   in|   10|     ap_none|                                                            data_30_val|        scalar|
|data_31_val   |   in|   10|     ap_none|                                                            data_31_val|        scalar|
+--------------+-----+-----+------------+-----------------------------------------------------------------------+--------------+

