

================================================================
== Vitis HLS Report for 'dense_resource_rf_gt_nin_rem0_ap_fixed_ap_fixed_25_13_5_3_0_config9_s'
================================================================
* Date:           Fri May 15 14:04:34 2026

* Version:        2024.2 (Build 5238294 on Nov  8 2024)
* Project:        wedrowiec_hls_prj
* Solution:       solution1 (Vivado IP Flow Target)
* Product family: zynq
* Target device:  xc7z020-clg400-1


================================================================
== Performance Estimates
================================================================
+ Timing: 
    * Summary: 
    +--------+----------+-----------+------------+
    |  Clock |  Target  | Estimated | Uncertainty|
    +--------+----------+-----------+------------+
    |ap_clk  |  20.00 ns|  14.362 ns|     2.50 ns|
    +--------+----------+-----------+------------+

+ Latency: 
    * Summary: 
    +---------+---------+----------+----------+-----+-----+-------------------------------------------+
    |  Latency (cycles) |  Latency (absolute) |  Interval |                  Pipeline                 |
    |   min   |   max   |    min   |    max   | min | max |                    Type                   |
    +---------+---------+----------+----------+-----+-----+-------------------------------------------+
    |       64|       65|  1.280 us|  1.300 us|   64|   64|  loop rewind stp (delay=0 clock cycles(s))|
    +---------+---------+----------+----------+-----+-----+-------------------------------------------+

    + Detail: 
        * Instance: 
        N/A

        * Loop: 
        +-------------+---------+---------+----------+-----------+-----------+------+----------+
        |             |  Latency (cycles) | Iteration|  Initiation Interval  | Trip |          |
        |  Loop Name  |   min   |   max   |  Latency |  achieved |   target  | Count| Pipelined|
        +-------------+---------+---------+----------+-----------+-----------+------+----------+
        |- ReuseLoop  |       64|       64|         2|          1|          1|    64|       yes|
        +-------------+---------+---------+----------+-----------+-----------+------+----------+



================================================================
== Utilization Estimates
================================================================
* Summary: 
+-----------------+---------+-----+--------+-------+-----+
|       Name      | BRAM_18K| DSP |   FF   |  LUT  | URAM|
+-----------------+---------+-----+--------+-------+-----+
|DSP              |        -|    1|       -|      -|    -|
|Expression       |        -|    -|       0|    337|    -|
|FIFO             |        -|    -|       -|      -|    -|
|Instance         |        -|    -|       0|     85|    -|
|Memory           |        1|    -|       2|      2|    -|
|Multiplexer      |        -|    -|       0|    429|    -|
|Register         |        -|    -|     569|      -|    -|
+-----------------+---------+-----+--------+-------+-----+
|Total            |        1|    1|     571|    853|    0|
+-----------------+---------+-----+--------+-------+-----+
|Available        |      280|  220|  106400|  53200|    0|
+-----------------+---------+-----+--------+-------+-----+
|Utilization (%)  |       ~0|   ~0|      ~0|      1|    0|
+-----------------+---------+-----+--------+-------+-----+

+ Detail: 
    * Instance: 
    +----------------------------+-----------------------+---------+----+---+----+-----+
    |          Instance          |         Module        | BRAM_18K| DSP| FF| LUT| URAM|
    +----------------------------+-----------------------+---------+----+---+----+-----+
    |sparsemux_33_4_10_1_1_U294  |sparsemux_33_4_10_1_1  |        0|   0|  0|  65|    0|
    |sparsemux_9_2_25_1_1_U295   |sparsemux_9_2_25_1_1   |        0|   0|  0|  20|    0|
    +----------------------------+-----------------------+---------+----+---+----+-----+
    |Total                       |                       |        0|   0|  0|  85|    0|
    +----------------------------+-----------------------+---------+----+---+----+-----+

    * DSP: 
    +-----------------------------------+------------------------------+--------------+
    |              Instance             |            Module            |  Expression  |
    +-----------------------------------+------------------------------+--------------+
    |mac_muladd_10s_7s_25s_26_1_1_U296  |mac_muladd_10s_7s_25s_26_1_1  |  i0 + i1 * i2|
    +-----------------------------------+------------------------------+--------------+

    * Memory: 
    +-------------+----------------------------------------------------------------------------------+---------+---+----+-----+------+-----+------+-------------+
    |    Memory   |                                      Module                                      | BRAM_18K| FF| LUT| URAM| Words| Bits| Banks| W*Bits*Banks|
    +-------------+----------------------------------------------------------------------------------+---------+---+----+-----+------+-----+------+-------------+
    |outidx_27_U  |dense_resource_rf_gt_nin_rem0_ap_fixed_ap_fixed_25_13_5_3_0_config9_s_outidx_hbi  |        0|  2|   2|    0|    64|    2|     1|          128|
    |w9_U         |dense_resource_rf_gt_nin_rem0_ap_fixed_ap_fixed_25_13_5_3_0_config9_s_w9_ROM_ibs  |        1|  0|   0|    0|    64|    7|     1|          448|
    +-------------+----------------------------------------------------------------------------------+---------+---+----+-----+------+-----+------+-------------+
    |Total        |                                                                                  |        1|  2|   2|    0|   128|    9|     2|          576|
    +-------------+----------------------------------------------------------------------------------+---------+---+----+-----+------+-----+------+-------------+

    * FIFO: 
    N/A

    * Expression: 
    +------------------------+----------+----+---+----+------------+------------+
    |      Variable Name     | Operation| DSP| FF| LUT| Bitwidth P0| Bitwidth P1|
    +------------------------+----------+----+---+----+------------+------------+
    |in_index_fu_1002_p2     |         +|   0|  0|  39|          32|           1|
    |w_index_fu_788_p2       |         +|   0|  0|  14|           6|           1|
    |ap_condition_221        |       and|   0|  0|   2|           1|           1|
    |ap_condition_37         |       and|   0|  0|   2|           1|           1|
    |icmp_ln135_fu_794_p2    |      icmp|   0|  0|  14|           6|           2|
    |icmp_ln144_3_fu_918_p2  |      icmp|   0|  0|  10|           2|           1|
    |icmp_ln144_4_fu_924_p2  |      icmp|   0|  0|  11|           2|           3|
    |icmp_ln144_5_fu_930_p2  |      icmp|   0|  0|  33|          26|           1|
    |icmp_ln144_fu_912_p2    |      icmp|   0|  0|  10|           2|           1|
    |icmp_ln154_fu_1018_p2   |      icmp|   0|  0|  35|          28|           1|
    |or_ln144_1_fu_941_p2    |        or|   0|  0|   2|           1|           1|
    |or_ln144_2_fu_947_p2    |        or|   0|  0|   2|           1|           1|
    |or_ln144_3_fu_964_p2    |        or|   0|  0|   2|           1|           1|
    |or_ln144_fu_935_p2      |        or|   0|  0|   2|           1|           1|
    |acc_161_fu_986_p3       |    select|   0|  0|  25|           1|          25|
    |acc_162_fu_978_p3       |    select|   0|  0|  25|           1|          25|
    |acc_163_fu_970_p3       |    select|   0|  0|  25|           1|          25|
    |acc_164_fu_953_p3       |    select|   0|  0|  25|           1|          25|
    |acc_fu_994_p3           |    select|   0|  0|  25|           1|          25|
    |in_index_6_fu_1024_p3   |    select|   0|  0|  32|           1|           1|
    |ap_enable_pp0           |       xor|   0|  0|   2|           1|           2|
    +------------------------+----------+----+---+----+------------+------------+
    |Total                   |          |   0|  0| 337|         117|         145|
    +------------------------+----------+----+---+----+------------+------------+

    * Multiplexer: 
    +------------------------------------------------+----+-----------+-----+-----------+
    |                      Name                      | LUT| Input Size| Bits| Total Bits|
    +------------------------------------------------+----+-----------+-----+-----------+
    |acc15_reg_534                                   |   9|          2|   25|         50|
    |acc_24113_reg_548                               |   9|          2|   25|         50|
    |acc_24211_reg_562                               |   9|          2|   25|         50|
    |acc_24310_reg_576                               |   9|          2|   25|         50|
    |ap_NS_fsm                                       |  14|          3|    1|          3|
    |ap_enable_reg_pp0_iter1                         |   9|          2|    1|          2|
    |ap_phi_mux_data_0_val21_phi_phi_fu_594_p4       |   9|          2|   10|         20|
    |ap_phi_mux_data_10_val31_phi_phi_fu_714_p4      |   9|          2|   10|         20|
    |ap_phi_mux_data_11_val32_phi_phi_fu_726_p4      |   9|          2|   10|         20|
    |ap_phi_mux_data_12_val33_phi_phi_fu_738_p4      |   9|          2|   10|         20|
    |ap_phi_mux_data_13_val34_phi_phi_fu_750_p4      |   9|          2|   10|         20|
    |ap_phi_mux_data_14_val35_phi_phi_fu_762_p4      |   9|          2|   10|         20|
    |ap_phi_mux_data_15_val36_phi_phi_fu_774_p4      |   9|          2|   10|         20|
    |ap_phi_mux_data_1_val22_phi_phi_fu_606_p4       |   9|          2|   10|         20|
    |ap_phi_mux_data_2_val23_phi_phi_fu_618_p4       |   9|          2|   10|         20|
    |ap_phi_mux_data_3_val24_phi_phi_fu_630_p4       |   9|          2|   10|         20|
    |ap_phi_mux_data_4_val25_phi_phi_fu_642_p4       |   9|          2|   10|         20|
    |ap_phi_mux_data_5_val26_phi_phi_fu_654_p4       |   9|          2|   10|         20|
    |ap_phi_mux_data_6_val27_phi_phi_fu_666_p4       |   9|          2|   10|         20|
    |ap_phi_mux_data_7_val28_phi_phi_fu_678_p4       |   9|          2|   10|         20|
    |ap_phi_mux_data_8_val29_phi_phi_fu_690_p4       |   9|          2|   10|         20|
    |ap_phi_mux_data_9_val30_phi_phi_fu_702_p4       |   9|          2|   10|         20|
    |ap_phi_mux_do_init_phi_fu_270_p6                |  14|          3|    1|          3|
    |ap_phi_mux_w_index17_phi_fu_286_p6              |  14|          3|    6|         18|
    |ap_phi_reg_pp0_iter1_data_0_val21_phi_reg_590   |   9|          2|   10|         20|
    |ap_phi_reg_pp0_iter1_data_10_val31_phi_reg_710  |   9|          2|   10|         20|
    |ap_phi_reg_pp0_iter1_data_11_val32_phi_reg_722  |   9|          2|   10|         20|
    |ap_phi_reg_pp0_iter1_data_12_val33_phi_reg_734  |   9|          2|   10|         20|
    |ap_phi_reg_pp0_iter1_data_13_val34_phi_reg_746  |   9|          2|   10|         20|
    |ap_phi_reg_pp0_iter1_data_14_val35_phi_reg_758  |   9|          2|   10|         20|
    |ap_phi_reg_pp0_iter1_data_15_val36_phi_reg_770  |   9|          2|   10|         20|
    |ap_phi_reg_pp0_iter1_data_1_val22_phi_reg_602   |   9|          2|   10|         20|
    |ap_phi_reg_pp0_iter1_data_2_val23_phi_reg_614   |   9|          2|   10|         20|
    |ap_phi_reg_pp0_iter1_data_3_val24_phi_reg_626   |   9|          2|   10|         20|
    |ap_phi_reg_pp0_iter1_data_4_val25_phi_reg_638   |   9|          2|   10|         20|
    |ap_phi_reg_pp0_iter1_data_5_val26_phi_reg_650   |   9|          2|   10|         20|
    |ap_phi_reg_pp0_iter1_data_6_val27_phi_reg_662   |   9|          2|   10|         20|
    |ap_phi_reg_pp0_iter1_data_7_val28_phi_reg_674   |   9|          2|   10|         20|
    |ap_phi_reg_pp0_iter1_data_8_val29_phi_reg_686   |   9|          2|   10|         20|
    |ap_phi_reg_pp0_iter1_data_9_val30_phi_reg_698   |   9|          2|   10|         20|
    |ap_return_0                                     |   9|          2|   25|         50|
    |ap_return_1                                     |   9|          2|   25|         50|
    |ap_return_2                                     |   9|          2|   25|         50|
    |ap_return_3                                     |   9|          2|   25|         50|
    |in_index_0518_reg_520                           |   9|          2|   32|         64|
    |w_index17_reg_282                               |   9|          2|    6|         12|
    +------------------------------------------------+----+-----------+-----+-----------+
    |Total                                           | 429|         95|  567|       1142|
    +------------------------------------------------+----+-----------+-----+-----------+

    * Register: 
    +------------------------------------------------+----+----+-----+-----------+
    |                      Name                      | FF | LUT| Bits| Const Bits|
    +------------------------------------------------+----+----+-----+-----------+
    |acc15_reg_534                                   |  25|   0|   25|          0|
    |acc_24113_reg_548                               |  25|   0|   25|          0|
    |acc_24211_reg_562                               |  25|   0|   25|          0|
    |acc_24310_reg_576                               |  25|   0|   25|          0|
    |ap_CS_fsm                                       |   2|   0|    2|          0|
    |ap_enable_reg_pp0_iter1                         |   1|   0|    1|          0|
    |ap_phi_reg_pp0_iter1_data_0_val21_phi_reg_590   |  10|   0|   10|          0|
    |ap_phi_reg_pp0_iter1_data_10_val31_phi_reg_710  |  10|   0|   10|          0|
    |ap_phi_reg_pp0_iter1_data_11_val32_phi_reg_722  |  10|   0|   10|          0|
    |ap_phi_reg_pp0_iter1_data_12_val33_phi_reg_734  |  10|   0|   10|          0|
    |ap_phi_reg_pp0_iter1_data_13_val34_phi_reg_746  |  10|   0|   10|          0|
    |ap_phi_reg_pp0_iter1_data_14_val35_phi_reg_758  |  10|   0|   10|          0|
    |ap_phi_reg_pp0_iter1_data_15_val36_phi_reg_770  |  10|   0|   10|          0|
    |ap_phi_reg_pp0_iter1_data_1_val22_phi_reg_602   |  10|   0|   10|          0|
    |ap_phi_reg_pp0_iter1_data_2_val23_phi_reg_614   |  10|   0|   10|          0|
    |ap_phi_reg_pp0_iter1_data_3_val24_phi_reg_626   |  10|   0|   10|          0|
    |ap_phi_reg_pp0_iter1_data_4_val25_phi_reg_638   |  10|   0|   10|          0|
    |ap_phi_reg_pp0_iter1_data_5_val26_phi_reg_650   |  10|   0|   10|          0|
    |ap_phi_reg_pp0_iter1_data_6_val27_phi_reg_662   |  10|   0|   10|          0|
    |ap_phi_reg_pp0_iter1_data_7_val28_phi_reg_674   |  10|   0|   10|          0|
    |ap_phi_reg_pp0_iter1_data_8_val29_phi_reg_686   |  10|   0|   10|          0|
    |ap_phi_reg_pp0_iter1_data_9_val30_phi_reg_698   |  10|   0|   10|          0|
    |ap_return_0_preg                                |  25|   0|   25|          0|
    |ap_return_1_preg                                |  25|   0|   25|          0|
    |ap_return_2_preg                                |  25|   0|   25|          0|
    |ap_return_3_preg                                |  25|   0|   25|          0|
    |data_0_val21_rewind_reg_296                     |  10|   0|   10|          0|
    |data_10_val31_rewind_reg_436                    |  10|   0|   10|          0|
    |data_11_val32_rewind_reg_450                    |  10|   0|   10|          0|
    |data_12_val33_rewind_reg_464                    |  10|   0|   10|          0|
    |data_13_val34_rewind_reg_478                    |  10|   0|   10|          0|
    |data_14_val35_rewind_reg_492                    |  10|   0|   10|          0|
    |data_15_val36_rewind_reg_506                    |  10|   0|   10|          0|
    |data_1_val22_rewind_reg_310                     |  10|   0|   10|          0|
    |data_2_val23_rewind_reg_324                     |  10|   0|   10|          0|
    |data_3_val24_rewind_reg_338                     |  10|   0|   10|          0|
    |data_4_val25_rewind_reg_352                     |  10|   0|   10|          0|
    |data_5_val26_rewind_reg_366                     |  10|   0|   10|          0|
    |data_6_val27_rewind_reg_380                     |  10|   0|   10|          0|
    |data_7_val28_rewind_reg_394                     |  10|   0|   10|          0|
    |data_8_val29_rewind_reg_408                     |  10|   0|   10|          0|
    |data_9_val30_rewind_reg_422                     |  10|   0|   10|          0|
    |do_init_reg_266                                 |   1|   0|    1|          0|
    |icmp_ln135_reg_1165                             |   1|   0|    1|          0|
    |in_index_0518_reg_520                           |  32|   0|   32|          0|
    |w_index17_reg_282                               |   6|   0|    6|          0|
    |w_index_reg_1160                                |   6|   0|    6|          0|
    +------------------------------------------------+----+----+-----+-----------+
    |Total                                           | 569|   0|  569|          0|
    +------------------------------------------------+----+----+-----+-----------+



================================================================
== Interface
================================================================
* Summary: 
+-------------+-----+-----+------------+-----------------------------------------------------------------------+--------------+
|  RTL Ports  | Dir | Bits|  Protocol  |                             Source Object                             |    C Type    |
+-------------+-----+-----+------------+-----------------------------------------------------------------------+--------------+
|ap_clk       |   in|    1|  ap_ctrl_hs|  dense_resource_rf_gt_nin_rem0<ap_fixed,ap_fixed<25,13,5,3,0>,config9>|  return value|
|ap_rst       |   in|    1|  ap_ctrl_hs|  dense_resource_rf_gt_nin_rem0<ap_fixed,ap_fixed<25,13,5,3,0>,config9>|  return value|
|ap_start     |   in|    1|  ap_ctrl_hs|  dense_resource_rf_gt_nin_rem0<ap_fixed,ap_fixed<25,13,5,3,0>,config9>|  return value|
|ap_done      |  out|    1|  ap_ctrl_hs|  dense_resource_rf_gt_nin_rem0<ap_fixed,ap_fixed<25,13,5,3,0>,config9>|  return value|
|ap_idle      |  out|    1|  ap_ctrl_hs|  dense_resource_rf_gt_nin_rem0<ap_fixed,ap_fixed<25,13,5,3,0>,config9>|  return value|
|ap_ready     |  out|    1|  ap_ctrl_hs|  dense_resource_rf_gt_nin_rem0<ap_fixed,ap_fixed<25,13,5,3,0>,config9>|  return value|
|ap_return_0  |  out|   25|  ap_ctrl_hs|  dense_resource_rf_gt_nin_rem0<ap_fixed,ap_fixed<25,13,5,3,0>,config9>|  return value|
|ap_return_1  |  out|   25|  ap_ctrl_hs|  dense_resource_rf_gt_nin_rem0<ap_fixed,ap_fixed<25,13,5,3,0>,config9>|  return value|
|ap_return_2  |  out|   25|  ap_ctrl_hs|  dense_resource_rf_gt_nin_rem0<ap_fixed,ap_fixed<25,13,5,3,0>,config9>|  return value|
|ap_return_3  |  out|   25|  ap_ctrl_hs|  dense_resource_rf_gt_nin_rem0<ap_fixed,ap_fixed<25,13,5,3,0>,config9>|  return value|
|data_0_val   |   in|   10|     ap_none|                                                             data_0_val|        scalar|
|data_1_val   |   in|   10|     ap_none|                                                             data_1_val|        scalar|
|data_2_val   |   in|   10|     ap_none|                                                             data_2_val|        scalar|
|data_3_val   |   in|   10|     ap_none|                                                             data_3_val|        scalar|
|data_4_val   |   in|   10|     ap_none|                                                             data_4_val|        scalar|
|data_5_val   |   in|   10|     ap_none|                                                             data_5_val|        scalar|
|data_6_val   |   in|   10|     ap_none|                                                             data_6_val|        scalar|
|data_7_val   |   in|   10|     ap_none|                                                             data_7_val|        scalar|
|data_8_val   |   in|   10|     ap_none|                                                             data_8_val|        scalar|
|data_9_val   |   in|   10|     ap_none|                                                             data_9_val|        scalar|
|data_10_val  |   in|   10|     ap_none|                                                            data_10_val|        scalar|
|data_11_val  |   in|   10|     ap_none|                                                            data_11_val|        scalar|
|data_12_val  |   in|   10|     ap_none|                                                            data_12_val|        scalar|
|data_13_val  |   in|   10|     ap_none|                                                            data_13_val|        scalar|
|data_14_val  |   in|   10|     ap_none|                                                            data_14_val|        scalar|
|data_15_val  |   in|   10|     ap_none|                                                            data_15_val|        scalar|
+-------------+-----+-----+------------+-----------------------------------------------------------------------+--------------+

