

================================================================
== Vitis HLS Report for 'dense_latency_ap_fixed_6_4_0_0_0_ap_fixed_17_13_5_3_0_config9_s'
================================================================
* Date:           Sun May 17 14:56:16 2026

* Version:        2025.1 (Build 6135595 on May 21 2025)
* Project:        wedrowiec_hls_prj
* Solution:       solution1 (Vivado IP Flow Target)
* Product family: zynq
* Target device:  xc7z020-clg400-1


================================================================
== Performance Estimates
================================================================
+ Timing: 
    * Summary: 
    +--------+----------+-----------+------------+
    |  Clock |  Target  | Estimated | Uncertainty|
    +--------+----------+-----------+------------+
    |ap_clk  |  20.00 ns|  13.000 ns|     5.40 ns|
    +--------+----------+-----------+------------+

+ Latency: 
    * Summary: 
    +---------+---------+-----------+-----------+-----+-----+---------+
    |  Latency (cycles) |   Latency (absolute)  |  Interval | Pipeline|
    |   min   |   max   |    min    |    max    | min | max |   Type  |
    +---------+---------+-----------+-----------+-----+-----+---------+
    |        1|        1|  20.000 ns|  20.000 ns|    1|    1|       no|
    +---------+---------+-----------+-----------+-----+-----+---------+

    + Detail: 
        * Instance: 
        N/A

        * Loop: 
        N/A



================================================================
== Utilization Estimates
================================================================
* Summary: 
+-----------------+---------+-----+--------+-------+-----+
|       Name      | BRAM_18K| DSP |   FF   |  LUT  | URAM|
+-----------------+---------+-----+--------+-------+-----+
|DSP              |        -|    -|       -|      -|    -|
|Expression       |        -|    -|       0|    756|    -|
|FIFO             |        -|    -|       -|      -|    -|
|Instance         |        -|    -|       -|      -|    -|
|Memory           |        -|    -|       -|      -|    -|
|Multiplexer      |        -|    -|       0|     50|    -|
|Register         |        -|    -|     111|      -|    -|
+-----------------+---------+-----+--------+-------+-----+
|Total            |        0|    0|     111|    806|    0|
+-----------------+---------+-----+--------+-------+-----+
|Available        |      280|  220|  106400|  53200|    0|
+-----------------+---------+-----+--------+-------+-----+
|Utilization (%)  |        0|    0|      ~0|      1|    0|
+-----------------+---------+-----+--------+-------+-----+

+ Detail: 
    * Instance: 
    N/A

    * DSP: 
    N/A

    * Memory: 
    N/A

    * FIFO: 
    N/A

    * Expression: 
    +--------------------------+----------+----+---+----+------------+------------+
    |       Variable Name      | Operation| DSP| FF| LUT| Bitwidth P0| Bitwidth P1|
    +--------------------------+----------+----+---+----+------------+------------+
    |add_ln58_1267_fu_326_p2   |         +|   0|  0|   8|           8|           8|
    |add_ln58_1268_fu_730_p2   |         +|   0|  0|  14|           9|           9|
    |add_ln58_1269_fu_342_p2   |         +|   0|  0|  14|           9|           9|
    |add_ln58_1270_fu_743_p2   |         +|   0|  0|  10|          10|          10|
    |add_ln58_1271_fu_752_p2   |         +|   0|  0|   9|           9|           9|
    |add_ln58_1272_fu_762_p2   |         +|   0|  0|  10|          10|          10|
    |add_ln58_1273_fu_772_p2   |         +|   0|  0|  10|          10|          10|
    |add_ln58_1274_fu_802_p2   |         +|   0|  0|  10|          10|          10|
    |add_ln58_1275_fu_843_p2   |         +|   0|  0|  14|           9|           9|
    |add_ln58_1276_fu_853_p2   |         +|   0|  0|  13|          10|          10|
    |add_ln58_1277_fu_863_p2   |         +|   0|  0|  11|          11|          11|
    |add_ln58_1278_fu_883_p2   |         +|   0|  0|   8|           8|           8|
    |add_ln58_1279_fu_889_p2   |         +|   0|  0|   8|           8|           8|
    |add_ln58_1280_fu_899_p2   |         +|   0|  0|   9|           9|           9|
    |add_ln58_1281_fu_909_p2   |         +|   0|  0|  11|          11|          11|
    |add_ln58_1282_fu_919_p2   |         +|   0|  0|  12|          11|          11|
    |add_ln58_1283_fu_925_p2   |         +|   0|  0|   9|           9|           9|
    |add_ln58_1284_fu_935_p2   |         +|   0|  0|  11|          11|          11|
    |add_ln58_1285_fu_955_p2   |         +|   0|  0|  15|           8|           8|
    |add_ln58_1286_fu_965_p2   |         +|   0|  0|   9|           9|           9|
    |add_ln58_1287_fu_975_p2   |         +|   0|  0|  11|          11|          11|
    |add_ln58_1288_fu_985_p2   |         +|   0|  0|  11|          11|          11|
    |add_ln58_1289_fu_1001_p2  |         +|   0|  0|  11|          11|          11|
    |add_ln58_1290_fu_370_p2   |         +|   0|  0|  14|           9|           9|
    |add_ln58_1291_fu_1014_p2  |         +|   0|  0|  10|          10|          10|
    |add_ln58_1292_fu_1020_p2  |         +|   0|  0|  15|           8|           8|
    |add_ln58_1293_fu_1040_p2  |         +|   0|  0|  10|          10|          10|
    |add_ln58_1294_fu_1050_p2  |         +|   0|  0|   9|           9|           9|
    |add_ln58_1295_fu_1060_p2  |         +|   0|  0|  11|          11|          11|
    |add_ln58_1296_fu_1066_p2  |         +|   0|  0|  15|           8|           8|
    |add_ln58_1297_fu_1086_p2  |         +|   0|  0|  11|          11|          11|
    |add_ln58_fu_308_p2        |         +|   0|  0|  14|           7|           7|
    |sub_ln58_507_fu_820_p2    |         -|   0|  0|  12|          11|          11|
    |sub_ln58_532_fu_290_p2    |         -|   0|  0|  15|           8|           8|
    |sub_ln58_533_fu_332_p2    |         -|   0|  0|  15|           8|           8|
    |sub_ln58_534_fu_348_p2    |         -|   0|  0|  15|           8|           8|
    |sub_ln58_535_fu_778_p2    |         -|   0|  0|  15|           8|           8|
    |sub_ln58_536_fu_792_p2    |         -|   0|  0|  14|           9|           9|
    |sub_ln58_537_fu_830_p2    |         -|   0|  0|  15|           8|           8|
    |sub_ln58_538_fu_354_p2    |         -|   0|  0|  14|           9|           9|
    |sub_ln58_539_fu_877_p2    |         -|   0|  0|   9|           9|           9|
    |sub_ln58_540_fu_949_p2    |         -|   0|  0|   9|           9|           9|
    |sub_ln58_541_fu_991_p2    |         -|   0|  0|  15|           8|           8|
    |sub_ln58_542_fu_360_p2    |         -|   0|  0|  15|           8|           8|
    |sub_ln58_543_fu_1030_p2   |         -|   0|  0|  14|           9|           9|
    |sub_ln58_544_fu_1076_p2   |         -|   0|  0|  14|           9|           9|
    |sub_ln58_fu_280_p2        |         -|   0|  0|   8|           8|           8|
    |sub_ln73_123_fu_188_p2    |         -|   0|  0|   8|           8|           8|
    |sub_ln73_124_fu_206_p2    |         -|   0|  0|   8|           1|           8|
    |sub_ln73_125_fu_409_p2    |         -|   0|  0|  14|           9|           9|
    |sub_ln73_126_fu_419_p2    |         -|   0|  0|  14|           9|           9|
    |sub_ln73_127_fu_445_p2    |         -|   0|  0|   9|           9|           9|
    |sub_ln73_128_fu_499_p2    |         -|   0|  0|  14|           9|           9|
    |sub_ln73_129_fu_509_p2    |         -|   0|  0|  14|           9|           9|
    |sub_ln73_130_fu_535_p2    |         -|   0|  0|  14|           9|           9|
    |sub_ln73_131_fu_585_p2    |         -|   0|  0|  14|           9|           9|
    |sub_ln73_132_fu_603_p2    |         -|   0|  0|  15|           1|           8|
    |sub_ln73_133_fu_633_p2    |         -|   0|  0|   9|           9|           9|
    |sub_ln73_134_fu_659_p2    |         -|   0|  0|  15|           1|           8|
    |sub_ln73_135_fu_693_p2    |         -|   0|  0|  15|           1|           8|
    |sub_ln73_136_fu_711_p2    |         -|   0|  0|  14|           9|           9|
    |sub_ln73_137_fu_721_p2    |         -|   0|  0|   9|           9|           9|
    |sub_ln73_fu_463_p2        |         -|   0|  0|  14|           1|           7|
    +--------------------------+----------+----+---+----+------------+------------+
    |Total                     |          |   0|  0| 756|         537|         571|
    +--------------------------+----------+----+---+----+------------+------------+

    * Multiplexer: 
    +-------------+----+-----------+-----+-----------+
    |     Name    | LUT| Input Size| Bits| Total Bits|
    +-------------+----+-----------+-----+-----------+
    |ap_NS_fsm    |  14|          3|    1|          3|
    |ap_return_0  |   9|          2|   17|         34|
    |ap_return_1  |   9|          2|   17|         34|
    |ap_return_2  |   9|          2|   17|         34|
    |ap_return_3  |   9|          2|   17|         34|
    +-------------+----+-----------+-----+-----------+
    |Total        |  50|         11|   69|        139|
    +-------------+----+-----------+-----+-----------+

    * Register: 
    +------------------------+----+----+-----+-----------+
    |          Name          | FF | LUT| Bits| Const Bits|
    +------------------------+----+----+-----+-----------+
    |add_ln58_1267_reg_1133  |   8|   0|    8|          0|
    |add_ln58_1269_reg_1138  |   9|   0|    9|          0|
    |add_ln58_1290_reg_1153  |   9|   0|    9|          0|
    |ap_CS_fsm               |   2|   0|    2|          0|
    |ap_return_0_preg        |  17|   0|   17|          0|
    |ap_return_1_preg        |  17|   0|   17|          0|
    |ap_return_2_preg        |  17|   0|   17|          0|
    |ap_return_3_preg        |  17|   0|   17|          0|
    |sub_ln58_534_reg_1143   |   7|   0|    8|          1|
    |sub_ln58_538_reg_1148   |   8|   0|    9|          1|
    +------------------------+----+----+-----+-----------+
    |Total                   | 111|   0|  113|          2|
    +------------------------+----+----+-----+-----------+



================================================================
== Interface
================================================================
* Summary: 
+-------------+-----+-----+------------+----------------------------------------------------------------------------+--------------+
|  RTL Ports  | Dir | Bits|  Protocol  |                                Source Object                               |    C Type    |
+-------------+-----+-----+------------+----------------------------------------------------------------------------+--------------+
|ap_clk       |   in|    1|  ap_ctrl_hs|  dense_latency<ap_fixed<6, 4, 0, 0, 0>, ap_fixed<17, 13, 5, 3, 0>, config9>|  return value|
|ap_rst       |   in|    1|  ap_ctrl_hs|  dense_latency<ap_fixed<6, 4, 0, 0, 0>, ap_fixed<17, 13, 5, 3, 0>, config9>|  return value|
|ap_start     |   in|    1|  ap_ctrl_hs|  dense_latency<ap_fixed<6, 4, 0, 0, 0>, ap_fixed<17, 13, 5, 3, 0>, config9>|  return value|
|ap_done      |  out|    1|  ap_ctrl_hs|  dense_latency<ap_fixed<6, 4, 0, 0, 0>, ap_fixed<17, 13, 5, 3, 0>, config9>|  return value|
|ap_idle      |  out|    1|  ap_ctrl_hs|  dense_latency<ap_fixed<6, 4, 0, 0, 0>, ap_fixed<17, 13, 5, 3, 0>, config9>|  return value|
|ap_ready     |  out|    1|  ap_ctrl_hs|  dense_latency<ap_fixed<6, 4, 0, 0, 0>, ap_fixed<17, 13, 5, 3, 0>, config9>|  return value|
|ap_return_0  |  out|   17|  ap_ctrl_hs|  dense_latency<ap_fixed<6, 4, 0, 0, 0>, ap_fixed<17, 13, 5, 3, 0>, config9>|  return value|
|ap_return_1  |  out|   17|  ap_ctrl_hs|  dense_latency<ap_fixed<6, 4, 0, 0, 0>, ap_fixed<17, 13, 5, 3, 0>, config9>|  return value|
|ap_return_2  |  out|   17|  ap_ctrl_hs|  dense_latency<ap_fixed<6, 4, 0, 0, 0>, ap_fixed<17, 13, 5, 3, 0>, config9>|  return value|
|ap_return_3  |  out|   17|  ap_ctrl_hs|  dense_latency<ap_fixed<6, 4, 0, 0, 0>, ap_fixed<17, 13, 5, 3, 0>, config9>|  return value|
|data_0_val   |   in|    6|     ap_none|                                                                  data_0_val|        scalar|
|data_1_val   |   in|    6|     ap_none|                                                                  data_1_val|        scalar|
|data_2_val   |   in|    6|     ap_none|                                                                  data_2_val|        scalar|
|data_3_val   |   in|    6|     ap_none|                                                                  data_3_val|        scalar|
|data_4_val   |   in|    6|     ap_none|                                                                  data_4_val|        scalar|
|data_5_val   |   in|    6|     ap_none|                                                                  data_5_val|        scalar|
|data_6_val   |   in|    6|     ap_none|                                                                  data_6_val|        scalar|
|data_7_val   |   in|    6|     ap_none|                                                                  data_7_val|        scalar|
|data_8_val   |   in|    6|     ap_none|                                                                  data_8_val|        scalar|
|data_9_val   |   in|    6|     ap_none|                                                                  data_9_val|        scalar|
|data_10_val  |   in|    6|     ap_none|                                                                 data_10_val|        scalar|
|data_11_val  |   in|    6|     ap_none|                                                                 data_11_val|        scalar|
|data_12_val  |   in|    6|     ap_none|                                                                 data_12_val|        scalar|
|data_13_val  |   in|    6|     ap_none|                                                                 data_13_val|        scalar|
|data_14_val  |   in|    6|     ap_none|                                                                 data_14_val|        scalar|
|data_15_val  |   in|    6|     ap_none|                                                                 data_15_val|        scalar|
+-------------+-----+-----+------------+----------------------------------------------------------------------------+--------------+

