

================================================================
== Vitis HLS Report for 'dense_array_array_ap_fixed_25_12_5_3_0_32u_config3_Pipeline_DataPrepare'
================================================================
* Date:           Fri May 15 14:04:27 2026

* Version:        2024.2 (Build 5238294 on Nov  8 2024)
* Project:        wedrowiec_hls_prj
* Solution:       solution1 (Vivado IP Flow Target)
* Product family: zynq
* Target device:  xc7z020-clg400-1


================================================================
== Performance Estimates
================================================================
+ Timing: 
    * Summary: 
    +--------+----------+----------+------------+
    |  Clock |  Target  | Estimated| Uncertainty|
    +--------+----------+----------+------------+
    |ap_clk  |  20.00 ns|  4.911 ns|     2.50 ns|
    +--------+----------+----------+------------+

+ Latency: 
    * Summary: 
    +---------+---------+----------+----------+-----+-----+------------------------------------------------+
    |  Latency (cycles) |  Latency (absolute) |  Interval |                    Pipeline                    |
    |   min   |   max   |    min   |    max   | min | max |                      Type                      |
    +---------+---------+----------+----------+-----+-----+------------------------------------------------+
    |       10|       10|  0.200 us|  0.200 us|    9|    9|  loop auto-rewind stp (delay=0 clock cycles(s))|
    +---------+---------+----------+----------+-----+-----+------------------------------------------------+

    + Detail: 
        * Instance: 
        N/A

        * Loop: 
        +---------------+---------+---------+----------+-----------+-----------+------+----------+
        |               |  Latency (cycles) | Iteration|  Initiation Interval  | Trip |          |
        |   Loop Name   |   min   |   max   |  Latency |  achieved |   target  | Count| Pipelined|
        +---------------+---------+---------+----------+-----------+-----------+------+----------+
        |- DataPrepare  |        8|        8|         2|          1|          1|     8|       yes|
        +---------------+---------+---------+----------+-----------+-----------+------+----------+



================================================================
== Utilization Estimates
================================================================
* Summary: 
+-----------------+---------+-----+--------+-------+-----+
|       Name      | BRAM_18K| DSP |   FF   |  LUT  | URAM|
+-----------------+---------+-----+--------+-------+-----+
|DSP              |        -|    -|       -|      -|    -|
|Expression       |        -|    -|       0|     30|    -|
|FIFO             |        -|    -|       -|      -|    -|
|Instance         |        -|    -|       -|      -|    -|
|Memory           |        -|    -|       -|      -|    -|
|Multiplexer      |        -|    -|       0|     45|    -|
|Register         |        -|    -|     522|      -|    -|
+-----------------+---------+-----+--------+-------+-----+
|Total            |        0|    0|     522|     75|    0|
+-----------------+---------+-----+--------+-------+-----+
|Available        |      280|  220|  106400|  53200|    0|
+-----------------+---------+-----+--------+-------+-----+
|Utilization (%)  |        0|    0|      ~0|     ~0|    0|
+-----------------+---------+-----+--------+-------+-----+

+ Detail: 
    * Instance: 
    N/A

    * DSP: 
    N/A

    * Memory: 
    N/A

    * FIFO: 
    N/A

    * Expression: 
    +--------------------------------+----------+----+---+----+------------+------------+
    |          Variable Name         | Operation| DSP| FF| LUT| Bitwidth P0| Bitwidth P1|
    +--------------------------------+----------+----+---+----+------------+------------+
    |add_ln34_fu_934_p2              |         +|   0|  0|  13|           4|           1|
    |ap_block_pp0_stage0_01001_grp1  |       and|   0|  0|   2|           1|           1|
    |icmp_ln34_fu_928_p2             |      icmp|   0|  0|  13|           4|           5|
    |ap_enable_pp0                   |       xor|   0|  0|   2|           1|           2|
    +--------------------------------+----------+----+---+----+------------+------------+
    |Total                           |          |   0|  0|  30|          10|           9|
    +--------------------------------+----------+----+---+----+------------+------------+

    * Multiplexer: 
    +-------------------------+----+-----------+-----+-----------+
    |           Name          | LUT| Input Size| Bits| Total Bits|
    +-------------------------+----+-----------+-----+-----------+
    |ap_done_int              |   9|          2|    1|          2|
    |ap_enable_reg_pp0_iter1  |   9|          2|    1|          2|
    |ap_sig_allocacmp_i_in_1  |   9|          2|    4|          8|
    |i_in_fu_206              |   9|          2|    4|          8|
    |in_local_blk_n           |   9|          2|    1|          2|
    +-------------------------+----+-----------+-----+-----------+
    |Total                    |  45|         10|   11|         22|
    +-------------------------+----+-----------+-----+-----------+

    * Register: 
    +-------------------------+---+----+-----+-----------+
    |           Name          | FF| LUT| Bits| Const Bits|
    +-------------------------+---+----+-----+-----------+
    |ap_CS_fsm                |  1|   0|    1|          0|
    |ap_done_reg              |  1|   0|    1|          0|
    |ap_enable_reg_pp0_iter1  |  1|   0|    1|          0|
    |i_in_fu_206              |  4|   0|    4|          0|
    |p_0_0_0_0_0113_fu_434    |  8|   0|    8|          0|
    |p_0_0_0_0_017_fu_242     |  8|   0|    8|          0|
    |p_0_0_0_0_01_fu_210      |  8|   0|    8|          0|
    |p_0_0_0_0_033_fu_274     |  8|   0|    8|          0|
    |p_0_0_0_0_049_fu_306     |  8|   0|    8|          0|
    |p_0_0_0_0_065_fu_338     |  8|   0|    8|          0|
    |p_0_0_0_0_081_fu_370     |  8|   0|    8|          0|
    |p_0_0_0_0_097_fu_402     |  8|   0|    8|          0|
    |p_0_1_0_0_0115_fu_438    |  8|   0|    8|          0|
    |p_0_1_0_0_019_fu_246     |  8|   0|    8|          0|
    |p_0_1_0_0_035_fu_278     |  8|   0|    8|          0|
    |p_0_1_0_0_03_fu_214      |  8|   0|    8|          0|
    |p_0_1_0_0_051_fu_310     |  8|   0|    8|          0|
    |p_0_1_0_0_067_fu_342     |  8|   0|    8|          0|
    |p_0_1_0_0_083_fu_374     |  8|   0|    8|          0|
    |p_0_1_0_0_099_fu_406     |  8|   0|    8|          0|
    |p_0_2_0_0_0101_fu_410    |  8|   0|    8|          0|
    |p_0_2_0_0_0117_fu_442    |  8|   0|    8|          0|
    |p_0_2_0_0_021_fu_250     |  8|   0|    8|          0|
    |p_0_2_0_0_037_fu_282     |  8|   0|    8|          0|
    |p_0_2_0_0_053_fu_314     |  8|   0|    8|          0|
    |p_0_2_0_0_05_fu_218      |  8|   0|    8|          0|
    |p_0_2_0_0_069_fu_346     |  8|   0|    8|          0|
    |p_0_2_0_0_085_fu_378     |  8|   0|    8|          0|
    |p_0_3_0_0_0103_fu_414    |  8|   0|    8|          0|
    |p_0_3_0_0_0119_fu_446    |  8|   0|    8|          0|
    |p_0_3_0_0_023_fu_254     |  8|   0|    8|          0|
    |p_0_3_0_0_039_fu_286     |  8|   0|    8|          0|
    |p_0_3_0_0_055_fu_318     |  8|   0|    8|          0|
    |p_0_3_0_0_071_fu_350     |  8|   0|    8|          0|
    |p_0_3_0_0_07_fu_222      |  8|   0|    8|          0|
    |p_0_3_0_0_087_fu_382     |  8|   0|    8|          0|
    |p_0_4_0_0_0105_fu_418    |  8|   0|    8|          0|
    |p_0_4_0_0_0121_fu_450    |  8|   0|    8|          0|
    |p_0_4_0_0_025_fu_258     |  8|   0|    8|          0|
    |p_0_4_0_0_041_fu_290     |  8|   0|    8|          0|
    |p_0_4_0_0_057_fu_322     |  8|   0|    8|          0|
    |p_0_4_0_0_073_fu_354     |  8|   0|    8|          0|
    |p_0_4_0_0_089_fu_386     |  8|   0|    8|          0|
    |p_0_4_0_0_09_fu_226      |  8|   0|    8|          0|
    |p_0_5_0_0_0107_fu_422    |  8|   0|    8|          0|
    |p_0_5_0_0_011_fu_230     |  8|   0|    8|          0|
    |p_0_5_0_0_0123_fu_454    |  8|   0|    8|          0|
    |p_0_5_0_0_027_fu_262     |  8|   0|    8|          0|
    |p_0_5_0_0_043_fu_294     |  8|   0|    8|          0|
    |p_0_5_0_0_059_fu_326     |  8|   0|    8|          0|
    |p_0_5_0_0_075_fu_358     |  8|   0|    8|          0|
    |p_0_5_0_0_091_fu_390     |  8|   0|    8|          0|
    |p_0_6_0_0_0109_fu_426    |  8|   0|    8|          0|
    |p_0_6_0_0_0125_fu_458    |  8|   0|    8|          0|
    |p_0_6_0_0_013_fu_234     |  8|   0|    8|          0|
    |p_0_6_0_0_029_fu_266     |  8|   0|    8|          0|
    |p_0_6_0_0_045_fu_298     |  8|   0|    8|          0|
    |p_0_6_0_0_061_fu_330     |  8|   0|    8|          0|
    |p_0_6_0_0_077_fu_362     |  8|   0|    8|          0|
    |p_0_6_0_0_093_fu_394     |  8|   0|    8|          0|
    |p_0_7_0_0_0111_fu_430    |  8|   0|    8|          0|
    |p_0_7_0_0_0127_fu_462    |  8|   0|    8|          0|
    |p_0_7_0_0_015_fu_238     |  8|   0|    8|          0|
    |p_0_7_0_0_031_fu_270     |  8|   0|    8|          0|
    |p_0_7_0_0_047_fu_302     |  8|   0|    8|          0|
    |p_0_7_0_0_063_fu_334     |  8|   0|    8|          0|
    |p_0_7_0_0_079_fu_366     |  8|   0|    8|          0|
    |p_0_7_0_0_095_fu_398     |  8|   0|    8|          0|
    |trunc_ln34_reg_1993      |  3|   0|    3|          0|
    +-------------------------+---+----+-----+-----------+
    |Total                    |522|   0|  522|          0|
    +-------------------------+---+----+-----+-----------+



================================================================
== Interface
================================================================
* Summary: 
+---------------------------+-----+-----+------------+----------------------------------------------------------------------------+--------------+
|         RTL Ports         | Dir | Bits|  Protocol  |                                Source Object                               |    C Type    |
+---------------------------+-----+-----+------------+----------------------------------------------------------------------------+--------------+
|ap_clk                     |   in|    1|  ap_ctrl_hs|  dense<array,array<ap_fixed<25,12,5,3,0>,32u>,config3>_Pipeline_DataPrepare|  return value|
|ap_rst                     |   in|    1|  ap_ctrl_hs|  dense<array,array<ap_fixed<25,12,5,3,0>,32u>,config3>_Pipeline_DataPrepare|  return value|
|ap_start                   |   in|    1|  ap_ctrl_hs|  dense<array,array<ap_fixed<25,12,5,3,0>,32u>,config3>_Pipeline_DataPrepare|  return value|
|ap_done                    |  out|    1|  ap_ctrl_hs|  dense<array,array<ap_fixed<25,12,5,3,0>,32u>,config3>_Pipeline_DataPrepare|  return value|
|ap_idle                    |  out|    1|  ap_ctrl_hs|  dense<array,array<ap_fixed<25,12,5,3,0>,32u>,config3>_Pipeline_DataPrepare|  return value|
|ap_ready                   |  out|    1|  ap_ctrl_hs|  dense<array,array<ap_fixed<25,12,5,3,0>,32u>,config3>_Pipeline_DataPrepare|  return value|
|in_local_dout              |   in|   64|     ap_fifo|                                                                    in_local|       pointer|
|in_local_empty_n           |   in|    1|     ap_fifo|                                                                    in_local|       pointer|
|in_local_read              |  out|    1|     ap_fifo|                                                                    in_local|       pointer|
|p_0_7_0_0_0127_out         |  out|    8|      ap_vld|                                                          p_0_7_0_0_0127_out|       pointer|
|p_0_7_0_0_0127_out_ap_vld  |  out|    1|      ap_vld|                                                          p_0_7_0_0_0127_out|       pointer|
|p_0_6_0_0_0125_out         |  out|    8|      ap_vld|                                                          p_0_6_0_0_0125_out|       pointer|
|p_0_6_0_0_0125_out_ap_vld  |  out|    1|      ap_vld|                                                          p_0_6_0_0_0125_out|       pointer|
|p_0_5_0_0_0123_out         |  out|    8|      ap_vld|                                                          p_0_5_0_0_0123_out|       pointer|
|p_0_5_0_0_0123_out_ap_vld  |  out|    1|      ap_vld|                                                          p_0_5_0_0_0123_out|       pointer|
|p_0_4_0_0_0121_out         |  out|    8|      ap_vld|                                                          p_0_4_0_0_0121_out|       pointer|
|p_0_4_0_0_0121_out_ap_vld  |  out|    1|      ap_vld|                                                          p_0_4_0_0_0121_out|       pointer|
|p_0_3_0_0_0119_out         |  out|    8|      ap_vld|                                                          p_0_3_0_0_0119_out|       pointer|
|p_0_3_0_0_0119_out_ap_vld  |  out|    1|      ap_vld|                                                          p_0_3_0_0_0119_out|       pointer|
|p_0_2_0_0_0117_out         |  out|    8|      ap_vld|                                                          p_0_2_0_0_0117_out|       pointer|
|p_0_2_0_0_0117_out_ap_vld  |  out|    1|      ap_vld|                                                          p_0_2_0_0_0117_out|       pointer|
|p_0_1_0_0_0115_out         |  out|    8|      ap_vld|                                                          p_0_1_0_0_0115_out|       pointer|
|p_0_1_0_0_0115_out_ap_vld  |  out|    1|      ap_vld|                                                          p_0_1_0_0_0115_out|       pointer|
|p_0_0_0_0_0113_out         |  out|    8|      ap_vld|                                                          p_0_0_0_0_0113_out|       pointer|
|p_0_0_0_0_0113_out_ap_vld  |  out|    1|      ap_vld|                                                          p_0_0_0_0_0113_out|       pointer|
|p_0_7_0_0_0111_out         |  out|    8|      ap_vld|                                                          p_0_7_0_0_0111_out|       pointer|
|p_0_7_0_0_0111_out_ap_vld  |  out|    1|      ap_vld|                                                          p_0_7_0_0_0111_out|       pointer|
|p_0_6_0_0_0109_out         |  out|    8|      ap_vld|                                                          p_0_6_0_0_0109_out|       pointer|
|p_0_6_0_0_0109_out_ap_vld  |  out|    1|      ap_vld|                                                          p_0_6_0_0_0109_out|       pointer|
|p_0_5_0_0_0107_out         |  out|    8|      ap_vld|                                                          p_0_5_0_0_0107_out|       pointer|
|p_0_5_0_0_0107_out_ap_vld  |  out|    1|      ap_vld|                                                          p_0_5_0_0_0107_out|       pointer|
|p_0_4_0_0_0105_out         |  out|    8|      ap_vld|                                                          p_0_4_0_0_0105_out|       pointer|
|p_0_4_0_0_0105_out_ap_vld  |  out|    1|      ap_vld|                                                          p_0_4_0_0_0105_out|       pointer|
|p_0_3_0_0_0103_out         |  out|    8|      ap_vld|                                                          p_0_3_0_0_0103_out|       pointer|
|p_0_3_0_0_0103_out_ap_vld  |  out|    1|      ap_vld|                                                          p_0_3_0_0_0103_out|       pointer|
|p_0_2_0_0_0101_out         |  out|    8|      ap_vld|                                                          p_0_2_0_0_0101_out|       pointer|
|p_0_2_0_0_0101_out_ap_vld  |  out|    1|      ap_vld|                                                          p_0_2_0_0_0101_out|       pointer|
|p_0_1_0_0_099_out          |  out|    8|      ap_vld|                                                           p_0_1_0_0_099_out|       pointer|
|p_0_1_0_0_099_out_ap_vld   |  out|    1|      ap_vld|                                                           p_0_1_0_0_099_out|       pointer|
|p_0_0_0_0_097_out          |  out|    8|      ap_vld|                                                           p_0_0_0_0_097_out|       pointer|
|p_0_0_0_0_097_out_ap_vld   |  out|    1|      ap_vld|                                                           p_0_0_0_0_097_out|       pointer|
|p_0_7_0_0_095_out          |  out|    8|      ap_vld|                                                           p_0_7_0_0_095_out|       pointer|
|p_0_7_0_0_095_out_ap_vld   |  out|    1|      ap_vld|                                                           p_0_7_0_0_095_out|       pointer|
|p_0_6_0_0_093_out          |  out|    8|      ap_vld|                                                           p_0_6_0_0_093_out|       pointer|
|p_0_6_0_0_093_out_ap_vld   |  out|    1|      ap_vld|                                                           p_0_6_0_0_093_out|       pointer|
|p_0_5_0_0_091_out          |  out|    8|      ap_vld|                                                           p_0_5_0_0_091_out|       pointer|
|p_0_5_0_0_091_out_ap_vld   |  out|    1|      ap_vld|                                                           p_0_5_0_0_091_out|       pointer|
|p_0_4_0_0_089_out          |  out|    8|      ap_vld|                                                           p_0_4_0_0_089_out|       pointer|
|p_0_4_0_0_089_out_ap_vld   |  out|    1|      ap_vld|                                                           p_0_4_0_0_089_out|       pointer|
|p_0_3_0_0_087_out          |  out|    8|      ap_vld|                                                           p_0_3_0_0_087_out|       pointer|
|p_0_3_0_0_087_out_ap_vld   |  out|    1|      ap_vld|                                                           p_0_3_0_0_087_out|       pointer|
|p_0_2_0_0_085_out          |  out|    8|      ap_vld|                                                           p_0_2_0_0_085_out|       pointer|
|p_0_2_0_0_085_out_ap_vld   |  out|    1|      ap_vld|                                                           p_0_2_0_0_085_out|       pointer|
|p_0_1_0_0_083_out          |  out|    8|      ap_vld|                                                           p_0_1_0_0_083_out|       pointer|
|p_0_1_0_0_083_out_ap_vld   |  out|    1|      ap_vld|                                                           p_0_1_0_0_083_out|       pointer|
|p_0_0_0_0_081_out          |  out|    8|      ap_vld|                                                           p_0_0_0_0_081_out|       pointer|
|p_0_0_0_0_081_out_ap_vld   |  out|    1|      ap_vld|                                                           p_0_0_0_0_081_out|       pointer|
|p_0_7_0_0_079_out          |  out|    8|      ap_vld|                                                           p_0_7_0_0_079_out|       pointer|
|p_0_7_0_0_079_out_ap_vld   |  out|    1|      ap_vld|                                                           p_0_7_0_0_079_out|       pointer|
|p_0_6_0_0_077_out          |  out|    8|      ap_vld|                                                           p_0_6_0_0_077_out|       pointer|
|p_0_6_0_0_077_out_ap_vld   |  out|    1|      ap_vld|                                                           p_0_6_0_0_077_out|       pointer|
|p_0_5_0_0_075_out          |  out|    8|      ap_vld|                                                           p_0_5_0_0_075_out|       pointer|
|p_0_5_0_0_075_out_ap_vld   |  out|    1|      ap_vld|                                                           p_0_5_0_0_075_out|       pointer|
|p_0_4_0_0_073_out          |  out|    8|      ap_vld|                                                           p_0_4_0_0_073_out|       pointer|
|p_0_4_0_0_073_out_ap_vld   |  out|    1|      ap_vld|                                                           p_0_4_0_0_073_out|       pointer|
|p_0_3_0_0_071_out          |  out|    8|      ap_vld|                                                           p_0_3_0_0_071_out|       pointer|
|p_0_3_0_0_071_out_ap_vld   |  out|    1|      ap_vld|                                                           p_0_3_0_0_071_out|       pointer|
|p_0_2_0_0_069_out          |  out|    8|      ap_vld|                                                           p_0_2_0_0_069_out|       pointer|
|p_0_2_0_0_069_out_ap_vld   |  out|    1|      ap_vld|                                                           p_0_2_0_0_069_out|       pointer|
|p_0_1_0_0_067_out          |  out|    8|      ap_vld|                                                           p_0_1_0_0_067_out|       pointer|
|p_0_1_0_0_067_out_ap_vld   |  out|    1|      ap_vld|                                                           p_0_1_0_0_067_out|       pointer|
|p_0_0_0_0_065_out          |  out|    8|      ap_vld|                                                           p_0_0_0_0_065_out|       pointer|
|p_0_0_0_0_065_out_ap_vld   |  out|    1|      ap_vld|                                                           p_0_0_0_0_065_out|       pointer|
|p_0_7_0_0_063_out          |  out|    8|      ap_vld|                                                           p_0_7_0_0_063_out|       pointer|
|p_0_7_0_0_063_out_ap_vld   |  out|    1|      ap_vld|                                                           p_0_7_0_0_063_out|       pointer|
|p_0_6_0_0_061_out          |  out|    8|      ap_vld|                                                           p_0_6_0_0_061_out|       pointer|
|p_0_6_0_0_061_out_ap_vld   |  out|    1|      ap_vld|                                                           p_0_6_0_0_061_out|       pointer|
|p_0_5_0_0_059_out          |  out|    8|      ap_vld|                                                           p_0_5_0_0_059_out|       pointer|
|p_0_5_0_0_059_out_ap_vld   |  out|    1|      ap_vld|                                                           p_0_5_0_0_059_out|       pointer|
|p_0_4_0_0_057_out          |  out|    8|      ap_vld|                                                           p_0_4_0_0_057_out|       pointer|
|p_0_4_0_0_057_out_ap_vld   |  out|    1|      ap_vld|                                                           p_0_4_0_0_057_out|       pointer|
|p_0_3_0_0_055_out          |  out|    8|      ap_vld|                                                           p_0_3_0_0_055_out|       pointer|
|p_0_3_0_0_055_out_ap_vld   |  out|    1|      ap_vld|                                                           p_0_3_0_0_055_out|       pointer|
|p_0_2_0_0_053_out          |  out|    8|      ap_vld|                                                           p_0_2_0_0_053_out|       pointer|
|p_0_2_0_0_053_out_ap_vld   |  out|    1|      ap_vld|                                                           p_0_2_0_0_053_out|       pointer|
|p_0_1_0_0_051_out          |  out|    8|      ap_vld|                                                           p_0_1_0_0_051_out|       pointer|
|p_0_1_0_0_051_out_ap_vld   |  out|    1|      ap_vld|                                                           p_0_1_0_0_051_out|       pointer|
|p_0_0_0_0_049_out          |  out|    8|      ap_vld|                                                           p_0_0_0_0_049_out|       pointer|
|p_0_0_0_0_049_out_ap_vld   |  out|    1|      ap_vld|                                                           p_0_0_0_0_049_out|       pointer|
|p_0_7_0_0_047_out          |  out|    8|      ap_vld|                                                           p_0_7_0_0_047_out|       pointer|
|p_0_7_0_0_047_out_ap_vld   |  out|    1|      ap_vld|                                                           p_0_7_0_0_047_out|       pointer|
|p_0_6_0_0_045_out          |  out|    8|      ap_vld|                                                           p_0_6_0_0_045_out|       pointer|
|p_0_6_0_0_045_out_ap_vld   |  out|    1|      ap_vld|                                                           p_0_6_0_0_045_out|       pointer|
|p_0_5_0_0_043_out          |  out|    8|      ap_vld|                                                           p_0_5_0_0_043_out|       pointer|
|p_0_5_0_0_043_out_ap_vld   |  out|    1|      ap_vld|                                                           p_0_5_0_0_043_out|       pointer|
|p_0_4_0_0_041_out          |  out|    8|      ap_vld|                                                           p_0_4_0_0_041_out|       pointer|
|p_0_4_0_0_041_out_ap_vld   |  out|    1|      ap_vld|                                                           p_0_4_0_0_041_out|       pointer|
|p_0_3_0_0_039_out          |  out|    8|      ap_vld|                                                           p_0_3_0_0_039_out|       pointer|
|p_0_3_0_0_039_out_ap_vld   |  out|    1|      ap_vld|                                                           p_0_3_0_0_039_out|       pointer|
|p_0_2_0_0_037_out          |  out|    8|      ap_vld|                                                           p_0_2_0_0_037_out|       pointer|
|p_0_2_0_0_037_out_ap_vld   |  out|    1|      ap_vld|                                                           p_0_2_0_0_037_out|       pointer|
|p_0_1_0_0_035_out          |  out|    8|      ap_vld|                                                           p_0_1_0_0_035_out|       pointer|
|p_0_1_0_0_035_out_ap_vld   |  out|    1|      ap_vld|                                                           p_0_1_0_0_035_out|       pointer|
|p_0_0_0_0_033_out          |  out|    8|      ap_vld|                                                           p_0_0_0_0_033_out|       pointer|
|p_0_0_0_0_033_out_ap_vld   |  out|    1|      ap_vld|                                                           p_0_0_0_0_033_out|       pointer|
|p_0_7_0_0_031_out          |  out|    8|      ap_vld|                                                           p_0_7_0_0_031_out|       pointer|
|p_0_7_0_0_031_out_ap_vld   |  out|    1|      ap_vld|                                                           p_0_7_0_0_031_out|       pointer|
|p_0_6_0_0_029_out          |  out|    8|      ap_vld|                                                           p_0_6_0_0_029_out|       pointer|
|p_0_6_0_0_029_out_ap_vld   |  out|    1|      ap_vld|                                                           p_0_6_0_0_029_out|       pointer|
|p_0_5_0_0_027_out          |  out|    8|      ap_vld|                                                           p_0_5_0_0_027_out|       pointer|
|p_0_5_0_0_027_out_ap_vld   |  out|    1|      ap_vld|                                                           p_0_5_0_0_027_out|       pointer|
|p_0_4_0_0_025_out          |  out|    8|      ap_vld|                                                           p_0_4_0_0_025_out|       pointer|
|p_0_4_0_0_025_out_ap_vld   |  out|    1|      ap_vld|                                                           p_0_4_0_0_025_out|       pointer|
|p_0_3_0_0_023_out          |  out|    8|      ap_vld|                                                           p_0_3_0_0_023_out|       pointer|
|p_0_3_0_0_023_out_ap_vld   |  out|    1|      ap_vld|                                                           p_0_3_0_0_023_out|       pointer|
|p_0_2_0_0_021_out          |  out|    8|      ap_vld|                                                           p_0_2_0_0_021_out|       pointer|
|p_0_2_0_0_021_out_ap_vld   |  out|    1|      ap_vld|                                                           p_0_2_0_0_021_out|       pointer|
|p_0_1_0_0_019_out          |  out|    8|      ap_vld|                                                           p_0_1_0_0_019_out|       pointer|
|p_0_1_0_0_019_out_ap_vld   |  out|    1|      ap_vld|                                                           p_0_1_0_0_019_out|       pointer|
|p_0_0_0_0_017_out          |  out|    8|      ap_vld|                                                           p_0_0_0_0_017_out|       pointer|
|p_0_0_0_0_017_out_ap_vld   |  out|    1|      ap_vld|                                                           p_0_0_0_0_017_out|       pointer|
|p_0_7_0_0_015_out          |  out|    8|      ap_vld|                                                           p_0_7_0_0_015_out|       pointer|
|p_0_7_0_0_015_out_ap_vld   |  out|    1|      ap_vld|                                                           p_0_7_0_0_015_out|       pointer|
|p_0_6_0_0_013_out          |  out|    8|      ap_vld|                                                           p_0_6_0_0_013_out|       pointer|
|p_0_6_0_0_013_out_ap_vld   |  out|    1|      ap_vld|                                                           p_0_6_0_0_013_out|       pointer|
|p_0_5_0_0_011_out          |  out|    8|      ap_vld|                                                           p_0_5_0_0_011_out|       pointer|
|p_0_5_0_0_011_out_ap_vld   |  out|    1|      ap_vld|                                                           p_0_5_0_0_011_out|       pointer|
|p_0_4_0_0_09_out           |  out|    8|      ap_vld|                                                            p_0_4_0_0_09_out|       pointer|
|p_0_4_0_0_09_out_ap_vld    |  out|    1|      ap_vld|                                                            p_0_4_0_0_09_out|       pointer|
|p_0_3_0_0_07_out           |  out|    8|      ap_vld|                                                            p_0_3_0_0_07_out|       pointer|
|p_0_3_0_0_07_out_ap_vld    |  out|    1|      ap_vld|                                                            p_0_3_0_0_07_out|       pointer|
|p_0_2_0_0_05_out           |  out|    8|      ap_vld|                                                            p_0_2_0_0_05_out|       pointer|
|p_0_2_0_0_05_out_ap_vld    |  out|    1|      ap_vld|                                                            p_0_2_0_0_05_out|       pointer|
|p_0_1_0_0_03_out           |  out|    8|      ap_vld|                                                            p_0_1_0_0_03_out|       pointer|
|p_0_1_0_0_03_out_ap_vld    |  out|    1|      ap_vld|                                                            p_0_1_0_0_03_out|       pointer|
|p_0_0_0_0_01_out           |  out|    8|      ap_vld|                                                            p_0_0_0_0_01_out|       pointer|
|p_0_0_0_0_01_out_ap_vld    |  out|    1|      ap_vld|                                                            p_0_0_0_0_01_out|       pointer|
+---------------------------+-----+-----+------------+----------------------------------------------------------------------------+--------------+

