

================================================================
== Vitis HLS Report for 'dense_latency_ap_fixed_6_4_0_0_0_ap_fixed_18_14_5_3_0_config5_s'
================================================================
* Date:           Sun May 17 14:56:13 2026

* Version:        2025.1 (Build 6135595 on May 21 2025)
* Project:        wedrowiec_hls_prj
* Solution:       solution1 (Vivado IP Flow Target)
* Product family: zynq
* Target device:  xc7z020-clg400-1


================================================================
== Performance Estimates
================================================================
+ Timing: 
    * Summary: 
    +--------+----------+-----------+------------+
    |  Clock |  Target  | Estimated | Uncertainty|
    +--------+----------+-----------+------------+
    |ap_clk  |  20.00 ns|  13.111 ns|     5.40 ns|
    +--------+----------+-----------+------------+

+ Latency: 
    * Summary: 
    +---------+---------+-----------+-----------+-----+-----+---------+
    |  Latency (cycles) |   Latency (absolute)  |  Interval | Pipeline|
    |   min   |   max   |    min    |    max    | min | max |   Type  |
    +---------+---------+-----------+-----------+-----+-----+---------+
    |        1|        1|  20.000 ns|  20.000 ns|    1|    1|       no|
    +---------+---------+-----------+-----------+-----+-----+---------+

    + Detail: 
        * Instance: 
        N/A

        * Loop: 
        N/A



================================================================
== Utilization Estimates
================================================================
* Summary: 
+-----------------+---------+-----+--------+-------+-----+
|       Name      | BRAM_18K| DSP |   FF   |  LUT  | URAM|
+-----------------+---------+-----+--------+-------+-----+
|DSP              |        -|    -|       -|      -|    -|
|Expression       |        -|    -|       0|   7959|    -|
|FIFO             |        -|    -|       -|      -|    -|
|Instance         |        -|    -|       -|      -|    -|
|Memory           |        -|    -|       -|      -|    -|
|Multiplexer      |        -|    -|       0|    302|    -|
|Register         |        -|    -|    1185|      -|    -|
+-----------------+---------+-----+--------+-------+-----+
|Total            |        0|    0|    1185|   8261|    0|
+-----------------+---------+-----+--------+-------+-----+
|Available        |      280|  220|  106400|  53200|    0|
+-----------------+---------+-----+--------+-------+-----+
|Utilization (%)  |        0|    0|       1|     15|    0|
+-----------------+---------+-----+--------+-------+-----+

+ Detail: 
    * Instance: 
    N/A

    * DSP: 
    N/A

    * Memory: 
    N/A

    * FIFO: 
    N/A

    * Expression: 
    +--------------------------+----------+----+---+----+------------+------------+
    |       Variable Name      | Operation| DSP| FF| LUT| Bitwidth P0| Bitwidth P1|
    +--------------------------+----------+----+---+----+------------+------------+
    |add_ln58_1000_fu_4070_p2  |         +|   0|  0|  14|           7|           7|
    |add_ln58_1001_fu_4079_p2  |         +|   0|  0|  15|           8|           8|
    |add_ln58_1002_fu_4088_p2  |         +|   0|  0|  14|           9|           9|
    |add_ln58_1003_fu_4098_p2  |         +|   0|  0|  10|          10|          10|
    |add_ln58_1004_fu_2512_p2  |         +|   0|  0|   9|           9|           9|
    |add_ln58_1005_fu_2518_p2  |         +|   0|  0|  14|           7|           7|
    |add_ln58_1006_fu_2528_p2  |         +|   0|  0|   9|           9|           9|
    |add_ln58_1007_fu_2534_p2  |         +|   0|  0|   9|           9|           9|
    |add_ln58_1008_fu_4114_p2  |         +|   0|  0|  10|          10|          10|
    |add_ln58_1009_fu_2540_p2  |         +|   0|  0|  15|           8|           8|
    |add_ln58_1010_fu_4123_p2  |         +|   0|  0|  10|          10|          10|
    |add_ln58_1011_fu_4152_p2  |         +|   0|  0|  11|          11|          11|
    |add_ln58_1012_fu_4164_p2  |         +|   0|  0|   8|           8|           8|
    |add_ln58_1013_fu_4174_p2  |         +|   0|  0|  11|          11|          11|
    |add_ln58_1014_fu_4199_p2  |         +|   0|  0|  14|           7|           7|
    |add_ln58_1015_fu_4208_p2  |         +|   0|  0|  15|           8|           8|
    |add_ln58_1016_fu_4217_p2  |         +|   0|  0|  14|           9|           9|
    |add_ln58_1017_fu_4227_p2  |         +|   0|  0|  11|          11|          11|
    |add_ln58_1018_fu_2546_p2  |         +|   0|  0|   9|           9|           9|
    |add_ln58_1019_fu_2552_p2  |         +|   0|  0|  14|           7|           7|
    |add_ln58_1020_fu_2562_p2  |         +|   0|  0|   9|           9|           9|
    |add_ln58_1021_fu_2588_p2  |         +|   0|  0|  10|          10|          10|
    |add_ln58_1022_fu_2600_p2  |         +|   0|  0|   8|           8|           8|
    |add_ln58_1023_fu_2610_p2  |         +|   0|  0|  10|          10|          10|
    |add_ln58_1024_fu_4246_p2  |         +|   0|  0|  11|          11|          11|
    |add_ln58_1025_fu_4266_p2  |         +|   0|  0|  11|          11|          11|
    |add_ln58_1026_fu_4272_p2  |         +|   0|  0|  14|           7|           7|
    |add_ln58_1027_fu_4280_p2  |         +|   0|  0|  14|           7|           7|
    |add_ln58_1028_fu_4290_p2  |         +|   0|  0|  15|           8|           8|
    |add_ln58_1029_fu_4300_p2  |         +|   0|  0|  14|           9|           9|
    |add_ln58_1030_fu_4310_p2  |         +|   0|  0|  11|          11|          11|
    |add_ln58_1031_fu_2616_p2  |         +|   0|  0|   8|           8|           8|
    |add_ln58_1032_fu_2632_p2  |         +|   0|  0|  15|           8|           8|
    |add_ln58_1033_fu_2642_p2  |         +|   0|  0|   9|           9|           9|
    |add_ln58_1034_fu_4328_p2  |         +|   0|  0|  10|          10|          10|
    |add_ln58_1035_fu_4333_p2  |         +|   0|  0|  14|           7|           7|
    |add_ln58_1036_fu_4345_p2  |         +|   0|  0|  15|           8|           8|
    |add_ln58_1037_fu_4355_p2  |         +|   0|  0|  10|          10|          10|
    |add_ln58_1038_fu_4375_p2  |         +|   0|  0|  11|          11|          11|
    |add_ln58_1039_fu_4381_p2  |         +|   0|  0|  14|           7|           7|
    |add_ln58_1040_fu_4389_p2  |         +|   0|  0|  14|           7|           7|
    |add_ln58_1041_fu_4399_p2  |         +|   0|  0|  15|           8|           8|
    |add_ln58_1042_fu_4409_p2  |         +|   0|  0|  11|          11|          11|
    |add_ln58_1043_fu_4419_p2  |         +|   0|  0|  15|           8|           8|
    |add_ln58_1044_fu_4427_p2  |         +|   0|  0|  10|          10|          10|
    |add_ln58_1045_fu_4432_p2  |         +|   0|  0|  15|           8|           8|
    |add_ln58_1046_fu_4440_p2  |         +|   0|  0|  10|          10|          10|
    |add_ln58_1047_fu_4467_p2  |         +|   0|  0|  12|          11|          11|
    |add_ln58_1048_fu_4483_p2  |         +|   0|  0|   8|           8|           8|
    |add_ln58_1049_fu_4493_p2  |         +|   0|  0|  11|          11|          11|
    |add_ln58_1050_fu_4505_p2  |         +|   0|  0|   8|           8|           8|
    |add_ln58_1051_fu_4534_p2  |         +|   0|  0|  14|           9|           9|
    |add_ln58_1052_fu_4544_p2  |         +|   0|  0|  11|          11|          11|
    |add_ln58_1053_fu_2658_p2  |         +|   0|  0|  13|          10|          10|
    |add_ln58_1054_fu_4554_p2  |         +|   0|  0|  14|           7|           7|
    |add_ln58_1055_fu_4562_p2  |         +|   0|  0|  10|          10|          10|
    |add_ln58_1056_fu_4571_p2  |         +|   0|  0|  14|           7|           7|
    |add_ln58_1057_fu_4580_p2  |         +|   0|  0|  15|           8|           8|
    |add_ln58_1058_fu_4590_p2  |         +|   0|  0|  10|          10|          10|
    |add_ln58_1059_fu_4600_p2  |         +|   0|  0|  11|          11|          11|
    |add_ln58_1060_fu_4606_p2  |         +|   0|  0|   8|           8|           8|
    |add_ln58_1061_fu_4612_p2  |         +|   0|  0|   8|           8|           8|
    |add_ln58_1062_fu_4622_p2  |         +|   0|  0|  11|          11|          11|
    |add_ln58_1063_fu_4642_p2  |         +|   0|  0|  12|          11|          11|
    |add_ln58_1064_fu_4658_p2  |         +|   0|  0|   8|           8|           8|
    |add_ln58_1065_fu_4668_p2  |         +|   0|  0|  11|          11|          11|
    |add_ln58_1066_fu_4683_p2  |         +|   0|  0|  15|           8|           8|
    |add_ln58_1067_fu_4693_p2  |         +|   0|  0|  14|           7|           7|
    |add_ln58_1068_fu_4703_p2  |         +|   0|  0|  15|           8|           8|
    |add_ln58_1069_fu_4713_p2  |         +|   0|  0|  14|           9|           9|
    |add_ln58_1070_fu_4723_p2  |         +|   0|  0|  11|          11|          11|
    |add_ln58_1071_fu_4733_p2  |         +|   0|  0|  11|          11|          11|
    |add_ln58_1072_fu_4753_p2  |         +|   0|  0|  11|          11|          11|
    |add_ln58_1073_fu_4759_p2  |         +|   0|  0|  14|           7|           7|
    |add_ln58_1074_fu_4768_p2  |         +|   0|  0|  14|           7|           7|
    |add_ln58_1075_fu_4778_p2  |         +|   0|  0|  15|           8|           8|
    |add_ln58_1076_fu_4788_p2  |         +|   0|  0|  11|          11|          11|
    |add_ln58_1077_fu_4808_p2  |         +|   0|  0|  11|          11|          11|
    |add_ln58_1078_fu_4814_p2  |         +|   0|  0|  15|           8|           8|
    |add_ln58_1079_fu_4824_p2  |         +|   0|  0|  15|           8|           8|
    |add_ln58_1080_fu_4834_p2  |         +|   0|  0|  14|           9|           9|
    |add_ln58_1081_fu_4844_p2  |         +|   0|  0|  11|          11|          11|
    |add_ln58_1082_fu_4864_p2  |         +|   0|  0|  12|          11|          11|
    |add_ln58_1083_fu_4876_p2  |         +|   0|  0|   8|           8|           8|
    |add_ln58_1084_fu_4886_p2  |         +|   0|  0|  11|          11|          11|
    |add_ln58_1085_fu_4892_p2  |         +|   0|  0|  14|           7|           7|
    |add_ln58_1086_fu_4911_p2  |         +|   0|  0|  14|           7|           7|
    |add_ln58_1087_fu_4921_p2  |         +|   0|  0|  15|           8|           8|
    |add_ln58_1088_fu_4931_p2  |         +|   0|  0|  14|           9|           9|
    |add_ln58_1089_fu_4941_p2  |         +|   0|  0|  11|          11|          11|
    |add_ln58_1090_fu_4965_p2  |         +|   0|  0|  11|          11|          11|
    |add_ln58_1091_fu_4991_p2  |         +|   0|  0|  11|          11|          11|
    |add_ln58_1092_fu_5011_p2  |         +|   0|  0|  11|          11|          11|
    |add_ln58_1093_fu_5017_p2  |         +|   0|  0|  14|           7|           7|
    |add_ln58_1094_fu_5027_p2  |         +|   0|  0|  15|           8|           8|
    |add_ln58_1095_fu_5037_p2  |         +|   0|  0|  11|          11|          11|
    |add_ln58_1096_fu_2664_p2  |         +|   0|  0|  15|           8|           8|
    |add_ln58_1097_fu_2674_p2  |         +|   0|  0|   9|           9|           9|
    |add_ln58_1098_fu_2680_p2  |         +|   0|  0|  15|           8|           8|
    |add_ln58_1099_fu_2690_p2  |         +|   0|  0|   9|           9|           9|
    |add_ln58_1100_fu_2706_p2  |         +|   0|  0|  10|          10|          10|
    |add_ln58_1101_fu_5050_p2  |         +|   0|  0|  10|          10|          10|
    |add_ln58_1102_fu_5064_p2  |         +|   0|  0|   8|           8|           8|
    |add_ln58_1103_fu_5074_p2  |         +|   0|  0|  10|          10|          10|
    |add_ln58_1104_fu_5100_p2  |         +|   0|  0|  11|          11|          11|
    |add_ln58_1105_fu_5112_p2  |         +|   0|  0|   8|           8|           8|
    |add_ln58_1106_fu_5122_p2  |         +|   0|  0|  11|          11|          11|
    |add_ln58_1107_fu_2724_p2  |         +|   0|  0|   9|           9|           9|
    |add_ln58_1108_fu_2730_p2  |         +|   0|  0|  14|           7|           7|
    |add_ln58_1109_fu_2740_p2  |         +|   0|  0|   9|           9|           9|
    |add_ln58_1110_fu_5140_p2  |         +|   0|  0|  10|          10|          10|
    |add_ln58_1111_fu_5150_p2  |         +|   0|  0|   8|           8|           8|
    |add_ln58_1112_fu_5159_p2  |         +|   0|  0|  10|          10|          10|
    |add_ln58_1113_fu_5185_p2  |         +|   0|  0|  11|          11|          11|
    |add_ln58_1114_fu_5201_p2  |         +|   0|  0|  14|           7|           7|
    |add_ln58_1115_fu_5210_p2  |         +|   0|  0|  15|           8|           8|
    |add_ln58_1116_fu_5220_p2  |         +|   0|  0|  14|           9|           9|
    |add_ln58_1117_fu_5230_p2  |         +|   0|  0|  11|          11|          11|
    |add_ln58_1118_fu_5250_p2  |         +|   0|  0|  11|          11|          11|
    |add_ln58_1119_fu_5256_p2  |         +|   0|  0|  14|           7|           7|
    |add_ln58_1120_fu_5266_p2  |         +|   0|  0|  15|           8|           8|
    |add_ln58_1121_fu_5276_p2  |         +|   0|  0|  11|          11|          11|
    |add_ln58_1122_fu_5286_p2  |         +|   0|  0|  11|          11|          11|
    |add_ln58_1123_fu_5298_p2  |         +|   0|  0|  15|           8|           8|
    |add_ln58_1124_fu_5308_p2  |         +|   0|  0|  11|          11|          11|
    |add_ln58_1125_fu_5314_p2  |         +|   0|  0|  14|           7|           7|
    |add_ln58_1126_fu_5336_p2  |         +|   0|  0|  14|           7|           7|
    |add_ln58_1127_fu_5346_p2  |         +|   0|  0|  15|           8|           8|
    |add_ln58_1128_fu_5356_p2  |         +|   0|  0|  14|           9|           9|
    |add_ln58_1129_fu_5366_p2  |         +|   0|  0|  11|          11|          11|
    |add_ln58_1130_fu_2756_p2  |         +|   0|  0|   8|           8|           8|
    |add_ln58_1131_fu_2766_p2  |         +|   0|  0|  10|          10|          10|
    |add_ln58_1132_fu_2772_p2  |         +|   0|  0|  15|           8|           8|
    |add_ln58_1133_fu_2782_p2  |         +|   0|  0|  14|           7|           7|
    |add_ln58_1134_fu_2792_p2  |         +|   0|  0|  14|           9|           9|
    |add_ln58_1135_fu_2802_p2  |         +|   0|  0|  10|          10|          10|
    |add_ln58_1136_fu_5387_p2  |         +|   0|  0|  12|          11|          11|
    |add_ln58_1137_fu_5407_p2  |         +|   0|  0|  14|           9|           9|
    |add_ln58_1138_fu_5417_p2  |         +|   0|  0|  11|          11|          11|
    |add_ln58_1139_fu_5423_p2  |         +|   0|  0|  15|           8|           8|
    |add_ln58_1140_fu_5433_p2  |         +|   0|  0|  14|           7|           7|
    |add_ln58_1141_fu_5443_p2  |         +|   0|  0|  14|           7|           7|
    |add_ln58_1142_fu_5453_p2  |         +|   0|  0|  15|           8|           8|
    |add_ln58_1143_fu_5463_p2  |         +|   0|  0|  14|           9|           9|
    |add_ln58_1144_fu_5473_p2  |         +|   0|  0|  11|          11|          11|
    |add_ln58_1145_fu_5511_p2  |         +|   0|  0|  10|          10|          10|
    |add_ln58_1146_fu_5523_p2  |         +|   0|  0|   8|           8|           8|
    |add_ln58_1147_fu_5533_p2  |         +|   0|  0|  10|          10|          10|
    |add_ln58_1148_fu_5553_p2  |         +|   0|  0|  10|          10|          10|
    |add_ln58_1149_fu_5569_p2  |         +|   0|  0|  14|           7|           7|
    |add_ln58_1150_fu_5579_p2  |         +|   0|  0|  15|           8|           8|
    |add_ln58_1151_fu_5589_p2  |         +|   0|  0|  10|          10|          10|
    |add_ln58_1152_fu_5612_p2  |         +|   0|  0|  15|           8|           8|
    |add_ln58_1153_fu_5636_p2  |         +|   0|  0|  11|          11|          11|
    |add_ln58_1154_fu_5651_p2  |         +|   0|  0|  14|           7|           7|
    |add_ln58_1155_fu_5661_p2  |         +|   0|  0|  15|           8|           8|
    |add_ln58_1156_fu_5671_p2  |         +|   0|  0|  14|           9|           9|
    |add_ln58_1157_fu_5681_p2  |         +|   0|  0|  11|          11|          11|
    |add_ln58_1158_fu_5691_p2  |         +|   0|  0|  11|          11|          11|
    |add_ln58_1159_fu_5697_p2  |         +|   0|  0|  14|           7|           7|
    |add_ln58_1160_fu_5707_p2  |         +|   0|  0|  11|          11|          11|
    |add_ln58_1161_fu_2808_p2  |         +|   0|  0|  15|           8|           8|
    |add_ln58_1162_fu_2818_p2  |         +|   0|  0|   9|           9|           9|
    |add_ln58_1163_fu_2834_p2  |         +|   0|  0|   9|           9|           9|
    |add_ln58_1164_fu_2854_p2  |         +|   0|  0|  10|          10|          10|
    |add_ln58_1165_fu_5717_p2  |         +|   0|  0|  14|           7|           7|
    |add_ln58_1166_fu_5725_p2  |         +|   0|  0|  10|          10|          10|
    |add_ln58_1167_fu_5730_p2  |         +|   0|  0|  15|           8|           8|
    |add_ln58_1168_fu_5739_p2  |         +|   0|  0|  10|          10|          10|
    |add_ln58_1169_fu_5765_p2  |         +|   0|  0|  11|          11|          11|
    |add_ln58_1170_fu_5780_p2  |         +|   0|  0|  14|           7|           7|
    |add_ln58_1171_fu_5790_p2  |         +|   0|  0|  15|           8|           8|
    |add_ln58_1172_fu_5800_p2  |         +|   0|  0|  11|          11|          11|
    |add_ln58_1173_fu_5820_p2  |         +|   0|  0|  15|           8|           8|
    |add_ln58_1174_fu_5830_p2  |         +|   0|  0|  11|          11|          11|
    |add_ln58_1175_fu_5836_p2  |         +|   0|  0|  14|           7|           7|
    |add_ln58_1176_fu_5846_p2  |         +|   0|  0|  15|           8|           8|
    |add_ln58_1177_fu_5856_p2  |         +|   0|  0|  11|          11|          11|
    |add_ln58_1178_fu_5866_p2  |         +|   0|  0|  11|          11|          11|
    |add_ln58_1179_fu_5872_p2  |         +|   0|  0|  15|           8|           8|
    |add_ln58_1180_fu_5882_p2  |         +|   0|  0|  11|          11|          11|
    |add_ln58_1181_fu_5900_p2  |         +|   0|  0|  10|          10|          10|
    |add_ln58_1182_fu_5913_p2  |         +|   0|  0|  14|           7|           7|
    |add_ln58_1183_fu_5921_p2  |         +|   0|  0|  15|           8|           8|
    |add_ln58_1184_fu_5931_p2  |         +|   0|  0|  10|          10|          10|
    |add_ln58_1185_fu_5947_p2  |         +|   0|  0|  11|          11|          11|
    |add_ln58_1186_fu_5953_p2  |         +|   0|  0|  15|           8|           8|
    |add_ln58_1187_fu_5963_p2  |         +|   0|  0|  11|          11|          11|
    |add_ln58_1188_fu_5983_p2  |         +|   0|  0|  12|          11|          11|
    |add_ln58_1189_fu_5989_p2  |         +|   0|  0|  15|           8|           8|
    |add_ln58_1190_fu_6013_p2  |         +|   0|  0|  11|          11|          11|
    |add_ln58_1191_fu_2860_p2  |         +|   0|  0|  14|           7|           7|
    |add_ln58_1192_fu_6032_p2  |         +|   0|  0|  14|           7|           7|
    |add_ln58_1193_fu_6040_p2  |         +|   0|  0|  15|           8|           8|
    |add_ln58_1194_fu_6050_p2  |         +|   0|  0|  14|           9|           9|
    |add_ln58_1195_fu_6060_p2  |         +|   0|  0|  11|          11|          11|
    |add_ln58_1196_fu_6070_p2  |         +|   0|  0|   8|           8|           8|
    |add_ln58_1197_fu_6080_p2  |         +|   0|  0|  12|          12|          12|
    |add_ln58_1198_fu_2876_p2  |         +|   0|  0|  14|           7|           7|
    |add_ln58_1199_fu_2886_p2  |         +|   0|  0|   9|           9|           9|
    |add_ln58_1200_fu_2906_p2  |         +|   0|  0|  10|          10|          10|
    |add_ln58_1201_fu_2918_p2  |         +|   0|  0|  14|           7|           7|
    |add_ln58_1202_fu_2928_p2  |         +|   0|  0|   8|           8|           8|
    |add_ln58_1203_fu_2938_p2  |         +|   0|  0|  10|          10|          10|
    |add_ln58_1204_fu_6093_p2  |         +|   0|  0|  12|          11|          11|
    |add_ln58_1205_fu_6109_p2  |         +|   0|  0|  11|          11|          11|
    |add_ln58_1206_fu_6115_p2  |         +|   0|  0|  14|           7|           7|
    |add_ln58_1207_fu_6128_p2  |         +|   0|  0|  15|           8|           8|
    |add_ln58_1208_fu_6138_p2  |         +|   0|  0|  14|           9|           9|
    |add_ln58_1209_fu_6148_p2  |         +|   0|  0|  11|          11|          11|
    |add_ln58_1210_fu_2954_p2  |         +|   0|  0|  10|          10|          10|
    |add_ln58_1211_fu_2970_p2  |         +|   0|  0|  15|           8|           8|
    |add_ln58_1212_fu_2980_p2  |         +|   0|  0|  10|          10|          10|
    |add_ln58_1213_fu_6179_p2  |         +|   0|  0|  12|          11|          11|
    |add_ln58_1214_fu_6209_p2  |         +|   0|  0|  14|           9|           9|
    |add_ln58_1215_fu_6219_p2  |         +|   0|  0|  11|          11|          11|
    |add_ln58_1216_fu_6225_p2  |         +|   0|  0|  14|           7|           7|
    |add_ln58_1217_fu_6243_p2  |         +|   0|  0|  14|           7|           7|
    |add_ln58_1218_fu_6253_p2  |         +|   0|  0|  15|           8|           8|
    |add_ln58_1219_fu_6263_p2  |         +|   0|  0|  14|           9|           9|
    |add_ln58_1220_fu_6273_p2  |         +|   0|  0|  11|          11|          11|
    |add_ln58_1221_fu_6293_p2  |         +|   0|  0|  10|          10|          10|
    |add_ln58_1222_fu_6298_p2  |         +|   0|  0|  15|           8|           8|
    |add_ln58_1223_fu_6306_p2  |         +|   0|  0|  10|          10|          10|
    |add_ln58_1224_fu_6322_p2  |         +|   0|  0|  11|          11|          11|
    |add_ln58_1225_fu_6338_p2  |         +|   0|  0|  11|          11|          11|
    |add_ln58_1226_fu_6348_p2  |         +|   0|  0|  15|           8|           8|
    |add_ln58_1227_fu_6358_p2  |         +|   0|  0|  14|           9|           9|
    |add_ln58_1228_fu_6368_p2  |         +|   0|  0|  11|          11|          11|
    |add_ln58_1229_fu_6378_p2  |         +|   0|  0|  15|           8|           8|
    |add_ln58_1230_fu_6386_p2  |         +|   0|  0|  10|          10|          10|
    |add_ln58_1231_fu_6401_p2  |         +|   0|  0|  10|          10|          10|
    |add_ln58_1232_fu_6417_p2  |         +|   0|  0|  11|          11|          11|
    |add_ln58_1233_fu_6427_p2  |         +|   0|  0|  11|          11|          11|
    |add_ln58_1234_fu_6442_p2  |         +|   0|  0|  15|           8|           8|
    |add_ln58_1235_fu_6452_p2  |         +|   0|  0|  11|          11|          11|
    |add_ln58_1236_fu_3010_p2  |         +|   0|  0|  14|           7|           7|
    |add_ln58_1237_fu_3020_p2  |         +|   0|  0|   9|           9|           9|
    |add_ln58_1238_fu_3040_p2  |         +|   0|  0|  10|          10|          10|
    |add_ln58_1239_fu_3056_p2  |         +|   0|  0|  14|           7|           7|
    |add_ln58_1240_fu_3066_p2  |         +|   0|  0|  14|           9|           9|
    |add_ln58_1241_fu_3076_p2  |         +|   0|  0|  10|          10|          10|
    |add_ln58_1242_fu_6481_p2  |         +|   0|  0|   8|           8|           8|
    |add_ln58_1243_fu_6491_p2  |         +|   0|  0|  11|          11|          11|
    |add_ln58_1244_fu_6497_p2  |         +|   0|  0|  14|           7|           7|
    |add_ln58_1245_fu_6507_p2  |         +|   0|  0|  15|           8|           8|
    |add_ln58_1246_fu_6517_p2  |         +|   0|  0|  14|           9|           9|
    |add_ln58_1247_fu_6527_p2  |         +|   0|  0|  11|          11|          11|
    |add_ln58_1248_fu_6556_p2  |         +|   0|  0|  10|          10|          10|
    |add_ln58_1249_fu_6562_p2  |         +|   0|  0|  14|           7|           7|
    |add_ln58_1250_fu_6571_p2  |         +|   0|  0|  15|           8|           8|
    |add_ln58_1251_fu_6580_p2  |         +|   0|  0|  14|           9|           9|
    |add_ln58_1252_fu_6590_p2  |         +|   0|  0|  10|          10|          10|
    |add_ln58_1253_fu_3082_p2  |         +|   0|  0|  15|           8|           8|
    |add_ln58_1254_fu_3092_p2  |         +|   0|  0|   9|           9|           9|
    |add_ln58_1255_fu_3098_p2  |         +|   0|  0|  14|           7|           7|
    |add_ln58_1256_fu_3118_p2  |         +|   0|  0|   9|           9|           9|
    |add_ln58_1257_fu_3128_p2  |         +|   0|  0|  13|          10|          10|
    |add_ln58_1258_fu_3144_p2  |         +|   0|  0|  10|          10|          10|
    |add_ln58_1259_fu_3150_p2  |         +|   0|  0|  14|           7|           7|
    |add_ln58_1260_fu_3160_p2  |         +|   0|  0|  15|           8|           8|
    |add_ln58_1261_fu_3170_p2  |         +|   0|  0|  10|          10|          10|
    |add_ln58_1262_fu_6609_p2  |         +|   0|  0|  11|          11|          11|
    |add_ln58_1263_fu_6625_p2  |         +|   0|  0|  11|          11|          11|
    |add_ln58_1264_fu_6645_p2  |         +|   0|  0|  15|           8|           8|
    |add_ln58_1265_fu_6655_p2  |         +|   0|  0|  14|           9|           9|
    |add_ln58_1266_fu_6665_p2  |         +|   0|  0|  11|          11|          11|
    |add_ln58_864_fu_960_p2    |         +|   0|  0|  15|           8|           8|
    |add_ln58_865_fu_976_p2    |         +|   0|  0|  15|           8|           8|
    |add_ln58_866_fu_982_p2    |         +|   0|  0|  15|           8|           8|
    |add_ln58_867_fu_994_p2    |         +|   0|  0|  14|           7|           7|
    |add_ln58_868_fu_1016_p2   |         +|   0|  0|  14|           7|           3|
    |add_ln58_869_fu_1042_p2   |         +|   0|  0|  14|           7|           7|
    |add_ln58_870_fu_1062_p2   |         +|   0|  0|  15|           8|           8|
    |add_ln58_871_fu_1072_p2   |         +|   0|  0|  15|           8|           8|
    |add_ln58_872_fu_1114_p2   |         +|   0|  0|  14|           7|           7|
    |add_ln58_873_fu_1124_p2   |         +|   0|  0|  15|           8|           8|
    |add_ln58_874_fu_1160_p2   |         +|   0|  0|  14|           7|           7|
    |add_ln58_875_fu_1176_p2   |         +|   0|  0|  15|           8|           8|
    |add_ln58_876_fu_1192_p2   |         +|   0|  0|  14|           9|           9|
    |add_ln58_877_fu_1198_p2   |         +|   0|  0|   8|           8|           8|
    |add_ln58_878_fu_1204_p2   |         +|   0|  0|   8|           8|           8|
    |add_ln58_879_fu_1210_p2   |         +|   0|  0|  14|           7|           7|
    |add_ln58_880_fu_1220_p2   |         +|   0|  0|  15|           8|           8|
    |add_ln58_881_fu_1230_p2   |         +|   0|  0|  14|           7|           7|
    |add_ln58_882_fu_1240_p2   |         +|   0|  0|  15|           8|           8|
    |add_ln58_883_fu_1250_p2   |         +|   0|  0|  15|           8|           8|
    |add_ln58_884_fu_1260_p2   |         +|   0|  0|   8|           8|           8|
    |add_ln58_885_fu_1266_p2   |         +|   0|  0|  15|           8|           8|
    |add_ln58_886_fu_1282_p2   |         +|   0|  0|  15|           8|           8|
    |add_ln58_887_fu_1288_p2   |         +|   0|  0|   8|           8|           8|
    |add_ln58_888_fu_1294_p2   |         +|   0|  0|  14|           7|           7|
    |add_ln58_889_fu_1304_p2   |         +|   0|  0|  15|           8|           8|
    |add_ln58_890_fu_1326_p2   |         +|   0|  0|  15|           8|           8|
    |add_ln58_891_fu_1342_p2   |         +|   0|  0|  15|           8|           8|
    |add_ln58_892_fu_1348_p2   |         +|   0|  0|   9|           9|           9|
    |add_ln58_893_fu_1364_p2   |         +|   0|  0|   9|           9|           9|
    |add_ln58_894_fu_1374_p2   |         +|   0|  0|  14|           9|           9|
    |add_ln58_895_fu_1404_p2   |         +|   0|  0|  14|           7|           7|
    |add_ln58_896_fu_1414_p2   |         +|   0|  0|  15|           8|           8|
    |add_ln58_897_fu_1430_p2   |         +|   0|  0|   8|           8|           8|
    |add_ln58_898_fu_1446_p2   |         +|   0|  0|   8|           8|           8|
    |add_ln58_899_fu_1458_p2   |         +|   0|  0|   9|           9|           9|
    |add_ln58_900_fu_1464_p2   |         +|   0|  0|  14|           7|           7|
    |add_ln58_901_fu_1474_p2   |         +|   0|  0|  15|           8|           8|
    |add_ln58_902_fu_1484_p2   |         +|   0|  0|   9|           9|           9|
    |add_ln58_903_fu_1510_p2   |         +|   0|  0|   9|           9|           9|
    |add_ln58_904_fu_1536_p2   |         +|   0|  0|   8|           8|           8|
    |add_ln58_905_fu_1556_p2   |         +|   0|  0|  14|           7|           7|
    |add_ln58_906_fu_1566_p2   |         +|   0|  0|  15|           8|           8|
    |add_ln58_907_fu_1576_p2   |         +|   0|  0|   9|           9|           9|
    |add_ln58_908_fu_1596_p2   |         +|   0|  0|  14|           7|           7|
    |add_ln58_909_fu_1616_p2   |         +|   0|  0|   9|           9|           9|
    |add_ln58_910_fu_1648_p2   |         +|   0|  0|   9|           9|           9|
    |add_ln58_911_fu_1654_p2   |         +|   0|  0|   9|           9|           9|
    |add_ln58_912_fu_1660_p2   |         +|   0|  0|  14|           7|           7|
    |add_ln58_913_fu_1670_p2   |         +|   0|  0|   9|           9|           9|
    |add_ln58_914_fu_1676_p2   |         +|   0|  0|  15|           8|           8|
    |add_ln58_915_fu_1686_p2   |         +|   0|  0|  14|           9|           9|
    |add_ln58_916_fu_1702_p2   |         +|   0|  0|   9|           9|           9|
    |add_ln58_917_fu_1718_p2   |         +|   0|  0|  15|           8|           8|
    |add_ln58_918_fu_1728_p2   |         +|   0|  0|   9|           9|           9|
    |add_ln58_919_fu_1754_p2   |         +|   0|  0|   9|           9|           9|
    |add_ln58_920_fu_1770_p2   |         +|   0|  0|  14|           7|           7|
    |add_ln58_921_fu_1780_p2   |         +|   0|  0|  15|           8|           8|
    |add_ln58_922_fu_1806_p2   |         +|   0|  0|   9|           9|           9|
    |add_ln58_923_fu_1812_p2   |         +|   0|  0|  14|           7|           7|
    |add_ln58_924_fu_1832_p2   |         +|   0|  0|   9|           9|           9|
    |add_ln58_925_fu_1882_p2   |         +|   0|  0|   9|           9|           9|
    |add_ln58_926_fu_1918_p2   |         +|   0|  0|  15|           8|           8|
    |add_ln58_927_fu_1928_p2   |         +|   0|  0|   9|           9|           9|
    |add_ln58_928_fu_1938_p2   |         +|   0|  0|   9|           9|           9|
    |add_ln58_929_fu_1944_p2   |         +|   0|  0|  14|           7|           7|
    |add_ln58_930_fu_1964_p2   |         +|   0|  0|   9|           9|           9|
    |add_ln58_931_fu_1980_p2   |         +|   0|  0|   8|           8|           8|
    |add_ln58_932_fu_2020_p2   |         +|   0|  0|   9|           9|           9|
    |add_ln58_933_fu_2036_p2   |         +|   0|  0|   9|           9|           9|
    |add_ln58_934_fu_2042_p2   |         +|   0|  0|  14|           7|           7|
    |add_ln58_935_fu_2052_p2   |         +|   0|  0|  15|           8|           8|
    |add_ln58_936_fu_2062_p2   |         +|   0|  0|   9|           9|           9|
    |add_ln58_937_fu_2072_p2   |         +|   0|  0|   9|           9|           9|
    |add_ln58_938_fu_2088_p2   |         +|   0|  0|   9|           9|           9|
    |add_ln58_939_fu_2104_p2   |         +|   0|  0|  14|           7|           7|
    |add_ln58_940_fu_2114_p2   |         +|   0|  0|   8|           8|           8|
    |add_ln58_941_fu_2120_p2   |         +|   0|  0|   9|           9|           9|
    |add_ln58_942_fu_2136_p2   |         +|   0|  0|   9|           9|           9|
    |add_ln58_943_fu_2162_p2   |         +|   0|  0|  10|          10|          10|
    |add_ln58_944_fu_2178_p2   |         +|   0|  0|  14|           7|           7|
    |add_ln58_945_fu_2188_p2   |         +|   0|  0|  15|           8|           8|
    |add_ln58_946_fu_2198_p2   |         +|   0|  0|  10|          10|          10|
    |add_ln58_947_fu_2242_p2   |         +|   0|  0|  10|          10|          10|
    |add_ln58_948_fu_2262_p2   |         +|   0|  0|  14|           7|           7|
    |add_ln58_949_fu_2272_p2   |         +|   0|  0|  15|           8|           8|
    |add_ln58_950_fu_2282_p2   |         +|   0|  0|  14|           9|           9|
    |add_ln58_951_fu_2292_p2   |         +|   0|  0|  10|          10|          10|
    |add_ln58_952_fu_2308_p2   |         +|   0|  0|  14|           7|           7|
    |add_ln58_953_fu_2318_p2   |         +|   0|  0|  15|           8|           8|
    |add_ln58_954_fu_2328_p2   |         +|   0|  0|   9|           9|           9|
    |add_ln58_955_fu_3625_p2   |         +|   0|  0|  10|          10|          10|
    |add_ln58_956_fu_3630_p2   |         +|   0|  0|  15|           8|           8|
    |add_ln58_957_fu_3638_p2   |         +|   0|  0|  10|          10|          10|
    |add_ln58_958_fu_2362_p2   |         +|   0|  0|  10|          10|          10|
    |add_ln58_959_fu_2378_p2   |         +|   0|  0|  14|           7|           7|
    |add_ln58_960_fu_2388_p2   |         +|   0|  0|  15|           8|           8|
    |add_ln58_961_fu_2398_p2   |         +|   0|  0|  10|          10|          10|
    |add_ln58_962_fu_2404_p2   |         +|   0|  0|  13|          10|          10|
    |add_ln58_963_fu_2420_p2   |         +|   0|  0|  10|          10|          10|
    |add_ln58_964_fu_2456_p2   |         +|   0|  0|  14|           9|           9|
    |add_ln58_965_fu_2466_p2   |         +|   0|  0|  10|          10|          10|
    |add_ln58_966_fu_2472_p2   |         +|   0|  0|  10|          10|          10|
    |add_ln58_967_fu_3663_p2   |         +|   0|  0|  10|          10|          10|
    |add_ln58_968_fu_2478_p2   |         +|   0|  0|  14|           7|           7|
    |add_ln58_969_fu_2484_p2   |         +|   0|  0|  14|           7|           7|
    |add_ln58_970_fu_3674_p2   |         +|   0|  0|  15|           8|           8|
    |add_ln58_971_fu_3684_p2   |         +|   0|  0|  10|          10|          10|
    |add_ln58_972_fu_3690_p2   |         +|   0|  0|   9|           9|           9|
    |add_ln58_973_fu_3705_p2   |         +|   0|  0|   9|           9|           9|
    |add_ln58_974_fu_3719_p2   |         +|   0|  0|  10|          10|          10|
    |add_ln58_975_fu_3741_p2   |         +|   0|  0|  10|          10|          10|
    |add_ln58_976_fu_2494_p2   |         +|   0|  0|  10|          10|          10|
    |add_ln58_977_fu_3755_p2   |         +|   0|  0|  10|          10|          10|
    |add_ln58_978_fu_3760_p2   |         +|   0|  0|  14|           7|           7|
    |add_ln58_979_fu_3768_p2   |         +|   0|  0|  15|           8|           8|
    |add_ln58_980_fu_3777_p2   |         +|   0|  0|  10|          10|          10|
    |add_ln58_981_fu_3801_p2   |         +|   0|  0|  10|          10|          10|
    |add_ln58_982_fu_3806_p2   |         +|   0|  0|  15|           8|           8|
    |add_ln58_983_fu_3815_p2   |         +|   0|  0|  14|           7|           7|
    |add_ln58_984_fu_3823_p2   |         +|   0|  0|  14|           9|           9|
    |add_ln58_985_fu_3833_p2   |         +|   0|  0|  10|          10|          10|
    |add_ln58_986_fu_3839_p2   |         +|   0|  0|   9|           9|           9|
    |add_ln58_987_fu_3844_p2   |         +|   0|  0|  14|           7|           7|
    |add_ln58_988_fu_3852_p2   |         +|   0|  0|   9|           9|           9|
    |add_ln58_989_fu_2500_p2   |         +|   0|  0|  10|          10|          10|
    |add_ln58_990_fu_3886_p2   |         +|   0|  0|  10|          10|          10|
    |add_ln58_991_fu_3899_p2   |         +|   0|  0|  14|           7|           7|
    |add_ln58_992_fu_3907_p2   |         +|   0|  0|  15|           8|           8|
    |add_ln58_993_fu_3917_p2   |         +|   0|  0|  10|          10|          10|
    |add_ln58_994_fu_3935_p2   |         +|   0|  0|  10|          10|          10|
    |add_ln58_995_fu_3948_p2   |         +|   0|  0|   8|           8|           8|
    |add_ln58_996_fu_3958_p2   |         +|   0|  0|  10|          10|          10|
    |add_ln58_997_fu_3988_p2   |         +|   0|  0|  10|          10|          10|
    |add_ln58_998_fu_4013_p2   |         +|   0|  0|  10|          10|          10|
    |add_ln58_999_fu_4055_p2   |         +|   0|  0|  10|          10|          10|
    |add_ln58_fu_930_p2        |         +|   0|  0|  14|           7|           3|
    |mult_106_fu_354_p2        |         -|   0|  0|  14|           1|           7|
    |mult_107_fu_368_p2        |         -|   0|  0|   8|           1|           8|
    |mult_108_fu_398_p2        |         -|   0|  0|  15|           1|           8|
    |mult_110_fu_412_p2        |         -|   0|  0|  14|           1|           7|
    |mult_112_fu_450_p2        |         -|   0|  0|  14|           1|           7|
    |mult_114_fu_488_p2        |         -|   0|  0|  14|           1|           7|
    |mult_116_fu_536_p2        |         -|   0|  0|  14|           1|           7|
    |mult_119_fu_594_p2        |         -|   0|  0|  14|           1|           7|
    |mult_120_fu_612_p2        |         -|   0|  0|  14|           1|           7|
    |mult_122_fu_646_p2        |         -|   0|  0|  14|           1|           7|
    |mult_124_fu_680_p2        |         -|   0|  0|  14|           1|           7|
    |mult_126_fu_730_p2        |         -|   0|  0|  14|           1|           7|
    |mult_128_fu_756_p2        |         -|   0|  0|  14|           1|           7|
    |mult_130_fu_802_p2        |         -|   0|  0|   9|           9|           9|
    |mult_131_fu_812_p2        |         -|   0|  0|  14|           1|           7|
    |mult_133_fu_842_p2        |         -|   0|  0|  14|           1|           7|
    |mult_135_fu_3185_p2       |         -|   0|  0|  14|           1|           7|
    |mult_137_fu_872_p2        |         -|   0|  0|  14|           1|           7|
    |mult_139_fu_3221_p2       |         -|   0|  0|  15|           1|           8|
    |mult_140_fu_882_p2        |         -|   0|  0|  14|           1|           7|
    |mult_142_fu_896_p2        |         -|   0|  0|  14|           1|           7|
    |mult_143_fu_906_p2        |         -|   0|  0|  14|           1|           7|
    |mult_144_fu_916_p2        |         -|   0|  0|  14|           1|           7|
    |mult_146_fu_3286_p2       |         -|   0|  0|  14|           1|           7|
    |mult_148_fu_3320_p2       |         -|   0|  0|  14|           1|           7|
    |mult_150_fu_3341_p2       |         -|   0|  0|  14|           1|           7|
    |mult_152_fu_3379_p2       |         -|   0|  0|  14|           1|           7|
    |mult_154_fu_3409_p2       |         -|   0|  0|  14|           1|           7|
    |mult_156_fu_3439_p2       |         -|   0|  0|  14|           1|           7|
    |mult_157_fu_3461_p2       |         -|   0|  0|  15|           1|           8|
    |mult_159_fu_3475_p2       |         -|   0|  0|  14|           1|           7|
    |mult_162_fu_3525_p2       |         -|   0|  0|  14|           1|           7|
    |mult_163_fu_3531_p2       |         -|   0|  0|  15|           1|           8|
    |mult_164_fu_3549_p2       |         -|   0|  0|  14|           1|           7|
    |mult_166_fu_3585_p2       |         -|   0|  0|  14|           1|           7|
    |sub_ln17_1_fu_3575_p2     |         -|   0|  0|   8|           8|           8|
    |sub_ln17_fu_530_p2        |         -|   0|  0|   8|           8|           8|
    |sub_ln58_24_fu_950_p2     |         -|   0|  0|  14|           7|           7|
    |sub_ln58_25_fu_970_p2     |         -|   0|  0|   8|           8|           8|
    |sub_ln58_26_fu_988_p2     |         -|   0|  0|   8|           8|           8|
    |sub_ln58_27_fu_1004_p2    |         -|   0|  0|  14|           7|           7|
    |sub_ln58_28_fu_1010_p2    |         -|   0|  0|   8|           8|           8|
    |sub_ln58_29_fu_1026_p2    |         -|   0|  0|  14|           7|           7|
    |sub_ln58_30_fu_1032_p2    |         -|   0|  0|  14|           7|           7|
    |sub_ln58_31_fu_1052_p2    |         -|   0|  0|  14|           7|           7|
    |sub_ln58_32_fu_1082_p2    |         -|   0|  0|  14|           7|           7|
    |sub_ln58_33_fu_1092_p2    |         -|   0|  0|   8|           8|           8|
    |sub_ln58_348_fu_1102_p2   |         -|   0|  0|  14|           9|           9|
    |sub_ln58_349_fu_1138_p2   |         -|   0|  0|   8|           8|           8|
    |sub_ln58_34_fu_1144_p2    |         -|   0|  0|   8|           8|           8|
    |sub_ln58_350_fu_1186_p2   |         -|   0|  0|   8|           8|           8|
    |sub_ln58_351_fu_1272_p2   |         -|   0|  0|  14|           7|           7|
    |sub_ln58_352_fu_1316_p2   |         -|   0|  0|  14|           7|           7|
    |sub_ln58_353_fu_1336_p2   |         -|   0|  0|   8|           8|           8|
    |sub_ln58_354_fu_1354_p2   |         -|   0|  0|  14|           7|           7|
    |sub_ln58_355_fu_1388_p2   |         -|   0|  0|  14|           9|           9|
    |sub_ln58_356_fu_1398_p2   |         -|   0|  0|  14|           9|           9|
    |sub_ln58_357_fu_1424_p2   |         -|   0|  0|   9|           9|           9|
    |sub_ln58_358_fu_1436_p2   |         -|   0|  0|  14|           7|           7|
    |sub_ln58_359_fu_1494_p2   |         -|   0|  0|   9|           9|           9|
    |sub_ln58_35_fu_1150_p2    |         -|   0|  0|  14|           7|           7|
    |sub_ln58_360_fu_1500_p2   |         -|   0|  0|  14|           7|           7|
    |sub_ln58_361_fu_1520_p2   |         -|   0|  0|   9|           9|           9|
    |sub_ln58_362_fu_1530_p2   |         -|   0|  0|  14|           9|           9|
    |sub_ln58_363_fu_1550_p2   |         -|   0|  0|   9|           9|           9|
    |sub_ln58_364_fu_1590_p2   |         -|   0|  0|   9|           9|           9|
    |sub_ln58_365_fu_1606_p2   |         -|   0|  0|  15|           8|           8|
    |sub_ln58_366_fu_1638_p2   |         -|   0|  0|  15|           8|           8|
    |sub_ln58_367_fu_1692_p2   |         -|   0|  0|  15|           8|           8|
    |sub_ln58_368_fu_1712_p2   |         -|   0|  0|   9|           9|           9|
    |sub_ln58_369_fu_1744_p2   |         -|   0|  0|  14|           7|           7|
    |sub_ln58_36_fu_1170_p2    |         -|   0|  0|  14|           7|           7|
    |sub_ln58_370_fu_1764_p2   |         -|   0|  0|  10|          10|          10|
    |sub_ln58_371_fu_1790_p2   |         -|   0|  0|  13|          10|          10|
    |sub_ln58_372_fu_1800_p2   |         -|   0|  0|  13|          10|          10|
    |sub_ln58_373_fu_1822_p2   |         -|   0|  0|  15|           8|           8|
    |sub_ln58_374_fu_1842_p2   |         -|   0|  0|  10|          10|          10|
    |sub_ln58_375_fu_1852_p2   |         -|   0|  0|  13|          10|          10|
    |sub_ln58_376_fu_1872_p2   |         -|   0|  0|  14|           7|           7|
    |sub_ln58_377_fu_1892_p2   |         -|   0|  0|  10|          10|          10|
    |sub_ln58_378_fu_1902_p2   |         -|   0|  0|  13|          10|          10|
    |sub_ln58_379_fu_1912_p2   |         -|   0|  0|  13|          10|          10|
    |sub_ln58_37_fu_1310_p2    |         -|   0|  0|   8|           8|           8|
    |sub_ln58_380_fu_1954_p2   |         -|   0|  0|  15|           8|           8|
    |sub_ln58_381_fu_1970_p2   |         -|   0|  0|  14|           7|           7|
    |sub_ln58_382_fu_1990_p2   |         -|   0|  0|  13|          10|          10|
    |sub_ln58_383_fu_2004_p2   |         -|   0|  0|   9|           9|           9|
    |sub_ln58_384_fu_2010_p2   |         -|   0|  0|  15|           8|           8|
    |sub_ln58_385_fu_2026_p2   |         -|   0|  0|  14|           7|           7|
    |sub_ln58_386_fu_2078_p2   |         -|   0|  0|  14|           7|           7|
    |sub_ln58_387_fu_2098_p2   |         -|   0|  0|  13|          10|          10|
    |sub_ln58_388_fu_3598_p2   |         -|   0|  0|  14|           9|           9|
    |sub_ln58_389_fu_3607_p2   |         -|   0|  0|  13|          10|          10|
    |sub_ln58_38_fu_1452_p2    |         -|   0|  0|   8|           8|           8|
    |sub_ln58_390_fu_2126_p2   |         -|   0|  0|  14|           7|           7|
    |sub_ln58_391_fu_2152_p2   |         -|   0|  0|  15|           8|           8|
    |sub_ln58_392_fu_2168_p2   |         -|   0|  0|  14|           7|           7|
    |sub_ln58_393_fu_2212_p2   |         -|   0|  0|  14|           9|           9|
    |sub_ln58_394_fu_2222_p2   |         -|   0|  0|  13|          10|          10|
    |sub_ln58_395_fu_2232_p2   |         -|   0|  0|  15|           8|           8|
    |sub_ln58_396_fu_2252_p2   |         -|   0|  0|  15|           8|           8|
    |sub_ln58_397_fu_2302_p2   |         -|   0|  0|   9|           9|           9|
    |sub_ln58_398_fu_3616_p2   |         -|   0|  0|  15|           8|           8|
    |sub_ln58_399_fu_2352_p2   |         -|   0|  0|  15|           8|           8|
    |sub_ln58_39_fu_1622_p2    |         -|   0|  0|   8|           8|           8|
    |sub_ln58_400_fu_2368_p2   |         -|   0|  0|  14|           7|           7|
    |sub_ln58_401_fu_2410_p2   |         -|   0|  0|  15|           8|           8|
    |sub_ln58_402_fu_2426_p2   |         -|   0|  0|  15|           8|           8|
    |sub_ln58_403_fu_2436_p2   |         -|   0|  0|  14|           7|           7|
    |sub_ln58_404_fu_2446_p2   |         -|   0|  0|  15|           8|           8|
    |sub_ln58_405_fu_3654_p2   |         -|   0|  0|  11|          11|          11|
    |sub_ln58_406_fu_3696_p2   |         -|   0|  0|  15|           8|           8|
    |sub_ln58_407_fu_3724_p2   |         -|   0|  0|  14|           7|           7|
    |sub_ln58_408_fu_3732_p2   |         -|   0|  0|  15|           8|           8|
    |sub_ln58_409_fu_3747_p2   |         -|   0|  0|  15|           8|           8|
    |sub_ln58_410_fu_3787_p2   |         -|   0|  0|  11|          11|          11|
    |sub_ln58_411_fu_3793_p2   |         -|   0|  0|  15|           8|           8|
    |sub_ln58_412_fu_3862_p2   |         -|   0|  0|  13|          10|          10|
    |sub_ln58_413_fu_3872_p2   |         -|   0|  0|  12|          11|          11|
    |sub_ln58_414_fu_3878_p2   |         -|   0|  0|  15|           8|           8|
    |sub_ln58_415_fu_3891_p2   |         -|   0|  0|  14|           7|           7|
    |sub_ln58_416_fu_3927_p2   |         -|   0|  0|  15|           8|           8|
    |sub_ln58_417_fu_3940_p2   |         -|   0|  0|   8|           8|           8|
    |sub_ln58_418_fu_2506_p2   |         -|   0|  0|  14|           7|           7|
    |sub_ln58_419_fu_3968_p2   |         -|   0|  0|  12|          11|          11|
    |sub_ln58_420_fu_3978_p2   |         -|   0|  0|  15|           8|           8|
    |sub_ln58_421_fu_3994_p2   |         -|   0|  0|  14|           7|           7|
    |sub_ln58_422_fu_4003_p2   |         -|   0|  0|  15|           8|           8|
    |sub_ln58_423_fu_4027_p2   |         -|   0|  0|  12|          11|          11|
    |sub_ln58_424_fu_4039_p2   |         -|   0|  0|  13|          10|          10|
    |sub_ln58_425_fu_4045_p2   |         -|   0|  0|  15|           8|           8|
    |sub_ln58_426_fu_4061_p2   |         -|   0|  0|  14|           7|           7|
    |sub_ln58_427_fu_4136_p2   |         -|   0|  0|  11|          11|          11|
    |sub_ln58_428_fu_4158_p2   |         -|   0|  0|   8|           8|           8|
    |sub_ln58_429_fu_4180_p2   |         -|   0|  0|  14|           7|           7|
    |sub_ln58_430_fu_4189_p2   |         -|   0|  0|  15|           8|           8|
    |sub_ln58_431_fu_2572_p2   |         -|   0|  0|  13|          10|          10|
    |sub_ln58_432_fu_2578_p2   |         -|   0|  0|  15|           8|           8|
    |sub_ln58_433_fu_2594_p2   |         -|   0|  0|   8|           8|           8|
    |sub_ln58_434_fu_4240_p2   |         -|   0|  0|  11|          11|          11|
    |sub_ln58_435_fu_4256_p2   |         -|   0|  0|  15|           8|           8|
    |sub_ln58_436_fu_2652_p2   |         -|   0|  0|  13|          10|          10|
    |sub_ln58_437_fu_4365_p2   |         -|   0|  0|  15|           8|           8|
    |sub_ln58_438_fu_4477_p2   |         -|   0|  0|   8|           8|           8|
    |sub_ln58_439_fu_4499_p2   |         -|   0|  0|   8|           8|           8|
    |sub_ln58_440_fu_4515_p2   |         -|   0|  0|  14|           7|           7|
    |sub_ln58_441_fu_4524_p2   |         -|   0|  0|  15|           8|           8|
    |sub_ln58_442_fu_4652_p2   |         -|   0|  0|   8|           8|           8|
    |sub_ln58_443_fu_4674_p2   |         -|   0|  0|  14|           7|           7|
    |sub_ln58_444_fu_4743_p2   |         -|   0|  0|  15|           8|           8|
    |sub_ln58_445_fu_4798_p2   |         -|   0|  0|  15|           8|           8|
    |sub_ln58_446_fu_4854_p2   |         -|   0|  0|  15|           8|           8|
    |sub_ln58_447_fu_4870_p2   |         -|   0|  0|   8|           8|           8|
    |sub_ln58_448_fu_4901_p2   |         -|   0|  0|  15|           8|           8|
    |sub_ln58_449_fu_4955_p2   |         -|   0|  0|  15|           8|           8|
    |sub_ln58_450_fu_4971_p2   |         -|   0|  0|  14|           7|           7|
    |sub_ln58_451_fu_4981_p2   |         -|   0|  0|  15|           8|           8|
    |sub_ln58_452_fu_2700_p2   |         -|   0|  0|  10|          10|          10|
    |sub_ln58_453_fu_2712_p2   |         -|   0|  0|  15|           8|           8|
    |sub_ln58_454_fu_5055_p2   |         -|   0|  0|   8|           8|           8|
    |sub_ln58_455_fu_2718_p2   |         -|   0|  0|  14|           7|           7|
    |sub_ln58_456_fu_5084_p2   |         -|   0|  0|  12|          11|          11|
    |sub_ln58_457_fu_5106_p2   |         -|   0|  0|   8|           8|           8|
    |sub_ln58_458_fu_2750_p2   |         -|   0|  0|  13|          10|          10|
    |sub_ln58_459_fu_5145_p2   |         -|   0|  0|   8|           8|           8|
    |sub_ln58_460_fu_5169_p2   |         -|   0|  0|  12|          11|          11|
    |sub_ln58_461_fu_5175_p2   |         -|   0|  0|  15|           8|           8|
    |sub_ln58_462_fu_5191_p2   |         -|   0|  0|  15|           8|           8|
    |sub_ln58_463_fu_5292_p2   |         -|   0|  0|  15|           8|           8|
    |sub_ln58_464_fu_5326_p2   |         -|   0|  0|  15|           8|           8|
    |sub_ln58_465_fu_5379_p2   |         -|   0|  0|  15|           8|           8|
    |sub_ln58_466_fu_5393_p2   |         -|   0|  0|  15|           8|           8|
    |sub_ln58_467_fu_5491_p2   |         -|   0|  0|  13|          10|          10|
    |sub_ln58_468_fu_5501_p2   |         -|   0|  0|  15|           8|           8|
    |sub_ln58_469_fu_5517_p2   |         -|   0|  0|   8|           8|           8|
    |sub_ln58_470_fu_5543_p2   |         -|   0|  0|  15|           8|           8|
    |sub_ln58_471_fu_5559_p2   |         -|   0|  0|  14|           7|           7|
    |sub_ln58_472_fu_5626_p2   |         -|   0|  0|  14|           9|           9|
    |sub_ln58_473_fu_5642_p2   |         -|   0|  0|  14|           7|           7|
    |sub_ln58_474_fu_2824_p2   |         -|   0|  0|  15|           8|           8|
    |sub_ln58_475_fu_2848_p2   |         -|   0|  0|  10|          10|          10|
    |sub_ln58_476_fu_5749_p2   |         -|   0|  0|  12|          11|          11|
    |sub_ln58_477_fu_5755_p2   |         -|   0|  0|  15|           8|           8|
    |sub_ln58_478_fu_5771_p2   |         -|   0|  0|  14|           7|           7|
    |sub_ln58_479_fu_5814_p2   |         -|   0|  0|  12|          11|          11|
    |sub_ln58_480_fu_5892_p2   |         -|   0|  0|  15|           8|           8|
    |sub_ln58_481_fu_5905_p2   |         -|   0|  0|  14|           7|           7|
    |sub_ln58_482_fu_5941_p2   |         -|   0|  0|  12|          11|          11|
    |sub_ln58_483_fu_5973_p2   |         -|   0|  0|  15|           8|           8|
    |sub_ln58_484_fu_6003_p2   |         -|   0|  0|  14|           9|           9|
    |sub_ln58_485_fu_6022_p2   |         -|   0|  0|  15|           8|           8|
    |sub_ln58_486_fu_2912_p2   |         -|   0|  0|   8|           8|           8|
    |sub_ln58_487_fu_6099_p2   |         -|   0|  0|  15|           8|           8|
    |sub_ln58_488_fu_2960_p2   |         -|   0|  0|  14|           7|           7|
    |sub_ln58_489_fu_6189_p2   |         -|   0|  0|  15|           8|           8|
    |sub_ln58_490_fu_6199_p2   |         -|   0|  0|  15|           8|           8|
    |sub_ln58_491_fu_6233_p2   |         -|   0|  0|  15|           8|           8|
    |sub_ln58_492_fu_6283_p2   |         -|   0|  0|  15|           8|           8|
    |sub_ln58_493_fu_6316_p2   |         -|   0|  0|  11|          11|          11|
    |sub_ln58_494_fu_6328_p2   |         -|   0|  0|  15|           8|           8|
    |sub_ln58_495_fu_6391_p2   |         -|   0|  0|  15|           8|           8|
    |sub_ln58_496_fu_6411_p2   |         -|   0|  0|  11|          11|          11|
    |sub_ln58_497_fu_6433_p2   |         -|   0|  0|  14|           7|           7|
    |sub_ln58_498_fu_3046_p2   |         -|   0|  0|  15|           8|           8|
    |sub_ln58_499_fu_6475_p2   |         -|   0|  0|   8|           8|           8|
    |sub_ln58_500_fu_6540_p2   |         -|   0|  0|  13|          10|          10|
    |sub_ln58_501_fu_6546_p2   |         -|   0|  0|  15|           8|           8|
    |sub_ln58_502_fu_3108_p2   |         -|   0|  0|  15|           8|           8|
    |sub_ln58_503_fu_3134_p2   |         -|   0|  0|  15|           8|           8|
    |sub_ln58_504_fu_6603_p2   |         -|   0|  0|  11|          11|          11|
    |sub_ln58_505_fu_6615_p2   |         -|   0|  0|  15|           8|           8|
    |sub_ln58_506_fu_6631_p2   |         -|   0|  0|  15|           8|           8|
    |sub_ln58_507_fu_1108_p2   |         -|   0|  0|  15|           8|           8|
    |sub_ln58_508_fu_1632_p2   |         -|   0|  0|   9|           9|           9|
    |sub_ln58_509_fu_1738_p2   |         -|   0|  0|   9|           9|           9|
    |sub_ln58_510_fu_1866_p2   |         -|   0|  0|   9|           9|           9|
    |sub_ln58_511_fu_2146_p2   |         -|   0|  0|  13|          10|          10|
    |sub_ln58_512_fu_2342_p2   |         -|   0|  0|  13|          10|          10|
    |sub_ln58_513_fu_3711_p2   |         -|   0|  0|  15|           8|           8|
    |sub_ln58_514_fu_4142_p2   |         -|   0|  0|  15|           8|           8|
    |sub_ln58_515_fu_2626_p2   |         -|   0|  0|   9|           9|           9|
    |sub_ln58_516_fu_4320_p2   |         -|   0|  0|  15|           8|           8|
    |sub_ln58_517_fu_4457_p2   |         -|   0|  0|  14|           9|           9|
    |sub_ln58_518_fu_4632_p2   |         -|   0|  0|  15|           8|           8|
    |sub_ln58_519_fu_5001_p2   |         -|   0|  0|  15|           8|           8|
    |sub_ln58_520_fu_5090_p2   |         -|   0|  0|  15|           8|           8|
    |sub_ln58_521_fu_5132_p2   |         -|   0|  0|  15|           8|           8|
    |sub_ln58_522_fu_5240_p2   |         -|   0|  0|  15|           8|           8|
    |sub_ln58_523_fu_5606_p2   |         -|   0|  0|  12|          11|          11|
    |sub_ln58_524_fu_2870_p2   |         -|   0|  0|   9|           9|           9|
    |sub_ln58_525_fu_2896_p2   |         -|   0|  0|  15|           8|           8|
    |sub_ln58_526_fu_2944_p2   |         -|   0|  0|  15|           8|           8|
    |sub_ln58_527_fu_6169_p2   |         -|   0|  0|  14|           9|           9|
    |sub_ln58_528_fu_2990_p2   |         -|   0|  0|  13|          10|          10|
    |sub_ln58_529_fu_3004_p2   |         -|   0|  0|   9|           9|           9|
    |sub_ln58_530_fu_3030_p2   |         -|   0|  0|  15|           8|           8|
    |sub_ln58_531_fu_6469_p2   |         -|   0|  0|  12|          11|          11|
    |sub_ln58_fu_940_p2        |         -|   0|  0|  15|           8|           8|
    |sub_ln73_fu_292_p2        |         -|   0|  0|  14|           1|           7|
    +--------------------------+----------+----+---+----+------------+------------+
    |Total                     |          |   0|  0|7959|        5350|        5557|
    +--------------------------+----------+----+---+----+------------+------------+

    * Multiplexer: 
    +--------------+----+-----------+-----+-----------+
    |     Name     | LUT| Input Size| Bits| Total Bits|
    +--------------+----+-----------+-----+-----------+
    |ap_NS_fsm     |  14|          3|    1|          3|
    |ap_return_0   |   9|          2|   18|         36|
    |ap_return_1   |   9|          2|   18|         36|
    |ap_return_10  |   9|          2|   18|         36|
    |ap_return_11  |   9|          2|   18|         36|
    |ap_return_12  |   9|          2|   18|         36|
    |ap_return_13  |   9|          2|   18|         36|
    |ap_return_14  |   9|          2|   18|         36|
    |ap_return_15  |   9|          2|   18|         36|
    |ap_return_16  |   9|          2|   18|         36|
    |ap_return_17  |   9|          2|   18|         36|
    |ap_return_18  |   9|          2|   18|         36|
    |ap_return_19  |   9|          2|   18|         36|
    |ap_return_2   |   9|          2|   18|         36|
    |ap_return_20  |   9|          2|   18|         36|
    |ap_return_21  |   9|          2|   18|         36|
    |ap_return_22  |   9|          2|   18|         36|
    |ap_return_23  |   9|          2|   18|         36|
    |ap_return_24  |   9|          2|   18|         36|
    |ap_return_25  |   9|          2|   18|         36|
    |ap_return_26  |   9|          2|   18|         36|
    |ap_return_27  |   9|          2|   18|         36|
    |ap_return_28  |   9|          2|   18|         36|
    |ap_return_29  |   9|          2|   18|         36|
    |ap_return_3   |   9|          2|   18|         36|
    |ap_return_30  |   9|          2|   18|         36|
    |ap_return_31  |   9|          2|   18|         36|
    |ap_return_4   |   9|          2|   18|         36|
    |ap_return_5   |   9|          2|   18|         36|
    |ap_return_6   |   9|          2|   18|         36|
    |ap_return_7   |   9|          2|   18|         36|
    |ap_return_8   |   9|          2|   18|         36|
    |ap_return_9   |   9|          2|   18|         36|
    +--------------+----+-----------+-----+-----------+
    |Total         | 302|         67|  577|       1155|
    +--------------+----+-----------+-----+-----------+

    * Register: 
    +-------------------------+----+----+-----+-----------+
    |           Name          | FF | LUT| Bits| Const Bits|
    +-------------------------+----+----+-----+-----------+
    |add_ln58_1006_reg_7264   |   9|   0|    9|          0|
    |add_ln58_1007_reg_7269   |   9|   0|    9|          0|
    |add_ln58_1009_reg_7274   |   8|   0|    8|          0|
    |add_ln58_1023_reg_7279   |  10|   0|   10|          0|
    |add_ln58_1053_reg_7289   |  10|   0|   10|          0|
    |add_ln58_1100_reg_7294   |  10|   0|   10|          0|
    |add_ln58_1135_reg_7314   |  10|   0|   10|          0|
    |add_ln58_1164_reg_7319   |  10|   0|   10|          0|
    |add_ln58_1191_reg_7324   |   7|   0|    7|          0|
    |add_ln58_1203_reg_7329   |  10|   0|   10|          0|
    |add_ln58_1212_reg_7334   |  10|   0|   10|          0|
    |add_ln58_1241_reg_7344   |  10|   0|   10|          0|
    |add_ln58_1261_reg_7349   |  10|   0|   10|          0|
    |add_ln58_931_reg_7150    |   8|   0|    8|          0|
    |add_ln58_938_reg_7160    |   9|   0|    9|          0|
    |add_ln58_942_reg_7176    |   9|   0|    9|          0|
    |add_ln58_946_reg_7181    |  10|   0|   10|          0|
    |add_ln58_951_reg_7198    |  10|   0|   10|          0|
    |add_ln58_954_reg_7203    |   9|   0|    9|          0|
    |add_ln58_961_reg_7213    |  10|   0|   10|          0|
    |add_ln58_965_reg_7223    |  10|   0|   10|          0|
    |add_ln58_966_reg_7228    |  10|   0|   10|          0|
    |add_ln58_968_reg_7233    |   7|   0|    7|          0|
    |add_ln58_969_reg_7238    |   7|   0|    7|          0|
    |add_ln58_976_reg_7249    |  10|   0|   10|          0|
    |add_ln58_989_reg_7254    |  10|   0|   10|          0|
    |ap_CS_fsm                |   2|   0|    2|          0|
    |ap_return_0_preg         |  18|   0|   18|          0|
    |ap_return_10_preg        |  18|   0|   18|          0|
    |ap_return_11_preg        |  18|   0|   18|          0|
    |ap_return_12_preg        |  18|   0|   18|          0|
    |ap_return_13_preg        |  18|   0|   18|          0|
    |ap_return_14_preg        |  18|   0|   18|          0|
    |ap_return_15_preg        |  18|   0|   18|          0|
    |ap_return_16_preg        |  18|   0|   18|          0|
    |ap_return_17_preg        |  18|   0|   18|          0|
    |ap_return_18_preg        |  18|   0|   18|          0|
    |ap_return_19_preg        |  18|   0|   18|          0|
    |ap_return_1_preg         |  18|   0|   18|          0|
    |ap_return_20_preg        |  18|   0|   18|          0|
    |ap_return_21_preg        |  18|   0|   18|          0|
    |ap_return_22_preg        |  18|   0|   18|          0|
    |ap_return_23_preg        |  18|   0|   18|          0|
    |ap_return_24_preg        |  18|   0|   18|          0|
    |ap_return_25_preg        |  18|   0|   18|          0|
    |ap_return_26_preg        |  18|   0|   18|          0|
    |ap_return_27_preg        |  18|   0|   18|          0|
    |ap_return_28_preg        |  18|   0|   18|          0|
    |ap_return_29_preg        |  18|   0|   18|          0|
    |ap_return_2_preg         |  18|   0|   18|          0|
    |ap_return_30_preg        |  18|   0|   18|          0|
    |ap_return_31_preg        |  18|   0|   18|          0|
    |ap_return_3_preg         |  18|   0|   18|          0|
    |ap_return_4_preg         |  18|   0|   18|          0|
    |ap_return_5_preg         |  18|   0|   18|          0|
    |ap_return_6_preg         |  18|   0|   18|          0|
    |ap_return_7_preg         |  18|   0|   18|          0|
    |ap_return_8_preg         |  18|   0|   18|          0|
    |ap_return_9_preg         |  18|   0|   18|          0|
    |mult_134_reg_6997        |   6|   0|    7|          1|
    |mult_137_reg_7031        |   7|   0|    7|          0|
    |mult_140_reg_7045        |   7|   0|    7|          0|
    |mult_142_reg_7066        |   7|   0|    7|          0|
    |mult_143_reg_7082        |   7|   0|    7|          0|
    |mult_144_reg_7098        |   7|   0|    7|          0|
    |sext_ln17_222_reg_6926   |   8|   0|    8|          0|
    |sext_ln17_226_reg_6934   |   8|   0|    8|          0|
    |sext_ln17_228_reg_6941   |   7|   0|    8|          1|
    |sext_ln17_230_reg_6951   |   8|   0|    8|          0|
    |sext_ln17_232_reg_6957   |   7|   0|    8|          1|
    |sext_ln17_237_reg_6981   |   8|   0|    8|          0|
    |sext_ln17_238_reg_6989   |   7|   0|    7|          0|
    |sext_ln17_239_reg_7002   |   7|   0|    8|          1|
    |sext_ln17_241_reg_7014   |   8|   0|    8|          0|
    |sext_ln17_246_reg_7050   |   8|   0|    8|          0|
    |sext_ln17_261_reg_7104   |   7|   0|    7|          0|
    |sext_ln58_1086_reg_7170  |   8|   0|    8|          0|
    |sext_ln58_1101_reg_7191  |   8|   0|    8|          0|
    |sext_ln58_1112_reg_7208  |   8|   0|    8|          0|
    |sext_ln58_1124_reg_7243  |   8|   0|    8|          0|
    |sext_ln70_31_reg_7072    |   7|   0|    7|          0|
    |sext_ln70_reg_7056       |   7|   0|    7|          0|
    |sext_ln73_76_reg_6946    |   7|   0|    7|          0|
    |sext_ln73_79_reg_6964    |   7|   0|    7|          0|
    |sext_ln73_80_reg_7009    |   7|   0|    7|          0|
    |sext_ln73_82_reg_7022    |   7|   0|    7|          0|
    |sext_ln73_83_reg_7036    |   7|   0|    7|          0|
    |sext_ln73_84_reg_7087    |   7|   0|    7|          0|
    |sext_ln73_85_reg_7114    |   7|   0|    7|          0|
    |sext_ln73_99_reg_6971    |   7|   0|    8|          1|
    |sub_ln58_371_reg_7125    |  10|   0|   10|          0|
    |sub_ln58_372_reg_7130    |  10|   0|   10|          0|
    |sub_ln58_375_reg_7135    |  10|   0|   10|          0|
    |sub_ln58_378_reg_7140    |  10|   0|   10|          0|
    |sub_ln58_379_reg_7145    |  10|   0|   10|          0|
    |sub_ln58_382_reg_7155    |  10|   0|   10|          0|
    |sub_ln58_387_reg_7165    |  10|   0|   10|          0|
    |sub_ln58_393_reg_7186    |   9|   0|    9|          0|
    |sub_ln58_402_reg_7218    |   8|   0|    8|          0|
    |sub_ln58_418_reg_7259    |   7|   0|    7|          0|
    |sub_ln58_436_reg_7284    |  10|   0|   10|          0|
    |sub_ln58_453_reg_7299    |   8|   0|    8|          0|
    |sub_ln58_455_reg_7304    |   7|   0|    7|          0|
    |sub_ln58_458_reg_7309    |  10|   0|   10|          0|
    |sub_ln58_528_reg_7339    |  10|   0|   10|          0|
    +-------------------------+----+----+-----+-----------+
    |Total                    |1185|   0| 1190|          5|
    +-------------------------+----+----+-----+-----------+



================================================================
== Interface
================================================================
* Summary: 
+--------------+-----+-----+------------+----------------------------------------------------------------------------+--------------+
|   RTL Ports  | Dir | Bits|  Protocol  |                                Source Object                               |    C Type    |
+--------------+-----+-----+------------+----------------------------------------------------------------------------+--------------+
|ap_clk        |   in|    1|  ap_ctrl_hs|  dense_latency<ap_fixed<6, 4, 0, 0, 0>, ap_fixed<18, 14, 5, 3, 0>, config5>|  return value|
|ap_rst        |   in|    1|  ap_ctrl_hs|  dense_latency<ap_fixed<6, 4, 0, 0, 0>, ap_fixed<18, 14, 5, 3, 0>, config5>|  return value|
|ap_start      |   in|    1|  ap_ctrl_hs|  dense_latency<ap_fixed<6, 4, 0, 0, 0>, ap_fixed<18, 14, 5, 3, 0>, config5>|  return value|
|ap_done       |  out|    1|  ap_ctrl_hs|  dense_latency<ap_fixed<6, 4, 0, 0, 0>, ap_fixed<18, 14, 5, 3, 0>, config5>|  return value|
|ap_idle       |  out|    1|  ap_ctrl_hs|  dense_latency<ap_fixed<6, 4, 0, 0, 0>, ap_fixed<18, 14, 5, 3, 0>, config5>|  return value|
|ap_ready      |  out|    1|  ap_ctrl_hs|  dense_latency<ap_fixed<6, 4, 0, 0, 0>, ap_fixed<18, 14, 5, 3, 0>, config5>|  return value|
|ap_return_0   |  out|   18|  ap_ctrl_hs|  dense_latency<ap_fixed<6, 4, 0, 0, 0>, ap_fixed<18, 14, 5, 3, 0>, config5>|  return value|
|ap_return_1   |  out|   18|  ap_ctrl_hs|  dense_latency<ap_fixed<6, 4, 0, 0, 0>, ap_fixed<18, 14, 5, 3, 0>, config5>|  return value|
|ap_return_2   |  out|   18|  ap_ctrl_hs|  dense_latency<ap_fixed<6, 4, 0, 0, 0>, ap_fixed<18, 14, 5, 3, 0>, config5>|  return value|
|ap_return_3   |  out|   18|  ap_ctrl_hs|  dense_latency<ap_fixed<6, 4, 0, 0, 0>, ap_fixed<18, 14, 5, 3, 0>, config5>|  return value|
|ap_return_4   |  out|   18|  ap_ctrl_hs|  dense_latency<ap_fixed<6, 4, 0, 0, 0>, ap_fixed<18, 14, 5, 3, 0>, config5>|  return value|
|ap_return_5   |  out|   18|  ap_ctrl_hs|  dense_latency<ap_fixed<6, 4, 0, 0, 0>, ap_fixed<18, 14, 5, 3, 0>, config5>|  return value|
|ap_return_6   |  out|   18|  ap_ctrl_hs|  dense_latency<ap_fixed<6, 4, 0, 0, 0>, ap_fixed<18, 14, 5, 3, 0>, config5>|  return value|
|ap_return_7   |  out|   18|  ap_ctrl_hs|  dense_latency<ap_fixed<6, 4, 0, 0, 0>, ap_fixed<18, 14, 5, 3, 0>, config5>|  return value|
|ap_return_8   |  out|   18|  ap_ctrl_hs|  dense_latency<ap_fixed<6, 4, 0, 0, 0>, ap_fixed<18, 14, 5, 3, 0>, config5>|  return value|
|ap_return_9   |  out|   18|  ap_ctrl_hs|  dense_latency<ap_fixed<6, 4, 0, 0, 0>, ap_fixed<18, 14, 5, 3, 0>, config5>|  return value|
|ap_return_10  |  out|   18|  ap_ctrl_hs|  dense_latency<ap_fixed<6, 4, 0, 0, 0>, ap_fixed<18, 14, 5, 3, 0>, config5>|  return value|
|ap_return_11  |  out|   18|  ap_ctrl_hs|  dense_latency<ap_fixed<6, 4, 0, 0, 0>, ap_fixed<18, 14, 5, 3, 0>, config5>|  return value|
|ap_return_12  |  out|   18|  ap_ctrl_hs|  dense_latency<ap_fixed<6, 4, 0, 0, 0>, ap_fixed<18, 14, 5, 3, 0>, config5>|  return value|
|ap_return_13  |  out|   18|  ap_ctrl_hs|  dense_latency<ap_fixed<6, 4, 0, 0, 0>, ap_fixed<18, 14, 5, 3, 0>, config5>|  return value|
|ap_return_14  |  out|   18|  ap_ctrl_hs|  dense_latency<ap_fixed<6, 4, 0, 0, 0>, ap_fixed<18, 14, 5, 3, 0>, config5>|  return value|
|ap_return_15  |  out|   18|  ap_ctrl_hs|  dense_latency<ap_fixed<6, 4, 0, 0, 0>, ap_fixed<18, 14, 5, 3, 0>, config5>|  return value|
|ap_return_16  |  out|   18|  ap_ctrl_hs|  dense_latency<ap_fixed<6, 4, 0, 0, 0>, ap_fixed<18, 14, 5, 3, 0>, config5>|  return value|
|ap_return_17  |  out|   18|  ap_ctrl_hs|  dense_latency<ap_fixed<6, 4, 0, 0, 0>, ap_fixed<18, 14, 5, 3, 0>, config5>|  return value|
|ap_return_18  |  out|   18|  ap_ctrl_hs|  dense_latency<ap_fixed<6, 4, 0, 0, 0>, ap_fixed<18, 14, 5, 3, 0>, config5>|  return value|
|ap_return_19  |  out|   18|  ap_ctrl_hs|  dense_latency<ap_fixed<6, 4, 0, 0, 0>, ap_fixed<18, 14, 5, 3, 0>, config5>|  return value|
|ap_return_20  |  out|   18|  ap_ctrl_hs|  dense_latency<ap_fixed<6, 4, 0, 0, 0>, ap_fixed<18, 14, 5, 3, 0>, config5>|  return value|
|ap_return_21  |  out|   18|  ap_ctrl_hs|  dense_latency<ap_fixed<6, 4, 0, 0, 0>, ap_fixed<18, 14, 5, 3, 0>, config5>|  return value|
|ap_return_22  |  out|   18|  ap_ctrl_hs|  dense_latency<ap_fixed<6, 4, 0, 0, 0>, ap_fixed<18, 14, 5, 3, 0>, config5>|  return value|
|ap_return_23  |  out|   18|  ap_ctrl_hs|  dense_latency<ap_fixed<6, 4, 0, 0, 0>, ap_fixed<18, 14, 5, 3, 0>, config5>|  return value|
|ap_return_24  |  out|   18|  ap_ctrl_hs|  dense_latency<ap_fixed<6, 4, 0, 0, 0>, ap_fixed<18, 14, 5, 3, 0>, config5>|  return value|
|ap_return_25  |  out|   18|  ap_ctrl_hs|  dense_latency<ap_fixed<6, 4, 0, 0, 0>, ap_fixed<18, 14, 5, 3, 0>, config5>|  return value|
|ap_return_26  |  out|   18|  ap_ctrl_hs|  dense_latency<ap_fixed<6, 4, 0, 0, 0>, ap_fixed<18, 14, 5, 3, 0>, config5>|  return value|
|ap_return_27  |  out|   18|  ap_ctrl_hs|  dense_latency<ap_fixed<6, 4, 0, 0, 0>, ap_fixed<18, 14, 5, 3, 0>, config5>|  return value|
|ap_return_28  |  out|   18|  ap_ctrl_hs|  dense_latency<ap_fixed<6, 4, 0, 0, 0>, ap_fixed<18, 14, 5, 3, 0>, config5>|  return value|
|ap_return_29  |  out|   18|  ap_ctrl_hs|  dense_latency<ap_fixed<6, 4, 0, 0, 0>, ap_fixed<18, 14, 5, 3, 0>, config5>|  return value|
|ap_return_30  |  out|   18|  ap_ctrl_hs|  dense_latency<ap_fixed<6, 4, 0, 0, 0>, ap_fixed<18, 14, 5, 3, 0>, config5>|  return value|
|ap_return_31  |  out|   18|  ap_ctrl_hs|  dense_latency<ap_fixed<6, 4, 0, 0, 0>, ap_fixed<18, 14, 5, 3, 0>, config5>|  return value|
|data_0_val    |   in|    6|     ap_none|                                                                  data_0_val|        scalar|
|data_1_val    |   in|    6|     ap_none|                                                                  data_1_val|        scalar|
|data_2_val    |   in|    6|     ap_none|                                                                  data_2_val|        scalar|
|data_3_val    |   in|    6|     ap_none|                                                                  data_3_val|        scalar|
|data_4_val    |   in|    6|     ap_none|                                                                  data_4_val|        scalar|
|data_5_val    |   in|    6|     ap_none|                                                                  data_5_val|        scalar|
|data_6_val    |   in|    6|     ap_none|                                                                  data_6_val|        scalar|
|data_7_val    |   in|    6|     ap_none|                                                                  data_7_val|        scalar|
|data_8_val    |   in|    6|     ap_none|                                                                  data_8_val|        scalar|
|data_9_val    |   in|    6|     ap_none|                                                                  data_9_val|        scalar|
|data_10_val   |   in|    6|     ap_none|                                                                 data_10_val|        scalar|
|data_11_val   |   in|    6|     ap_none|                                                                 data_11_val|        scalar|
|data_12_val   |   in|    6|     ap_none|                                                                 data_12_val|        scalar|
|data_13_val   |   in|    6|     ap_none|                                                                 data_13_val|        scalar|
|data_14_val   |   in|    6|     ap_none|                                                                 data_14_val|        scalar|
|data_15_val   |   in|    6|     ap_none|                                                                 data_15_val|        scalar|
|data_16_val   |   in|    6|     ap_none|                                                                 data_16_val|        scalar|
|data_17_val   |   in|    6|     ap_none|                                                                 data_17_val|        scalar|
|data_18_val   |   in|    6|     ap_none|                                                                 data_18_val|        scalar|
|data_19_val   |   in|    6|     ap_none|                                                                 data_19_val|        scalar|
|data_20_val   |   in|    6|     ap_none|                                                                 data_20_val|        scalar|
|data_21_val   |   in|    6|     ap_none|                                                                 data_21_val|        scalar|
|data_22_val   |   in|    6|     ap_none|                                                                 data_22_val|        scalar|
|data_23_val   |   in|    6|     ap_none|                                                                 data_23_val|        scalar|
|data_24_val   |   in|    6|     ap_none|                                                                 data_24_val|        scalar|
|data_25_val   |   in|    6|     ap_none|                                                                 data_25_val|        scalar|
|data_26_val   |   in|    6|     ap_none|                                                                 data_26_val|        scalar|
|data_27_val   |   in|    6|     ap_none|                                                                 data_27_val|        scalar|
|data_28_val   |   in|    6|     ap_none|                                                                 data_28_val|        scalar|
|data_29_val   |   in|    6|     ap_none|                                                                 data_29_val|        scalar|
|data_30_val   |   in|    6|     ap_none|                                                                 data_30_val|        scalar|
|data_31_val   |   in|    6|     ap_none|                                                                 data_31_val|        scalar|
+--------------+-----+-----+------------+----------------------------------------------------------------------------+--------------+

