

================================================================
== Vitis HLS Report for 'dense_array_ap_fixed_32u_array_ap_fixed_18_14_5_3_0_16u_config7_s'
================================================================
* Date:           Sun May 17 14:56:15 2026

* Version:        2025.1 (Build 6135595 on May 21 2025)
* Project:        wedrowiec_hls_prj
* Solution:       solution1 (Vivado IP Flow Target)
* Product family: zynq
* Target device:  xc7z020-clg400-1


================================================================
== Performance Estimates
================================================================
+ Timing: 
    * Summary: 
    +--------+----------+-----------+------------+
    |  Clock |  Target  | Estimated | Uncertainty|
    +--------+----------+-----------+------------+
    |ap_clk  |  20.00 ns|  14.549 ns|     5.40 ns|
    +--------+----------+-----------+------------+

+ Latency: 
    * Summary: 
    +---------+---------+----------+----------+-----+-----+---------+
    |  Latency (cycles) |  Latency (absolute) |  Interval | Pipeline|
    |   min   |   max   |    min   |    max   | min | max |   Type  |
    +---------+---------+----------+----------+-----+-----+---------+
    |        6|        6|  0.120 us|  0.120 us|    6|    6|       no|
    +---------+---------+----------+----------+-----+-----+---------+

    + Detail: 
        * Instance: 
        +--------------------------------------------------------------------------+---------------------------------------------------------------+---------+---------+-----------+-----------+-----+-----+---------+
        |                                                                          |                                                               |  Latency (cycles) |   Latency (absolute)  |  Interval | Pipeline|
        |                                 Instance                                 |                             Module                            |   min   |   max   |    min    |    max    | min | max |   Type  |
        +--------------------------------------------------------------------------+---------------------------------------------------------------+---------+---------+-----------+-----------+-----+-----+---------+
        |grp_dense_latency_wrapper_ap_fixed_ap_fixed_18_14_5_3_0_config7_s_fu_161  |dense_latency_wrapper_ap_fixed_ap_fixed_18_14_5_3_0_config7_s  |        3|        3|  60.000 ns|  60.000 ns|    3|    3|       no|
        +--------------------------------------------------------------------------+---------------------------------------------------------------+---------+---------+-----------+-----------+-----+-----+---------+

        * Loop: 
        N/A



================================================================
== Utilization Estimates
================================================================
* Summary: 
+-----------------+---------+-----+--------+-------+-----+
|       Name      | BRAM_18K| DSP |   FF   |  LUT  | URAM|
+-----------------+---------+-----+--------+-------+-----+
|DSP              |        -|    -|       -|      -|    -|
|Expression       |        -|    -|       0|      2|    -|
|FIFO             |        -|    -|       -|      -|    -|
|Instance         |        -|    -|     921|   4868|    -|
|Memory           |        -|    -|       -|      -|    -|
|Multiplexer      |        -|    -|       0|     61|    -|
|Register         |        -|    -|     487|      -|    -|
+-----------------+---------+-----+--------+-------+-----+
|Total            |        0|    0|    1408|   4931|    0|
+-----------------+---------+-----+--------+-------+-----+
|Available        |      280|  220|  106400|  53200|    0|
+-----------------+---------+-----+--------+-------+-----+
|Utilization (%)  |        0|    0|       1|      9|    0|
+-----------------+---------+-----+--------+-------+-----+

+ Detail: 
    * Instance: 
    +--------------------------------------------------------------------------+---------------------------------------------------------------+---------+----+-----+------+-----+
    |                                 Instance                                 |                             Module                            | BRAM_18K| DSP|  FF |  LUT | URAM|
    +--------------------------------------------------------------------------+---------------------------------------------------------------+---------+----+-----+------+-----+
    |grp_dense_latency_wrapper_ap_fixed_ap_fixed_18_14_5_3_0_config7_s_fu_161  |dense_latency_wrapper_ap_fixed_ap_fixed_18_14_5_3_0_config7_s  |        0|   0|  921|  4868|    0|
    +--------------------------------------------------------------------------+---------------------------------------------------------------+---------+----+-----+------+-----+
    |Total                                                                     |                                                               |        0|   0|  921|  4868|    0|
    +--------------------------------------------------------------------------+---------------------------------------------------------------+---------+----+-----+------+-----+

    * DSP: 
    N/A

    * Memory: 
    N/A

    * FIFO: 
    N/A

    * Expression: 
    +-----------------+----------+----+---+----+------------+------------+
    |  Variable Name  | Operation| DSP| FF| LUT| Bitwidth P0| Bitwidth P1|
    +-----------------+----------+----+---+----+------------+------------+
    |ap_block_state1  |        or|   0|  0|   2|           1|           1|
    +-----------------+----------+----+---+----+------------+------------+
    |Total            |          |   0|  0|   2|           1|           1|
    +-----------------+----------+----+---+----+------------+------------+

    * Multiplexer: 
    +------------------+----+-----------+-----+-----------+
    |       Name       | LUT| Input Size| Bits| Total Bits|
    +------------------+----+-----------+-----+-----------+
    |ap_NS_fsm         |  25|          5|    1|          5|
    |ap_done           |   9|          2|    1|          2|
    |layer6_out_blk_n  |   9|          2|    1|          2|
    |layer7_out_blk_n  |   9|          2|    1|          2|
    |real_start        |   9|          2|    1|          2|
    +------------------+----+-----------+-----+-----------+
    |Total             |  61|         13|    5|         13|
    +------------------+----+-----------+-----+-----------+

    * Register: 
    +---------------------------------------------------------------------------------------+----+----+-----+-----------+
    |                                          Name                                         | FF | LUT| Bits| Const Bits|
    +---------------------------------------------------------------------------------------+----+----+-----+-----------+
    |ap_CS_fsm                                                                              |   4|   0|    4|          0|
    |ap_done_reg                                                                            |   1|   0|    1|          0|
    |data_31_reg_606                                                                        |   6|   0|    6|          0|
    |data_32_reg_611                                                                        |   6|   0|    6|          0|
    |data_33_reg_616                                                                        |   6|   0|    6|          0|
    |data_34_reg_621                                                                        |   6|   0|    6|          0|
    |data_35_reg_626                                                                        |   6|   0|    6|          0|
    |data_36_reg_631                                                                        |   6|   0|    6|          0|
    |data_37_reg_636                                                                        |   6|   0|    6|          0|
    |data_38_reg_641                                                                        |   6|   0|    6|          0|
    |data_39_reg_646                                                                        |   6|   0|    6|          0|
    |data_40_reg_651                                                                        |   6|   0|    6|          0|
    |data_41_reg_656                                                                        |   6|   0|    6|          0|
    |data_42_reg_661                                                                        |   6|   0|    6|          0|
    |data_43_reg_666                                                                        |   6|   0|    6|          0|
    |data_44_reg_671                                                                        |   6|   0|    6|          0|
    |data_45_reg_676                                                                        |   6|   0|    6|          0|
    |data_46_reg_681                                                                        |   6|   0|    6|          0|
    |data_47_reg_686                                                                        |   6|   0|    6|          0|
    |data_48_reg_691                                                                        |   6|   0|    6|          0|
    |data_49_reg_696                                                                        |   6|   0|    6|          0|
    |data_50_reg_701                                                                        |   6|   0|    6|          0|
    |data_51_reg_706                                                                        |   6|   0|    6|          0|
    |data_52_reg_711                                                                        |   6|   0|    6|          0|
    |data_53_reg_716                                                                        |   6|   0|    6|          0|
    |data_54_reg_721                                                                        |   6|   0|    6|          0|
    |data_55_reg_726                                                                        |   6|   0|    6|          0|
    |data_56_reg_731                                                                        |   6|   0|    6|          0|
    |data_57_reg_736                                                                        |   6|   0|    6|          0|
    |data_58_reg_741                                                                        |   6|   0|    6|          0|
    |data_59_reg_746                                                                        |   6|   0|    6|          0|
    |data_60_reg_751                                                                        |   6|   0|    6|          0|
    |data_61_reg_601                                                                        |   6|   0|    6|          0|
    |data_reg_596                                                                           |   6|   0|    6|          0|
    |grp_dense_latency_wrapper_ap_fixed_ap_fixed_18_14_5_3_0_config7_s_fu_161_ap_start_reg  |   1|   0|    1|          0|
    |res_1_reg_761                                                                          |  18|   0|   18|          0|
    |res_2_reg_766                                                                          |  18|   0|   18|          0|
    |res_3_reg_771                                                                          |  18|   0|   18|          0|
    |res_4_reg_776                                                                          |  18|   0|   18|          0|
    |res_54_reg_806                                                                         |  18|   0|   18|          0|
    |res_55_reg_811                                                                         |  18|   0|   18|          0|
    |res_56_reg_816                                                                         |  18|   0|   18|          0|
    |res_57_reg_821                                                                         |  18|   0|   18|          0|
    |res_58_reg_826                                                                         |  18|   0|   18|          0|
    |res_59_reg_831                                                                         |  18|   0|   18|          0|
    |res_5_reg_781                                                                          |  18|   0|   18|          0|
    |res_6_reg_786                                                                          |  18|   0|   18|          0|
    |res_7_reg_791                                                                          |  18|   0|   18|          0|
    |res_8_reg_796                                                                          |  18|   0|   18|          0|
    |res_9_reg_801                                                                          |  18|   0|   18|          0|
    |res_reg_756                                                                            |  18|   0|   18|          0|
    |start_once_reg                                                                         |   1|   0|    1|          0|
    +---------------------------------------------------------------------------------------+----+----+-----+-----------+
    |Total                                                                                  | 487|   0|  487|          0|
    +---------------------------------------------------------------------------------------+----+----+-----+-----------+



================================================================
== Interface
================================================================
* Summary: 
+---------------------------+-----+-----+------------+---------------------------------------------------------------------+--------------+
|         RTL Ports         | Dir | Bits|  Protocol  |                            Source Object                            |    C Type    |
+---------------------------+-----+-----+------------+---------------------------------------------------------------------+--------------+
|ap_clk                     |   in|    1|  ap_ctrl_hs|  dense<array<ap_fixed,32u>,array<ap_fixed<18,14,5,3,0>,16u>,config7>|  return value|
|ap_rst                     |   in|    1|  ap_ctrl_hs|  dense<array<ap_fixed,32u>,array<ap_fixed<18,14,5,3,0>,16u>,config7>|  return value|
|ap_start                   |   in|    1|  ap_ctrl_hs|  dense<array<ap_fixed,32u>,array<ap_fixed<18,14,5,3,0>,16u>,config7>|  return value|
|start_full_n               |   in|    1|  ap_ctrl_hs|  dense<array<ap_fixed,32u>,array<ap_fixed<18,14,5,3,0>,16u>,config7>|  return value|
|ap_done                    |  out|    1|  ap_ctrl_hs|  dense<array<ap_fixed,32u>,array<ap_fixed<18,14,5,3,0>,16u>,config7>|  return value|
|ap_continue                |   in|    1|  ap_ctrl_hs|  dense<array<ap_fixed,32u>,array<ap_fixed<18,14,5,3,0>,16u>,config7>|  return value|
|ap_idle                    |  out|    1|  ap_ctrl_hs|  dense<array<ap_fixed,32u>,array<ap_fixed<18,14,5,3,0>,16u>,config7>|  return value|
|ap_ready                   |  out|    1|  ap_ctrl_hs|  dense<array<ap_fixed,32u>,array<ap_fixed<18,14,5,3,0>,16u>,config7>|  return value|
|start_out                  |  out|    1|  ap_ctrl_hs|  dense<array<ap_fixed,32u>,array<ap_fixed<18,14,5,3,0>,16u>,config7>|  return value|
|start_write                |  out|    1|  ap_ctrl_hs|  dense<array<ap_fixed,32u>,array<ap_fixed<18,14,5,3,0>,16u>,config7>|  return value|
|layer6_out_dout            |   in|  192|     ap_fifo|                                                           layer6_out|       pointer|
|layer6_out_empty_n         |   in|    1|     ap_fifo|                                                           layer6_out|       pointer|
|layer6_out_read            |  out|    1|     ap_fifo|                                                           layer6_out|       pointer|
|layer6_out_num_data_valid  |   in|    2|     ap_fifo|                                                           layer6_out|       pointer|
|layer6_out_fifo_cap        |   in|    2|     ap_fifo|                                                           layer6_out|       pointer|
|layer7_out_din             |  out|  288|     ap_fifo|                                                           layer7_out|       pointer|
|layer7_out_full_n          |   in|    1|     ap_fifo|                                                           layer7_out|       pointer|
|layer7_out_write           |  out|    1|     ap_fifo|                                                           layer7_out|       pointer|
|layer7_out_num_data_valid  |   in|    2|     ap_fifo|                                                           layer7_out|       pointer|
|layer7_out_fifo_cap        |   in|    2|     ap_fifo|                                                           layer7_out|       pointer|
+---------------------------+-----+-----+------------+---------------------------------------------------------------------+--------------+

