

================================================================
== Vitis HLS Report for 'dense_array_ap_fixed_16u_array_ap_fixed_25_13_5_3_0_4u_config9_s'
================================================================
* Date:           Fri May 15 14:04:34 2026

* Version:        2024.2 (Build 5238294 on Nov  8 2024)
* Project:        wedrowiec_hls_prj
* Solution:       solution1 (Vivado IP Flow Target)
* Product family: zynq
* Target device:  xc7z020-clg400-1


================================================================
== Performance Estimates
================================================================
+ Timing: 
    * Summary: 
    +--------+----------+-----------+------------+
    |  Clock |  Target  | Estimated | Uncertainty|
    +--------+----------+-----------+------------+
    |ap_clk  |  20.00 ns|  14.362 ns|     2.50 ns|
    +--------+----------+-----------+------------+

+ Latency: 
    * Summary: 
    +---------+---------+----------+----------+-----+-----+---------+
    |  Latency (cycles) |  Latency (absolute) |  Interval | Pipeline|
    |   min   |   max   |    min   |    max   | min | max |   Type  |
    +---------+---------+----------+----------+-----+-----+---------+
    |       66|       67|  1.320 us|  1.340 us|   66|   67|       no|
    +---------+---------+----------+----------+-----+-----+---------+

    + Detail: 
        * Instance: 
        +----------------------------------------------------------------------------------+-----------------------------------------------------------------------+---------+---------+----------+----------+-----+-----+-------------------------------------------+
        |                                                                                  |                                                                       |  Latency (cycles) |  Latency (absolute) |  Interval |                  Pipeline                 |
        |                                     Instance                                     |                                 Module                                |   min   |   max   |    min   |    max   | min | max |                    Type                   |
        +----------------------------------------------------------------------------------+-----------------------------------------------------------------------+---------+---------+----------+----------+-----+-----+-------------------------------------------+
        |grp_dense_resource_rf_gt_nin_rem0_ap_fixed_ap_fixed_25_13_5_3_0_config9_s_fu_101  |dense_resource_rf_gt_nin_rem0_ap_fixed_ap_fixed_25_13_5_3_0_config9_s  |       64|       65|  1.280 us|  1.300 us|   64|   64|  loop rewind stp (delay=0 clock cycles(s))|
        +----------------------------------------------------------------------------------+-----------------------------------------------------------------------+---------+---------+----------+----------+-----+-----+-------------------------------------------+

        * Loop: 
        N/A



================================================================
== Utilization Estimates
================================================================
* Summary: 
+-----------------+---------+-----+--------+-------+-----+
|       Name      | BRAM_18K| DSP |   FF   |  LUT  | URAM|
+-----------------+---------+-----+--------+-------+-----+
|DSP              |        -|    -|       -|      -|    -|
|Expression       |        -|    -|       0|      2|    -|
|FIFO             |        -|    -|       -|      -|    -|
|Instance         |        1|    1|     571|    853|    -|
|Memory           |        -|    -|       -|      -|    -|
|Multiplexer      |        -|    -|       0|     47|    -|
|Register         |        -|    -|     265|      -|    -|
+-----------------+---------+-----+--------+-------+-----+
|Total            |        1|    1|     836|    902|    0|
+-----------------+---------+-----+--------+-------+-----+
|Available        |      280|  220|  106400|  53200|    0|
+-----------------+---------+-----+--------+-------+-----+
|Utilization (%)  |       ~0|   ~0|      ~0|      1|    0|
+-----------------+---------+-----+--------+-------+-----+

+ Detail: 
    * Instance: 
    +----------------------------------------------------------------------------------+-----------------------------------------------------------------------+---------+----+-----+-----+-----+
    |                                     Instance                                     |                                 Module                                | BRAM_18K| DSP|  FF | LUT | URAM|
    +----------------------------------------------------------------------------------+-----------------------------------------------------------------------+---------+----+-----+-----+-----+
    |grp_dense_resource_rf_gt_nin_rem0_ap_fixed_ap_fixed_25_13_5_3_0_config9_s_fu_101  |dense_resource_rf_gt_nin_rem0_ap_fixed_ap_fixed_25_13_5_3_0_config9_s  |        1|   1|  571|  853|    0|
    +----------------------------------------------------------------------------------+-----------------------------------------------------------------------+---------+----+-----+-----+-----+
    |Total                                                                             |                                                                       |        1|   1|  571|  853|    0|
    +----------------------------------------------------------------------------------+-----------------------------------------------------------------------+---------+----+-----+-----+-----+

    * DSP: 
    N/A

    * Memory: 
    N/A

    * FIFO: 
    N/A

    * Expression: 
    +-----------------+----------+----+---+----+------------+------------+
    |  Variable Name  | Operation| DSP| FF| LUT| Bitwidth P0| Bitwidth P1|
    +-----------------+----------+----+---+----+------------+------------+
    |ap_block_state1  |        or|   0|  0|   2|           1|           1|
    +-----------------+----------+----+---+----+------------+------------+
    |Total            |          |   0|  0|   2|           1|           1|
    +-----------------+----------+----+---+----+------------+------------+

    * Multiplexer: 
    +------------------+----+-----------+-----+-----------+
    |       Name       | LUT| Input Size| Bits| Total Bits|
    +------------------+----+-----------+-----+-----------+
    |ap_NS_fsm         |  20|          4|    1|          4|
    |ap_done           |   9|          2|    1|          2|
    |layer8_out_blk_n  |   9|          2|    1|          2|
    |out_local_blk_n   |   9|          2|    1|          2|
    +------------------+----+-----------+-----+-----------+
    |Total             |  47|         10|    4|         10|
    +------------------+----+-----------+-----+-----------+

    * Register: 
    +-----------------------------------------------------------------------------------------------+----+----+-----+-----------+
    |                                              Name                                             | FF | LUT| Bits| Const Bits|
    +-----------------------------------------------------------------------------------------------+----+----+-----+-----------+
    |ap_CS_fsm                                                                                      |   3|   0|    3|          0|
    |ap_done_reg                                                                                    |   1|   0|    1|          0|
    |data_61_reg_330                                                                                |  10|   0|   10|          0|
    |data_62_reg_335                                                                                |  10|   0|   10|          0|
    |data_63_reg_340                                                                                |  10|   0|   10|          0|
    |data_64_reg_345                                                                                |  10|   0|   10|          0|
    |data_65_reg_350                                                                                |  10|   0|   10|          0|
    |data_66_reg_355                                                                                |  10|   0|   10|          0|
    |data_67_reg_360                                                                                |  10|   0|   10|          0|
    |data_68_reg_365                                                                                |  10|   0|   10|          0|
    |data_69_reg_370                                                                                |  10|   0|   10|          0|
    |data_70_reg_375                                                                                |  10|   0|   10|          0|
    |data_71_reg_380                                                                                |  10|   0|   10|          0|
    |data_72_reg_385                                                                                |  10|   0|   10|          0|
    |data_73_reg_390                                                                                |  10|   0|   10|          0|
    |data_74_reg_395                                                                                |  10|   0|   10|          0|
    |data_75_reg_325                                                                                |  10|   0|   10|          0|
    |data_reg_320                                                                                   |  10|   0|   10|          0|
    |grp_dense_resource_rf_gt_nin_rem0_ap_fixed_ap_fixed_25_13_5_3_0_config9_s_fu_101_ap_start_reg  |   1|   0|    1|          0|
    |res_1_reg_405                                                                                  |  25|   0|   25|          0|
    |res_2_reg_410                                                                                  |  25|   0|   25|          0|
    |res_3_reg_415                                                                                  |  25|   0|   25|          0|
    |res_reg_400                                                                                    |  25|   0|   25|          0|
    +-----------------------------------------------------------------------------------------------+----+----+-----+-----------+
    |Total                                                                                          | 265|   0|  265|          0|
    +-----------------------------------------------------------------------------------------------+----+----+-----+-----------+



================================================================
== Interface
================================================================
* Summary: 
+---------------------------+-----+-----+------------+--------------------------------------------------------------------+--------------+
|         RTL Ports         | Dir | Bits|  Protocol  |                            Source Object                           |    C Type    |
+---------------------------+-----+-----+------------+--------------------------------------------------------------------+--------------+
|ap_clk                     |   in|    1|  ap_ctrl_hs|  dense<array<ap_fixed,16u>,array<ap_fixed<25,13,5,3,0>,4u>,config9>|  return value|
|ap_rst                     |   in|    1|  ap_ctrl_hs|  dense<array<ap_fixed,16u>,array<ap_fixed<25,13,5,3,0>,4u>,config9>|  return value|
|ap_start                   |   in|    1|  ap_ctrl_hs|  dense<array<ap_fixed,16u>,array<ap_fixed<25,13,5,3,0>,4u>,config9>|  return value|
|ap_done                    |  out|    1|  ap_ctrl_hs|  dense<array<ap_fixed,16u>,array<ap_fixed<25,13,5,3,0>,4u>,config9>|  return value|
|ap_continue                |   in|    1|  ap_ctrl_hs|  dense<array<ap_fixed,16u>,array<ap_fixed<25,13,5,3,0>,4u>,config9>|  return value|
|ap_idle                    |  out|    1|  ap_ctrl_hs|  dense<array<ap_fixed,16u>,array<ap_fixed<25,13,5,3,0>,4u>,config9>|  return value|
|ap_ready                   |  out|    1|  ap_ctrl_hs|  dense<array<ap_fixed,16u>,array<ap_fixed<25,13,5,3,0>,4u>,config9>|  return value|
|layer8_out_dout            |   in|  160|     ap_fifo|                                                          layer8_out|       pointer|
|layer8_out_empty_n         |   in|    1|     ap_fifo|                                                          layer8_out|       pointer|
|layer8_out_read            |  out|    1|     ap_fifo|                                                          layer8_out|       pointer|
|layer8_out_num_data_valid  |   in|    2|     ap_fifo|                                                          layer8_out|       pointer|
|layer8_out_fifo_cap        |   in|    2|     ap_fifo|                                                          layer8_out|       pointer|
|out_local_din              |  out|  100|     ap_fifo|                                                           out_local|       pointer|
|out_local_full_n           |   in|    1|     ap_fifo|                                                           out_local|       pointer|
|out_local_write            |  out|    1|     ap_fifo|                                                           out_local|       pointer|
+---------------------------+-----+-----+------------+--------------------------------------------------------------------+--------------+

