

================================================================
== Vitis HLS Report for 'dense_latency_wrapper_ap_fixed_ap_fixed_17_13_5_3_0_config9_s'
================================================================
* Date:           Sun May 17 14:56:16 2026

* Version:        2025.1 (Build 6135595 on May 21 2025)
* Project:        wedrowiec_hls_prj
* Solution:       solution1 (Vivado IP Flow Target)
* Product family: zynq
* Target device:  xc7z020-clg400-1


================================================================
== Performance Estimates
================================================================
+ Timing: 
    * Summary: 
    +--------+----------+-----------+------------+
    |  Clock |  Target  | Estimated | Uncertainty|
    +--------+----------+-----------+------------+
    |ap_clk  |  20.00 ns|  13.000 ns|     5.40 ns|
    +--------+----------+-----------+------------+

+ Latency: 
    * Summary: 
    +---------+---------+-----------+-----------+-----+-----+---------+
    |  Latency (cycles) |   Latency (absolute)  |  Interval | Pipeline|
    |   min   |   max   |    min    |    max    | min | max |   Type  |
    +---------+---------+-----------+-----------+-----+-----+---------+
    |        2|        2|  40.000 ns|  40.000 ns|    2|    2|       no|
    +---------+---------+-----------+-----------+-----+-----+---------+

    + Detail: 
        * Instance: 
        +----------------------------------------------------------------------------+-----------------------------------------------------------------+---------+---------+-----------+-----------+-----+-----+---------+
        |                                                                            |                                                                 |  Latency (cycles) |   Latency (absolute)  |  Interval | Pipeline|
        |                                  Instance                                  |                              Module                             |   min   |   max   |    min    |    max    | min | max |   Type  |
        +----------------------------------------------------------------------------+-----------------------------------------------------------------+---------+---------+-----------+-----------+-----+-----+---------+
        |grp_dense_latency_ap_fixed_6_4_0_0_0_ap_fixed_17_13_5_3_0_config9_s_fu_140  |dense_latency_ap_fixed_6_4_0_0_0_ap_fixed_17_13_5_3_0_config9_s  |        1|        1|  20.000 ns|  20.000 ns|    1|    1|       no|
        +----------------------------------------------------------------------------+-----------------------------------------------------------------+---------+---------+-----------+-----------+-----+-----+---------+

        * Loop: 
        N/A



================================================================
== Utilization Estimates
================================================================
* Summary: 
+-----------------+---------+-----+--------+-------+-----+
|       Name      | BRAM_18K| DSP |   FF   |  LUT  | URAM|
+-----------------+---------+-----+--------+-------+-----+
|DSP              |        -|    -|       -|      -|    -|
|Expression       |        -|    -|       -|      -|    -|
|FIFO             |        -|    -|       -|      -|    -|
|Instance         |        -|    -|     111|    806|    -|
|Memory           |        -|    -|       -|      -|    -|
|Multiplexer      |        -|    -|       0|     50|    -|
|Register         |        -|    -|      71|      -|    -|
+-----------------+---------+-----+--------+-------+-----+
|Total            |        0|    0|     182|    856|    0|
+-----------------+---------+-----+--------+-------+-----+
|Available        |      280|  220|  106400|  53200|    0|
+-----------------+---------+-----+--------+-------+-----+
|Utilization (%)  |        0|    0|      ~0|      1|    0|
+-----------------+---------+-----+--------+-------+-----+

+ Detail: 
    * Instance: 
    +----------------------------------------------------------------------------+-----------------------------------------------------------------+---------+----+-----+-----+-----+
    |                                  Instance                                  |                              Module                             | BRAM_18K| DSP|  FF | LUT | URAM|
    +----------------------------------------------------------------------------+-----------------------------------------------------------------+---------+----+-----+-----+-----+
    |grp_dense_latency_ap_fixed_6_4_0_0_0_ap_fixed_17_13_5_3_0_config9_s_fu_140  |dense_latency_ap_fixed_6_4_0_0_0_ap_fixed_17_13_5_3_0_config9_s  |        0|   0|  111|  806|    0|
    +----------------------------------------------------------------------------+-----------------------------------------------------------------+---------+----+-----+-----+-----+
    |Total                                                                       |                                                                 |        0|   0|  111|  806|    0|
    +----------------------------------------------------------------------------+-----------------------------------------------------------------+---------+----+-----+-----+-----+

    * DSP: 
    N/A

    * Memory: 
    N/A

    * FIFO: 
    N/A

    * Expression: 
    N/A

    * Multiplexer: 
    +-------------+----+-----------+-----+-----------+
    |     Name    | LUT| Input Size| Bits| Total Bits|
    +-------------+----+-----------+-----+-----------+
    |ap_NS_fsm    |  14|          3|    1|          3|
    |ap_return_0  |   9|          2|   17|         34|
    |ap_return_1  |   9|          2|   17|         34|
    |ap_return_2  |   9|          2|   17|         34|
    |ap_return_3  |   9|          2|   17|         34|
    +-------------+----+-----------+-----+-----------+
    |Total        |  50|         11|   69|        139|
    +-------------+----+-----------+-----+-----------+

    * Register: 
    +-----------------------------------------------------------------------------------------+----+----+-----+-----------+
    |                                           Name                                          | FF | LUT| Bits| Const Bits|
    +-----------------------------------------------------------------------------------------+----+----+-----+-----------+
    |ap_CS_fsm                                                                                |   2|   0|    2|          0|
    |ap_return_0_preg                                                                         |  17|   0|   17|          0|
    |ap_return_1_preg                                                                         |  17|   0|   17|          0|
    |ap_return_2_preg                                                                         |  17|   0|   17|          0|
    |ap_return_3_preg                                                                         |  17|   0|   17|          0|
    |grp_dense_latency_ap_fixed_6_4_0_0_0_ap_fixed_17_13_5_3_0_config9_s_fu_140_ap_start_reg  |   1|   0|    1|          0|
    +-----------------------------------------------------------------------------------------+----+----+-----+-----------+
    |Total                                                                                    |  71|   0|   71|          0|
    +-----------------------------------------------------------------------------------------+----+----+-----+-----------+



================================================================
== Interface
================================================================
* Summary: 
+---------------+-----+-----+------------+---------------------------------------------------------------+--------------+
|   RTL Ports   | Dir | Bits|  Protocol  |                         Source Object                         |    C Type    |
+---------------+-----+-----+------------+---------------------------------------------------------------+--------------+
|ap_clk         |   in|    1|  ap_ctrl_hs|  dense_latency_wrapper<ap_fixed,ap_fixed<17,13,5,3,0>,config9>|  return value|
|ap_rst         |   in|    1|  ap_ctrl_hs|  dense_latency_wrapper<ap_fixed,ap_fixed<17,13,5,3,0>,config9>|  return value|
|ap_start       |   in|    1|  ap_ctrl_hs|  dense_latency_wrapper<ap_fixed,ap_fixed<17,13,5,3,0>,config9>|  return value|
|ap_done        |  out|    1|  ap_ctrl_hs|  dense_latency_wrapper<ap_fixed,ap_fixed<17,13,5,3,0>,config9>|  return value|
|ap_idle        |  out|    1|  ap_ctrl_hs|  dense_latency_wrapper<ap_fixed,ap_fixed<17,13,5,3,0>,config9>|  return value|
|ap_ready       |  out|    1|  ap_ctrl_hs|  dense_latency_wrapper<ap_fixed,ap_fixed<17,13,5,3,0>,config9>|  return value|
|ap_return_0    |  out|   17|  ap_ctrl_hs|  dense_latency_wrapper<ap_fixed,ap_fixed<17,13,5,3,0>,config9>|  return value|
|ap_return_1    |  out|   17|  ap_ctrl_hs|  dense_latency_wrapper<ap_fixed,ap_fixed<17,13,5,3,0>,config9>|  return value|
|ap_return_2    |  out|   17|  ap_ctrl_hs|  dense_latency_wrapper<ap_fixed,ap_fixed<17,13,5,3,0>,config9>|  return value|
|ap_return_3    |  out|   17|  ap_ctrl_hs|  dense_latency_wrapper<ap_fixed,ap_fixed<17,13,5,3,0>,config9>|  return value|
|data_0_val1    |   in|    6|     ap_none|                                                    data_0_val1|        scalar|
|data_1_val2    |   in|    6|     ap_none|                                                    data_1_val2|        scalar|
|data_2_val3    |   in|    6|     ap_none|                                                    data_2_val3|        scalar|
|data_3_val4    |   in|    6|     ap_none|                                                    data_3_val4|        scalar|
|data_4_val5    |   in|    6|     ap_none|                                                    data_4_val5|        scalar|
|data_5_val6    |   in|    6|     ap_none|                                                    data_5_val6|        scalar|
|data_6_val7    |   in|    6|     ap_none|                                                    data_6_val7|        scalar|
|data_7_val8    |   in|    6|     ap_none|                                                    data_7_val8|        scalar|
|data_8_val9    |   in|    6|     ap_none|                                                    data_8_val9|        scalar|
|data_9_val10   |   in|    6|     ap_none|                                                   data_9_val10|        scalar|
|data_10_val11  |   in|    6|     ap_none|                                                  data_10_val11|        scalar|
|data_11_val12  |   in|    6|     ap_none|                                                  data_11_val12|        scalar|
|data_12_val13  |   in|    6|     ap_none|                                                  data_12_val13|        scalar|
|data_13_val14  |   in|    6|     ap_none|                                                  data_13_val14|        scalar|
|data_14_val15  |   in|    6|     ap_none|                                                  data_14_val15|        scalar|
|data_15_val16  |   in|    6|     ap_none|                                                  data_15_val16|        scalar|
+---------------+-----+-----+------------+---------------------------------------------------------------+--------------+

