

================================================================
== Vitis HLS Report for 'dense_array_ap_fixed_16u_array_ap_fixed_17_13_5_3_0_4u_config9_s'
================================================================
* Date:           Sun May 17 14:56:16 2026

* Version:        2025.1 (Build 6135595 on May 21 2025)
* Project:        wedrowiec_hls_prj
* Solution:       solution1 (Vivado IP Flow Target)
* Product family: zynq
* Target device:  xc7z020-clg400-1


================================================================
== Performance Estimates
================================================================
+ Timing: 
    * Summary: 
    +--------+----------+-----------+------------+
    |  Clock |  Target  | Estimated | Uncertainty|
    +--------+----------+-----------+------------+
    |ap_clk  |  20.00 ns|  13.000 ns|     5.40 ns|
    +--------+----------+-----------+------------+

+ Latency: 
    * Summary: 
    +---------+---------+----------+----------+-----+-----+---------+
    |  Latency (cycles) |  Latency (absolute) |  Interval | Pipeline|
    |   min   |   max   |    min   |    max   | min | max |   Type  |
    +---------+---------+----------+----------+-----+-----+---------+
    |        6|        6|  0.120 us|  0.120 us|    6|    6|       no|
    +---------+---------+----------+----------+-----+-----+---------+

    + Detail: 
        * Instance: 
        +--------------------------------------------------------------------------+---------------------------------------------------------------+---------+---------+-----------+-----------+-----+-----+---------+
        |                                                                          |                                                               |  Latency (cycles) |   Latency (absolute)  |  Interval | Pipeline|
        |                                 Instance                                 |                             Module                            |   min   |   max   |    min    |    max    | min | max |   Type  |
        +--------------------------------------------------------------------------+---------------------------------------------------------------+---------+---------+-----------+-----------+-----+-----+---------+
        |grp_dense_latency_wrapper_ap_fixed_ap_fixed_17_13_5_3_0_config9_s_fu_105  |dense_latency_wrapper_ap_fixed_ap_fixed_17_13_5_3_0_config9_s  |        2|        2|  40.000 ns|  40.000 ns|    2|    2|       no|
        +--------------------------------------------------------------------------+---------------------------------------------------------------+---------+---------+-----------+-----------+-----+-----+---------+

        * Loop: 
        N/A



================================================================
== Utilization Estimates
================================================================
* Summary: 
+-----------------+---------+-----+--------+-------+-----+
|       Name      | BRAM_18K| DSP |   FF   |  LUT  | URAM|
+-----------------+---------+-----+--------+-------+-----+
|DSP              |        -|    -|       -|      -|    -|
|Expression       |        -|    -|       0|      4|    -|
|FIFO             |        -|    -|       -|      -|    -|
|Instance         |        -|    -|     182|    856|    -|
|Memory           |        -|    -|       -|      -|    -|
|Multiplexer      |        -|    -|       0|     58|    -|
|Register         |        -|    -|     171|      -|    -|
+-----------------+---------+-----+--------+-------+-----+
|Total            |        0|    0|     353|    918|    0|
+-----------------+---------+-----+--------+-------+-----+
|Available        |      280|  220|  106400|  53200|    0|
+-----------------+---------+-----+--------+-------+-----+
|Utilization (%)  |        0|    0|      ~0|      1|    0|
+-----------------+---------+-----+--------+-------+-----+

+ Detail: 
    * Instance: 
    +--------------------------------------------------------------------------+---------------------------------------------------------------+---------+----+-----+-----+-----+
    |                                 Instance                                 |                             Module                            | BRAM_18K| DSP|  FF | LUT | URAM|
    +--------------------------------------------------------------------------+---------------------------------------------------------------+---------+----+-----+-----+-----+
    |grp_dense_latency_wrapper_ap_fixed_ap_fixed_17_13_5_3_0_config9_s_fu_105  |dense_latency_wrapper_ap_fixed_ap_fixed_17_13_5_3_0_config9_s  |        0|   0|  182|  856|    0|
    +--------------------------------------------------------------------------+---------------------------------------------------------------+---------+----+-----+-----+-----+
    |Total                                                                     |                                                               |        0|   0|  182|  856|    0|
    +--------------------------------------------------------------------------+---------------------------------------------------------------+---------+----+-----+-----+-----+

    * DSP: 
    N/A

    * Memory: 
    N/A

    * FIFO: 
    N/A

    * Expression: 
    +-----------------+----------+----+---+----+------------+------------+
    |  Variable Name  | Operation| DSP| FF| LUT| Bitwidth P0| Bitwidth P1|
    +-----------------+----------+----+---+----+------------+------------+
    |ap_block_state1  |        or|   0|  0|   2|           1|           1|
    |ap_block_state5  |        or|   0|  0|   2|           1|           1|
    +-----------------+----------+----+---+----+------------+------------+
    |Total            |          |   0|  0|   4|           2|           2|
    +-----------------+----------+----+---+----+------------+------------+

    * Multiplexer: 
    +------------------------+----+-----------+-----+-----------+
    |          Name          | LUT| Input Size| Bits| Total Bits|
    +------------------------+----+-----------+-----+-----------+
    |ap_NS_fsm               |  31|          6|    1|          6|
    |ap_done                 |   9|          2|    1|          2|
    |layer8_out_blk_n        |   9|          2|    1|          2|
    |layer9_out_TDATA_blk_n  |   9|          2|    1|          2|
    +------------------------+----+-----------+-----+-----------+
    |Total                   |  58|         12|    4|         12|
    +------------------------+----+-----------+-----+-----------+

    * Register: 
    +---------------------------------------------------------------------------------------+----+----+-----+-----------+
    |                                          Name                                         | FF | LUT| Bits| Const Bits|
    +---------------------------------------------------------------------------------------+----+----+-----+-----------+
    |ap_CS_fsm                                                                              |   5|   0|    5|          0|
    |ap_done_reg                                                                            |   1|   0|    1|          0|
    |data_61_reg_324                                                                        |   6|   0|    6|          0|
    |data_62_reg_329                                                                        |   6|   0|    6|          0|
    |data_63_reg_334                                                                        |   6|   0|    6|          0|
    |data_64_reg_339                                                                        |   6|   0|    6|          0|
    |data_65_reg_344                                                                        |   6|   0|    6|          0|
    |data_66_reg_349                                                                        |   6|   0|    6|          0|
    |data_67_reg_354                                                                        |   6|   0|    6|          0|
    |data_68_reg_359                                                                        |   6|   0|    6|          0|
    |data_69_reg_364                                                                        |   6|   0|    6|          0|
    |data_70_reg_369                                                                        |   6|   0|    6|          0|
    |data_71_reg_374                                                                        |   6|   0|    6|          0|
    |data_72_reg_379                                                                        |   6|   0|    6|          0|
    |data_73_reg_384                                                                        |   6|   0|    6|          0|
    |data_74_reg_389                                                                        |   6|   0|    6|          0|
    |data_75_reg_319                                                                        |   6|   0|    6|          0|
    |data_reg_314                                                                           |   6|   0|    6|          0|
    |grp_dense_latency_wrapper_ap_fixed_ap_fixed_17_13_5_3_0_config9_s_fu_105_ap_start_reg  |   1|   0|    1|          0|
    |res_1_reg_399                                                                          |  17|   0|   17|          0|
    |res_2_reg_404                                                                          |  17|   0|   17|          0|
    |res_3_reg_409                                                                          |  17|   0|   17|          0|
    |res_reg_394                                                                            |  17|   0|   17|          0|
    +---------------------------------------------------------------------------------------+----+----+-----+-----------+
    |Total                                                                                  | 171|   0|  171|          0|
    +---------------------------------------------------------------------------------------+----+----+-----+-----------+



================================================================
== Interface
================================================================
* Summary: 
+---------------------------+-----+-----+------------+--------------------------------------------------------------------+--------------+
|         RTL Ports         | Dir | Bits|  Protocol  |                            Source Object                           |    C Type    |
+---------------------------+-----+-----+------------+--------------------------------------------------------------------+--------------+
|ap_clk                     |   in|    1|  ap_ctrl_hs|  dense<array<ap_fixed,16u>,array<ap_fixed<17,13,5,3,0>,4u>,config9>|  return value|
|ap_rst                     |   in|    1|  ap_ctrl_hs|  dense<array<ap_fixed,16u>,array<ap_fixed<17,13,5,3,0>,4u>,config9>|  return value|
|ap_start                   |   in|    1|  ap_ctrl_hs|  dense<array<ap_fixed,16u>,array<ap_fixed<17,13,5,3,0>,4u>,config9>|  return value|
|ap_done                    |  out|    1|  ap_ctrl_hs|  dense<array<ap_fixed,16u>,array<ap_fixed<17,13,5,3,0>,4u>,config9>|  return value|
|ap_continue                |   in|    1|  ap_ctrl_hs|  dense<array<ap_fixed,16u>,array<ap_fixed<17,13,5,3,0>,4u>,config9>|  return value|
|ap_idle                    |  out|    1|  ap_ctrl_hs|  dense<array<ap_fixed,16u>,array<ap_fixed<17,13,5,3,0>,4u>,config9>|  return value|
|ap_ready                   |  out|    1|  ap_ctrl_hs|  dense<array<ap_fixed,16u>,array<ap_fixed<17,13,5,3,0>,4u>,config9>|  return value|
|layer8_out_dout            |   in|   96|     ap_fifo|                                                          layer8_out|       pointer|
|layer8_out_empty_n         |   in|    1|     ap_fifo|                                                          layer8_out|       pointer|
|layer8_out_read            |  out|    1|     ap_fifo|                                                          layer8_out|       pointer|
|layer8_out_num_data_valid  |   in|    2|     ap_fifo|                                                          layer8_out|       pointer|
|layer8_out_fifo_cap        |   in|    2|     ap_fifo|                                                          layer8_out|       pointer|
|layer9_out_TDATA           |  out|  128|        axis|                                                          layer9_out|       pointer|
|layer9_out_TVALID          |  out|    1|        axis|                                                          layer9_out|       pointer|
|layer9_out_TREADY          |   in|    1|        axis|                                                          layer9_out|       pointer|
+---------------------------+-----+-----+------------+--------------------------------------------------------------------+--------------+

