

================================================================
== Vitis HLS Report for 'dense_array_ap_fixed_32u_array_ap_fixed_26_14_5_3_0_32u_config5_s'
================================================================
* Date:           Fri May 15 14:04:31 2026

* Version:        2024.2 (Build 5238294 on Nov  8 2024)
* Project:        wedrowiec_hls_prj
* Solution:       solution1 (Vivado IP Flow Target)
* Product family: zynq
* Target device:  xc7z020-clg400-1


================================================================
== Performance Estimates
================================================================
+ Timing: 
    * Summary: 
    +--------+----------+-----------+------------+
    |  Clock |  Target  | Estimated | Uncertainty|
    +--------+----------+-----------+------------+
    |ap_clk  |  20.00 ns|  16.945 ns|     2.50 ns|
    +--------+----------+-----------+------------+

+ Latency: 
    * Summary: 
    +---------+---------+-----------+-----------+------+------+---------+
    |  Latency (cycles) |   Latency (absolute)  |   Interval  | Pipeline|
    |   min   |   max   |    min    |    max    |  min |  max |   Type  |
    +---------+---------+-----------+-----------+------+------+---------+
    |     1026|     1027|  20.520 us|  20.540 us|  1026|  1027|       no|
    +---------+---------+-----------+-----------+------+------+---------+

    + Detail: 
        * Instance: 
        +----------------------------------------------------------------------------------+-----------------------------------------------------------------------+---------+---------+-----------+-----------+------+------+-------------------------------------------+
        |                                                                                  |                                                                       |  Latency (cycles) |   Latency (absolute)  |   Interval  |                  Pipeline                 |
        |                                     Instance                                     |                                 Module                                |   min   |   max   |    min    |    max    |  min |  max |                    Type                   |
        +----------------------------------------------------------------------------------+-----------------------------------------------------------------------+---------+---------+-----------+-----------+------+------+-------------------------------------------+
        |grp_dense_resource_rf_gt_nin_rem0_ap_fixed_ap_fixed_26_14_5_3_0_config5_s_fu_165  |dense_resource_rf_gt_nin_rem0_ap_fixed_ap_fixed_26_14_5_3_0_config5_s  |     1024|     1025|  20.480 us|  20.500 us|  1024|  1024|  loop rewind stp (delay=0 clock cycles(s))|
        +----------------------------------------------------------------------------------+-----------------------------------------------------------------------+---------+---------+-----------+-----------+------+------+-------------------------------------------+

        * Loop: 
        N/A



================================================================
== Utilization Estimates
================================================================
* Summary: 
+-----------------+---------+-----+--------+-------+-----+
|       Name      | BRAM_18K| DSP |   FF   |  LUT  | URAM|
+-----------------+---------+-----+--------+-------+-----+
|DSP              |        -|    -|       -|      -|    -|
|Expression       |        -|    -|       0|      2|    -|
|FIFO             |        -|    -|       -|      -|    -|
|Instance         |        2|    1|    2361|   2572|    -|
|Memory           |        -|    -|       -|      -|    -|
|Multiplexer      |        -|    -|       0|     56|    -|
|Register         |        -|    -|    1158|      -|    -|
+-----------------+---------+-----+--------+-------+-----+
|Total            |        2|    1|    3519|   2630|    0|
+-----------------+---------+-----+--------+-------+-----+
|Available        |      280|  220|  106400|  53200|    0|
+-----------------+---------+-----+--------+-------+-----+
|Utilization (%)  |       ~0|   ~0|       3|      4|    0|
+-----------------+---------+-----+--------+-------+-----+

+ Detail: 
    * Instance: 
    +----------------------------------------------------------------------------------+-----------------------------------------------------------------------+---------+----+------+------+-----+
    |                                     Instance                                     |                                 Module                                | BRAM_18K| DSP|  FF  |  LUT | URAM|
    +----------------------------------------------------------------------------------+-----------------------------------------------------------------------+---------+----+------+------+-----+
    |grp_dense_resource_rf_gt_nin_rem0_ap_fixed_ap_fixed_26_14_5_3_0_config5_s_fu_165  |dense_resource_rf_gt_nin_rem0_ap_fixed_ap_fixed_26_14_5_3_0_config5_s  |        2|   1|  2361|  2572|    0|
    +----------------------------------------------------------------------------------+-----------------------------------------------------------------------+---------+----+------+------+-----+
    |Total                                                                             |                                                                       |        2|   1|  2361|  2572|    0|
    +----------------------------------------------------------------------------------+-----------------------------------------------------------------------+---------+----+------+------+-----+

    * DSP: 
    N/A

    * Memory: 
    N/A

    * FIFO: 
    N/A

    * Expression: 
    +-----------------+----------+----+---+----+------------+------------+
    |  Variable Name  | Operation| DSP| FF| LUT| Bitwidth P0| Bitwidth P1|
    +-----------------+----------+----+---+----+------------+------------+
    |ap_block_state1  |        or|   0|  0|   2|           1|           1|
    +-----------------+----------+----+---+----+------------+------------+
    |Total            |          |   0|  0|   2|           1|           1|
    +-----------------+----------+----+---+----+------------+------------+

    * Multiplexer: 
    +------------------+----+-----------+-----+-----------+
    |       Name       | LUT| Input Size| Bits| Total Bits|
    +------------------+----+-----------+-----+-----------+
    |ap_NS_fsm         |  20|          4|    1|          4|
    |ap_done           |   9|          2|    1|          2|
    |layer4_out_blk_n  |   9|          2|    1|          2|
    |layer5_out_blk_n  |   9|          2|    1|          2|
    |real_start        |   9|          2|    1|          2|
    +------------------+----+-----------+-----+-----------+
    |Total             |  56|         12|    5|         12|
    +------------------+----+-----------+-----+-----------+

    * Register: 
    +-----------------------------------------------------------------------------------------------+----+----+-----+-----------+
    |                                              Name                                             | FF | LUT| Bits| Const Bits|
    +-----------------------------------------------------------------------------------------------+----+----+-----+-----------+
    |ap_CS_fsm                                                                                      |   3|   0|    3|          0|
    |ap_done_reg                                                                                    |   1|   0|    1|          0|
    |data_10_reg_771                                                                                |  10|   0|   10|          0|
    |data_11_reg_776                                                                                |  10|   0|   10|          0|
    |data_12_reg_781                                                                                |  10|   0|   10|          0|
    |data_13_reg_786                                                                                |  10|   0|   10|          0|
    |data_14_reg_791                                                                                |  10|   0|   10|          0|
    |data_15_reg_796                                                                                |  10|   0|   10|          0|
    |data_16_reg_801                                                                                |  10|   0|   10|          0|
    |data_17_reg_806                                                                                |  10|   0|   10|          0|
    |data_18_reg_811                                                                                |  10|   0|   10|          0|
    |data_19_reg_816                                                                                |  10|   0|   10|          0|
    |data_1_reg_726                                                                                 |  10|   0|   10|          0|
    |data_20_reg_821                                                                                |  10|   0|   10|          0|
    |data_21_reg_826                                                                                |  10|   0|   10|          0|
    |data_22_reg_831                                                                                |  10|   0|   10|          0|
    |data_23_reg_836                                                                                |  10|   0|   10|          0|
    |data_24_reg_841                                                                                |  10|   0|   10|          0|
    |data_25_reg_846                                                                                |  10|   0|   10|          0|
    |data_26_reg_851                                                                                |  10|   0|   10|          0|
    |data_27_reg_856                                                                                |  10|   0|   10|          0|
    |data_28_reg_861                                                                                |  10|   0|   10|          0|
    |data_29_reg_866                                                                                |  10|   0|   10|          0|
    |data_2_reg_731                                                                                 |  10|   0|   10|          0|
    |data_30_reg_871                                                                                |  10|   0|   10|          0|
    |data_31_reg_721                                                                                |  10|   0|   10|          0|
    |data_3_reg_736                                                                                 |  10|   0|   10|          0|
    |data_4_reg_741                                                                                 |  10|   0|   10|          0|
    |data_5_reg_746                                                                                 |  10|   0|   10|          0|
    |data_6_reg_751                                                                                 |  10|   0|   10|          0|
    |data_7_reg_756                                                                                 |  10|   0|   10|          0|
    |data_8_reg_761                                                                                 |  10|   0|   10|          0|
    |data_9_reg_766                                                                                 |  10|   0|   10|          0|
    |data_reg_716                                                                                   |  10|   0|   10|          0|
    |grp_dense_resource_rf_gt_nin_rem0_ap_fixed_ap_fixed_26_14_5_3_0_config5_s_fu_165_ap_start_reg  |   1|   0|    1|          0|
    |res_1_reg_881                                                                                  |  26|   0|   26|          0|
    |res_2_reg_886                                                                                  |  26|   0|   26|          0|
    |res_32_reg_926                                                                                 |  26|   0|   26|          0|
    |res_33_reg_931                                                                                 |  26|   0|   26|          0|
    |res_34_reg_936                                                                                 |  26|   0|   26|          0|
    |res_35_reg_941                                                                                 |  26|   0|   26|          0|
    |res_36_reg_946                                                                                 |  26|   0|   26|          0|
    |res_37_reg_951                                                                                 |  26|   0|   26|          0|
    |res_38_reg_956                                                                                 |  26|   0|   26|          0|
    |res_39_reg_961                                                                                 |  26|   0|   26|          0|
    |res_3_reg_891                                                                                  |  26|   0|   26|          0|
    |res_40_reg_966                                                                                 |  26|   0|   26|          0|
    |res_41_reg_971                                                                                 |  26|   0|   26|          0|
    |res_42_reg_976                                                                                 |  26|   0|   26|          0|
    |res_43_reg_981                                                                                 |  26|   0|   26|          0|
    |res_44_reg_986                                                                                 |  26|   0|   26|          0|
    |res_45_reg_991                                                                                 |  26|   0|   26|          0|
    |res_46_reg_996                                                                                 |  26|   0|   26|          0|
    |res_47_reg_1001                                                                                |  26|   0|   26|          0|
    |res_48_reg_1006                                                                                |  26|   0|   26|          0|
    |res_49_reg_1011                                                                                |  26|   0|   26|          0|
    |res_4_reg_896                                                                                  |  26|   0|   26|          0|
    |res_50_reg_1016                                                                                |  26|   0|   26|          0|
    |res_51_reg_1021                                                                                |  26|   0|   26|          0|
    |res_52_reg_1026                                                                                |  26|   0|   26|          0|
    |res_53_reg_1031                                                                                |  26|   0|   26|          0|
    |res_5_reg_901                                                                                  |  26|   0|   26|          0|
    |res_6_reg_906                                                                                  |  26|   0|   26|          0|
    |res_7_reg_911                                                                                  |  26|   0|   26|          0|
    |res_8_reg_916                                                                                  |  26|   0|   26|          0|
    |res_9_reg_921                                                                                  |  26|   0|   26|          0|
    |res_reg_876                                                                                    |  26|   0|   26|          0|
    |start_once_reg                                                                                 |   1|   0|    1|          0|
    +-----------------------------------------------------------------------------------------------+----+----+-----+-----------+
    |Total                                                                                          |1158|   0| 1158|          0|
    +-----------------------------------------------------------------------------------------------+----+----+-----+-----------+



================================================================
== Interface
================================================================
* Summary: 
+---------------------------+-----+-----+------------+---------------------------------------------------------------------+--------------+
|         RTL Ports         | Dir | Bits|  Protocol  |                            Source Object                            |    C Type    |
+---------------------------+-----+-----+------------+---------------------------------------------------------------------+--------------+
|ap_clk                     |   in|    1|  ap_ctrl_hs|  dense<array<ap_fixed,32u>,array<ap_fixed<26,14,5,3,0>,32u>,config5>|  return value|
|ap_rst                     |   in|    1|  ap_ctrl_hs|  dense<array<ap_fixed,32u>,array<ap_fixed<26,14,5,3,0>,32u>,config5>|  return value|
|ap_start                   |   in|    1|  ap_ctrl_hs|  dense<array<ap_fixed,32u>,array<ap_fixed<26,14,5,3,0>,32u>,config5>|  return value|
|start_full_n               |   in|    1|  ap_ctrl_hs|  dense<array<ap_fixed,32u>,array<ap_fixed<26,14,5,3,0>,32u>,config5>|  return value|
|ap_done                    |  out|    1|  ap_ctrl_hs|  dense<array<ap_fixed,32u>,array<ap_fixed<26,14,5,3,0>,32u>,config5>|  return value|
|ap_continue                |   in|    1|  ap_ctrl_hs|  dense<array<ap_fixed,32u>,array<ap_fixed<26,14,5,3,0>,32u>,config5>|  return value|
|ap_idle                    |  out|    1|  ap_ctrl_hs|  dense<array<ap_fixed,32u>,array<ap_fixed<26,14,5,3,0>,32u>,config5>|  return value|
|ap_ready                   |  out|    1|  ap_ctrl_hs|  dense<array<ap_fixed,32u>,array<ap_fixed<26,14,5,3,0>,32u>,config5>|  return value|
|start_out                  |  out|    1|  ap_ctrl_hs|  dense<array<ap_fixed,32u>,array<ap_fixed<26,14,5,3,0>,32u>,config5>|  return value|
|start_write                |  out|    1|  ap_ctrl_hs|  dense<array<ap_fixed,32u>,array<ap_fixed<26,14,5,3,0>,32u>,config5>|  return value|
|layer4_out_dout            |   in|  320|     ap_fifo|                                                           layer4_out|       pointer|
|layer4_out_empty_n         |   in|    1|     ap_fifo|                                                           layer4_out|       pointer|
|layer4_out_read            |  out|    1|     ap_fifo|                                                           layer4_out|       pointer|
|layer4_out_num_data_valid  |   in|    2|     ap_fifo|                                                           layer4_out|       pointer|
|layer4_out_fifo_cap        |   in|    2|     ap_fifo|                                                           layer4_out|       pointer|
|layer5_out_din             |  out|  832|     ap_fifo|                                                           layer5_out|       pointer|
|layer5_out_full_n          |   in|    1|     ap_fifo|                                                           layer5_out|       pointer|
|layer5_out_write           |  out|    1|     ap_fifo|                                                           layer5_out|       pointer|
|layer5_out_num_data_valid  |   in|    2|     ap_fifo|                                                           layer5_out|       pointer|
|layer5_out_fifo_cap        |   in|    2|     ap_fifo|                                                           layer5_out|       pointer|
+---------------------------+-----+-----+------------+---------------------------------------------------------------------+--------------+

