

================================================================
== Vitis HLS Report for 'dense_array_ap_fixed_32u_array_ap_fixed_18_14_5_3_0_32u_config5_s'
================================================================
* Date:           Sun May 17 14:56:14 2026

* Version:        2025.1 (Build 6135595 on May 21 2025)
* Project:        wedrowiec_hls_prj
* Solution:       solution1 (Vivado IP Flow Target)
* Product family: zynq
* Target device:  xc7z020-clg400-1


================================================================
== Performance Estimates
================================================================
+ Timing: 
    * Summary: 
    +--------+----------+-----------+------------+
    |  Clock |  Target  | Estimated | Uncertainty|
    +--------+----------+-----------+------------+
    |ap_clk  |  20.00 ns|  13.111 ns|     5.40 ns|
    +--------+----------+-----------+------------+

+ Latency: 
    * Summary: 
    +---------+---------+----------+----------+-----+-----+---------+
    |  Latency (cycles) |  Latency (absolute) |  Interval | Pipeline|
    |   min   |   max   |    min   |    max   | min | max |   Type  |
    +---------+---------+----------+----------+-----+-----+---------+
    |        5|        5|  0.100 us|  0.100 us|    5|    5|       no|
    +---------+---------+----------+----------+-----+-----+---------+

    + Detail: 
        * Instance: 
        +--------------------------------------------------------------------------+---------------------------------------------------------------+---------+---------+-----------+-----------+-----+-----+---------+
        |                                                                          |                                                               |  Latency (cycles) |   Latency (absolute)  |  Interval | Pipeline|
        |                                 Instance                                 |                             Module                            |   min   |   max   |    min    |    max    | min | max |   Type  |
        +--------------------------------------------------------------------------+---------------------------------------------------------------+---------+---------+-----------+-----------+-----+-----+---------+
        |grp_dense_latency_wrapper_ap_fixed_ap_fixed_18_14_5_3_0_config5_s_fu_161  |dense_latency_wrapper_ap_fixed_ap_fixed_18_14_5_3_0_config5_s  |        2|        2|  40.000 ns|  40.000 ns|    2|    2|       no|
        +--------------------------------------------------------------------------+---------------------------------------------------------------+---------+---------+-----------+-----------+-----+-----+---------+

        * Loop: 
        N/A



================================================================
== Utilization Estimates
================================================================
* Summary: 
+-----------------+---------+-----+--------+-------+-----+
|       Name      | BRAM_18K| DSP |   FF   |  LUT  | URAM|
+-----------------+---------+-----+--------+-------+-----+
|DSP              |        -|    -|       -|      -|    -|
|Expression       |        -|    -|       0|      2|    -|
|FIFO             |        -|    -|       -|      -|    -|
|Instance         |        -|    -|    1764|   8563|    -|
|Memory           |        -|    -|       -|      -|    -|
|Multiplexer      |        -|    -|       0|     61|    -|
|Register         |        -|    -|     775|      -|    -|
+-----------------+---------+-----+--------+-------+-----+
|Total            |        0|    0|    2539|   8626|    0|
+-----------------+---------+-----+--------+-------+-----+
|Available        |      280|  220|  106400|  53200|    0|
+-----------------+---------+-----+--------+-------+-----+
|Utilization (%)  |        0|    0|       2|     16|    0|
+-----------------+---------+-----+--------+-------+-----+

+ Detail: 
    * Instance: 
    +--------------------------------------------------------------------------+---------------------------------------------------------------+---------+----+------+------+-----+
    |                                 Instance                                 |                             Module                            | BRAM_18K| DSP|  FF  |  LUT | URAM|
    +--------------------------------------------------------------------------+---------------------------------------------------------------+---------+----+------+------+-----+
    |grp_dense_latency_wrapper_ap_fixed_ap_fixed_18_14_5_3_0_config5_s_fu_161  |dense_latency_wrapper_ap_fixed_ap_fixed_18_14_5_3_0_config5_s  |        0|   0|  1764|  8563|    0|
    +--------------------------------------------------------------------------+---------------------------------------------------------------+---------+----+------+------+-----+
    |Total                                                                     |                                                               |        0|   0|  1764|  8563|    0|
    +--------------------------------------------------------------------------+---------------------------------------------------------------+---------+----+------+------+-----+

    * DSP: 
    N/A

    * Memory: 
    N/A

    * FIFO: 
    N/A

    * Expression: 
    +-----------------+----------+----+---+----+------------+------------+
    |  Variable Name  | Operation| DSP| FF| LUT| Bitwidth P0| Bitwidth P1|
    +-----------------+----------+----+---+----+------------+------------+
    |ap_block_state1  |        or|   0|  0|   2|           1|           1|
    +-----------------+----------+----+---+----+------------+------------+
    |Total            |          |   0|  0|   2|           1|           1|
    +-----------------+----------+----+---+----+------------+------------+

    * Multiplexer: 
    +------------------+----+-----------+-----+-----------+
    |       Name       | LUT| Input Size| Bits| Total Bits|
    +------------------+----+-----------+-----+-----------+
    |ap_NS_fsm         |  25|          5|    1|          5|
    |ap_done           |   9|          2|    1|          2|
    |layer4_out_blk_n  |   9|          2|    1|          2|
    |layer5_out_blk_n  |   9|          2|    1|          2|
    |real_start        |   9|          2|    1|          2|
    +------------------+----+-----------+-----+-----------+
    |Total             |  61|         13|    5|         13|
    +------------------+----+-----------+-----+-----------+

    * Register: 
    +---------------------------------------------------------------------------------------+----+----+-----+-----------+
    |                                          Name                                         | FF | LUT| Bits| Const Bits|
    +---------------------------------------------------------------------------------------+----+----+-----+-----------+
    |ap_CS_fsm                                                                              |   4|   0|    4|          0|
    |ap_done_reg                                                                            |   1|   0|    1|          0|
    |data_10_reg_731                                                                        |   6|   0|    6|          0|
    |data_11_reg_736                                                                        |   6|   0|    6|          0|
    |data_12_reg_741                                                                        |   6|   0|    6|          0|
    |data_13_reg_746                                                                        |   6|   0|    6|          0|
    |data_14_reg_751                                                                        |   6|   0|    6|          0|
    |data_15_reg_756                                                                        |   6|   0|    6|          0|
    |data_16_reg_761                                                                        |   6|   0|    6|          0|
    |data_17_reg_766                                                                        |   6|   0|    6|          0|
    |data_18_reg_771                                                                        |   6|   0|    6|          0|
    |data_19_reg_776                                                                        |   6|   0|    6|          0|
    |data_1_reg_686                                                                         |   6|   0|    6|          0|
    |data_20_reg_781                                                                        |   6|   0|    6|          0|
    |data_21_reg_786                                                                        |   6|   0|    6|          0|
    |data_22_reg_791                                                                        |   6|   0|    6|          0|
    |data_23_reg_796                                                                        |   6|   0|    6|          0|
    |data_24_reg_801                                                                        |   6|   0|    6|          0|
    |data_25_reg_806                                                                        |   6|   0|    6|          0|
    |data_26_reg_811                                                                        |   6|   0|    6|          0|
    |data_27_reg_816                                                                        |   6|   0|    6|          0|
    |data_28_reg_821                                                                        |   6|   0|    6|          0|
    |data_29_reg_826                                                                        |   6|   0|    6|          0|
    |data_2_reg_691                                                                         |   6|   0|    6|          0|
    |data_30_reg_831                                                                        |   6|   0|    6|          0|
    |data_31_reg_681                                                                        |   6|   0|    6|          0|
    |data_3_reg_696                                                                         |   6|   0|    6|          0|
    |data_4_reg_701                                                                         |   6|   0|    6|          0|
    |data_5_reg_706                                                                         |   6|   0|    6|          0|
    |data_6_reg_711                                                                         |   6|   0|    6|          0|
    |data_7_reg_716                                                                         |   6|   0|    6|          0|
    |data_8_reg_721                                                                         |   6|   0|    6|          0|
    |data_9_reg_726                                                                         |   6|   0|    6|          0|
    |data_reg_676                                                                           |   6|   0|    6|          0|
    |grp_dense_latency_wrapper_ap_fixed_ap_fixed_18_14_5_3_0_config5_s_fu_161_ap_start_reg  |   1|   0|    1|          0|
    |res_1_reg_841                                                                          |  18|   0|   18|          0|
    |res_2_reg_846                                                                          |  18|   0|   18|          0|
    |res_32_reg_886                                                                         |  18|   0|   18|          0|
    |res_33_reg_891                                                                         |  18|   0|   18|          0|
    |res_34_reg_896                                                                         |  18|   0|   18|          0|
    |res_35_reg_901                                                                         |  18|   0|   18|          0|
    |res_36_reg_906                                                                         |  18|   0|   18|          0|
    |res_37_reg_911                                                                         |  18|   0|   18|          0|
    |res_38_reg_916                                                                         |  18|   0|   18|          0|
    |res_39_reg_921                                                                         |  18|   0|   18|          0|
    |res_3_reg_851                                                                          |  18|   0|   18|          0|
    |res_40_reg_926                                                                         |  18|   0|   18|          0|
    |res_41_reg_931                                                                         |  18|   0|   18|          0|
    |res_42_reg_936                                                                         |  18|   0|   18|          0|
    |res_43_reg_941                                                                         |  18|   0|   18|          0|
    |res_44_reg_946                                                                         |  18|   0|   18|          0|
    |res_45_reg_951                                                                         |  18|   0|   18|          0|
    |res_46_reg_956                                                                         |  18|   0|   18|          0|
    |res_47_reg_961                                                                         |  18|   0|   18|          0|
    |res_48_reg_966                                                                         |  18|   0|   18|          0|
    |res_49_reg_971                                                                         |  18|   0|   18|          0|
    |res_4_reg_856                                                                          |  18|   0|   18|          0|
    |res_50_reg_976                                                                         |  18|   0|   18|          0|
    |res_51_reg_981                                                                         |  18|   0|   18|          0|
    |res_52_reg_986                                                                         |  18|   0|   18|          0|
    |res_53_reg_991                                                                         |  18|   0|   18|          0|
    |res_5_reg_861                                                                          |  18|   0|   18|          0|
    |res_6_reg_866                                                                          |  18|   0|   18|          0|
    |res_7_reg_871                                                                          |  18|   0|   18|          0|
    |res_8_reg_876                                                                          |  18|   0|   18|          0|
    |res_9_reg_881                                                                          |  18|   0|   18|          0|
    |res_reg_836                                                                            |  18|   0|   18|          0|
    |start_once_reg                                                                         |   1|   0|    1|          0|
    +---------------------------------------------------------------------------------------+----+----+-----+-----------+
    |Total                                                                                  | 775|   0|  775|          0|
    +---------------------------------------------------------------------------------------+----+----+-----+-----------+



================================================================
== Interface
================================================================
* Summary: 
+---------------------------+-----+-----+------------+---------------------------------------------------------------------+--------------+
|         RTL Ports         | Dir | Bits|  Protocol  |                            Source Object                            |    C Type    |
+---------------------------+-----+-----+------------+---------------------------------------------------------------------+--------------+
|ap_clk                     |   in|    1|  ap_ctrl_hs|  dense<array<ap_fixed,32u>,array<ap_fixed<18,14,5,3,0>,32u>,config5>|  return value|
|ap_rst                     |   in|    1|  ap_ctrl_hs|  dense<array<ap_fixed,32u>,array<ap_fixed<18,14,5,3,0>,32u>,config5>|  return value|
|ap_start                   |   in|    1|  ap_ctrl_hs|  dense<array<ap_fixed,32u>,array<ap_fixed<18,14,5,3,0>,32u>,config5>|  return value|
|start_full_n               |   in|    1|  ap_ctrl_hs|  dense<array<ap_fixed,32u>,array<ap_fixed<18,14,5,3,0>,32u>,config5>|  return value|
|ap_done                    |  out|    1|  ap_ctrl_hs|  dense<array<ap_fixed,32u>,array<ap_fixed<18,14,5,3,0>,32u>,config5>|  return value|
|ap_continue                |   in|    1|  ap_ctrl_hs|  dense<array<ap_fixed,32u>,array<ap_fixed<18,14,5,3,0>,32u>,config5>|  return value|
|ap_idle                    |  out|    1|  ap_ctrl_hs|  dense<array<ap_fixed,32u>,array<ap_fixed<18,14,5,3,0>,32u>,config5>|  return value|
|ap_ready                   |  out|    1|  ap_ctrl_hs|  dense<array<ap_fixed,32u>,array<ap_fixed<18,14,5,3,0>,32u>,config5>|  return value|
|start_out                  |  out|    1|  ap_ctrl_hs|  dense<array<ap_fixed,32u>,array<ap_fixed<18,14,5,3,0>,32u>,config5>|  return value|
|start_write                |  out|    1|  ap_ctrl_hs|  dense<array<ap_fixed,32u>,array<ap_fixed<18,14,5,3,0>,32u>,config5>|  return value|
|layer4_out_dout            |   in|  192|     ap_fifo|                                                           layer4_out|       pointer|
|layer4_out_empty_n         |   in|    1|     ap_fifo|                                                           layer4_out|       pointer|
|layer4_out_read            |  out|    1|     ap_fifo|                                                           layer4_out|       pointer|
|layer4_out_num_data_valid  |   in|    2|     ap_fifo|                                                           layer4_out|       pointer|
|layer4_out_fifo_cap        |   in|    2|     ap_fifo|                                                           layer4_out|       pointer|
|layer5_out_din             |  out|  576|     ap_fifo|                                                           layer5_out|       pointer|
|layer5_out_full_n          |   in|    1|     ap_fifo|                                                           layer5_out|       pointer|
|layer5_out_write           |  out|    1|     ap_fifo|                                                           layer5_out|       pointer|
|layer5_out_num_data_valid  |   in|    2|     ap_fifo|                                                           layer5_out|       pointer|
|layer5_out_fifo_cap        |   in|    2|     ap_fifo|                                                           layer5_out|       pointer|
+---------------------------+-----+-----+------------+---------------------------------------------------------------------+--------------+

