

================================================================
== Vitis HLS Report for 'dense_array_ap_fixed_32u_array_ap_fixed_26_14_5_3_0_16u_config7_s'
================================================================
* Date:           Fri May 15 14:04:33 2026

* Version:        2024.2 (Build 5238294 on Nov  8 2024)
* Project:        wedrowiec_hls_prj
* Solution:       solution1 (Vivado IP Flow Target)
* Product family: zynq
* Target device:  xc7z020-clg400-1


================================================================
== Performance Estimates
================================================================
+ Timing: 
    * Summary: 
    +--------+----------+-----------+------------+
    |  Clock |  Target  | Estimated | Uncertainty|
    +--------+----------+-----------+------------+
    |ap_clk  |  20.00 ns|  16.900 ns|     2.50 ns|
    +--------+----------+-----------+------------+

+ Latency: 
    * Summary: 
    +---------+---------+-----------+-----------+-----+-----+---------+
    |  Latency (cycles) |   Latency (absolute)  |  Interval | Pipeline|
    |   min   |   max   |    min    |    max    | min | max |   Type  |
    +---------+---------+-----------+-----------+-----+-----+---------+
    |      514|      515|  10.280 us|  10.300 us|  514|  515|       no|
    +---------+---------+-----------+-----------+-----+-----+---------+

    + Detail: 
        * Instance: 
        +----------------------------------------------------------------------------------+-----------------------------------------------------------------------+---------+---------+-----------+-----------+-----+-----+-------------------------------------------+
        |                                                                                  |                                                                       |  Latency (cycles) |   Latency (absolute)  |  Interval |                  Pipeline                 |
        |                                     Instance                                     |                                 Module                                |   min   |   max   |    min    |    max    | min | max |                    Type                   |
        +----------------------------------------------------------------------------------+-----------------------------------------------------------------------+---------+---------+-----------+-----------+-----+-----+-------------------------------------------+
        |grp_dense_resource_rf_gt_nin_rem0_ap_fixed_ap_fixed_26_14_5_3_0_config7_s_fu_165  |dense_resource_rf_gt_nin_rem0_ap_fixed_ap_fixed_26_14_5_3_0_config7_s  |      512|      513|  10.240 us|  10.260 us|  512|  512|  loop rewind stp (delay=0 clock cycles(s))|
        +----------------------------------------------------------------------------------+-----------------------------------------------------------------------+---------+---------+-----------+-----------+-----+-----+-------------------------------------------+

        * Loop: 
        N/A



================================================================
== Utilization Estimates
================================================================
* Summary: 
+-----------------+---------+-----+--------+-------+-----+
|       Name      | BRAM_18K| DSP |   FF   |  LUT  | URAM|
+-----------------+---------+-----+--------+-------+-----+
|DSP              |        -|    -|       -|      -|    -|
|Expression       |        -|    -|       0|      2|    -|
|FIFO             |        -|    -|       -|      -|    -|
|Instance         |        2|    1|    1527|   1761|    -|
|Memory           |        -|    -|       -|      -|    -|
|Multiplexer      |        -|    -|       0|     56|    -|
|Register         |        -|    -|     742|      -|    -|
+-----------------+---------+-----+--------+-------+-----+
|Total            |        2|    1|    2269|   1819|    0|
+-----------------+---------+-----+--------+-------+-----+
|Available        |      280|  220|  106400|  53200|    0|
+-----------------+---------+-----+--------+-------+-----+
|Utilization (%)  |       ~0|   ~0|       2|      3|    0|
+-----------------+---------+-----+--------+-------+-----+

+ Detail: 
    * Instance: 
    +----------------------------------------------------------------------------------+-----------------------------------------------------------------------+---------+----+------+------+-----+
    |                                     Instance                                     |                                 Module                                | BRAM_18K| DSP|  FF  |  LUT | URAM|
    +----------------------------------------------------------------------------------+-----------------------------------------------------------------------+---------+----+------+------+-----+
    |grp_dense_resource_rf_gt_nin_rem0_ap_fixed_ap_fixed_26_14_5_3_0_config7_s_fu_165  |dense_resource_rf_gt_nin_rem0_ap_fixed_ap_fixed_26_14_5_3_0_config7_s  |        2|   1|  1527|  1761|    0|
    +----------------------------------------------------------------------------------+-----------------------------------------------------------------------+---------+----+------+------+-----+
    |Total                                                                             |                                                                       |        2|   1|  1527|  1761|    0|
    +----------------------------------------------------------------------------------+-----------------------------------------------------------------------+---------+----+------+------+-----+

    * DSP: 
    N/A

    * Memory: 
    N/A

    * FIFO: 
    N/A

    * Expression: 
    +-----------------+----------+----+---+----+------------+------------+
    |  Variable Name  | Operation| DSP| FF| LUT| Bitwidth P0| Bitwidth P1|
    +-----------------+----------+----+---+----+------------+------------+
    |ap_block_state1  |        or|   0|  0|   2|           1|           1|
    +-----------------+----------+----+---+----+------------+------------+
    |Total            |          |   0|  0|   2|           1|           1|
    +-----------------+----------+----+---+----+------------+------------+

    * Multiplexer: 
    +------------------+----+-----------+-----+-----------+
    |       Name       | LUT| Input Size| Bits| Total Bits|
    +------------------+----+-----------+-----+-----------+
    |ap_NS_fsm         |  20|          4|    1|          4|
    |ap_done           |   9|          2|    1|          2|
    |layer6_out_blk_n  |   9|          2|    1|          2|
    |layer7_out_blk_n  |   9|          2|    1|          2|
    |real_start        |   9|          2|    1|          2|
    +------------------+----+-----------+-----+-----------+
    |Total             |  56|         12|    5|         12|
    +------------------+----+-----------+-----+-----------+

    * Register: 
    +-----------------------------------------------------------------------------------------------+----+----+-----+-----------+
    |                                              Name                                             | FF | LUT| Bits| Const Bits|
    +-----------------------------------------------------------------------------------------------+----+----+-----+-----------+
    |ap_CS_fsm                                                                                      |   3|   0|    3|          0|
    |ap_done_reg                                                                                    |   1|   0|    1|          0|
    |data_31_reg_646                                                                                |  10|   0|   10|          0|
    |data_32_reg_651                                                                                |  10|   0|   10|          0|
    |data_33_reg_656                                                                                |  10|   0|   10|          0|
    |data_34_reg_661                                                                                |  10|   0|   10|          0|
    |data_35_reg_666                                                                                |  10|   0|   10|          0|
    |data_36_reg_671                                                                                |  10|   0|   10|          0|
    |data_37_reg_676                                                                                |  10|   0|   10|          0|
    |data_38_reg_681                                                                                |  10|   0|   10|          0|
    |data_39_reg_686                                                                                |  10|   0|   10|          0|
    |data_40_reg_691                                                                                |  10|   0|   10|          0|
    |data_41_reg_696                                                                                |  10|   0|   10|          0|
    |data_42_reg_701                                                                                |  10|   0|   10|          0|
    |data_43_reg_706                                                                                |  10|   0|   10|          0|
    |data_44_reg_711                                                                                |  10|   0|   10|          0|
    |data_45_reg_716                                                                                |  10|   0|   10|          0|
    |data_46_reg_721                                                                                |  10|   0|   10|          0|
    |data_47_reg_726                                                                                |  10|   0|   10|          0|
    |data_48_reg_731                                                                                |  10|   0|   10|          0|
    |data_49_reg_736                                                                                |  10|   0|   10|          0|
    |data_50_reg_741                                                                                |  10|   0|   10|          0|
    |data_51_reg_746                                                                                |  10|   0|   10|          0|
    |data_52_reg_751                                                                                |  10|   0|   10|          0|
    |data_53_reg_756                                                                                |  10|   0|   10|          0|
    |data_54_reg_761                                                                                |  10|   0|   10|          0|
    |data_55_reg_766                                                                                |  10|   0|   10|          0|
    |data_56_reg_771                                                                                |  10|   0|   10|          0|
    |data_57_reg_776                                                                                |  10|   0|   10|          0|
    |data_58_reg_781                                                                                |  10|   0|   10|          0|
    |data_59_reg_786                                                                                |  10|   0|   10|          0|
    |data_60_reg_791                                                                                |  10|   0|   10|          0|
    |data_61_reg_641                                                                                |  10|   0|   10|          0|
    |data_reg_636                                                                                   |  10|   0|   10|          0|
    |grp_dense_resource_rf_gt_nin_rem0_ap_fixed_ap_fixed_26_14_5_3_0_config7_s_fu_165_ap_start_reg  |   1|   0|    1|          0|
    |res_1_reg_801                                                                                  |  26|   0|   26|          0|
    |res_2_reg_806                                                                                  |  26|   0|   26|          0|
    |res_3_reg_811                                                                                  |  26|   0|   26|          0|
    |res_4_reg_816                                                                                  |  26|   0|   26|          0|
    |res_54_reg_846                                                                                 |  26|   0|   26|          0|
    |res_55_reg_851                                                                                 |  26|   0|   26|          0|
    |res_56_reg_856                                                                                 |  26|   0|   26|          0|
    |res_57_reg_861                                                                                 |  26|   0|   26|          0|
    |res_58_reg_866                                                                                 |  26|   0|   26|          0|
    |res_59_reg_871                                                                                 |  26|   0|   26|          0|
    |res_5_reg_821                                                                                  |  26|   0|   26|          0|
    |res_6_reg_826                                                                                  |  26|   0|   26|          0|
    |res_7_reg_831                                                                                  |  26|   0|   26|          0|
    |res_8_reg_836                                                                                  |  26|   0|   26|          0|
    |res_9_reg_841                                                                                  |  26|   0|   26|          0|
    |res_reg_796                                                                                    |  26|   0|   26|          0|
    |start_once_reg                                                                                 |   1|   0|    1|          0|
    +-----------------------------------------------------------------------------------------------+----+----+-----+-----------+
    |Total                                                                                          | 742|   0|  742|          0|
    +-----------------------------------------------------------------------------------------------+----+----+-----+-----------+



================================================================
== Interface
================================================================
* Summary: 
+---------------------------+-----+-----+------------+---------------------------------------------------------------------+--------------+
|         RTL Ports         | Dir | Bits|  Protocol  |                            Source Object                            |    C Type    |
+---------------------------+-----+-----+------------+---------------------------------------------------------------------+--------------+
|ap_clk                     |   in|    1|  ap_ctrl_hs|  dense<array<ap_fixed,32u>,array<ap_fixed<26,14,5,3,0>,16u>,config7>|  return value|
|ap_rst                     |   in|    1|  ap_ctrl_hs|  dense<array<ap_fixed,32u>,array<ap_fixed<26,14,5,3,0>,16u>,config7>|  return value|
|ap_start                   |   in|    1|  ap_ctrl_hs|  dense<array<ap_fixed,32u>,array<ap_fixed<26,14,5,3,0>,16u>,config7>|  return value|
|start_full_n               |   in|    1|  ap_ctrl_hs|  dense<array<ap_fixed,32u>,array<ap_fixed<26,14,5,3,0>,16u>,config7>|  return value|
|ap_done                    |  out|    1|  ap_ctrl_hs|  dense<array<ap_fixed,32u>,array<ap_fixed<26,14,5,3,0>,16u>,config7>|  return value|
|ap_continue                |   in|    1|  ap_ctrl_hs|  dense<array<ap_fixed,32u>,array<ap_fixed<26,14,5,3,0>,16u>,config7>|  return value|
|ap_idle                    |  out|    1|  ap_ctrl_hs|  dense<array<ap_fixed,32u>,array<ap_fixed<26,14,5,3,0>,16u>,config7>|  return value|
|ap_ready                   |  out|    1|  ap_ctrl_hs|  dense<array<ap_fixed,32u>,array<ap_fixed<26,14,5,3,0>,16u>,config7>|  return value|
|start_out                  |  out|    1|  ap_ctrl_hs|  dense<array<ap_fixed,32u>,array<ap_fixed<26,14,5,3,0>,16u>,config7>|  return value|
|start_write                |  out|    1|  ap_ctrl_hs|  dense<array<ap_fixed,32u>,array<ap_fixed<26,14,5,3,0>,16u>,config7>|  return value|
|layer6_out_dout            |   in|  320|     ap_fifo|                                                           layer6_out|       pointer|
|layer6_out_empty_n         |   in|    1|     ap_fifo|                                                           layer6_out|       pointer|
|layer6_out_read            |  out|    1|     ap_fifo|                                                           layer6_out|       pointer|
|layer6_out_num_data_valid  |   in|    2|     ap_fifo|                                                           layer6_out|       pointer|
|layer6_out_fifo_cap        |   in|    2|     ap_fifo|                                                           layer6_out|       pointer|
|layer7_out_din             |  out|  416|     ap_fifo|                                                           layer7_out|       pointer|
|layer7_out_full_n          |   in|    1|     ap_fifo|                                                           layer7_out|       pointer|
|layer7_out_write           |  out|    1|     ap_fifo|                                                           layer7_out|       pointer|
|layer7_out_num_data_valid  |   in|    2|     ap_fifo|                                                           layer7_out|       pointer|
|layer7_out_fifo_cap        |   in|    2|     ap_fifo|                                                           layer7_out|       pointer|
+---------------------------+-----+-----+------------+---------------------------------------------------------------------+--------------+

