

================================================================
== Vitis HLS Report for 'dense_array_ap_int_8_8u_array_ap_fixed_21_19_5_3_0_32u_config3_s'
================================================================
* Date:           Sun May 17 14:56:12 2026

* Version:        2025.1 (Build 6135595 on May 21 2025)
* Project:        wedrowiec_hls_prj
* Solution:       solution1 (Vivado IP Flow Target)
* Product family: zynq
* Target device:  xc7z020-clg400-1


================================================================
== Performance Estimates
================================================================
+ Timing: 
    * Summary: 
    +--------+----------+-----------+------------+
    |  Clock |  Target  | Estimated | Uncertainty|
    +--------+----------+-----------+------------+
    |ap_clk  |  20.00 ns|  13.302 ns|     5.40 ns|
    +--------+----------+-----------+------------+

+ Latency: 
    * Summary: 
    +---------+---------+----------+----------+-----+-----+---------+
    |  Latency (cycles) |  Latency (absolute) |  Interval | Pipeline|
    |   min   |   max   |    min   |    max   | min | max |   Type  |
    +---------+---------+----------+----------+-----+-----+---------+
    |       17|       17|  0.340 us|  0.340 us|   17|   17|       no|
    +---------+---------+----------+----------+-----+-----+---------+

    + Detail: 
        * Instance: 
        +--------------------------------------------------------------------------+---------------------------------------------------------------+---------+---------+-----------+-----------+-----+-----+------------------------------------------------+
        |                                                                          |                                                               |  Latency (cycles) |   Latency (absolute)  |  Interval |                    Pipeline                    |
        |                                 Instance                                 |                             Module                            |   min   |   max   |    min    |    max    | min | max |                      Type                      |
        +--------------------------------------------------------------------------+---------------------------------------------------------------+---------+---------+-----------+-----------+-----+-----+------------------------------------------------+
        |grp_dense_array_array_ap_fixed_32u_config3_Pipeline_DataPrepare_fu_295    |dense_array_array_ap_fixed_32u_config3_Pipeline_DataPrepare    |        9|        9|   0.180 us|   0.180 us|    8|    8|  loop auto-rewind stp (delay=0 clock cycles(s))|
        |grp_dense_latency_wrapper_ap_int_8_ap_fixed_21_19_5_3_0_config3_s_fu_365  |dense_latency_wrapper_ap_int_8_ap_fixed_21_19_5_3_0_config3_s  |        3|        3|  60.000 ns|  60.000 ns|    3|    3|                                              no|
        +--------------------------------------------------------------------------+---------------------------------------------------------------+---------+---------+-----------+-----------+-----+-----+------------------------------------------------+

        * Loop: 
        N/A



================================================================
== Utilization Estimates
================================================================
* Summary: 
+-----------------+---------+-----+--------+-------+-----+
|       Name      | BRAM_18K| DSP |   FF   |  LUT  | URAM|
+-----------------+---------+-----+--------+-------+-----+
|DSP              |        -|    -|       -|      -|    -|
|Expression       |        -|    -|       0|      2|    -|
|FIFO             |        -|    -|       -|      -|    -|
|Instance         |        -|    -|    3436|  13443|    -|
|Memory           |        -|    -|       -|      -|    -|
|Multiplexer      |        -|    -|       0|     73|    -|
|Register         |        -|    -|     682|      -|    -|
+-----------------+---------+-----+--------+-------+-----+
|Total            |        0|    0|    4118|  13518|    0|
+-----------------+---------+-----+--------+-------+-----+
|Available        |      280|  220|  106400|  53200|    0|
+-----------------+---------+-----+--------+-------+-----+
|Utilization (%)  |        0|    0|       3|     25|    0|
+-----------------+---------+-----+--------+-------+-----+

+ Detail: 
    * Instance: 
    +--------------------------------------------------------------------------+---------------------------------------------------------------+---------+----+------+-------+-----+
    |                                 Instance                                 |                             Module                            | BRAM_18K| DSP|  FF  |  LUT  | URAM|
    +--------------------------------------------------------------------------+---------------------------------------------------------------+---------+----+------+-------+-----+
    |grp_dense_array_array_ap_fixed_32u_config3_Pipeline_DataPrepare_fu_295    |dense_array_array_ap_fixed_32u_config3_Pipeline_DataPrepare    |        0|   0|   517|     60|    0|
    |grp_dense_latency_wrapper_ap_int_8_ap_fixed_21_19_5_3_0_config3_s_fu_365  |dense_latency_wrapper_ap_int_8_ap_fixed_21_19_5_3_0_config3_s  |        0|   0|  2919|  13383|    0|
    +--------------------------------------------------------------------------+---------------------------------------------------------------+---------+----+------+-------+-----+
    |Total                                                                     |                                                               |        0|   0|  3436|  13443|    0|
    +--------------------------------------------------------------------------+---------------------------------------------------------------+---------+----+------+-------+-----+

    * DSP: 
    N/A

    * Memory: 
    N/A

    * FIFO: 
    N/A

    * Expression: 
    +-----------------+----------+----+---+----+------------+------------+
    |  Variable Name  | Operation| DSP| FF| LUT| Bitwidth P0| Bitwidth P1|
    +-----------------+----------+----+---+----+------------+------------+
    |ap_block_state1  |        or|   0|  0|   2|           1|           1|
    +-----------------+----------+----+---+----+------------+------------+
    |Total            |          |   0|  0|   2|           1|           1|
    +-----------------+----------+----+---+----+------------+------------+

    * Multiplexer: 
    +---------------------------------+----+-----------+-----+-----------+
    |               Name              | LUT| Input Size| Bits| Total Bits|
    +---------------------------------+----+-----------+-----+-----------+
    |ap_NS_fsm                        |  37|          7|    1|          7|
    |ap_done                          |   9|          2|    1|          2|
    |input_layer_TREADY_int_regslice  |   9|          2|    1|          2|
    |layer3_out_blk_n                 |   9|          2|    1|          2|
    |real_start                       |   9|          2|    1|          2|
    +---------------------------------+----+-----------+-----+-----------+
    |Total                            |  73|         15|    5|         15|
    +---------------------------------+----+-----------+-----+-----------+

    * Register: 
    +---------------------------------------------------------------------------------------+----+----+-----+-----------+
    |                                          Name                                         | FF | LUT| Bits| Const Bits|
    +---------------------------------------------------------------------------------------+----+----+-----+-----------+
    |ap_CS_fsm                                                                              |   6|   0|    6|          0|
    |ap_done_reg                                                                            |   1|   0|    1|          0|
    |grp_dense_array_array_ap_fixed_32u_config3_Pipeline_DataPrepare_fu_295_ap_start_reg    |   1|   0|    1|          0|
    |grp_dense_latency_wrapper_ap_int_8_ap_fixed_21_19_5_3_0_config3_s_fu_365_ap_start_reg  |   1|   0|    1|          0|
    |res_10_reg_1492                                                                        |  21|   0|   21|          0|
    |res_11_reg_1497                                                                        |  21|   0|   21|          0|
    |res_12_reg_1502                                                                        |  21|   0|   21|          0|
    |res_13_reg_1507                                                                        |  21|   0|   21|          0|
    |res_14_reg_1512                                                                        |  21|   0|   21|          0|
    |res_15_reg_1517                                                                        |  21|   0|   21|          0|
    |res_16_reg_1522                                                                        |  21|   0|   21|          0|
    |res_17_reg_1527                                                                        |  21|   0|   21|          0|
    |res_18_reg_1532                                                                        |  21|   0|   21|          0|
    |res_19_reg_1537                                                                        |  21|   0|   21|          0|
    |res_1_reg_1447                                                                         |  21|   0|   21|          0|
    |res_20_reg_1542                                                                        |  21|   0|   21|          0|
    |res_21_reg_1547                                                                        |  21|   0|   21|          0|
    |res_22_reg_1552                                                                        |  21|   0|   21|          0|
    |res_23_reg_1557                                                                        |  21|   0|   21|          0|
    |res_24_reg_1562                                                                        |  21|   0|   21|          0|
    |res_25_reg_1567                                                                        |  21|   0|   21|          0|
    |res_26_reg_1572                                                                        |  21|   0|   21|          0|
    |res_27_reg_1577                                                                        |  21|   0|   21|          0|
    |res_28_reg_1582                                                                        |  21|   0|   21|          0|
    |res_29_reg_1587                                                                        |  21|   0|   21|          0|
    |res_2_reg_1452                                                                         |  21|   0|   21|          0|
    |res_30_reg_1592                                                                        |  21|   0|   21|          0|
    |res_31_reg_1597                                                                        |  21|   0|   21|          0|
    |res_3_reg_1457                                                                         |  21|   0|   21|          0|
    |res_4_reg_1462                                                                         |  21|   0|   21|          0|
    |res_5_reg_1467                                                                         |  21|   0|   21|          0|
    |res_6_reg_1472                                                                         |  21|   0|   21|          0|
    |res_7_reg_1477                                                                         |  21|   0|   21|          0|
    |res_8_reg_1482                                                                         |  21|   0|   21|          0|
    |res_9_reg_1487                                                                         |  21|   0|   21|          0|
    |res_reg_1442                                                                           |  21|   0|   21|          0|
    |start_once_reg                                                                         |   1|   0|    1|          0|
    +---------------------------------------------------------------------------------------+----+----+-----+-----------+
    |Total                                                                                  | 682|   0|  682|          0|
    +---------------------------------------------------------------------------------------+----+----+-----+-----------+



================================================================
== Interface
================================================================
* Summary: 
+---------------------------+-----+-----+------------+-----------------------------------------------------------------------------+--------------+
|         RTL Ports         | Dir | Bits|  Protocol  |                                Source Object                                |    C Type    |
+---------------------------+-----+-----+------------+-----------------------------------------------------------------------------+--------------+
|ap_clk                     |   in|    1|  ap_ctrl_hs|  dense<array<ap_int<8>, 8u>, array<ap_fixed<21, 19, 5, 3, 0>, 32u>, config3>|  return value|
|ap_rst                     |   in|    1|  ap_ctrl_hs|  dense<array<ap_int<8>, 8u>, array<ap_fixed<21, 19, 5, 3, 0>, 32u>, config3>|  return value|
|ap_start                   |   in|    1|  ap_ctrl_hs|  dense<array<ap_int<8>, 8u>, array<ap_fixed<21, 19, 5, 3, 0>, 32u>, config3>|  return value|
|start_full_n               |   in|    1|  ap_ctrl_hs|  dense<array<ap_int<8>, 8u>, array<ap_fixed<21, 19, 5, 3, 0>, 32u>, config3>|  return value|
|ap_done                    |  out|    1|  ap_ctrl_hs|  dense<array<ap_int<8>, 8u>, array<ap_fixed<21, 19, 5, 3, 0>, 32u>, config3>|  return value|
|ap_continue                |   in|    1|  ap_ctrl_hs|  dense<array<ap_int<8>, 8u>, array<ap_fixed<21, 19, 5, 3, 0>, 32u>, config3>|  return value|
|ap_idle                    |  out|    1|  ap_ctrl_hs|  dense<array<ap_int<8>, 8u>, array<ap_fixed<21, 19, 5, 3, 0>, 32u>, config3>|  return value|
|ap_ready                   |  out|    1|  ap_ctrl_hs|  dense<array<ap_int<8>, 8u>, array<ap_fixed<21, 19, 5, 3, 0>, 32u>, config3>|  return value|
|start_out                  |  out|    1|  ap_ctrl_hs|  dense<array<ap_int<8>, 8u>, array<ap_fixed<21, 19, 5, 3, 0>, 32u>, config3>|  return value|
|start_write                |  out|    1|  ap_ctrl_hs|  dense<array<ap_int<8>, 8u>, array<ap_fixed<21, 19, 5, 3, 0>, 32u>, config3>|  return value|
|input_layer_TDATA          |   in|   64|        axis|                                                                  input_layer|       pointer|
|input_layer_TVALID         |   in|    1|        axis|                                                                  input_layer|       pointer|
|input_layer_TREADY         |  out|    1|        axis|                                                                  input_layer|       pointer|
|layer3_out_din             |  out|  672|     ap_fifo|                                                                   layer3_out|       pointer|
|layer3_out_full_n          |   in|    1|     ap_fifo|                                                                   layer3_out|       pointer|
|layer3_out_write           |  out|    1|     ap_fifo|                                                                   layer3_out|       pointer|
|layer3_out_num_data_valid  |   in|    2|     ap_fifo|                                                                   layer3_out|       pointer|
|layer3_out_fifo_cap        |   in|    2|     ap_fifo|                                                                   layer3_out|       pointer|
+---------------------------+-----+-----+------------+-----------------------------------------------------------------------------+--------------+

