

================================================================
== Vitis HLS Report for 'relu_array_ap_fixed_16u_array_ap_fixed_10_4_0_0_0_16u_relu_config8_s'
================================================================
* Date:           Fri May 15 14:04:33 2026

* Version:        2024.2 (Build 5238294 on Nov  8 2024)
* Project:        wedrowiec_hls_prj
* Solution:       solution1 (Vivado IP Flow Target)
* Product family: zynq
* Target device:  xc7z020-clg400-1


================================================================
== Performance Estimates
================================================================
+ Timing: 
    * Summary: 
    +--------+----------+-----------+------------+
    |  Clock |  Target  | Estimated | Uncertainty|
    +--------+----------+-----------+------------+
    |ap_clk  |  20.00 ns|  10.955 ns|     2.50 ns|
    +--------+----------+-----------+------------+

+ Latency: 
    * Summary: 
    +---------+---------+----------+----------+-----+-----+---------+
    |  Latency (cycles) |  Latency (absolute) |  Interval | Pipeline|
    |   min   |   max   |    min   |    max   | min | max |   Type  |
    +---------+---------+----------+----------+-----+-----+---------+
    |        0|        0|      0 ns|      0 ns|    0|    0|       no|
    +---------+---------+----------+----------+-----+-----+---------+

    + Detail: 
        * Instance: 
        N/A

        * Loop: 
        N/A



================================================================
== Utilization Estimates
================================================================
* Summary: 
+-----------------+---------+-----+--------+-------+-----+
|       Name      | BRAM_18K| DSP |   FF   |  LUT  | URAM|
+-----------------+---------+-----+--------+-------+-----+
|DSP              |        -|    -|       -|      -|    -|
|Expression       |        -|    -|       0|   1698|    -|
|FIFO             |        -|    -|       -|      -|    -|
|Instance         |        -|    -|       -|      -|    -|
|Memory           |        -|    -|       -|      -|    -|
|Multiplexer      |        -|    -|       0|     36|    -|
|Register         |        -|    -|       3|      -|    -|
+-----------------+---------+-----+--------+-------+-----+
|Total            |        0|    0|       3|   1734|    0|
+-----------------+---------+-----+--------+-------+-----+
|Available        |      280|  220|  106400|  53200|    0|
+-----------------+---------+-----+--------+-------+-----+
|Utilization (%)  |        0|    0|      ~0|      3|    0|
+-----------------+---------+-----+--------+-------+-----+

+ Detail: 
    * Instance: 
    N/A

    * DSP: 
    N/A

    * Memory: 
    N/A

    * FIFO: 
    N/A

    * Expression: 
    +-------------------------------------+----------+----+---+----+------------+------------+
    |            Variable Name            | Operation| DSP| FF| LUT| Bitwidth P0| Bitwidth P1|
    +-------------------------------------+----------+----+---+----+------------+------------+
    |add_ln52_32_fu_587_p2                |         +|   0|  0|  13|          10|          10|
    |add_ln52_33_fu_733_p2                |         +|   0|  0|  13|          10|          10|
    |add_ln52_34_fu_879_p2                |         +|   0|  0|  13|          10|          10|
    |add_ln52_35_fu_1025_p2               |         +|   0|  0|  13|          10|          10|
    |add_ln52_36_fu_1171_p2               |         +|   0|  0|  13|          10|          10|
    |add_ln52_37_fu_1317_p2               |         +|   0|  0|  13|          10|          10|
    |add_ln52_38_fu_1463_p2               |         +|   0|  0|  13|          10|          10|
    |add_ln52_39_fu_1609_p2               |         +|   0|  0|  13|          10|          10|
    |add_ln52_40_fu_1755_p2               |         +|   0|  0|  13|          10|          10|
    |add_ln52_41_fu_1901_p2               |         +|   0|  0|  13|          10|          10|
    |add_ln52_42_fu_2047_p2               |         +|   0|  0|  13|          10|          10|
    |add_ln52_43_fu_2193_p2               |         +|   0|  0|  13|          10|          10|
    |add_ln52_44_fu_2339_p2               |         +|   0|  0|  13|          10|          10|
    |add_ln52_45_fu_2485_p2               |         +|   0|  0|  13|          10|          10|
    |add_ln52_46_fu_2631_p2               |         +|   0|  0|  13|          10|          10|
    |add_ln52_fu_441_p2                   |         +|   0|  0|  13|          10|          10|
    |and_ln52_64_fu_507_p2                |       and|   0|  0|   2|           1|           1|
    |and_ln52_65_fu_629_p2                |       and|   0|  0|   2|           1|           1|
    |and_ln52_66_fu_653_p2                |       and|   0|  0|   2|           1|           1|
    |and_ln52_67_fu_775_p2                |       and|   0|  0|   2|           1|           1|
    |and_ln52_68_fu_799_p2                |       and|   0|  0|   2|           1|           1|
    |and_ln52_69_fu_921_p2                |       and|   0|  0|   2|           1|           1|
    |and_ln52_70_fu_945_p2                |       and|   0|  0|   2|           1|           1|
    |and_ln52_71_fu_1067_p2               |       and|   0|  0|   2|           1|           1|
    |and_ln52_72_fu_1091_p2               |       and|   0|  0|   2|           1|           1|
    |and_ln52_73_fu_1213_p2               |       and|   0|  0|   2|           1|           1|
    |and_ln52_74_fu_1237_p2               |       and|   0|  0|   2|           1|           1|
    |and_ln52_75_fu_1359_p2               |       and|   0|  0|   2|           1|           1|
    |and_ln52_76_fu_1383_p2               |       and|   0|  0|   2|           1|           1|
    |and_ln52_77_fu_1505_p2               |       and|   0|  0|   2|           1|           1|
    |and_ln52_78_fu_1529_p2               |       and|   0|  0|   2|           1|           1|
    |and_ln52_79_fu_1651_p2               |       and|   0|  0|   2|           1|           1|
    |and_ln52_80_fu_1675_p2               |       and|   0|  0|   2|           1|           1|
    |and_ln52_81_fu_1797_p2               |       and|   0|  0|   2|           1|           1|
    |and_ln52_82_fu_1821_p2               |       and|   0|  0|   2|           1|           1|
    |and_ln52_83_fu_1943_p2               |       and|   0|  0|   2|           1|           1|
    |and_ln52_84_fu_1967_p2               |       and|   0|  0|   2|           1|           1|
    |and_ln52_85_fu_2089_p2               |       and|   0|  0|   2|           1|           1|
    |and_ln52_86_fu_2113_p2               |       and|   0|  0|   2|           1|           1|
    |and_ln52_87_fu_2235_p2               |       and|   0|  0|   2|           1|           1|
    |and_ln52_88_fu_2259_p2               |       and|   0|  0|   2|           1|           1|
    |and_ln52_89_fu_2381_p2               |       and|   0|  0|   2|           1|           1|
    |and_ln52_90_fu_2405_p2               |       and|   0|  0|   2|           1|           1|
    |and_ln52_91_fu_2527_p2               |       and|   0|  0|   2|           1|           1|
    |and_ln52_92_fu_2551_p2               |       and|   0|  0|   2|           1|           1|
    |and_ln52_93_fu_2673_p2               |       and|   0|  0|   2|           1|           1|
    |and_ln52_94_fu_2697_p2               |       and|   0|  0|   2|           1|           1|
    |and_ln52_fu_483_p2                   |       and|   0|  0|   2|           1|           1|
    |icmp_ln51_32_fu_543_p2               |      icmp|   0|  0|  33|          26|           1|
    |icmp_ln51_33_fu_689_p2               |      icmp|   0|  0|  33|          26|           1|
    |icmp_ln51_34_fu_835_p2               |      icmp|   0|  0|  33|          26|           1|
    |icmp_ln51_35_fu_981_p2               |      icmp|   0|  0|  33|          26|           1|
    |icmp_ln51_36_fu_1127_p2              |      icmp|   0|  0|  33|          26|           1|
    |icmp_ln51_37_fu_1273_p2              |      icmp|   0|  0|  33|          26|           1|
    |icmp_ln51_38_fu_1419_p2              |      icmp|   0|  0|  33|          26|           1|
    |icmp_ln51_39_fu_1565_p2              |      icmp|   0|  0|  33|          26|           1|
    |icmp_ln51_40_fu_1711_p2              |      icmp|   0|  0|  33|          26|           1|
    |icmp_ln51_41_fu_1857_p2              |      icmp|   0|  0|  33|          26|           1|
    |icmp_ln51_42_fu_2003_p2              |      icmp|   0|  0|  33|          26|           1|
    |icmp_ln51_43_fu_2149_p2              |      icmp|   0|  0|  33|          26|           1|
    |icmp_ln51_44_fu_2295_p2              |      icmp|   0|  0|  33|          26|           1|
    |icmp_ln51_45_fu_2441_p2              |      icmp|   0|  0|  33|          26|           1|
    |icmp_ln51_46_fu_2587_p2              |      icmp|   0|  0|  33|          26|           1|
    |icmp_ln51_fu_397_p2                  |      icmp|   0|  0|  33|          26|           1|
    |icmp_ln52_32_fu_611_p2               |      icmp|   0|  0|  13|          10|           1|
    |icmp_ln52_33_fu_757_p2               |      icmp|   0|  0|  13|          10|           1|
    |icmp_ln52_34_fu_903_p2               |      icmp|   0|  0|  13|          10|           1|
    |icmp_ln52_35_fu_1049_p2              |      icmp|   0|  0|  13|          10|           1|
    |icmp_ln52_36_fu_1195_p2              |      icmp|   0|  0|  13|          10|           1|
    |icmp_ln52_37_fu_1341_p2              |      icmp|   0|  0|  13|          10|           1|
    |icmp_ln52_38_fu_1487_p2              |      icmp|   0|  0|  13|          10|           1|
    |icmp_ln52_39_fu_1633_p2              |      icmp|   0|  0|  13|          10|           1|
    |icmp_ln52_40_fu_1779_p2              |      icmp|   0|  0|  13|          10|           1|
    |icmp_ln52_41_fu_1925_p2              |      icmp|   0|  0|  13|          10|           1|
    |icmp_ln52_42_fu_2071_p2              |      icmp|   0|  0|  13|          10|           1|
    |icmp_ln52_43_fu_2217_p2              |      icmp|   0|  0|  13|          10|           1|
    |icmp_ln52_44_fu_2363_p2              |      icmp|   0|  0|  13|          10|           1|
    |icmp_ln52_45_fu_2509_p2              |      icmp|   0|  0|  13|          10|           1|
    |icmp_ln52_46_fu_2655_p2              |      icmp|   0|  0|  13|          10|           1|
    |icmp_ln52_fu_465_p2                  |      icmp|   0|  0|  13|          10|           1|
    |ap_block_state1                      |        or|   0|  0|   2|           1|           1|
    |or_ln52_100_fu_769_p2                |        or|   0|  0|   2|           1|           1|
    |or_ln52_101_fu_813_p2                |        or|   0|  0|   2|           1|           1|
    |or_ln52_102_fu_915_p2                |        or|   0|  0|   2|           1|           1|
    |or_ln52_103_fu_959_p2                |        or|   0|  0|   2|           1|           1|
    |or_ln52_104_fu_1061_p2               |        or|   0|  0|   2|           1|           1|
    |or_ln52_105_fu_1105_p2               |        or|   0|  0|   2|           1|           1|
    |or_ln52_106_fu_1207_p2               |        or|   0|  0|   2|           1|           1|
    |or_ln52_107_fu_1251_p2               |        or|   0|  0|   2|           1|           1|
    |or_ln52_108_fu_1353_p2               |        or|   0|  0|   2|           1|           1|
    |or_ln52_109_fu_1397_p2               |        or|   0|  0|   2|           1|           1|
    |or_ln52_110_fu_1499_p2               |        or|   0|  0|   2|           1|           1|
    |or_ln52_111_fu_1543_p2               |        or|   0|  0|   2|           1|           1|
    |or_ln52_112_fu_1645_p2               |        or|   0|  0|   2|           1|           1|
    |or_ln52_113_fu_1689_p2               |        or|   0|  0|   2|           1|           1|
    |or_ln52_114_fu_1791_p2               |        or|   0|  0|   2|           1|           1|
    |or_ln52_115_fu_1835_p2               |        or|   0|  0|   2|           1|           1|
    |or_ln52_116_fu_1937_p2               |        or|   0|  0|   2|           1|           1|
    |or_ln52_117_fu_1981_p2               |        or|   0|  0|   2|           1|           1|
    |or_ln52_118_fu_2083_p2               |        or|   0|  0|   2|           1|           1|
    |or_ln52_119_fu_2127_p2               |        or|   0|  0|   2|           1|           1|
    |or_ln52_120_fu_2229_p2               |        or|   0|  0|   2|           1|           1|
    |or_ln52_121_fu_2273_p2               |        or|   0|  0|   2|           1|           1|
    |or_ln52_122_fu_2375_p2               |        or|   0|  0|   2|           1|           1|
    |or_ln52_123_fu_2419_p2               |        or|   0|  0|   2|           1|           1|
    |or_ln52_124_fu_2521_p2               |        or|   0|  0|   2|           1|           1|
    |or_ln52_125_fu_2565_p2               |        or|   0|  0|   2|           1|           1|
    |or_ln52_126_fu_2667_p2               |        or|   0|  0|   2|           1|           1|
    |or_ln52_127_fu_2711_p2               |        or|   0|  0|   2|           1|           1|
    |or_ln52_65_fu_641_p2                 |        or|   0|  0|   2|           1|           1|
    |or_ln52_67_fu_787_p2                 |        or|   0|  0|   2|           1|           1|
    |or_ln52_69_fu_933_p2                 |        or|   0|  0|   2|           1|           1|
    |or_ln52_71_fu_1079_p2                |        or|   0|  0|   2|           1|           1|
    |or_ln52_73_fu_1225_p2                |        or|   0|  0|   2|           1|           1|
    |or_ln52_75_fu_1371_p2                |        or|   0|  0|   2|           1|           1|
    |or_ln52_77_fu_1517_p2                |        or|   0|  0|   2|           1|           1|
    |or_ln52_79_fu_1663_p2                |        or|   0|  0|   2|           1|           1|
    |or_ln52_81_fu_1809_p2                |        or|   0|  0|   2|           1|           1|
    |or_ln52_83_fu_1955_p2                |        or|   0|  0|   2|           1|           1|
    |or_ln52_85_fu_2101_p2                |        or|   0|  0|   2|           1|           1|
    |or_ln52_87_fu_2247_p2                |        or|   0|  0|   2|           1|           1|
    |or_ln52_89_fu_2393_p2                |        or|   0|  0|   2|           1|           1|
    |or_ln52_91_fu_2539_p2                |        or|   0|  0|   2|           1|           1|
    |or_ln52_93_fu_2685_p2                |        or|   0|  0|   2|           1|           1|
    |or_ln52_96_fu_477_p2                 |        or|   0|  0|   2|           1|           1|
    |or_ln52_97_fu_521_p2                 |        or|   0|  0|   2|           1|           1|
    |or_ln52_98_fu_623_p2                 |        or|   0|  0|   2|           1|           1|
    |or_ln52_99_fu_667_p2                 |        or|   0|  0|   2|           1|           1|
    |or_ln52_fu_495_p2                    |        or|   0|  0|   2|           1|           1|
    |out_data_0_0_0_0_0_load_fu_535_p3    |    select|   0|  0|  10|           1|          10|
    |out_data_0_10_0_0_0_load_fu_1995_p3  |    select|   0|  0|  10|           1|          10|
    |out_data_0_11_0_0_0_load_fu_2141_p3  |    select|   0|  0|  10|           1|          10|
    |out_data_0_12_0_0_0_load_fu_2287_p3  |    select|   0|  0|  10|           1|          10|
    |out_data_0_13_0_0_0_load_fu_2433_p3  |    select|   0|  0|  10|           1|          10|
    |out_data_0_14_0_0_0_load_fu_2579_p3  |    select|   0|  0|  10|           1|          10|
    |out_data_0_15_0_0_0_load_fu_2725_p3  |    select|   0|  0|  10|           1|          10|
    |out_data_0_1_0_0_0_load_fu_681_p3    |    select|   0|  0|  10|           1|          10|
    |out_data_0_2_0_0_0_load_fu_827_p3    |    select|   0|  0|  10|           1|          10|
    |out_data_0_3_0_0_0_load_fu_973_p3    |    select|   0|  0|  10|           1|          10|
    |out_data_0_4_0_0_0_load_fu_1119_p3   |    select|   0|  0|  10|           1|          10|
    |out_data_0_5_0_0_0_load_fu_1265_p3   |    select|   0|  0|  10|           1|          10|
    |out_data_0_6_0_0_0_load_fu_1411_p3   |    select|   0|  0|  10|           1|          10|
    |out_data_0_7_0_0_0_load_fu_1557_p3   |    select|   0|  0|  10|           1|          10|
    |out_data_0_8_0_0_0_load_fu_1703_p3   |    select|   0|  0|  10|           1|          10|
    |out_data_0_9_0_0_0_load_fu_1849_p3   |    select|   0|  0|  10|           1|          10|
    |select_ln52_64_fu_527_p3             |    select|   0|  0|  10|           1|          10|
    |select_ln52_65_fu_659_p3             |    select|   0|  0|  11|           1|           9|
    |select_ln52_66_fu_673_p3             |    select|   0|  0|  10|           1|          10|
    |select_ln52_67_fu_805_p3             |    select|   0|  0|  11|           1|           9|
    |select_ln52_68_fu_819_p3             |    select|   0|  0|  10|           1|          10|
    |select_ln52_69_fu_951_p3             |    select|   0|  0|  11|           1|           9|
    |select_ln52_70_fu_965_p3             |    select|   0|  0|  10|           1|          10|
    |select_ln52_71_fu_1097_p3            |    select|   0|  0|  11|           1|           9|
    |select_ln52_72_fu_1111_p3            |    select|   0|  0|  10|           1|          10|
    |select_ln52_73_fu_1243_p3            |    select|   0|  0|  11|           1|           9|
    |select_ln52_74_fu_1257_p3            |    select|   0|  0|  10|           1|          10|
    |select_ln52_75_fu_1389_p3            |    select|   0|  0|  11|           1|           9|
    |select_ln52_76_fu_1403_p3            |    select|   0|  0|  10|           1|          10|
    |select_ln52_77_fu_1535_p3            |    select|   0|  0|  11|           1|           9|
    |select_ln52_78_fu_1549_p3            |    select|   0|  0|  10|           1|          10|
    |select_ln52_79_fu_1681_p3            |    select|   0|  0|  11|           1|           9|
    |select_ln52_80_fu_1695_p3            |    select|   0|  0|  10|           1|          10|
    |select_ln52_81_fu_1827_p3            |    select|   0|  0|  11|           1|           9|
    |select_ln52_82_fu_1841_p3            |    select|   0|  0|  10|           1|          10|
    |select_ln52_83_fu_1973_p3            |    select|   0|  0|  11|           1|           9|
    |select_ln52_84_fu_1987_p3            |    select|   0|  0|  10|           1|          10|
    |select_ln52_85_fu_2119_p3            |    select|   0|  0|  11|           1|           9|
    |select_ln52_86_fu_2133_p3            |    select|   0|  0|  10|           1|          10|
    |select_ln52_87_fu_2265_p3            |    select|   0|  0|  11|           1|           9|
    |select_ln52_88_fu_2279_p3            |    select|   0|  0|  10|           1|          10|
    |select_ln52_89_fu_2411_p3            |    select|   0|  0|  11|           1|           9|
    |select_ln52_90_fu_2425_p3            |    select|   0|  0|  10|           1|          10|
    |select_ln52_91_fu_2557_p3            |    select|   0|  0|  11|           1|           9|
    |select_ln52_92_fu_2571_p3            |    select|   0|  0|  10|           1|          10|
    |select_ln52_93_fu_2703_p3            |    select|   0|  0|  11|           1|           9|
    |select_ln52_94_fu_2717_p3            |    select|   0|  0|  10|           1|          10|
    |select_ln52_fu_513_p3                |    select|   0|  0|  11|           1|           9|
    |xor_ln52_100_fu_647_p2               |       xor|   0|  0|   2|           1|           2|
    |xor_ln52_101_fu_763_p2               |       xor|   0|  0|   2|           1|           2|
    |xor_ln52_102_fu_781_p2               |       xor|   0|  0|   2|           2|           1|
    |xor_ln52_103_fu_793_p2               |       xor|   0|  0|   2|           1|           2|
    |xor_ln52_104_fu_909_p2               |       xor|   0|  0|   2|           1|           2|
    |xor_ln52_105_fu_927_p2               |       xor|   0|  0|   2|           2|           1|
    |xor_ln52_106_fu_939_p2               |       xor|   0|  0|   2|           1|           2|
    |xor_ln52_107_fu_1055_p2              |       xor|   0|  0|   2|           1|           2|
    |xor_ln52_108_fu_1073_p2              |       xor|   0|  0|   2|           2|           1|
    |xor_ln52_109_fu_1085_p2              |       xor|   0|  0|   2|           1|           2|
    |xor_ln52_110_fu_1201_p2              |       xor|   0|  0|   2|           1|           2|
    |xor_ln52_111_fu_1219_p2              |       xor|   0|  0|   2|           2|           1|
    |xor_ln52_112_fu_1231_p2              |       xor|   0|  0|   2|           1|           2|
    |xor_ln52_113_fu_1347_p2              |       xor|   0|  0|   2|           1|           2|
    |xor_ln52_114_fu_1365_p2              |       xor|   0|  0|   2|           2|           1|
    |xor_ln52_115_fu_1377_p2              |       xor|   0|  0|   2|           1|           2|
    |xor_ln52_116_fu_1493_p2              |       xor|   0|  0|   2|           1|           2|
    |xor_ln52_117_fu_1511_p2              |       xor|   0|  0|   2|           2|           1|
    |xor_ln52_118_fu_1523_p2              |       xor|   0|  0|   2|           1|           2|
    |xor_ln52_119_fu_1639_p2              |       xor|   0|  0|   2|           1|           2|
    |xor_ln52_120_fu_1657_p2              |       xor|   0|  0|   2|           2|           1|
    |xor_ln52_121_fu_1669_p2              |       xor|   0|  0|   2|           1|           2|
    |xor_ln52_122_fu_1785_p2              |       xor|   0|  0|   2|           1|           2|
    |xor_ln52_123_fu_1803_p2              |       xor|   0|  0|   2|           2|           1|
    |xor_ln52_124_fu_1815_p2              |       xor|   0|  0|   2|           1|           2|
    |xor_ln52_125_fu_1931_p2              |       xor|   0|  0|   2|           1|           2|
    |xor_ln52_126_fu_1949_p2              |       xor|   0|  0|   2|           2|           1|
    |xor_ln52_127_fu_1961_p2              |       xor|   0|  0|   2|           1|           2|
    |xor_ln52_128_fu_2077_p2              |       xor|   0|  0|   2|           1|           2|
    |xor_ln52_129_fu_2095_p2              |       xor|   0|  0|   2|           2|           1|
    |xor_ln52_130_fu_2107_p2              |       xor|   0|  0|   2|           1|           2|
    |xor_ln52_131_fu_2223_p2              |       xor|   0|  0|   2|           1|           2|
    |xor_ln52_132_fu_2241_p2              |       xor|   0|  0|   2|           2|           1|
    |xor_ln52_133_fu_2253_p2              |       xor|   0|  0|   2|           1|           2|
    |xor_ln52_134_fu_2369_p2              |       xor|   0|  0|   2|           1|           2|
    |xor_ln52_135_fu_2387_p2              |       xor|   0|  0|   2|           2|           1|
    |xor_ln52_136_fu_2399_p2              |       xor|   0|  0|   2|           1|           2|
    |xor_ln52_137_fu_2515_p2              |       xor|   0|  0|   2|           1|           2|
    |xor_ln52_138_fu_2533_p2              |       xor|   0|  0|   2|           2|           1|
    |xor_ln52_139_fu_2545_p2              |       xor|   0|  0|   2|           1|           2|
    |xor_ln52_140_fu_2661_p2              |       xor|   0|  0|   2|           1|           2|
    |xor_ln52_141_fu_2679_p2              |       xor|   0|  0|   2|           2|           1|
    |xor_ln52_142_fu_2691_p2              |       xor|   0|  0|   2|           1|           2|
    |xor_ln52_96_fu_489_p2                |       xor|   0|  0|   2|           2|           1|
    |xor_ln52_97_fu_501_p2                |       xor|   0|  0|   2|           1|           2|
    |xor_ln52_98_fu_617_p2                |       xor|   0|  0|   2|           1|           2|
    |xor_ln52_99_fu_635_p2                |       xor|   0|  0|   2|           2|           1|
    |xor_ln52_fu_471_p2                   |       xor|   0|  0|   2|           1|           2|
    +-------------------------------------+----------+----+---+----+------------+------------+
    |Total                                |          |   0|  0|1698|         929|         817|
    +-------------------------------------+----------+----+---+----+------------+------------+

    * Multiplexer: 
    +------------------+----+-----------+-----+-----------+
    |       Name       | LUT| Input Size| Bits| Total Bits|
    +------------------+----+-----------+-----+-----------+
    |ap_done           |   9|          2|    1|          2|
    |layer7_out_blk_n  |   9|          2|    1|          2|
    |layer8_out_blk_n  |   9|          2|    1|          2|
    |real_start        |   9|          2|    1|          2|
    +------------------+----+-----------+-----+-----------+
    |Total             |  36|          8|    4|          8|
    +------------------+----+-----------+-----+-----------+

    * Register: 
    +----------------+---+----+-----+-----------+
    |      Name      | FF| LUT| Bits| Const Bits|
    +----------------+---+----+-----+-----------+
    |ap_CS_fsm       |  1|   0|    1|          0|
    |ap_done_reg     |  1|   0|    1|          0|
    |start_once_reg  |  1|   0|    1|          0|
    +----------------+---+----+-----+-----------+
    |Total           |  3|   0|    3|          0|
    +----------------+---+----+-----+-----------+



================================================================
== Interface
================================================================
* Summary: 
+---------------------------+-----+-----+------------+------------------------------------------------------------------------+--------------+
|         RTL Ports         | Dir | Bits|  Protocol  |                              Source Object                             |    C Type    |
+---------------------------+-----+-----+------------+------------------------------------------------------------------------+--------------+
|ap_clk                     |   in|    1|  ap_ctrl_hs|  relu<array<ap_fixed,16u>,array<ap_fixed<10,4,0,0,0>,16u>,relu_config8>|  return value|
|ap_rst                     |   in|    1|  ap_ctrl_hs|  relu<array<ap_fixed,16u>,array<ap_fixed<10,4,0,0,0>,16u>,relu_config8>|  return value|
|ap_start                   |   in|    1|  ap_ctrl_hs|  relu<array<ap_fixed,16u>,array<ap_fixed<10,4,0,0,0>,16u>,relu_config8>|  return value|
|start_full_n               |   in|    1|  ap_ctrl_hs|  relu<array<ap_fixed,16u>,array<ap_fixed<10,4,0,0,0>,16u>,relu_config8>|  return value|
|ap_done                    |  out|    1|  ap_ctrl_hs|  relu<array<ap_fixed,16u>,array<ap_fixed<10,4,0,0,0>,16u>,relu_config8>|  return value|
|ap_continue                |   in|    1|  ap_ctrl_hs|  relu<array<ap_fixed,16u>,array<ap_fixed<10,4,0,0,0>,16u>,relu_config8>|  return value|
|ap_idle                    |  out|    1|  ap_ctrl_hs|  relu<array<ap_fixed,16u>,array<ap_fixed<10,4,0,0,0>,16u>,relu_config8>|  return value|
|ap_ready                   |  out|    1|  ap_ctrl_hs|  relu<array<ap_fixed,16u>,array<ap_fixed<10,4,0,0,0>,16u>,relu_config8>|  return value|
|start_out                  |  out|    1|  ap_ctrl_hs|  relu<array<ap_fixed,16u>,array<ap_fixed<10,4,0,0,0>,16u>,relu_config8>|  return value|
|start_write                |  out|    1|  ap_ctrl_hs|  relu<array<ap_fixed,16u>,array<ap_fixed<10,4,0,0,0>,16u>,relu_config8>|  return value|
|layer7_out_dout            |   in|  416|     ap_fifo|                                                              layer7_out|       pointer|
|layer7_out_empty_n         |   in|    1|     ap_fifo|                                                              layer7_out|       pointer|
|layer7_out_read            |  out|    1|     ap_fifo|                                                              layer7_out|       pointer|
|layer7_out_num_data_valid  |   in|    2|     ap_fifo|                                                              layer7_out|       pointer|
|layer7_out_fifo_cap        |   in|    2|     ap_fifo|                                                              layer7_out|       pointer|
|layer8_out_din             |  out|  160|     ap_fifo|                                                              layer8_out|       pointer|
|layer8_out_full_n          |   in|    1|     ap_fifo|                                                              layer8_out|       pointer|
|layer8_out_write           |  out|    1|     ap_fifo|                                                              layer8_out|       pointer|
|layer8_out_num_data_valid  |   in|    2|     ap_fifo|                                                              layer8_out|       pointer|
|layer8_out_fifo_cap        |   in|    2|     ap_fifo|                                                              layer8_out|       pointer|
+---------------------------+-----+-----+------------+------------------------------------------------------------------------+--------------+

