

================================================================
== Vitis HLS Report for 'wedrowiec_hls_axi_Pipeline_VITIS_LOOP_16_1'
================================================================
* Date:           Fri May 15 14:04:25 2026

* Version:        2024.2 (Build 5238294 on Nov  8 2024)
* Project:        wedrowiec_hls_prj
* Solution:       solution1 (Vivado IP Flow Target)
* Product family: zynq
* Target device:  xc7z020-clg400-1


================================================================
== Performance Estimates
================================================================
+ Timing: 
    * Summary: 
    +--------+----------+-----------+------------+
    |  Clock |  Target  | Estimated | Uncertainty|
    +--------+----------+-----------+------------+
    |ap_clk  |  20.00 ns|  17.488 ns|     2.50 ns|
    +--------+----------+-----------+------------+

+ Latency: 
    * Summary: 
    +---------+---------+----------+----------+-----+-----+------------------------------------------------+
    |  Latency (cycles) |  Latency (absolute) |  Interval |                    Pipeline                    |
    |   min   |   max   |    min   |    max   | min | max |                      Type                      |
    +---------+---------+----------+----------+-----+-----+------------------------------------------------+
    |       73|       73|  1.460 us|  1.460 us|   72|   72|  loop auto-rewind stp (delay=0 clock cycles(s))|
    +---------+---------+----------+----------+-----+-----+------------------------------------------------+

    + Detail: 
        * Instance: 
        N/A

        * Loop: 
        +-------------------+---------+---------+----------+-----------+-----------+------+----------+
        |                   |  Latency (cycles) | Iteration|  Initiation Interval  | Trip |          |
        |     Loop Name     |   min   |   max   |  Latency |  achieved |   target  | Count| Pipelined|
        +-------------------+---------+---------+----------+-----------+-----------+------+----------+
        |- VITIS_LOOP_16_1  |       71|       71|        11|          8|          1|     8|       yes|
        +-------------------+---------+---------+----------+-----------+-----------+------+----------+



================================================================
== Utilization Estimates
================================================================
* Summary: 
+-----------------+---------+-----+--------+-------+-----+
|       Name      | BRAM_18K| DSP |   FF   |  LUT  | URAM|
+-----------------+---------+-----+--------+-------+-----+
|DSP              |        -|    -|       -|      -|    -|
|Expression       |        -|    -|       0|   9628|    -|
|FIFO             |        -|    -|       -|      -|    -|
|Instance         |        -|    -|       0|    632|    -|
|Memory           |        -|    -|       -|      -|    -|
|Multiplexer      |        -|    -|       0|    168|    -|
|Register         |        -|    -|     388|      -|    -|
+-----------------+---------+-----+--------+-------+-----+
|Total            |        0|    0|     388|  10428|    0|
+-----------------+---------+-----+--------+-------+-----+
|Available        |      280|  220|  106400|  53200|    0|
+-----------------+---------+-----+--------+-------+-----+
|Utilization (%)  |        0|    0|      ~0|     19|    0|
+-----------------+---------+-----+--------+-------+-----+

+ Detail: 
    * Instance: 
    +-----------------------------------+-------------------------------+---------+----+---+----+-----+
    |              Instance             |             Module            | BRAM_18K| DSP| FF| LUT| URAM|
    +-----------------------------------+-------------------------------+---------+----+---+----+-----+
    |bitselect_1ns_54ns_32ns_1_1_1_U2   |bitselect_1ns_54ns_32ns_1_1_1  |        0|   0|  0|  17|    0|
    |bitselect_1ns_54ns_32ns_1_1_1_U9   |bitselect_1ns_54ns_32ns_1_1_1  |        0|   0|  0|  17|    0|
    |bitselect_1ns_54ns_32ns_1_1_1_U16  |bitselect_1ns_54ns_32ns_1_1_1  |        0|   0|  0|  17|    0|
    |bitselect_1ns_54ns_32ns_1_1_1_U23  |bitselect_1ns_54ns_32ns_1_1_1  |        0|   0|  0|  17|    0|
    |bitselect_1ns_54ns_32ns_1_1_1_U30  |bitselect_1ns_54ns_32ns_1_1_1  |        0|   0|  0|  17|    0|
    |bitselect_1ns_54ns_32ns_1_1_1_U37  |bitselect_1ns_54ns_32ns_1_1_1  |        0|   0|  0|  17|    0|
    |bitselect_1ns_54ns_32ns_1_1_1_U44  |bitselect_1ns_54ns_32ns_1_1_1  |        0|   0|  0|  17|    0|
    |bitselect_1ns_54ns_32ns_1_1_1_U51  |bitselect_1ns_54ns_32ns_1_1_1  |        0|   0|  0|  17|    0|
    |bitselect_1ns_54ns_32s_1_1_1_U3    |bitselect_1ns_54ns_32s_1_1_1   |        0|   0|  0|  17|    0|
    |bitselect_1ns_54ns_32s_1_1_1_U10   |bitselect_1ns_54ns_32s_1_1_1   |        0|   0|  0|  17|    0|
    |bitselect_1ns_54ns_32s_1_1_1_U17   |bitselect_1ns_54ns_32s_1_1_1   |        0|   0|  0|  17|    0|
    |bitselect_1ns_54ns_32s_1_1_1_U24   |bitselect_1ns_54ns_32s_1_1_1   |        0|   0|  0|  17|    0|
    |bitselect_1ns_54ns_32s_1_1_1_U31   |bitselect_1ns_54ns_32s_1_1_1   |        0|   0|  0|  17|    0|
    |bitselect_1ns_54ns_32s_1_1_1_U38   |bitselect_1ns_54ns_32s_1_1_1   |        0|   0|  0|  17|    0|
    |bitselect_1ns_54ns_32s_1_1_1_U45   |bitselect_1ns_54ns_32s_1_1_1   |        0|   0|  0|  17|    0|
    |bitselect_1ns_54ns_32s_1_1_1_U52   |bitselect_1ns_54ns_32s_1_1_1   |        0|   0|  0|  17|    0|
    |fpext_32ns_64_2_no_dsp_1_U1        |fpext_32ns_64_2_no_dsp_1       |        0|   0|  0|   0|    0|
    |sparsemux_7_2_1_1_1_U5             |sparsemux_7_2_1_1_1            |        0|   0|  0|   9|    0|
    |sparsemux_7_2_1_1_1_U6             |sparsemux_7_2_1_1_1            |        0|   0|  0|   9|    0|
    |sparsemux_7_2_1_1_1_U7             |sparsemux_7_2_1_1_1            |        0|   0|  0|   9|    0|
    |sparsemux_7_2_1_1_1_U8             |sparsemux_7_2_1_1_1            |        0|   0|  0|   9|    0|
    |sparsemux_7_2_1_1_1_U12            |sparsemux_7_2_1_1_1            |        0|   0|  0|   9|    0|
    |sparsemux_7_2_1_1_1_U13            |sparsemux_7_2_1_1_1            |        0|   0|  0|   9|    0|
    |sparsemux_7_2_1_1_1_U14            |sparsemux_7_2_1_1_1            |        0|   0|  0|   9|    0|
    |sparsemux_7_2_1_1_1_U15            |sparsemux_7_2_1_1_1            |        0|   0|  0|   9|    0|
    |sparsemux_7_2_1_1_1_U19            |sparsemux_7_2_1_1_1            |        0|   0|  0|   9|    0|
    |sparsemux_7_2_1_1_1_U20            |sparsemux_7_2_1_1_1            |        0|   0|  0|   9|    0|
    |sparsemux_7_2_1_1_1_U21            |sparsemux_7_2_1_1_1            |        0|   0|  0|   9|    0|
    |sparsemux_7_2_1_1_1_U22            |sparsemux_7_2_1_1_1            |        0|   0|  0|   9|    0|
    |sparsemux_7_2_1_1_1_U26            |sparsemux_7_2_1_1_1            |        0|   0|  0|   9|    0|
    |sparsemux_7_2_1_1_1_U27            |sparsemux_7_2_1_1_1            |        0|   0|  0|   9|    0|
    |sparsemux_7_2_1_1_1_U28            |sparsemux_7_2_1_1_1            |        0|   0|  0|   9|    0|
    |sparsemux_7_2_1_1_1_U29            |sparsemux_7_2_1_1_1            |        0|   0|  0|   9|    0|
    |sparsemux_7_2_1_1_1_U33            |sparsemux_7_2_1_1_1            |        0|   0|  0|   9|    0|
    |sparsemux_7_2_1_1_1_U34            |sparsemux_7_2_1_1_1            |        0|   0|  0|   9|    0|
    |sparsemux_7_2_1_1_1_U35            |sparsemux_7_2_1_1_1            |        0|   0|  0|   9|    0|
    |sparsemux_7_2_1_1_1_U36            |sparsemux_7_2_1_1_1            |        0|   0|  0|   9|    0|
    |sparsemux_7_2_1_1_1_U40            |sparsemux_7_2_1_1_1            |        0|   0|  0|   9|    0|
    |sparsemux_7_2_1_1_1_U41            |sparsemux_7_2_1_1_1            |        0|   0|  0|   9|    0|
    |sparsemux_7_2_1_1_1_U42            |sparsemux_7_2_1_1_1            |        0|   0|  0|   9|    0|
    |sparsemux_7_2_1_1_1_U43            |sparsemux_7_2_1_1_1            |        0|   0|  0|   9|    0|
    |sparsemux_7_2_1_1_1_U47            |sparsemux_7_2_1_1_1            |        0|   0|  0|   9|    0|
    |sparsemux_7_2_1_1_1_U48            |sparsemux_7_2_1_1_1            |        0|   0|  0|   9|    0|
    |sparsemux_7_2_1_1_1_U49            |sparsemux_7_2_1_1_1            |        0|   0|  0|   9|    0|
    |sparsemux_7_2_1_1_1_U50            |sparsemux_7_2_1_1_1            |        0|   0|  0|   9|    0|
    |sparsemux_7_2_1_1_1_U54            |sparsemux_7_2_1_1_1            |        0|   0|  0|   9|    0|
    |sparsemux_7_2_1_1_1_U55            |sparsemux_7_2_1_1_1            |        0|   0|  0|   9|    0|
    |sparsemux_7_2_1_1_1_U56            |sparsemux_7_2_1_1_1            |        0|   0|  0|   9|    0|
    |sparsemux_7_2_1_1_1_U57            |sparsemux_7_2_1_1_1            |        0|   0|  0|   9|    0|
    |sparsemux_7_2_8_1_1_U4             |sparsemux_7_2_8_1_1            |        0|   0|  0|   9|    0|
    |sparsemux_7_2_8_1_1_U11            |sparsemux_7_2_8_1_1            |        0|   0|  0|   9|    0|
    |sparsemux_7_2_8_1_1_U18            |sparsemux_7_2_8_1_1            |        0|   0|  0|   9|    0|
    |sparsemux_7_2_8_1_1_U25            |sparsemux_7_2_8_1_1            |        0|   0|  0|   9|    0|
    |sparsemux_7_2_8_1_1_U32            |sparsemux_7_2_8_1_1            |        0|   0|  0|   9|    0|
    |sparsemux_7_2_8_1_1_U39            |sparsemux_7_2_8_1_1            |        0|   0|  0|   9|    0|
    |sparsemux_7_2_8_1_1_U46            |sparsemux_7_2_8_1_1            |        0|   0|  0|   9|    0|
    |sparsemux_7_2_8_1_1_U53            |sparsemux_7_2_8_1_1            |        0|   0|  0|   9|    0|
    +-----------------------------------+-------------------------------+---------+----+---+----+-----+
    |Total                              |                               |        0|   0|  0| 632|    0|
    +-----------------------------------+-------------------------------+---------+----+---+----+-----+

    * DSP: 
    N/A

    * Memory: 
    N/A

    * FIFO: 
    N/A

    * Expression: 
    +----------------------------------------+----------+----+---+-----+------------+------------+
    |              Variable Name             | Operation| DSP| FF| LUT | Bitwidth P0| Bitwidth P1|
    +----------------------------------------+----------+----+---+-----+------------+------------+
    |add_ln21_10_fu_1721_p2                  |         +|   0|  0|   12|          12|           4|
    |add_ln21_11_fu_1831_p2                  |         +|   0|  0|   12|          11|           5|
    |add_ln21_12_fu_1869_p2                  |         +|   0|  0|   15|           8|           8|
    |add_ln21_13_fu_1913_p2                  |         +|   0|  0|   12|          12|           1|
    |add_ln21_14_fu_1923_p2                  |         +|   0|  0|   12|          12|           2|
    |add_ln21_15_fu_2449_p2                  |         +|   0|  0|   12|          12|           4|
    |add_ln21_16_fu_2559_p2                  |         +|   0|  0|   12|          11|           5|
    |add_ln21_17_fu_2597_p2                  |         +|   0|  0|   15|           8|           8|
    |add_ln21_18_fu_2641_p2                  |         +|   0|  0|   12|          12|           1|
    |add_ln21_19_fu_2651_p2                  |         +|   0|  0|   12|          12|           2|
    |add_ln21_1_fu_408_p2                    |         +|   0|  0|   12|          11|           5|
    |add_ln21_20_fu_3155_p2                  |         +|   0|  0|   12|          12|           4|
    |add_ln21_21_fu_3265_p2                  |         +|   0|  0|   12|          11|           5|
    |add_ln21_22_fu_3303_p2                  |         +|   0|  0|   15|           8|           8|
    |add_ln21_23_fu_3347_p2                  |         +|   0|  0|   12|          12|           1|
    |add_ln21_24_fu_3357_p2                  |         +|   0|  0|   12|          12|           2|
    |add_ln21_25_fu_3861_p2                  |         +|   0|  0|   12|          12|           4|
    |add_ln21_26_fu_3971_p2                  |         +|   0|  0|   12|          11|           5|
    |add_ln21_27_fu_4009_p2                  |         +|   0|  0|   15|           8|           8|
    |add_ln21_28_fu_4053_p2                  |         +|   0|  0|   12|          12|           1|
    |add_ln21_29_fu_4063_p2                  |         +|   0|  0|   12|          12|           2|
    |add_ln21_2_fu_446_p2                    |         +|   0|  0|   15|           8|           8|
    |add_ln21_30_fu_4576_p2                  |         +|   0|  0|   12|          12|           4|
    |add_ln21_31_fu_4686_p2                  |         +|   0|  0|   12|          11|           5|
    |add_ln21_32_fu_4724_p2                  |         +|   0|  0|   15|           8|           8|
    |add_ln21_33_fu_4768_p2                  |         +|   0|  0|   12|          12|           1|
    |add_ln21_34_fu_4778_p2                  |         +|   0|  0|   12|          12|           2|
    |add_ln21_35_fu_5315_p2                  |         +|   0|  0|   12|          12|           4|
    |add_ln21_36_fu_5425_p2                  |         +|   0|  0|   12|          11|           5|
    |add_ln21_37_fu_5463_p2                  |         +|   0|  0|   15|           8|           8|
    |add_ln21_38_fu_5507_p2                  |         +|   0|  0|   12|          12|           1|
    |add_ln21_39_fu_5517_p2                  |         +|   0|  0|   12|          12|           2|
    |add_ln21_3_fu_490_p2                    |         +|   0|  0|   12|          12|           1|
    |add_ln21_4_fu_500_p2                    |         +|   0|  0|   12|          12|           2|
    |add_ln21_5_fu_1004_p2                   |         +|   0|  0|   12|          12|           4|
    |add_ln21_6_fu_1114_p2                   |         +|   0|  0|   12|          11|           5|
    |add_ln21_7_fu_1152_p2                   |         +|   0|  0|   15|           8|           8|
    |add_ln21_8_fu_1196_p2                   |         +|   0|  0|   12|          12|           1|
    |add_ln21_9_fu_1206_p2                   |         +|   0|  0|   12|          12|           2|
    |add_ln21_fu_298_p2                      |         +|   0|  0|   12|          12|           4|
    |i_2_fu_192_p2                           |         +|   0|  0|   13|           4|           1|
    |sub_ln21_10_fu_2423_p2                  |         -|   0|  0|   12|          11|          12|
    |sub_ln21_11_fu_2459_p2                  |         -|   0|  0|   12|           3|          11|
    |sub_ln21_12_fu_3109_p2                  |         -|   0|  0|   61|           1|          54|
    |sub_ln21_13_fu_3129_p2                  |         -|   0|  0|   12|          11|          12|
    |sub_ln21_14_fu_3165_p2                  |         -|   0|  0|   12|           3|          11|
    |sub_ln21_15_fu_3815_p2                  |         -|   0|  0|   61|           1|          54|
    |sub_ln21_16_fu_3835_p2                  |         -|   0|  0|   12|          11|          12|
    |sub_ln21_17_fu_3871_p2                  |         -|   0|  0|   12|           3|          11|
    |sub_ln21_18_fu_4530_p2                  |         -|   0|  0|   61|           1|          54|
    |sub_ln21_19_fu_4550_p2                  |         -|   0|  0|   12|          11|          12|
    |sub_ln21_1_fu_272_p2                    |         -|   0|  0|   12|          11|          12|
    |sub_ln21_20_fu_4586_p2                  |         -|   0|  0|   12|           3|          11|
    |sub_ln21_21_fu_5269_p2                  |         -|   0|  0|   61|           1|          54|
    |sub_ln21_22_fu_5289_p2                  |         -|   0|  0|   12|          11|          12|
    |sub_ln21_23_fu_5325_p2                  |         -|   0|  0|   12|           3|          11|
    |sub_ln21_2_fu_308_p2                    |         -|   0|  0|   12|           3|          11|
    |sub_ln21_3_fu_958_p2                    |         -|   0|  0|   61|           1|          54|
    |sub_ln21_4_fu_978_p2                    |         -|   0|  0|   12|          11|          12|
    |sub_ln21_5_fu_1014_p2                   |         -|   0|  0|   12|           3|          11|
    |sub_ln21_6_fu_1675_p2                   |         -|   0|  0|   61|           1|          54|
    |sub_ln21_7_fu_1695_p2                   |         -|   0|  0|   12|          11|          12|
    |sub_ln21_8_fu_1731_p2                   |         -|   0|  0|   12|           3|          11|
    |sub_ln21_9_fu_2403_p2                   |         -|   0|  0|   61|           1|          54|
    |sub_ln21_fu_252_p2                      |         -|   0|  0|   61|           1|          54|
    |Range1_all_zeros_2_i_1_fu_1445_p2       |       and|   0|  0|    2|           1|           1|
    |Range1_all_zeros_2_i_2_fu_2176_p2       |       and|   0|  0|    2|           1|           1|
    |Range1_all_zeros_2_i_3_fu_2882_p2       |       and|   0|  0|    2|           1|           1|
    |Range1_all_zeros_2_i_4_fu_3588_p2       |       and|   0|  0|    2|           1|           1|
    |Range1_all_zeros_2_i_5_fu_4300_p2       |       and|   0|  0|    2|           1|           1|
    |Range1_all_zeros_2_i_6_fu_5042_p2       |       and|   0|  0|    2|           1|           1|
    |Range1_all_zeros_2_i_7_fu_5743_p2       |       and|   0|  0|    2|           1|           1|
    |Range1_all_zeros_2_i_fu_731_p2          |       and|   0|  0|    2|           1|           1|
    |and_ln21_100_fu_5790_p2                 |       and|   0|  0|    2|           1|           1|
    |and_ln21_101_fu_5830_p2                 |       and|   0|  0|    2|           1|           1|
    |and_ln21_102_fu_5841_p2                 |       and|   0|  0|    2|           1|           1|
    |and_ln21_103_fu_5847_p2                 |       and|   0|  0|    2|           1|           1|
    |and_ln21_11_fu_2115_p2                  |       and|   0|  0|    2|           1|           1|
    |and_ln21_12_fu_2023_p2                  |       and|   0|  0|    2|           1|           1|
    |and_ln21_14_fu_2203_p2                  |       and|   0|  0|    2|           1|           1|
    |and_ln21_16_fu_2821_p2                  |       and|   0|  0|    2|           1|           1|
    |and_ln21_17_fu_2751_p2                  |       and|   0|  0|    2|           1|           1|
    |and_ln21_19_fu_2909_p2                  |       and|   0|  0|    2|           1|           1|
    |and_ln21_1_fu_670_p2                    |       and|   0|  0|    2|           1|           1|
    |and_ln21_21_fu_3527_p2                  |       and|   0|  0|    2|           1|           1|
    |and_ln21_22_fu_3457_p2                  |       and|   0|  0|    2|           1|           1|
    |and_ln21_24_fu_3615_p2                  |       and|   0|  0|    2|           1|           1|
    |and_ln21_26_fu_4239_p2                  |       and|   0|  0|    2|           1|           1|
    |and_ln21_27_fu_4163_p2                  |       and|   0|  0|    2|           1|           1|
    |and_ln21_29_fu_4327_p2                  |       and|   0|  0|    2|           1|           1|
    |and_ln21_2_fu_600_p2                    |       and|   0|  0|    2|           1|           1|
    |and_ln21_31_fu_4981_p2                  |       and|   0|  0|    2|           1|           1|
    |and_ln21_32_fu_4878_p2                  |       and|   0|  0|    2|           1|           1|
    |and_ln21_34_fu_5069_p2                  |       and|   0|  0|    2|           1|           1|
    |and_ln21_36_fu_5682_p2                  |       and|   0|  0|    2|           1|           1|
    |and_ln21_37_fu_5617_p2                  |       and|   0|  0|    2|           1|           1|
    |and_ln21_39_fu_5770_p2                  |       and|   0|  0|    2|           1|           1|
    |and_ln21_40_fu_472_p2                   |       and|   0|  0|    2|           1|           1|
    |and_ln21_41_fu_478_p2                   |       and|   0|  0|    2|           1|           1|
    |and_ln21_42_fu_700_p2                   |       and|   0|  0|    2|           1|           1|
    |and_ln21_43_fu_774_p2                   |       and|   0|  0|    2|           1|           1|
    |and_ln21_44_fu_778_p2                   |       and|   0|  0|    2|           1|           1|
    |and_ln21_45_fu_818_p2                   |       and|   0|  0|    2|           1|           1|
    |and_ln21_46_fu_829_p2                   |       and|   0|  0|    2|           1|           1|
    |and_ln21_47_fu_835_p2                   |       and|   0|  0|    2|           1|           1|
    |and_ln21_48_fu_1178_p2                  |       and|   0|  0|    2|           1|           1|
    |and_ln21_49_fu_1184_p2                  |       and|   0|  0|    2|           1|           1|
    |and_ln21_4_fu_758_p2                    |       and|   0|  0|    2|           1|           1|
    |and_ln21_50_fu_1342_p2                  |       and|   0|  0|    2|           1|           1|
    |and_ln21_51_fu_1488_p2                  |       and|   0|  0|    2|           1|           1|
    |and_ln21_52_fu_1492_p2                  |       and|   0|  0|    2|           1|           1|
    |and_ln21_53_fu_1532_p2                  |       and|   0|  0|    2|           1|           1|
    |and_ln21_54_fu_1543_p2                  |       and|   0|  0|    2|           1|           1|
    |and_ln21_55_fu_1549_p2                  |       and|   0|  0|    2|           1|           1|
    |and_ln21_56_fu_1895_p2                  |       and|   0|  0|    2|           1|           1|
    |and_ln21_57_fu_1901_p2                  |       and|   0|  0|    2|           1|           1|
    |and_ln21_58_fu_2145_p2                  |       and|   0|  0|    2|           1|           1|
    |and_ln21_59_fu_2219_p2                  |       and|   0|  0|    2|           1|           1|
    |and_ln21_60_fu_2223_p2                  |       and|   0|  0|    2|           1|           1|
    |and_ln21_61_fu_2263_p2                  |       and|   0|  0|    2|           1|           1|
    |and_ln21_62_fu_2274_p2                  |       and|   0|  0|    2|           1|           1|
    |and_ln21_63_fu_2280_p2                  |       and|   0|  0|    2|           1|           1|
    |and_ln21_64_fu_2623_p2                  |       and|   0|  0|    2|           1|           1|
    |and_ln21_65_fu_2629_p2                  |       and|   0|  0|    2|           1|           1|
    |and_ln21_66_fu_2851_p2                  |       and|   0|  0|    2|           1|           1|
    |and_ln21_67_fu_2925_p2                  |       and|   0|  0|    2|           1|           1|
    |and_ln21_68_fu_2929_p2                  |       and|   0|  0|    2|           1|           1|
    |and_ln21_69_fu_2969_p2                  |       and|   0|  0|    2|           1|           1|
    |and_ln21_6_fu_1400_p2                   |       and|   0|  0|    2|           1|           1|
    |and_ln21_70_fu_2980_p2                  |       and|   0|  0|    2|           1|           1|
    |and_ln21_71_fu_2986_p2                  |       and|   0|  0|    2|           1|           1|
    |and_ln21_72_fu_3329_p2                  |       and|   0|  0|    2|           1|           1|
    |and_ln21_73_fu_3335_p2                  |       and|   0|  0|    2|           1|           1|
    |and_ln21_74_fu_3557_p2                  |       and|   0|  0|    2|           1|           1|
    |and_ln21_75_fu_3631_p2                  |       and|   0|  0|    2|           1|           1|
    |and_ln21_76_fu_3635_p2                  |       and|   0|  0|    2|           1|           1|
    |and_ln21_77_fu_3675_p2                  |       and|   0|  0|    2|           1|           1|
    |and_ln21_78_fu_3686_p2                  |       and|   0|  0|    2|           1|           1|
    |and_ln21_79_fu_3692_p2                  |       and|   0|  0|    2|           1|           1|
    |and_ln21_7_fu_1306_p2                   |       and|   0|  0|    2|           1|           1|
    |and_ln21_80_fu_4035_p2                  |       and|   0|  0|    2|           1|           1|
    |and_ln21_81_fu_4041_p2                  |       and|   0|  0|    2|           1|           1|
    |and_ln21_82_fu_4269_p2                  |       and|   0|  0|    2|           1|           1|
    |and_ln21_83_fu_4343_p2                  |       and|   0|  0|    2|           1|           1|
    |and_ln21_84_fu_4347_p2                  |       and|   0|  0|    2|           1|           1|
    |and_ln21_85_fu_4387_p2                  |       and|   0|  0|    2|           1|           1|
    |and_ln21_86_fu_4398_p2                  |       and|   0|  0|    2|           1|           1|
    |and_ln21_87_fu_4404_p2                  |       and|   0|  0|    2|           1|           1|
    |and_ln21_88_fu_4750_p2                  |       and|   0|  0|    2|           1|           1|
    |and_ln21_89_fu_4756_p2                  |       and|   0|  0|    2|           1|           1|
    |and_ln21_90_fu_5011_p2                  |       and|   0|  0|    2|           1|           1|
    |and_ln21_91_fu_5085_p2                  |       and|   0|  0|    2|           1|           1|
    |and_ln21_92_fu_5089_p2                  |       and|   0|  0|    2|           1|           1|
    |and_ln21_93_fu_5129_p2                  |       and|   0|  0|    2|           1|           1|
    |and_ln21_94_fu_5140_p2                  |       and|   0|  0|    2|           1|           1|
    |and_ln21_95_fu_5146_p2                  |       and|   0|  0|    2|           1|           1|
    |and_ln21_96_fu_5489_p2                  |       and|   0|  0|    2|           1|           1|
    |and_ln21_97_fu_5495_p2                  |       and|   0|  0|    2|           1|           1|
    |and_ln21_98_fu_5712_p2                  |       and|   0|  0|    2|           1|           1|
    |and_ln21_99_fu_5786_p2                  |       and|   0|  0|    2|           1|           1|
    |and_ln21_9_fu_1472_p2                   |       and|   0|  0|    2|           1|           1|
    |ap_block_pp0_stage0_11001               |       and|   0|  0|    2|           1|           1|
    |ap_block_pp0_stage1_11001_grp1          |       and|   0|  0|    2|           1|           1|
    |ap_block_pp0_stage2_01001_grp9          |       and|   0|  0|    2|           1|           1|
    |ap_block_pp0_stage2_11001_grp2          |       and|   0|  0|    2|           1|           1|
    |ap_block_pp0_stage3_11001_grp3          |       and|   0|  0|    2|           1|           1|
    |ap_block_pp0_stage4_11001_grp4          |       and|   0|  0|    2|           1|           1|
    |ap_block_pp0_stage5_11001_grp5          |       and|   0|  0|    2|           1|           1|
    |ap_block_pp0_stage6_11001_grp6          |       and|   0|  0|    2|           1|           1|
    |ap_block_pp0_stage7_11001_grp7          |       and|   0|  0|    2|           1|           1|
    |ap_block_state11_pp0_stage2_iter1_grp9  |       and|   0|  0|    2|           1|           1|
    |ap_block_state2_pp0_stage1_iter0_grp1   |       and|   0|  0|    2|           1|           1|
    |carry_1_i_1_fu_1190_p2                  |       and|   0|  0|    2|           1|           1|
    |carry_1_i_2_fu_1907_p2                  |       and|   0|  0|    2|           1|           1|
    |carry_1_i_3_fu_2635_p2                  |       and|   0|  0|    2|           1|           1|
    |carry_1_i_4_fu_3341_p2                  |       and|   0|  0|    2|           1|           1|
    |carry_1_i_5_fu_4047_p2                  |       and|   0|  0|    2|           1|           1|
    |carry_1_i_6_fu_4762_p2                  |       and|   0|  0|    2|           1|           1|
    |carry_1_i_7_fu_5501_p2                  |       and|   0|  0|    2|           1|           1|
    |carry_1_i_fu_484_p2                     |       and|   0|  0|    2|           1|           1|
    |lD_0_i_1_fu_1240_p2                     |       and|   0|  0|    2|           1|           1|
    |lD_0_i_2_fu_1957_p2                     |       and|   0|  0|    2|           1|           1|
    |lD_0_i_3_fu_2685_p2                     |       and|   0|  0|    2|           1|           1|
    |lD_0_i_4_fu_3391_p2                     |       and|   0|  0|    2|           1|           1|
    |lD_0_i_5_fu_4097_p2                     |       and|   0|  0|    2|           1|           1|
    |lD_0_i_6_fu_4812_p2                     |       and|   0|  0|    2|           1|           1|
    |lD_0_i_7_fu_5551_p2                     |       and|   0|  0|    2|           1|           1|
    |lD_0_i_fu_534_p2                        |       and|   0|  0|    2|           1|           1|
    |neg_src_0_i106_1_fu_1506_p2             |       and|   0|  0|    2|           1|           1|
    |neg_src_0_i106_2_fu_2237_p2             |       and|   0|  0|    2|           1|           1|
    |neg_src_0_i106_3_fu_2943_p2             |       and|   0|  0|    2|           1|           1|
    |neg_src_0_i106_4_fu_3649_p2             |       and|   0|  0|    2|           1|           1|
    |neg_src_0_i106_5_fu_4361_p2             |       and|   0|  0|    2|           1|           1|
    |neg_src_0_i106_6_fu_5103_p2             |       and|   0|  0|    2|           1|           1|
    |neg_src_0_i106_7_fu_5804_p2             |       and|   0|  0|    2|           1|           1|
    |neg_src_0_i_fu_792_p2                   |       and|   0|  0|    2|           1|           1|
    |ashr_ln21_1_fu_1056_p2                  |      ashr|   0|  0|  161|          54|          54|
    |ashr_ln21_2_fu_1773_p2                  |      ashr|   0|  0|  161|          54|          54|
    |ashr_ln21_3_fu_2501_p2                  |      ashr|   0|  0|  161|          54|          54|
    |ashr_ln21_4_fu_3207_p2                  |      ashr|   0|  0|  161|          54|          54|
    |ashr_ln21_5_fu_3913_p2                  |      ashr|   0|  0|  161|          54|          54|
    |ashr_ln21_6_fu_4628_p2                  |      ashr|   0|  0|  161|          54|          54|
    |ashr_ln21_7_fu_5367_p2                  |      ashr|   0|  0|  161|          54|          54|
    |ashr_ln21_fu_350_p2                     |      ashr|   0|  0|  161|          54|          54|
    |icmp_ln16_fu_186_p2                     |      icmp|   0|  0|   13|           4|           5|
    |icmp_ln21_100_fu_5339_p2                |      icmp|   0|  0|   12|          12|           3|
    |icmp_ln21_101_fu_5349_p2                |      icmp|   0|  0|   12|          11|           6|
    |icmp_ln21_102_fu_5385_p2                |      icmp|   0|  0|   12|          12|           6|
    |icmp_ln21_103_fu_5401_p2                |      icmp|   0|  0|   15|           8|           1|
    |icmp_ln21_104_fu_5523_p2                |      icmp|   0|  0|   12|          12|           6|
    |icmp_ln21_105_fu_5537_p2                |      icmp|   0|  0|   12|          12|           6|
    |icmp_ln21_106_fu_5557_p2                |      icmp|   0|  0|   12|          12|           6|
    |icmp_ln21_107_fu_5563_p2                |      icmp|   0|  0|   12|          12|           6|
    |icmp_ln21_108_fu_5589_p2                |      icmp|   0|  0|   61|          54|          54|
    |icmp_ln21_109_fu_5623_p2                |      icmp|   0|  0|   61|          54|           1|
    |icmp_ln21_10_fu_572_p2                  |      icmp|   0|  0|   61|          54|          54|
    |icmp_ln21_110_fu_5629_p2                |      icmp|   0|  0|   12|          12|           6|
    |icmp_ln21_111_fu_5635_p2                |      icmp|   0|  0|   61|          54|           1|
    |icmp_ln21_11_fu_606_p2                  |      icmp|   0|  0|   61|          54|           1|
    |icmp_ln21_12_fu_612_p2                  |      icmp|   0|  0|   12|          12|           6|
    |icmp_ln21_13_fu_618_p2                  |      icmp|   0|  0|   61|          54|           1|
    |icmp_ln21_14_fu_972_p2                  |      icmp|   0|  0|   70|          63|           1|
    |icmp_ln21_15_fu_998_p2                  |      icmp|   0|  0|   14|           9|           1|
    |icmp_ln21_16_fu_1028_p2                 |      icmp|   0|  0|   12|          12|           3|
    |icmp_ln21_17_fu_1038_p2                 |      icmp|   0|  0|   12|          11|           6|
    |icmp_ln21_18_fu_1074_p2                 |      icmp|   0|  0|   12|          12|           6|
    |icmp_ln21_19_fu_1090_p2                 |      icmp|   0|  0|   15|           8|           1|
    |icmp_ln21_1_fu_292_p2                   |      icmp|   0|  0|   14|           9|           1|
    |icmp_ln21_20_fu_1212_p2                 |      icmp|   0|  0|   12|          12|           6|
    |icmp_ln21_21_fu_1226_p2                 |      icmp|   0|  0|   12|          12|           6|
    |icmp_ln21_22_fu_1246_p2                 |      icmp|   0|  0|   12|          12|           6|
    |icmp_ln21_23_fu_1252_p2                 |      icmp|   0|  0|   12|          12|           6|
    |icmp_ln21_24_fu_1278_p2                 |      icmp|   0|  0|   61|          54|          54|
    |icmp_ln21_25_fu_1312_p2                 |      icmp|   0|  0|   61|          54|           1|
    |icmp_ln21_26_fu_1318_p2                 |      icmp|   0|  0|   12|          12|           6|
    |icmp_ln21_27_fu_1324_p2                 |      icmp|   0|  0|   61|          54|           1|
    |icmp_ln21_28_fu_1689_p2                 |      icmp|   0|  0|   70|          63|           1|
    |icmp_ln21_29_fu_1715_p2                 |      icmp|   0|  0|   14|           9|           1|
    |icmp_ln21_2_fu_322_p2                   |      icmp|   0|  0|   12|          12|           3|
    |icmp_ln21_30_fu_1745_p2                 |      icmp|   0|  0|   12|          12|           3|
    |icmp_ln21_31_fu_1755_p2                 |      icmp|   0|  0|   12|          11|           6|
    |icmp_ln21_32_fu_1791_p2                 |      icmp|   0|  0|   12|          12|           6|
    |icmp_ln21_33_fu_1807_p2                 |      icmp|   0|  0|   15|           8|           1|
    |icmp_ln21_34_fu_1929_p2                 |      icmp|   0|  0|   12|          12|           6|
    |icmp_ln21_35_fu_1943_p2                 |      icmp|   0|  0|   12|          12|           6|
    |icmp_ln21_36_fu_1963_p2                 |      icmp|   0|  0|   12|          12|           6|
    |icmp_ln21_37_fu_1969_p2                 |      icmp|   0|  0|   12|          12|           6|
    |icmp_ln21_38_fu_1995_p2                 |      icmp|   0|  0|   61|          54|          54|
    |icmp_ln21_39_fu_2029_p2                 |      icmp|   0|  0|   61|          54|           1|
    |icmp_ln21_3_fu_332_p2                   |      icmp|   0|  0|   12|          11|           6|
    |icmp_ln21_40_fu_2035_p2                 |      icmp|   0|  0|   12|          12|           6|
    |icmp_ln21_41_fu_2041_p2                 |      icmp|   0|  0|   61|          54|           1|
    |icmp_ln21_42_fu_2417_p2                 |      icmp|   0|  0|   70|          63|           1|
    |icmp_ln21_43_fu_2443_p2                 |      icmp|   0|  0|   14|           9|           1|
    |icmp_ln21_44_fu_2473_p2                 |      icmp|   0|  0|   12|          12|           3|
    |icmp_ln21_45_fu_2483_p2                 |      icmp|   0|  0|   12|          11|           6|
    |icmp_ln21_46_fu_2519_p2                 |      icmp|   0|  0|   12|          12|           6|
    |icmp_ln21_47_fu_2535_p2                 |      icmp|   0|  0|   15|           8|           1|
    |icmp_ln21_48_fu_2657_p2                 |      icmp|   0|  0|   12|          12|           6|
    |icmp_ln21_49_fu_2671_p2                 |      icmp|   0|  0|   12|          12|           6|
    |icmp_ln21_4_fu_368_p2                   |      icmp|   0|  0|   12|          12|           6|
    |icmp_ln21_50_fu_2691_p2                 |      icmp|   0|  0|   12|          12|           6|
    |icmp_ln21_51_fu_2697_p2                 |      icmp|   0|  0|   12|          12|           6|
    |icmp_ln21_52_fu_2723_p2                 |      icmp|   0|  0|   61|          54|          54|
    |icmp_ln21_53_fu_2757_p2                 |      icmp|   0|  0|   61|          54|           1|
    |icmp_ln21_54_fu_2763_p2                 |      icmp|   0|  0|   12|          12|           6|
    |icmp_ln21_55_fu_2769_p2                 |      icmp|   0|  0|   61|          54|           1|
    |icmp_ln21_56_fu_3123_p2                 |      icmp|   0|  0|   70|          63|           1|
    |icmp_ln21_57_fu_3149_p2                 |      icmp|   0|  0|   14|           9|           1|
    |icmp_ln21_58_fu_3179_p2                 |      icmp|   0|  0|   12|          12|           3|
    |icmp_ln21_59_fu_3189_p2                 |      icmp|   0|  0|   12|          11|           6|
    |icmp_ln21_5_fu_384_p2                   |      icmp|   0|  0|   15|           8|           1|
    |icmp_ln21_60_fu_3225_p2                 |      icmp|   0|  0|   12|          12|           6|
    |icmp_ln21_61_fu_3241_p2                 |      icmp|   0|  0|   15|           8|           1|
    |icmp_ln21_62_fu_3363_p2                 |      icmp|   0|  0|   12|          12|           6|
    |icmp_ln21_63_fu_3377_p2                 |      icmp|   0|  0|   12|          12|           6|
    |icmp_ln21_64_fu_3397_p2                 |      icmp|   0|  0|   12|          12|           6|
    |icmp_ln21_65_fu_3403_p2                 |      icmp|   0|  0|   12|          12|           6|
    |icmp_ln21_66_fu_3429_p2                 |      icmp|   0|  0|   61|          54|          54|
    |icmp_ln21_67_fu_3463_p2                 |      icmp|   0|  0|   61|          54|           1|
    |icmp_ln21_68_fu_3469_p2                 |      icmp|   0|  0|   12|          12|           6|
    |icmp_ln21_69_fu_3475_p2                 |      icmp|   0|  0|   61|          54|           1|
    |icmp_ln21_6_fu_506_p2                   |      icmp|   0|  0|   12|          12|           6|
    |icmp_ln21_70_fu_3829_p2                 |      icmp|   0|  0|   70|          63|           1|
    |icmp_ln21_71_fu_3855_p2                 |      icmp|   0|  0|   14|           9|           1|
    |icmp_ln21_72_fu_3885_p2                 |      icmp|   0|  0|   12|          12|           3|
    |icmp_ln21_73_fu_3895_p2                 |      icmp|   0|  0|   12|          11|           6|
    |icmp_ln21_74_fu_3931_p2                 |      icmp|   0|  0|   12|          12|           6|
    |icmp_ln21_75_fu_3947_p2                 |      icmp|   0|  0|   15|           8|           1|
    |icmp_ln21_76_fu_4069_p2                 |      icmp|   0|  0|   12|          12|           6|
    |icmp_ln21_77_fu_4083_p2                 |      icmp|   0|  0|   12|          12|           6|
    |icmp_ln21_78_fu_4103_p2                 |      icmp|   0|  0|   12|          12|           6|
    |icmp_ln21_79_fu_4109_p2                 |      icmp|   0|  0|   12|          12|           6|
    |icmp_ln21_7_fu_520_p2                   |      icmp|   0|  0|   12|          12|           6|
    |icmp_ln21_80_fu_4135_p2                 |      icmp|   0|  0|   61|          54|          54|
    |icmp_ln21_81_fu_4169_p2                 |      icmp|   0|  0|   61|          54|           1|
    |icmp_ln21_82_fu_4175_p2                 |      icmp|   0|  0|   12|          12|           6|
    |icmp_ln21_83_fu_4181_p2                 |      icmp|   0|  0|   61|          54|           1|
    |icmp_ln21_84_fu_4544_p2                 |      icmp|   0|  0|   70|          63|           1|
    |icmp_ln21_85_fu_4570_p2                 |      icmp|   0|  0|   14|           9|           1|
    |icmp_ln21_86_fu_4600_p2                 |      icmp|   0|  0|   12|          12|           3|
    |icmp_ln21_87_fu_4610_p2                 |      icmp|   0|  0|   12|          11|           6|
    |icmp_ln21_88_fu_4646_p2                 |      icmp|   0|  0|   12|          12|           6|
    |icmp_ln21_89_fu_4662_p2                 |      icmp|   0|  0|   15|           8|           1|
    |icmp_ln21_8_fu_540_p2                   |      icmp|   0|  0|   12|          12|           6|
    |icmp_ln21_90_fu_4784_p2                 |      icmp|   0|  0|   12|          12|           6|
    |icmp_ln21_91_fu_4798_p2                 |      icmp|   0|  0|   12|          12|           6|
    |icmp_ln21_92_fu_4818_p2                 |      icmp|   0|  0|   12|          12|           6|
    |icmp_ln21_93_fu_4824_p2                 |      icmp|   0|  0|   12|          12|           6|
    |icmp_ln21_94_fu_4850_p2                 |      icmp|   0|  0|   61|          54|          54|
    |icmp_ln21_95_fu_4884_p2                 |      icmp|   0|  0|   61|          54|           1|
    |icmp_ln21_96_fu_4890_p2                 |      icmp|   0|  0|   12|          12|           6|
    |icmp_ln21_97_fu_4896_p2                 |      icmp|   0|  0|   61|          54|           1|
    |icmp_ln21_98_fu_5283_p2                 |      icmp|   0|  0|   70|          63|           1|
    |icmp_ln21_99_fu_5309_p2                 |      icmp|   0|  0|   14|           9|           1|
    |icmp_ln21_9_fu_546_p2                   |      icmp|   0|  0|   12|          12|           6|
    |icmp_ln21_fu_266_p2                     |      icmp|   0|  0|   70|          63|           1|
    |lshr_ln21_10_fu_4123_p2                 |      lshr|   0|  0|  161|          54|          54|
    |lshr_ln21_11_fu_4129_p2                 |      lshr|   0|  0|  161|           2|          54|
    |lshr_ln21_12_fu_4838_p2                 |      lshr|   0|  0|  161|          54|          54|
    |lshr_ln21_13_fu_4844_p2                 |      lshr|   0|  0|  161|           2|          54|
    |lshr_ln21_14_fu_5577_p2                 |      lshr|   0|  0|  161|          54|          54|
    |lshr_ln21_15_fu_5583_p2                 |      lshr|   0|  0|  161|           2|          54|
    |lshr_ln21_1_fu_566_p2                   |      lshr|   0|  0|  161|           2|          54|
    |lshr_ln21_2_fu_1266_p2                  |      lshr|   0|  0|  161|          54|          54|
    |lshr_ln21_3_fu_1272_p2                  |      lshr|   0|  0|  161|           2|          54|
    |lshr_ln21_4_fu_1983_p2                  |      lshr|   0|  0|  161|          54|          54|
    |lshr_ln21_5_fu_1989_p2                  |      lshr|   0|  0|  161|           2|          54|
    |lshr_ln21_6_fu_2711_p2                  |      lshr|   0|  0|  161|          54|          54|
    |lshr_ln21_7_fu_2717_p2                  |      lshr|   0|  0|  161|           2|          54|
    |lshr_ln21_8_fu_3417_p2                  |      lshr|   0|  0|  161|          54|          54|
    |lshr_ln21_9_fu_3423_p2                  |      lshr|   0|  0|  161|           2|          54|
    |lshr_ln21_fu_560_p2                     |      lshr|   0|  0|  161|          54|          54|
    |Range1_all_zeros_2_i_1_fu_1445_p6       |        or|   0|  0|    2|           1|           1|
    |Range1_all_zeros_2_i_2_fu_2176_p6       |        or|   0|  0|    2|           1|           1|
    |Range1_all_zeros_2_i_3_fu_2882_p6       |        or|   0|  0|    2|           1|           1|
    |Range1_all_zeros_2_i_4_fu_3588_p6       |        or|   0|  0|    2|           1|           1|
    |Range1_all_zeros_2_i_5_fu_4300_p6       |        or|   0|  0|    2|           1|           1|
    |Range1_all_zeros_2_i_6_fu_5042_p6       |        or|   0|  0|    2|           1|           1|
    |Range1_all_zeros_2_i_7_fu_5743_p6       |        or|   0|  0|    2|           1|           1|
    |Range1_all_zeros_2_i_fu_731_p6          |        or|   0|  0|    2|           1|           1|
    |ap_block_pp0_stage2_subdone             |        or|   0|  0|    2|           1|           1|
    |is_last_1_fu_4934_p2                    |        or|   0|  0|    2|           1|           1|
    |or_ln21_11_fu_4454_p2                   |        or|   0|  0|    2|           1|           1|
    |or_ln21_13_fu_5196_p2                   |        or|   0|  0|    2|           1|           1|
    |or_ln21_15_fu_5897_p2                   |        or|   0|  0|    2|           1|           1|
    |or_ln21_16_fu_868_p2                    |        or|   0|  0|    2|           1|           1|
    |or_ln21_17_fu_874_p2                    |        or|   0|  0|    2|           1|           1|
    |or_ln21_18_fu_1582_p2                   |        or|   0|  0|    2|           1|           1|
    |or_ln21_19_fu_1588_p2                   |        or|   0|  0|    2|           1|           1|
    |or_ln21_1_fu_885_p2                     |        or|   0|  0|    2|           1|           1|
    |or_ln21_20_fu_2313_p2                   |        or|   0|  0|    2|           1|           1|
    |or_ln21_21_fu_2319_p2                   |        or|   0|  0|    2|           1|           1|
    |or_ln21_22_fu_3019_p2                   |        or|   0|  0|    2|           1|           1|
    |or_ln21_23_fu_3025_p2                   |        or|   0|  0|    2|           1|           1|
    |or_ln21_24_fu_3725_p2                   |        or|   0|  0|    2|           1|           1|
    |or_ln21_25_fu_3731_p2                   |        or|   0|  0|    2|           1|           1|
    |or_ln21_26_fu_4437_p2                   |        or|   0|  0|    2|           1|           1|
    |or_ln21_27_fu_4443_p2                   |        or|   0|  0|    2|           1|           1|
    |or_ln21_28_fu_5179_p2                   |        or|   0|  0|    2|           1|           1|
    |or_ln21_29_fu_5185_p2                   |        or|   0|  0|    2|           1|           1|
    |or_ln21_30_fu_5880_p2                   |        or|   0|  0|    2|           1|           1|
    |or_ln21_31_fu_5886_p2                   |        or|   0|  0|    2|           1|           1|
    |or_ln21_32_fu_695_p2                    |        or|   0|  0|    2|           1|           1|
    |or_ln21_33_fu_1336_p2                   |        or|   0|  0|    2|           1|           1|
    |or_ln21_34_fu_2140_p2                   |        or|   0|  0|    2|           1|           1|
    |or_ln21_35_fu_2846_p2                   |        or|   0|  0|    2|           1|           1|
    |or_ln21_36_fu_3552_p2                   |        or|   0|  0|    2|           1|           1|
    |or_ln21_37_fu_4264_p2                   |        or|   0|  0|    2|           1|           1|
    |or_ln21_38_fu_5006_p2                   |        or|   0|  0|    2|           1|           1|
    |or_ln21_39_fu_5707_p2                   |        or|   0|  0|    2|           1|           1|
    |or_ln21_3_fu_1599_p2                    |        or|   0|  0|    2|           1|           1|
    |or_ln21_5_fu_2330_p2                    |        or|   0|  0|    2|           1|           1|
    |or_ln21_7_fu_3036_p2                    |        or|   0|  0|    2|           1|           1|
    |or_ln21_9_fu_3742_p2                    |        or|   0|  0|    2|           1|           1|
    |or_ln22_1_fu_2062_p2                    |        or|   0|  0|    2|           1|           1|
    |or_ln22_2_fu_2068_p2                    |        or|   0|  0|    2|           1|           1|
    |or_ln22_3_fu_4911_p2                    |        or|   0|  0|    2|           1|           1|
    |or_ln22_4_fu_4917_p2                    |        or|   0|  0|    2|           1|           1|
    |or_ln22_5_fu_4923_p2                    |        or|   0|  0|    2|           1|           1|
    |or_ln22_6_fu_4929_p2                    |        or|   0|  0|    2|           1|           1|
    |or_ln22_fu_2056_p2                      |        or|   0|  0|    2|           1|           1|
    |Range2_all_ones_1_i_1_fu_1298_p3        |    select|   0|  0|    2|           1|           1|
    |Range2_all_ones_1_i_2_fu_2015_p3        |    select|   0|  0|    2|           1|           1|
    |Range2_all_ones_1_i_3_fu_2743_p3        |    select|   0|  0|    2|           1|           1|
    |Range2_all_ones_1_i_4_fu_3449_p3        |    select|   0|  0|    2|           1|           1|
    |Range2_all_ones_1_i_5_fu_4155_p3        |    select|   0|  0|    2|           1|           1|
    |Range2_all_ones_1_i_6_fu_4870_p3        |    select|   0|  0|    2|           1|           1|
    |Range2_all_ones_1_i_7_fu_5609_p3        |    select|   0|  0|    2|           1|           1|
    |Range2_all_ones_1_i_fu_592_p3           |    select|   0|  0|    2|           1|           1|
    |cond64_i_1_fu_1132_p3                   |    select|   0|  0|    2|           1|           1|
    |cond64_i_2_fu_1849_p3                   |    select|   0|  0|    2|           1|           1|
    |cond64_i_3_fu_2577_p3                   |    select|   0|  0|    2|           1|           1|
    |cond64_i_4_fu_3283_p3                   |    select|   0|  0|    2|           1|           1|
    |cond64_i_5_fu_3989_p3                   |    select|   0|  0|    2|           1|           1|
    |cond64_i_6_fu_4704_p3                   |    select|   0|  0|    2|           1|           1|
    |cond64_i_7_fu_5443_p3                   |    select|   0|  0|    2|           1|           1|
    |cond64_i_fu_426_p3                      |    select|   0|  0|    2|           1|           1|
    |ctype_1_fu_1621_p3                      |    select|   0|  0|    8|           1|           1|
    |ctype_2_fu_2352_p3                      |    select|   0|  0|    8|           1|           1|
    |ctype_3_fu_3058_p3                      |    select|   0|  0|    8|           1|           1|
    |ctype_4_fu_3764_p3                      |    select|   0|  0|    8|           1|           1|
    |ctype_5_fu_4476_p3                      |    select|   0|  0|    8|           1|           1|
    |ctype_6_fu_5218_p3                      |    select|   0|  0|    8|           1|           1|
    |ctype_fu_907_p3                         |    select|   0|  0|    8|           1|           1|
    |ref_tmp_i_i_3_7_fu_5919_p3              |    select|   0|  0|    8|           1|           1|
    |select_ln21_10_fu_1465_p3               |    select|   0|  0|    2|           1|           1|
    |select_ln21_11_fu_1613_p3               |    select|   0|  0|    8|           1|           8|
    |select_ln21_12_fu_1681_p3               |    select|   0|  0|   54|           1|          54|
    |select_ln21_13_fu_1737_p3               |    select|   0|  0|   11|           1|          11|
    |select_ln21_14_fu_1783_p3               |    select|   0|  0|    8|           1|           8|
    |select_ln21_15_fu_1823_p3               |    select|   0|  0|    8|           1|           8|
    |select_ln21_16_fu_2196_p3               |    select|   0|  0|    2|           1|           1|
    |select_ln21_17_fu_2344_p3               |    select|   0|  0|    8|           1|           8|
    |select_ln21_18_fu_2409_p3               |    select|   0|  0|   54|           1|          54|
    |select_ln21_19_fu_2465_p3               |    select|   0|  0|   11|           1|          11|
    |select_ln21_1_fu_314_p3                 |    select|   0|  0|   11|           1|          11|
    |select_ln21_20_fu_2511_p3               |    select|   0|  0|    8|           1|           8|
    |select_ln21_21_fu_2551_p3               |    select|   0|  0|    8|           1|           8|
    |select_ln21_22_fu_2902_p3               |    select|   0|  0|    2|           1|           1|
    |select_ln21_23_fu_3050_p3               |    select|   0|  0|    8|           1|           8|
    |select_ln21_24_fu_3115_p3               |    select|   0|  0|   54|           1|          54|
    |select_ln21_25_fu_3171_p3               |    select|   0|  0|   11|           1|          11|
    |select_ln21_26_fu_3217_p3               |    select|   0|  0|    8|           1|           8|
    |select_ln21_27_fu_3257_p3               |    select|   0|  0|    8|           1|           8|
    |select_ln21_28_fu_3608_p3               |    select|   0|  0|    2|           1|           1|
    |select_ln21_29_fu_3756_p3               |    select|   0|  0|    8|           1|           8|
    |select_ln21_2_fu_360_p3                 |    select|   0|  0|    8|           1|           8|
    |select_ln21_30_fu_3821_p3               |    select|   0|  0|   54|           1|          54|
    |select_ln21_31_fu_3877_p3               |    select|   0|  0|   11|           1|          11|
    |select_ln21_32_fu_3923_p3               |    select|   0|  0|    8|           1|           8|
    |select_ln21_33_fu_3963_p3               |    select|   0|  0|    8|           1|           8|
    |select_ln21_34_fu_4320_p3               |    select|   0|  0|    2|           1|           1|
    |select_ln21_35_fu_4468_p3               |    select|   0|  0|    8|           1|           8|
    |select_ln21_36_fu_4536_p3               |    select|   0|  0|   54|           1|          54|
    |select_ln21_37_fu_4592_p3               |    select|   0|  0|   11|           1|          11|
    |select_ln21_38_fu_4638_p3               |    select|   0|  0|    8|           1|           8|
    |select_ln21_39_fu_4678_p3               |    select|   0|  0|    8|           1|           8|
    |select_ln21_3_fu_400_p3                 |    select|   0|  0|    8|           1|           8|
    |select_ln21_40_fu_5062_p3               |    select|   0|  0|    2|           1|           1|
    |select_ln21_41_fu_5210_p3               |    select|   0|  0|    8|           1|           8|
    |select_ln21_42_fu_5275_p3               |    select|   0|  0|   54|           1|          54|
    |select_ln21_43_fu_5331_p3               |    select|   0|  0|   11|           1|          11|
    |select_ln21_44_fu_5377_p3               |    select|   0|  0|    8|           1|           8|
    |select_ln21_45_fu_5417_p3               |    select|   0|  0|    8|           1|           8|
    |select_ln21_46_fu_5763_p3               |    select|   0|  0|    2|           1|           1|
    |select_ln21_47_fu_5911_p3               |    select|   0|  0|    8|           1|           8|
    |select_ln21_48_fu_338_p3                |    select|   0|  0|    2|           1|           2|
    |select_ln21_49_fu_891_p3                |    select|   0|  0|    2|           1|           2|
    |select_ln21_4_fu_751_p3                 |    select|   0|  0|    2|           1|           1|
    |select_ln21_50_fu_1044_p3               |    select|   0|  0|    2|           1|           2|
    |select_ln21_51_fu_1605_p3               |    select|   0|  0|    2|           1|           2|
    |select_ln21_52_fu_1761_p3               |    select|   0|  0|    2|           1|           2|
    |select_ln21_53_fu_2336_p3               |    select|   0|  0|    2|           1|           2|
    |select_ln21_54_fu_2489_p3               |    select|   0|  0|    2|           1|           2|
    |select_ln21_55_fu_3042_p3               |    select|   0|  0|    2|           1|           2|
    |select_ln21_56_fu_3195_p3               |    select|   0|  0|    2|           1|           2|
    |select_ln21_57_fu_3748_p3               |    select|   0|  0|    2|           1|           2|
    |select_ln21_58_fu_3901_p3               |    select|   0|  0|    2|           1|           2|
    |select_ln21_59_fu_4460_p3               |    select|   0|  0|    2|           1|           2|
    |select_ln21_5_fu_899_p3                 |    select|   0|  0|    8|           1|           8|
    |select_ln21_60_fu_4616_p3               |    select|   0|  0|    2|           1|           2|
    |select_ln21_61_fu_5202_p3               |    select|   0|  0|    2|           1|           2|
    |select_ln21_62_fu_5355_p3               |    select|   0|  0|    2|           1|           2|
    |select_ln21_63_fu_5903_p3               |    select|   0|  0|    2|           1|           2|
    |select_ln21_6_fu_964_p3                 |    select|   0|  0|   54|           1|          54|
    |select_ln21_7_fu_1020_p3                |    select|   0|  0|   11|           1|          11|
    |select_ln21_8_fu_1066_p3                |    select|   0|  0|    8|           1|           8|
    |select_ln21_9_fu_1106_p3                |    select|   0|  0|    8|           1|           8|
    |select_ln21_fu_258_p3                   |    select|   0|  0|   54|           1|          54|
    |shl_ln21_1_fu_1100_p2                   |       shl|   0|  0|   17|           8|           8|
    |shl_ln21_2_fu_1817_p2                   |       shl|   0|  0|   17|           8|           8|
    |shl_ln21_3_fu_2545_p2                   |       shl|   0|  0|   17|           8|           8|
    |shl_ln21_4_fu_3251_p2                   |       shl|   0|  0|   17|           8|           8|
    |shl_ln21_5_fu_3957_p2                   |       shl|   0|  0|   17|           8|           8|
    |shl_ln21_6_fu_4672_p2                   |       shl|   0|  0|   17|           8|           8|
    |shl_ln21_7_fu_5411_p2                   |       shl|   0|  0|   17|           8|           8|
    |shl_ln21_fu_394_p2                      |       shl|   0|  0|   17|           8|           8|
    |ap_enable_pp0                           |       xor|   0|  0|    2|           1|           2|
    |not_sel_tmp114_fu_2324_p2               |       xor|   0|  0|    2|           1|           2|
    |not_sel_tmp153_fu_3030_p2               |       xor|   0|  0|    2|           1|           2|
    |not_sel_tmp192_fu_3736_p2               |       xor|   0|  0|    2|           1|           2|
    |not_sel_tmp231_fu_4448_p2               |       xor|   0|  0|    2|           1|           2|
    |not_sel_tmp270_fu_5190_p2               |       xor|   0|  0|    2|           1|           2|
    |not_sel_tmp309_fu_5891_p2               |       xor|   0|  0|    2|           1|           2|
    |not_sel_tmp36_fu_879_p2                 |       xor|   0|  0|    2|           1|           2|
    |not_sel_tmp75_fu_1593_p2                |       xor|   0|  0|    2|           1|           2|
    |xor_ln21_10_fu_769_p2                   |       xor|   0|  0|    2|           1|           2|
    |xor_ln21_11_fu_2208_p2                  |       xor|   0|  0|    2|           2|           1|
    |xor_ln21_12_fu_2611_p2                  |       xor|   0|  0|    2|           1|           2|
    |xor_ln21_13_fu_2826_p2                  |       xor|   0|  0|    2|           1|           2|
    |xor_ln21_14_fu_812_p2                   |       xor|   0|  0|    2|           1|           2|
    |xor_ln21_15_fu_2914_p2                  |       xor|   0|  0|    2|           2|           1|
    |xor_ln21_16_fu_3317_p2                  |       xor|   0|  0|    2|           1|           2|
    |xor_ln21_17_fu_3532_p2                  |       xor|   0|  0|    2|           1|           2|
    |xor_ln21_18_fu_824_p2                   |       xor|   0|  0|    2|           1|           2|
    |xor_ln21_19_fu_3620_p2                  |       xor|   0|  0|    2|           2|           1|
    |xor_ln21_1_fu_675_p2                    |       xor|   0|  0|    2|           1|           2|
    |xor_ln21_20_fu_4023_p2                  |       xor|   0|  0|    2|           1|           2|
    |xor_ln21_21_fu_4244_p2                  |       xor|   0|  0|    2|           1|           2|
    |xor_ln21_22_fu_1172_p2                  |       xor|   0|  0|    2|           1|           2|
    |xor_ln21_23_fu_4332_p2                  |       xor|   0|  0|    2|           2|           1|
    |xor_ln21_24_fu_4738_p2                  |       xor|   0|  0|    2|           1|           2|
    |xor_ln21_25_fu_4986_p2                  |       xor|   0|  0|    2|           1|           2|
    |xor_ln21_27_fu_5074_p2                  |       xor|   0|  0|    2|           2|           1|
    |xor_ln21_28_fu_5477_p2                  |       xor|   0|  0|    2|           1|           2|
    |xor_ln21_29_fu_5687_p2                  |       xor|   0|  0|    2|           1|           2|
    |xor_ln21_2_fu_466_p2                    |       xor|   0|  0|    2|           1|           2|
    |xor_ln21_30_fu_1483_p2                  |       xor|   0|  0|    2|           1|           2|
    |xor_ln21_31_fu_5775_p2                  |       xor|   0|  0|    2|           2|           1|
    |xor_ln21_32_fu_1526_p2                  |       xor|   0|  0|    2|           1|           2|
    |xor_ln21_33_fu_1538_p2                  |       xor|   0|  0|    2|           1|           2|
    |xor_ln21_34_fu_1889_p2                  |       xor|   0|  0|    2|           1|           2|
    |xor_ln21_36_fu_2214_p2                  |       xor|   0|  0|    2|           1|           2|
    |xor_ln21_37_fu_2257_p2                  |       xor|   0|  0|    2|           1|           2|
    |xor_ln21_38_fu_2269_p2                  |       xor|   0|  0|    2|           1|           2|
    |xor_ln21_39_fu_2617_p2                  |       xor|   0|  0|    2|           1|           2|
    |xor_ln21_3_fu_763_p2                    |       xor|   0|  0|    2|           2|           1|
    |xor_ln21_41_fu_2920_p2                  |       xor|   0|  0|    2|           1|           2|
    |xor_ln21_42_fu_2963_p2                  |       xor|   0|  0|    2|           1|           2|
    |xor_ln21_43_fu_2975_p2                  |       xor|   0|  0|    2|           1|           2|
    |xor_ln21_44_fu_3323_p2                  |       xor|   0|  0|    2|           1|           2|
    |xor_ln21_46_fu_3626_p2                  |       xor|   0|  0|    2|           1|           2|
    |xor_ln21_47_fu_3669_p2                  |       xor|   0|  0|    2|           1|           2|
    |xor_ln21_48_fu_3681_p2                  |       xor|   0|  0|    2|           1|           2|
    |xor_ln21_49_fu_4029_p2                  |       xor|   0|  0|    2|           1|           2|
    |xor_ln21_4_fu_1166_p2                   |       xor|   0|  0|    2|           1|           2|
    |xor_ln21_51_fu_4338_p2                  |       xor|   0|  0|    2|           1|           2|
    |xor_ln21_52_fu_4381_p2                  |       xor|   0|  0|    2|           1|           2|
    |xor_ln21_53_fu_4393_p2                  |       xor|   0|  0|    2|           1|           2|
    |xor_ln21_54_fu_4744_p2                  |       xor|   0|  0|    2|           1|           2|
    |xor_ln21_56_fu_5080_p2                  |       xor|   0|  0|    2|           1|           2|
    |xor_ln21_57_fu_5123_p2                  |       xor|   0|  0|    2|           1|           2|
    |xor_ln21_58_fu_5135_p2                  |       xor|   0|  0|    2|           1|           2|
    |xor_ln21_59_fu_5483_p2                  |       xor|   0|  0|    2|           1|           2|
    |xor_ln21_5_fu_1405_p2                   |       xor|   0|  0|    2|           1|           2|
    |xor_ln21_61_fu_5781_p2                  |       xor|   0|  0|    2|           1|           2|
    |xor_ln21_62_fu_5824_p2                  |       xor|   0|  0|    2|           1|           2|
    |xor_ln21_63_fu_5836_p2                  |       xor|   0|  0|    2|           1|           2|
    |xor_ln21_64_fu_660_p2                   |       xor|   0|  0|    2|           1|           2|
    |xor_ln21_65_fu_586_p2                   |       xor|   0|  0|    2|           1|           2|
    |xor_ln21_66_fu_690_p2                   |       xor|   0|  0|    2|           1|           2|
    |xor_ln21_67_fu_1390_p2                  |       xor|   0|  0|    2|           1|           2|
    |xor_ln21_68_fu_1292_p2                  |       xor|   0|  0|    2|           1|           2|
    |xor_ln21_69_fu_1330_p2                  |       xor|   0|  0|    2|           1|           2|
    |xor_ln21_70_fu_2105_p2                  |       xor|   0|  0|    2|           1|           2|
    |xor_ln21_71_fu_2009_p2                  |       xor|   0|  0|    2|           1|           2|
    |xor_ln21_72_fu_2135_p2                  |       xor|   0|  0|    2|           1|           2|
    |xor_ln21_73_fu_2811_p2                  |       xor|   0|  0|    2|           1|           2|
    |xor_ln21_74_fu_2737_p2                  |       xor|   0|  0|    2|           1|           2|
    |xor_ln21_75_fu_2841_p2                  |       xor|   0|  0|    2|           1|           2|
    |xor_ln21_76_fu_3517_p2                  |       xor|   0|  0|    2|           1|           2|
    |xor_ln21_77_fu_3443_p2                  |       xor|   0|  0|    2|           1|           2|
    |xor_ln21_78_fu_3547_p2                  |       xor|   0|  0|    2|           1|           2|
    |xor_ln21_79_fu_4229_p2                  |       xor|   0|  0|    2|           1|           2|
    |xor_ln21_7_fu_1477_p2                   |       xor|   0|  0|    2|           2|           1|
    |xor_ln21_80_fu_4149_p2                  |       xor|   0|  0|    2|           1|           2|
    |xor_ln21_81_fu_4259_p2                  |       xor|   0|  0|    2|           1|           2|
    |xor_ln21_82_fu_4971_p2                  |       xor|   0|  0|    2|           1|           2|
    |xor_ln21_83_fu_4864_p2                  |       xor|   0|  0|    2|           1|           2|
    |xor_ln21_84_fu_5001_p2                  |       xor|   0|  0|    2|           1|           2|
    |xor_ln21_85_fu_5672_p2                  |       xor|   0|  0|    2|           1|           2|
    |xor_ln21_86_fu_5603_p2                  |       xor|   0|  0|    2|           1|           2|
    |xor_ln21_87_fu_5702_p2                  |       xor|   0|  0|    2|           1|           2|
    |xor_ln21_8_fu_1883_p2                   |       xor|   0|  0|    2|           1|           2|
    |xor_ln21_9_fu_2120_p2                   |       xor|   0|  0|    2|           1|           2|
    |xor_ln21_fu_460_p2                      |       xor|   0|  0|    2|           1|           2|
    +----------------------------------------+----------+----+---+-----+------------+------------+
    |Total                                   |          |   0|  0| 9628|        4573|        4100|
    +----------------------------------------+----------+----+---+-----+------------+------------+

    * Multiplexer: 
    +-------------------------+----+-----------+-----+-----------+
    |           Name          | LUT| Input Size| Bits| Total Bits|
    +-------------------------+----+-----------+-----+-----------+
    |ap_NS_fsm                |  48|          9|    1|          9|
    |ap_done_int              |   9|          2|    1|          2|
    |ap_enable_reg_pp0_iter0  |   9|          2|    1|          2|
    |ap_enable_reg_pp0_iter1  |   9|          2|    1|          2|
    |ap_sig_allocacmp_i_1     |   9|          2|    4|          8|
    |grp_fu_171_p0            |  48|          9|   32|        288|
    |i_fu_132                 |   9|          2|    4|          8|
    |in_local_blk_n           |   9|          2|    1|          2|
    |in_r_TDATA_blk_n         |   9|          2|    1|          2|
    |is_last_reg_158          |   9|          2|    1|          2|
    +-------------------------+----+-----------+-----+-----------+
    |Total                    | 168|         34|   47|        325|
    +-------------------------+----+-----------+-----+-----------+

    * Register: 
    +-------------------------------------------+---+----+-----+-----------+
    |                    Name                   | FF| LUT| Bits| Const Bits|
    +-------------------------------------------+---+----+-----+-----------+
    |add_ln21_12_reg_6195                       |  8|   0|    8|          0|
    |add_ln21_17_reg_6299                       |  8|   0|    8|          0|
    |add_ln21_22_reg_6403                       |  8|   0|    8|          0|
    |add_ln21_27_reg_6507                       |  8|   0|    8|          0|
    |add_ln21_2_reg_5989                        |  8|   0|    8|          0|
    |add_ln21_32_reg_6611                       |  8|   0|    8|          0|
    |add_ln21_37_reg_6715                       |  8|   0|    8|          0|
    |add_ln21_7_reg_6093                        |  8|   0|    8|          0|
    |and_ln21_12_reg_6236                       |  1|   0|    1|          0|
    |and_ln21_17_reg_6340                       |  1|   0|    1|          0|
    |and_ln21_22_reg_6444                       |  1|   0|    1|          0|
    |and_ln21_27_reg_6548                       |  1|   0|    1|          0|
    |and_ln21_2_reg_6030                        |  1|   0|    1|          0|
    |and_ln21_32_reg_6652                       |  1|   0|    1|          0|
    |and_ln21_37_reg_6756                       |  1|   0|    1|          0|
    |and_ln21_40_reg_5994                       |  1|   0|    1|          0|
    |and_ln21_48_reg_6098                       |  1|   0|    1|          0|
    |and_ln21_50_reg_6147                       |  1|   0|    1|          0|
    |and_ln21_56_reg_6200                       |  1|   0|    1|          0|
    |and_ln21_64_reg_6304                       |  1|   0|    1|          0|
    |and_ln21_72_reg_6408                       |  1|   0|    1|          0|
    |and_ln21_7_reg_6132                        |  1|   0|    1|          0|
    |and_ln21_80_reg_6512                       |  1|   0|    1|          0|
    |and_ln21_88_reg_6616                       |  1|   0|    1|          0|
    |and_ln21_96_reg_6720                       |  1|   0|    1|          0|
    |ap_CS_fsm                                  |  8|   0|    8|          0|
    |ap_block_pp0_stage0_subdone_grp0_done_reg  |  1|   0|    1|          0|
    |ap_block_pp0_stage1_subdone_grp0_done_reg  |  1|   0|    1|          0|
    |ap_block_pp0_stage2_subdone_grp0_done_reg  |  1|   0|    1|          0|
    |ap_block_pp0_stage2_subdone_grp2_done_reg  |  1|   0|    1|          0|
    |ap_block_pp0_stage2_subdone_grp9_done_reg  |  1|   0|    1|          0|
    |ap_block_pp0_stage3_subdone_grp0_done_reg  |  1|   0|    1|          0|
    |ap_block_pp0_stage4_subdone_grp0_done_reg  |  1|   0|    1|          0|
    |ap_block_pp0_stage5_subdone_grp0_done_reg  |  1|   0|    1|          0|
    |ap_block_pp0_stage6_subdone_grp0_done_reg  |  1|   0|    1|          0|
    |ap_block_pp0_stage7_subdone_grp0_done_reg  |  1|   0|    1|          0|
    |ap_done_reg                                |  1|   0|    1|          0|
    |ap_enable_reg_pp0_iter0_reg                |  1|   0|    1|          0|
    |ap_enable_reg_pp0_iter1                    |  1|   0|    1|          0|
    |carry_1_i_1_reg_6103                       |  1|   0|    1|          0|
    |carry_1_i_2_reg_6205                       |  1|   0|    1|          0|
    |carry_1_i_3_reg_6309                       |  1|   0|    1|          0|
    |carry_1_i_4_reg_6413                       |  1|   0|    1|          0|
    |carry_1_i_5_reg_6517                       |  1|   0|    1|          0|
    |carry_1_i_6_reg_6621                       |  1|   0|    1|          0|
    |carry_1_i_7_reg_6725                       |  1|   0|    1|          0|
    |carry_1_i_reg_5999                         |  1|   0|    1|          0|
    |ctype_1_reg_6162                           |  8|   0|    8|          0|
    |ctype_2_reg_6266                           |  8|   0|    8|          0|
    |ctype_3_reg_6370                           |  8|   0|    8|          0|
    |ctype_4_reg_6474                           |  8|   0|    8|          0|
    |ctype_5_reg_6578                           |  8|   0|    8|          0|
    |ctype_6_reg_6682                           |  8|   0|    8|          0|
    |ctype_reg_6060                             |  8|   0|    8|          0|
    |empty_47_reg_6050_1                        |  1|   0|    1|          0|
    |empty_48_reg_6152_1                        |  1|   0|    1|          0|
    |empty_50_reg_6360_1                        |  1|   0|    1|          0|
    |empty_51_reg_6464_1                        |  1|   0|    1|          0|
    |empty_52_reg_6568_1                        |  1|   0|    1|          0|
    |empty_reg_5951_1                           |  1|   0|    1|          0|
    |i_fu_132                                   |  4|   0|    4|          0|
    |icmp_ln16_reg_5947                         |  1|   0|    1|          0|
    |icmp_ln16_reg_5947_pp0_iter1_reg           |  1|   0|    1|          0|
    |icmp_ln21_100_reg_6700                     |  1|   0|    1|          0|
    |icmp_ln21_104_reg_6731                     |  1|   0|    1|          0|
    |icmp_ln21_106_reg_6750                     |  1|   0|    1|          0|
    |icmp_ln21_109_reg_6761                     |  1|   0|    1|          0|
    |icmp_ln21_110_reg_6766                     |  1|   0|    1|          0|
    |icmp_ln21_111_reg_6771                     |  1|   0|    1|          0|
    |icmp_ln21_11_reg_6035                      |  1|   0|    1|          0|
    |icmp_ln21_12_reg_6040                      |  1|   0|    1|          0|
    |icmp_ln21_13_reg_6045                      |  1|   0|    1|          0|
    |icmp_ln21_14_reg_6073                      |  1|   0|    1|          0|
    |icmp_ln21_16_reg_6078                      |  1|   0|    1|          0|
    |icmp_ln21_20_reg_6109                      |  1|   0|    1|          0|
    |icmp_ln21_22_reg_6127                      |  1|   0|    1|          0|
    |icmp_ln21_25_reg_6137                      |  1|   0|    1|          0|
    |icmp_ln21_27_reg_6142                      |  1|   0|    1|          0|
    |icmp_ln21_28_reg_6175                      |  1|   0|    1|          0|
    |icmp_ln21_2_reg_5974                       |  1|   0|    1|          0|
    |icmp_ln21_30_reg_6180                      |  1|   0|    1|          0|
    |icmp_ln21_34_reg_6211                      |  1|   0|    1|          0|
    |icmp_ln21_36_reg_6230                      |  1|   0|    1|          0|
    |icmp_ln21_39_reg_6241                      |  1|   0|    1|          0|
    |icmp_ln21_40_reg_6246                      |  1|   0|    1|          0|
    |icmp_ln21_41_reg_6251                      |  1|   0|    1|          0|
    |icmp_ln21_42_reg_6279                      |  1|   0|    1|          0|
    |icmp_ln21_44_reg_6284                      |  1|   0|    1|          0|
    |icmp_ln21_48_reg_6315                      |  1|   0|    1|          0|
    |icmp_ln21_50_reg_6334                      |  1|   0|    1|          0|
    |icmp_ln21_53_reg_6345                      |  1|   0|    1|          0|
    |icmp_ln21_54_reg_6350                      |  1|   0|    1|          0|
    |icmp_ln21_55_reg_6355                      |  1|   0|    1|          0|
    |icmp_ln21_56_reg_6383                      |  1|   0|    1|          0|
    |icmp_ln21_58_reg_6388                      |  1|   0|    1|          0|
    |icmp_ln21_62_reg_6419                      |  1|   0|    1|          0|
    |icmp_ln21_64_reg_6438                      |  1|   0|    1|          0|
    |icmp_ln21_67_reg_6449                      |  1|   0|    1|          0|
    |icmp_ln21_68_reg_6454                      |  1|   0|    1|          0|
    |icmp_ln21_69_reg_6459                      |  1|   0|    1|          0|
    |icmp_ln21_6_reg_6005                       |  1|   0|    1|          0|
    |icmp_ln21_70_reg_6487                      |  1|   0|    1|          0|
    |icmp_ln21_72_reg_6492                      |  1|   0|    1|          0|
    |icmp_ln21_76_reg_6523                      |  1|   0|    1|          0|
    |icmp_ln21_78_reg_6542                      |  1|   0|    1|          0|
    |icmp_ln21_81_reg_6553                      |  1|   0|    1|          0|
    |icmp_ln21_82_reg_6558                      |  1|   0|    1|          0|
    |icmp_ln21_83_reg_6563                      |  1|   0|    1|          0|
    |icmp_ln21_84_reg_6591                      |  1|   0|    1|          0|
    |icmp_ln21_86_reg_6596                      |  1|   0|    1|          0|
    |icmp_ln21_8_reg_6024                       |  1|   0|    1|          0|
    |icmp_ln21_90_reg_6627                      |  1|   0|    1|          0|
    |icmp_ln21_92_reg_6646                      |  1|   0|    1|          0|
    |icmp_ln21_95_reg_6657                      |  1|   0|    1|          0|
    |icmp_ln21_96_reg_6662                      |  1|   0|    1|          0|
    |icmp_ln21_97_reg_6667                      |  1|   0|    1|          0|
    |icmp_ln21_98_reg_6695                      |  1|   0|    1|          0|
    |icmp_ln21_reg_5969                         |  1|   0|    1|          0|
    |is_last_1_reg_6677                         |  1|   0|    1|          0|
    |is_last_reg_158                            |  1|   0|    1|          0|
    |lD_0_i_1_reg_6121                          |  1|   0|    1|          0|
    |lD_0_i_2_reg_6224                          |  1|   0|    1|          0|
    |lD_0_i_3_reg_6328                          |  1|   0|    1|          0|
    |lD_0_i_4_reg_6432                          |  1|   0|    1|          0|
    |lD_0_i_5_reg_6536                          |  1|   0|    1|          0|
    |lD_0_i_6_reg_6640                          |  1|   0|    1|          0|
    |lD_0_i_7_reg_6744                          |  1|   0|    1|          0|
    |lD_0_i_reg_6018                            |  1|   0|    1|          0|
    |or_ln22_2_reg_6261                         |  1|   0|    1|          0|
    |select_ln21_15_reg_6190                    |  8|   0|    8|          0|
    |select_ln21_21_reg_6294                    |  8|   0|    8|          0|
    |select_ln21_27_reg_6398                    |  8|   0|    8|          0|
    |select_ln21_33_reg_6502                    |  8|   0|    8|          0|
    |select_ln21_39_reg_6606                    |  8|   0|    8|          0|
    |select_ln21_3_reg_5984                     |  8|   0|    8|          0|
    |select_ln21_45_reg_6710                    |  8|   0|    8|          0|
    |select_ln21_9_reg_6088                     |  8|   0|    8|          0|
    |tmp_11_reg_6012                            |  1|   0|    1|          0|
    |tmp_14_reg_6065                            |  1|   0|    1|          0|
    |tmp_22_reg_6116                            |  1|   0|    1|          0|
    |tmp_24_reg_6167                            |  1|   0|    1|          0|
    |tmp_32_reg_6218                            |  1|   0|    1|          0|
    |tmp_35_reg_6271                            |  1|   0|    1|          0|
    |tmp_43_reg_6322                            |  1|   0|    1|          0|
    |tmp_45_reg_6375                            |  1|   0|    1|          0|
    |tmp_53_reg_6426                            |  1|   0|    1|          0|
    |tmp_56_reg_6479                            |  1|   0|    1|          0|
    |tmp_63_reg_6530                            |  1|   0|    1|          0|
    |tmp_65_reg_6583                            |  1|   0|    1|          0|
    |tmp_72_reg_6634                            |  1|   0|    1|          0|
    |tmp_74_reg_6687                            |  1|   0|    1|          0|
    |tmp_81_reg_6738                            |  1|   0|    1|          0|
    |tmp_reg_5961                               |  1|   0|    1|          0|
    |trunc_ln21_12_reg_6083                     |  8|   0|    8|          0|
    |trunc_ln21_20_reg_6185                     |  8|   0|    8|          0|
    |trunc_ln21_28_reg_6289                     |  8|   0|    8|          0|
    |trunc_ln21_36_reg_6393                     |  8|   0|    8|          0|
    |trunc_ln21_44_reg_6497                     |  8|   0|    8|          0|
    |trunc_ln21_4_reg_5979                      |  8|   0|    8|          0|
    |trunc_ln21_52_reg_6601                     |  8|   0|    8|          0|
    |trunc_ln21_60_reg_6705                     |  8|   0|    8|          0|
    +-------------------------------------------+---+----+-----+-----------+
    |Total                                      |388|   0|  388|          0|
    +-------------------------------------------+---+----+-----+-----------+



================================================================
== Interface
================================================================
* Summary: 
+--------------------+-----+-----+------------+--------------------------------------------+--------------+
|      RTL Ports     | Dir | Bits|  Protocol  |                Source Object               |    C Type    |
+--------------------+-----+-----+------------+--------------------------------------------+--------------+
|ap_clk              |   in|    1|  ap_ctrl_hs|  wedrowiec_hls_axi_Pipeline_VITIS_LOOP_16_1|  return value|
|ap_rst              |   in|    1|  ap_ctrl_hs|  wedrowiec_hls_axi_Pipeline_VITIS_LOOP_16_1|  return value|
|ap_start            |   in|    1|  ap_ctrl_hs|  wedrowiec_hls_axi_Pipeline_VITIS_LOOP_16_1|  return value|
|ap_done             |  out|    1|  ap_ctrl_hs|  wedrowiec_hls_axi_Pipeline_VITIS_LOOP_16_1|  return value|
|ap_idle             |  out|    1|  ap_ctrl_hs|  wedrowiec_hls_axi_Pipeline_VITIS_LOOP_16_1|  return value|
|ap_ready            |  out|    1|  ap_ctrl_hs|  wedrowiec_hls_axi_Pipeline_VITIS_LOOP_16_1|  return value|
|in_r_TVALID         |   in|    1|        axis|                               in_r_V_data_V|       pointer|
|in_r_TDATA          |   in|   32|        axis|                               in_r_V_data_V|       pointer|
|in_local_din        |  out|   64|     ap_fifo|                                    in_local|       pointer|
|in_local_full_n     |   in|    1|     ap_fifo|                                    in_local|       pointer|
|in_local_write      |  out|    1|     ap_fifo|                                    in_local|       pointer|
|in_r_TREADY         |  out|    1|        axis|                               in_r_V_last_V|       pointer|
|in_r_TLAST          |   in|    1|        axis|                               in_r_V_last_V|       pointer|
|is_last_out         |  out|    1|      ap_vld|                                 is_last_out|       pointer|
|is_last_out_ap_vld  |  out|    1|      ap_vld|                                 is_last_out|       pointer|
+--------------------+-----+-----+------------+--------------------------------------------+--------------+

