

================================================================
== Vitis HLS Report for 'wedrowiec_hls_axi_Pipeline_VITIS_LOOP_31_4'
================================================================
* Date:           Fri May 15 14:04:34 2026

* Version:        2024.2 (Build 5238294 on Nov  8 2024)
* Project:        wedrowiec_hls_prj
* Solution:       solution1 (Vivado IP Flow Target)
* Product family: zynq
* Target device:  xc7z020-clg400-1


================================================================
== Performance Estimates
================================================================
+ Timing: 
    * Summary: 
    +--------+----------+-----------+------------+
    |  Clock |  Target  | Estimated | Uncertainty|
    +--------+----------+-----------+------------+
    |ap_clk  |  20.00 ns|  16.947 ns|     2.50 ns|
    +--------+----------+-----------+------------+

+ Latency: 
    * Summary: 
    +---------+---------+----------+----------+-----+-----+------------------------------------------------+
    |  Latency (cycles) |  Latency (absolute) |  Interval |                    Pipeline                    |
    |   min   |   max   |    min   |    max   | min | max |                      Type                      |
    +---------+---------+----------+----------+-----+-----+------------------------------------------------+
    |        7|        7|  0.140 us|  0.140 us|    5|    5|  loop auto-rewind stp (delay=0 clock cycles(s))|
    +---------+---------+----------+----------+-----+-----+------------------------------------------------+

    + Detail: 
        * Instance: 
        N/A

        * Loop: 
        +-------------------+---------+---------+----------+-----------+-----------+------+----------+
        |                   |  Latency (cycles) | Iteration|  Initiation Interval  | Trip |          |
        |     Loop Name     |   min   |   max   |  Latency |  achieved |   target  | Count| Pipelined|
        +-------------------+---------+---------+----------+-----------+-----------+------+----------+
        |- VITIS_LOOP_31_4  |        5|        5|         3|          1|          1|     4|       yes|
        +-------------------+---------+---------+----------+-----------+-----------+------+----------+



================================================================
== Utilization Estimates
================================================================
* Summary: 
+-----------------+---------+-----+--------+-------+-----+
|       Name      | BRAM_18K| DSP |   FF   |  LUT  | URAM|
+-----------------+---------+-----+--------+-------+-----+
|DSP              |        -|    -|       -|      -|    -|
|Expression       |        -|    -|       0|    696|    -|
|FIFO             |        -|    -|       -|      -|    -|
|Instance         |        -|    -|       0|     42|    -|
|Memory           |        -|    -|       -|      -|    -|
|Multiplexer      |        -|    -|       0|     45|    -|
|Register         |        -|    -|      37|      -|    -|
+-----------------+---------+-----+--------+-------+-----+
|Total            |        0|    0|      37|    783|    0|
+-----------------+---------+-----+--------+-------+-----+
|Available        |      280|  220|  106400|  53200|    0|
+-----------------+---------+-----+--------+-------+-----+
|Utilization (%)  |        0|    0|      ~0|      1|    0|
+-----------------+---------+-----+--------+-------+-----+

+ Detail: 
    * Instance: 
    +-----------------------------------+------------------------------+---------+----+---+----+-----+
    |              Instance             |            Module            | BRAM_18K| DSP| FF| LUT| URAM|
    +-----------------------------------+------------------------------+---------+----+---+----+-----+
    |bitselect_1ns_25ns_32s_1_1_1_U335  |bitselect_1ns_25ns_32s_1_1_1  |        0|   0|  0|   9|    0|
    |ctlz_25_25_1_1_U334                |ctlz_25_25_1_1                |        0|   0|  0|  33|    0|
    +-----------------------------------+------------------------------+---------+----+---+----+-----+
    |Total                              |                              |        0|   0|  0|  42|    0|
    +-----------------------------------+------------------------------+---------+----+---+----+-----+

    * DSP: 
    N/A

    * Memory: 
    N/A

    * FIFO: 
    N/A

    * Expression: 
    +--------------------------------+----------+----+---+-----+------------+------------+
    |          Variable Name         | Operation| DSP| FF| LUT | Bitwidth P0| Bitwidth P1|
    +--------------------------------+----------+----+---+-----+------------+------------+
    |add_ln31_fu_145_p2              |         +|   0|  0|   11|           3|           1|
    |add_ln33_1_fu_271_p2            |         +|   0|  0|   14|           6|           6|
    |add_ln33_2_fu_317_p2            |         +|   0|  0|   56|          49|          49|
    |add_ln33_3_fu_363_p2            |         +|   0|  0|   15|           8|           8|
    |add_ln33_fu_222_p2              |         +|   0|  0|   14|           6|           6|
    |sub_ln33_1_fu_212_p2            |         -|   0|  0|   13|           4|           5|
    |sub_ln33_2_fu_353_p2            |         -|   0|  0|   13|           4|           5|
    |sub_ln33_fu_187_p2              |         -|   0|  0|   32|           1|          25|
    |pi_assign_fu_376_p5             |      1003|   0|  0|    2|          64|           9|
    |ap_block_pp0_stage0_01001_grp1  |       and|   0|  0|    2|           1|           1|
    |last_fu_162_p2                  |       and|   0|  0|    2|           1|           1|
    |phi_ln33_fu_253_p2              |       and|   0|  0|    2|           1|           1|
    |icmp_ln31_fu_139_p2             |      icmp|   0|  0|   13|           3|           4|
    |icmp_ln32_fu_156_p2             |      icmp|   0|  0|   11|           3|           2|
    |icmp_ln33_1_fu_265_p2           |      icmp|   0|  0|   14|           6|           1|
    |icmp_ln33_fu_173_p2             |      icmp|   0|  0|   32|          25|           1|
    |lshr_ln33_fu_285_p2             |      lshr|   0|  0|  182|          64|          64|
    |cond50_i_i_fu_305_p3            |    select|   0|  0|   49|           1|          49|
    |out_r_TDATA                     |    select|   0|  0|   32|           1|           1|
    |select_ln33_1_fu_345_p3         |    select|   0|  0|    7|           1|           7|
    |select_ln33_fu_193_p3           |    select|   0|  0|   25|           1|          25|
    |shl_ln33_fu_299_p2              |       shl|   0|  0|  151|          49|          49|
    |ap_enable_pp0                   |       xor|   0|  0|    2|           1|           2|
    |xor_ln33_fu_240_p2              |       xor|   0|  0|    2|           1|           2|
    +--------------------------------+----------+----+---+-----+------------+------------+
    |Total                           |          |   0|  0|  696|         304|         324|
    +--------------------------------+----------+----+---+-----+------------+------------+

    * Multiplexer: 
    +-------------------------+----+-----------+-----+-----------+
    |           Name          | LUT| Input Size| Bits| Total Bits|
    +-------------------------+----+-----------+-----+-----------+
    |ap_done_int              |   9|          2|    1|          2|
    |ap_enable_reg_pp0_iter1  |   9|          2|    1|          2|
    |ap_sig_allocacmp_j_1     |   9|          2|    3|          6|
    |j_fu_98                  |   9|          2|    3|          6|
    |out_r_TDATA_blk_n        |   9|          2|    1|          2|
    +-------------------------+----+-----------+-----+-----------+
    |Total                    |  45|         10|    9|         18|
    +-------------------------+----+-----------+-----+-----------+

    * Register: 
    +----------------------------------+----+----+-----+-----------+
    |               Name               | FF | LUT| Bits| Const Bits|
    +----------------------------------+----+----+-----+-----------+
    |ap_CS_fsm                         |   1|   0|    1|          0|
    |ap_done_reg                       |   1|   0|    1|          0|
    |ap_enable_reg_pp0_iter1           |   1|   0|    1|          0|
    |ap_enable_reg_pp0_iter2           |   1|   0|    1|          0|
    |ap_loop_exit_ready_pp0_iter1_reg  |   1|   0|    1|          0|
    |icmp_ln33_reg_421                 |   1|   0|    1|          0|
    |j_fu_98                           |   3|   0|    3|          0|
    |last_reg_411                      |   1|   0|    1|          0|
    |last_reg_411_pp0_iter1_reg        |   1|   0|    1|          0|
    |select_ln33_reg_431               |  25|   0|   25|          0|
    |tmp_reg_426                       |   1|   0|    1|          0|
    +----------------------------------+----+----+-----+-----------+
    |Total                             |  37|   0|   37|          0|
    +----------------------------------+----+----+-----+-----------+



================================================================
== Interface
================================================================
* Summary: 
+----------------+-----+-----+------------+--------------------------------------------+--------------+
|    RTL Ports   | Dir | Bits|  Protocol  |                Source Object               |    C Type    |
+----------------+-----+-----+------------+--------------------------------------------+--------------+
|ap_clk          |   in|    1|  ap_ctrl_hs|  wedrowiec_hls_axi_Pipeline_VITIS_LOOP_31_4|  return value|
|ap_rst          |   in|    1|  ap_ctrl_hs|  wedrowiec_hls_axi_Pipeline_VITIS_LOOP_31_4|  return value|
|ap_start        |   in|    1|  ap_ctrl_hs|  wedrowiec_hls_axi_Pipeline_VITIS_LOOP_31_4|  return value|
|ap_done         |  out|    1|  ap_ctrl_hs|  wedrowiec_hls_axi_Pipeline_VITIS_LOOP_31_4|  return value|
|ap_idle         |  out|    1|  ap_ctrl_hs|  wedrowiec_hls_axi_Pipeline_VITIS_LOOP_31_4|  return value|
|ap_ready        |  out|    1|  ap_ctrl_hs|  wedrowiec_hls_axi_Pipeline_VITIS_LOOP_31_4|  return value|
|out_r_TREADY    |   in|    1|        axis|                              out_r_V_data_V|       pointer|
|out_r_TDATA     |  out|   32|        axis|                              out_r_V_data_V|       pointer|
|is_last_reload  |   in|    1|     ap_none|                              is_last_reload|        scalar|
|ctype_address0  |  out|    2|   ap_memory|                                       ctype|         array|
|ctype_ce0       |  out|    1|   ap_memory|                                       ctype|         array|
|ctype_q0        |   in|   25|   ap_memory|                                       ctype|         array|
|out_r_TVALID    |  out|    1|        axis|                              out_r_V_last_V|       pointer|
|out_r_TLAST     |  out|    1|        axis|                              out_r_V_last_V|       pointer|
+----------------+-----+-----+------------+--------------------------------------------+--------------+

