

================================================================
== Vitis HLS Report for 'wedrowiec_hls_axi'
================================================================
* Date:           Fri May 15 14:04:35 2026

* Version:        2024.2 (Build 5238294 on Nov  8 2024)
* Project:        wedrowiec_hls_prj
* Solution:       solution1 (Vivado IP Flow Target)
* Product family: zynq
* Target device:  xc7z020-clg400-1


================================================================
== Performance Estimates
================================================================
+ Timing: 
    * Summary: 
    +--------+----------+-----------+------------+
    |  Clock |  Target  | Estimated | Uncertainty|
    +--------+----------+-----------+------------+
    |ap_clk  |  20.00 ns|  17.488 ns|     2.50 ns|
    +--------+----------+-----------+------------+

+ Latency: 
    * Summary: 
    +---------+---------+-----------+-----------+------+------+---------+
    |  Latency (cycles) |   Latency (absolute)  |   Interval  | Pipeline|
    |   min   |   max   |    min    |    max    |  min |  max |   Type  |
    +---------+---------+-----------+-----------+------+------+---------+
    |     2151|     2152|  43.020 us|  43.040 us|  2152|  2153|       no|
    +---------+---------+-----------+-----------+------+------+---------+

    + Detail: 
        * Instance: 
        +-------------------------------------------------------+--------------------------------------------+---------+---------+-----------+-----------+------+------+------------------------------------------------+
        |                                                       |                                            |  Latency (cycles) |   Latency (absolute)  |   Interval  |                    Pipeline                    |
        |                        Instance                       |                   Module                   |   min   |   max   |    min    |    max    |  min |  max |                      Type                      |
        +-------------------------------------------------------+--------------------------------------------+---------+---------+-----------+-----------+------+------+------------------------------------------------+
        |grp_wedrowiec_hls_axi_Pipeline_VITIS_LOOP_16_1_fu_158  |wedrowiec_hls_axi_Pipeline_VITIS_LOOP_16_1  |       73|       73|   1.460 us|   1.460 us|    72|    72|  loop auto-rewind stp (delay=0 clock cycles(s))|
        |grp_wedrowiec_hls_fu_168                               |wedrowiec_hls                               |     2062|     2063|  41.240 us|  41.260 us|  2063|  2064|                                        dataflow|
        |grp_wedrowiec_hls_axi_Pipeline_VITIS_LOOP_31_4_fu_190  |wedrowiec_hls_axi_Pipeline_VITIS_LOOP_31_4  |        7|        7|   0.140 us|   0.140 us|     5|     5|  loop auto-rewind stp (delay=0 clock cycles(s))|
        +-------------------------------------------------------+--------------------------------------------+---------+---------+-----------+-----------+------+------+------------------------------------------------+

        * Loop: 
        N/A



================================================================
== Utilization Estimates
================================================================
* Summary: 
+-----------------+---------+-----+--------+-------+-----+
|       Name      | BRAM_18K| DSP |   FF   |  LUT  | URAM|
+-----------------+---------+-----+--------+-------+-----+
|DSP              |        -|    -|       -|      -|    -|
|Expression       |        -|    -|       0|      4|    -|
|FIFO             |        -|    -|     198|    135|    -|
|Instance         |        7|    4|   11666|  29008|    -|
|Memory           |        0|    -|      50|      2|    0|
|Multiplexer      |        -|    -|       0|    187|    -|
|Register         |        -|    -|      98|      -|    -|
+-----------------+---------+-----+--------+-------+-----+
|Total            |        7|    4|   12012|  29336|    0|
+-----------------+---------+-----+--------+-------+-----+
|Available        |      280|  220|  106400|  53200|    0|
+-----------------+---------+-----+--------+-------+-----+
|Utilization (%)  |        2|    1|      11|     55|    0|
+-----------------+---------+-----+--------+-------+-----+

+ Detail: 
    * Instance: 
    +-------------------------------------------------------+--------------------------------------------+---------+----+-------+-------+-----+
    |                        Instance                       |                   Module                   | BRAM_18K| DSP|   FF  |  LUT  | URAM|
    +-------------------------------------------------------+--------------------------------------------+---------+----+-------+-------+-----+
    |grp_wedrowiec_hls_fu_168                               |wedrowiec_hls                               |        7|   4|  11241|  17797|    0|
    |grp_wedrowiec_hls_axi_Pipeline_VITIS_LOOP_16_1_fu_158  |wedrowiec_hls_axi_Pipeline_VITIS_LOOP_16_1  |        0|   0|    388|  10428|    0|
    |grp_wedrowiec_hls_axi_Pipeline_VITIS_LOOP_31_4_fu_190  |wedrowiec_hls_axi_Pipeline_VITIS_LOOP_31_4  |        0|   0|     37|    783|    0|
    +-------------------------------------------------------+--------------------------------------------+---------+----+-------+-------+-----+
    |Total                                                  |                                            |        7|   4|  11666|  29008|    0|
    +-------------------------------------------------------+--------------------------------------------+---------+----+-------+-------+-----+

    * DSP: 
    N/A

    * Memory: 
    +---------+---------------------+---------+----+----+-----+------+-----+------+-------------+
    |  Memory |        Module       | BRAM_18K| FF | LUT| URAM| Words| Bits| Banks| W*Bits*Banks|
    +---------+---------------------+---------+----+----+-----+------+-----+------+-------------+
    |ctype_U  |ctype_RAM_AUTO_1R1W  |        0|  50|   2|    0|     4|   25|     1|          100|
    +---------+---------------------+---------+----+----+-----+------+-----+------+-------------+
    |Total    |                     |        0|  50|   2|    0|     4|   25|     1|          100|
    +---------+---------------------+---------+----+----+-----+------+-----+------+-------------+

    * FIFO: 
    +------------------+---------+----+----+-----+------+-----+---------+
    |       Name       | BRAM_18K| FF | LUT| URAM| Depth| Bits| Size:D*B|
    +------------------+---------+----+----+-----+------+-----+---------+
    |in_local_fifo_U   |        0|  99|   0|    -|     8|   64|      512|
    |out_local_fifo_U  |        0|  99|   0|    -|     1|  100|      100|
    +------------------+---------+----+----+-----+------+-----+---------+
    |Total             |        0| 198|   0|    0|     9|  164|      612|
    +------------------+---------+----+----+-----+------+-----+---------+

    * Expression: 
    +--------------------------------------------------------------------+----------+----+---+----+------------+------------+
    |                            Variable Name                           | Operation| DSP| FF| LUT| Bitwidth P0| Bitwidth P1|
    +--------------------------------------------------------------------+----------+----+---+----+------------+------------+
    |grp_wedrowiec_hls_axi_Pipeline_VITIS_LOOP_31_4_fu_190_out_r_TREADY  |       and|   0|  0|   2|           1|           1|
    |ap_sync_grp_wedrowiec_hls_fu_168_ap_ready                           |        or|   0|  0|   2|           1|           1|
    +--------------------------------------------------------------------+----------+----+---+----+------------+------------+
    |Total                                                               |          |   0|  0|   4|           2|           2|
    +--------------------------------------------------------------------+----------+----+---+----+------------+------------+

    * Multiplexer: 
    +--------------------------+----+-----------+-----+-----------+
    |           Name           | LUT| Input Size| Bits| Total Bits|
    +--------------------------+----+-----------+-----+-----------+
    |ap_NS_fsm                 |  59|         11|    1|         11|
    |ctype_address0            |   9|          2|    2|          4|
    |ctype_address0_local      |  14|          3|    2|          6|
    |ctype_address1_local      |  14|          3|    2|          6|
    |ctype_ce0                 |   9|          2|    1|          2|
    |ctype_d0_local            |  14|          3|   25|         75|
    |ctype_d1_local            |  14|          3|   25|         75|
    |in_local_read             |   9|          2|    1|          2|
    |in_local_write            |   9|          2|    1|          2|
    |in_r_TREADY_int_regslice  |   9|          2|    1|          2|
    |out_local_write           |   9|          2|    1|          2|
    |out_r_TDATA_int_regslice  |   9|          2|   32|         64|
    |out_r_TLAST_int_regslice  |   9|          2|    1|          2|
    +--------------------------+----+-----------+-----+-----------+
    |Total                     | 187|         39|   95|        253|
    +--------------------------+----+-----------+-----+-----------+

    * Register: 
    +--------------------------------------------------------------------+----+----+-----+-----------+
    |                                Name                                | FF | LUT| Bits| Const Bits|
    +--------------------------------------------------------------------+----+----+-----+-----------+
    |ap_CS_fsm                                                           |  10|   0|   10|          0|
    |ap_sync_reg_grp_wedrowiec_hls_fu_168_ap_done                        |   1|   0|    1|          0|
    |ap_sync_reg_grp_wedrowiec_hls_fu_168_ap_ready                       |   1|   0|    1|          0|
    |grp_wedrowiec_hls_axi_Pipeline_VITIS_LOOP_16_1_fu_158_ap_start_reg  |   1|   0|    1|          0|
    |grp_wedrowiec_hls_axi_Pipeline_VITIS_LOOP_31_4_fu_190_ap_start_reg  |   1|   0|    1|          0|
    |grp_wedrowiec_hls_fu_168_ap_start_reg                               |   1|   0|    1|          0|
    |out_r_TDATA_reg                                                     |  32|   0|   32|          0|
    |out_r_TLAST_reg                                                     |   1|   0|    1|          0|
    |trunc_ln30_2_reg_258                                                |  25|   0|   25|          0|
    |trunc_ln30_3_reg_263                                                |  25|   0|   25|          0|
    +--------------------------------------------------------------------+----+----+-----+-----------+
    |Total                                                               |  98|   0|   98|          0|
    +--------------------------------------------------------------------+----+----+-----+-----------+



================================================================
== Interface
================================================================
* Summary: 
+--------------+-----+-----+--------------+-------------------+--------------+
|   RTL Ports  | Dir | Bits|   Protocol   |   Source Object   |    C Type    |
+--------------+-----+-----+--------------+-------------------+--------------+
|ap_clk        |   in|    1|  ap_ctrl_none|  wedrowiec_hls_axi|  return value|
|ap_rst_n      |   in|    1|  ap_ctrl_none|  wedrowiec_hls_axi|  return value|
|in_r_TDATA    |   in|   32|          axis|      in_r_V_data_V|       pointer|
|in_r_TVALID   |   in|    1|          axis|      in_r_V_last_V|       pointer|
|in_r_TREADY   |  out|    1|          axis|      in_r_V_last_V|       pointer|
|in_r_TLAST    |   in|    1|          axis|      in_r_V_last_V|       pointer|
|out_r_TDATA   |  out|   32|          axis|     out_r_V_data_V|       pointer|
|out_r_TVALID  |  out|    1|          axis|     out_r_V_last_V|       pointer|
|out_r_TREADY  |   in|    1|          axis|     out_r_V_last_V|       pointer|
|out_r_TLAST   |  out|    1|          axis|     out_r_V_last_V|       pointer|
+--------------+-----+-----+--------------+-------------------+--------------+

