

================================================================
== Vitis HLS Report for 'wedrowiec_hls'
================================================================
* Date:           Fri May 15 14:04:34 2026

* Version:        2024.2 (Build 5238294 on Nov  8 2024)
* Project:        wedrowiec_hls_prj
* Solution:       solution1 (Vivado IP Flow Target)
* Product family: zynq
* Target device:  xc7z020-clg400-1


================================================================
== Performance Estimates
================================================================
+ Timing: 
    * Summary: 
    +--------+----------+-----------+------------+
    |  Clock |  Target  | Estimated | Uncertainty|
    +--------+----------+-----------+------------+
    |ap_clk  |  20.00 ns|  16.945 ns|     2.50 ns|
    +--------+----------+-----------+------------+

+ Latency: 
    * Summary: 
    +---------+---------+-----------+-----------+------+------+----------+
    |  Latency (cycles) |   Latency (absolute)  |   Interval  | Pipeline |
    |   min   |   max   |    min    |    max    |  min |  max |   Type   |
    +---------+---------+-----------+-----------+------+------+----------+
    |     2062|     2063|  41.240 us|  41.260 us|  2063|  2064|  dataflow|
    +---------+---------+-----------+-----------+------+------+----------+

    + Detail: 
        * Instance: 
        +-----------------------------------------------------------------------+----------------------------------------------------------------------+---------+---------+-----------+-----------+------+------+---------+
        |                                                                       |                                                                      |  Latency (cycles) |   Latency (absolute)  |   Interval  | Pipeline|
        |                                Instance                               |                                Module                                |   min   |   max   |    min    |    max    |  min |  max |   Type  |
        +-----------------------------------------------------------------------+----------------------------------------------------------------------+---------+---------+-----------+-----------+------+------+---------+
        |dense_array_ap_ufixed_8u_array_ap_fixed_25_12_5_3_0_32u_config3_U0     |dense_array_ap_ufixed_8u_array_ap_fixed_25_12_5_3_0_32u_config3_s     |     2062|     2063|  41.240 us|  41.260 us|  2062|  2063|       no|
        |relu_array_ap_fixed_32u_array_ap_fixed_10_4_0_0_0_32u_relu_config4_U0  |relu_array_ap_fixed_32u_array_ap_fixed_10_4_0_0_0_32u_relu_config4_s  |        0|        0|       0 ns|       0 ns|     0|     0|       no|
        |dense_array_ap_fixed_32u_array_ap_fixed_26_14_5_3_0_32u_config5_U0     |dense_array_ap_fixed_32u_array_ap_fixed_26_14_5_3_0_32u_config5_s     |     1026|     1027|  20.520 us|  20.540 us|  1026|  1027|       no|
        |relu_array_ap_fixed_32u_array_ap_fixed_10_4_0_0_0_32u_relu_config6_U0  |relu_array_ap_fixed_32u_array_ap_fixed_10_4_0_0_0_32u_relu_config6_s  |        0|        0|       0 ns|       0 ns|     0|     0|       no|
        |dense_array_ap_fixed_32u_array_ap_fixed_26_14_5_3_0_16u_config7_U0     |dense_array_ap_fixed_32u_array_ap_fixed_26_14_5_3_0_16u_config7_s     |      514|      515|  10.280 us|  10.300 us|   514|   515|       no|
        |relu_array_ap_fixed_16u_array_ap_fixed_10_4_0_0_0_16u_relu_config8_U0  |relu_array_ap_fixed_16u_array_ap_fixed_10_4_0_0_0_16u_relu_config8_s  |        0|        0|       0 ns|       0 ns|     0|     0|       no|
        |dense_array_ap_fixed_16u_array_ap_fixed_25_13_5_3_0_4u_config9_U0      |dense_array_ap_fixed_16u_array_ap_fixed_25_13_5_3_0_4u_config9_s      |       66|       67|   1.320 us|   1.340 us|    66|    67|       no|
        +-----------------------------------------------------------------------+----------------------------------------------------------------------+---------+---------+-----------+-----------+------+------+---------+

        * Loop: 
        N/A



================================================================
== Utilization Estimates
================================================================
* Summary: 
+-----------------+---------+-----+--------+-------+-----+
|       Name      | BRAM_18K| DSP |   FF   |  LUT  | URAM|
+-----------------+---------+-----+--------+-------+-----+
|DSP              |        -|    -|       -|      -|    -|
|Expression       |        -|    -|       0|      2|    -|
|FIFO             |        -|    -|     594|    408|    -|
|Instance         |        7|    4|   10647|  17387|    -|
|Memory           |        -|    -|       -|      -|    -|
|Multiplexer      |        -|    -|       -|      -|    -|
|Register         |        -|    -|       -|      -|    -|
+-----------------+---------+-----+--------+-------+-----+
|Total            |        7|    4|   11241|  17797|    0|
+-----------------+---------+-----+--------+-------+-----+
|Available        |      280|  220|  106400|  53200|    0|
+-----------------+---------+-----+--------+-------+-----+
|Utilization (%)  |        2|    1|      10|     33|    0|
+-----------------+---------+-----+--------+-------+-----+

+ Detail: 
    * Instance: 
    +-----------------------------------------------------------------------+----------------------------------------------------------------------+---------+----+------+------+-----+
    |                                Instance                               |                                Module                                | BRAM_18K| DSP|  FF  |  LUT | URAM|
    +-----------------------------------------------------------------------+----------------------------------------------------------------------+---------+----+------+------+-----+
    |dense_array_ap_fixed_16u_array_ap_fixed_25_13_5_3_0_4u_config9_U0      |dense_array_ap_fixed_16u_array_ap_fixed_25_13_5_3_0_4u_config9_s      |        1|   1|   836|   902|    0|
    |dense_array_ap_fixed_32u_array_ap_fixed_26_14_5_3_0_16u_config7_U0     |dense_array_ap_fixed_32u_array_ap_fixed_26_14_5_3_0_16u_config7_s     |        2|   1|  2269|  1819|    0|
    |dense_array_ap_fixed_32u_array_ap_fixed_26_14_5_3_0_32u_config5_U0     |dense_array_ap_fixed_32u_array_ap_fixed_26_14_5_3_0_32u_config5_s     |        2|   1|  3519|  2630|    0|
    |dense_array_ap_ufixed_8u_array_ap_fixed_25_12_5_3_0_32u_config3_U0     |dense_array_ap_ufixed_8u_array_ap_fixed_25_12_5_3_0_32u_config3_s     |        2|   1|  4014|  3410|    0|
    |relu_array_ap_fixed_16u_array_ap_fixed_10_4_0_0_0_16u_relu_config8_U0  |relu_array_ap_fixed_16u_array_ap_fixed_10_4_0_0_0_16u_relu_config8_s  |        0|   0|     3|  1734|    0|
    |relu_array_ap_fixed_32u_array_ap_fixed_10_4_0_0_0_32u_relu_config4_U0  |relu_array_ap_fixed_32u_array_ap_fixed_10_4_0_0_0_32u_relu_config4_s  |        0|   0|     3|  3462|    0|
    |relu_array_ap_fixed_32u_array_ap_fixed_10_4_0_0_0_32u_relu_config6_U0  |relu_array_ap_fixed_32u_array_ap_fixed_10_4_0_0_0_32u_relu_config6_s  |        0|   0|     3|  3430|    0|
    +-----------------------------------------------------------------------+----------------------------------------------------------------------+---------+----+------+------+-----+
    |Total                                                                  |                                                                      |        7|   4| 10647| 17387|    0|
    +-----------------------------------------------------------------------+----------------------------------------------------------------------+---------+----+------+------+-----+

    * DSP: 
    N/A

    * Memory: 
    N/A

    * FIFO: 
    +--------------+---------+----+----+-----+------+-----+---------+
    |     Name     | BRAM_18K| FF | LUT| URAM| Depth| Bits| Size:D*B|
    +--------------+---------+----+----+-----+------+-----+---------+
    |layer3_out_U  |        0|  99|   0|    -|     1|  800|      800|
    |layer4_out_U  |        0|  99|   0|    -|     1|  320|      320|
    |layer5_out_U  |        0|  99|   0|    -|     1|  832|      832|
    |layer6_out_U  |        0|  99|   0|    -|     1|  320|      320|
    |layer7_out_U  |        0|  99|   0|    -|     1|  416|      416|
    |layer8_out_U  |        0|  99|   0|    -|     1|  160|      160|
    +--------------+---------+----+----+-----+------+-----+---------+
    |Total         |        0| 594|   0|    0|     6| 2848|     2848|
    +--------------+---------+----+----+-----+------+-----+---------+

    * Expression: 
    +--------------+----------+----+---+----+------------+------------+
    | Variable Name| Operation| DSP| FF| LUT| Bitwidth P0| Bitwidth P1|
    +--------------+----------+----+---+----+------------+------------+
    |ap_idle       |       and|   0|  0|   2|           1|           1|
    +--------------+----------+----+---+----+------------+------------+
    |Total         |          |   0|  0|   2|           1|           1|
    +--------------+----------+----+---+----+------------+------------+

    * Multiplexer: 
    N/A

    * Register: 
    N/A



================================================================
== Interface
================================================================
* Summary: 
+------------------+-----+-----+------------+---------------+--------------+
|     RTL Ports    | Dir | Bits|  Protocol  | Source Object |    C Type    |
+------------------+-----+-----+------------+---------------+--------------+
|in_local_dout     |   in|   64|     ap_fifo|       in_local|       pointer|
|in_local_empty_n  |   in|    1|     ap_fifo|       in_local|       pointer|
|in_local_read     |  out|    1|     ap_fifo|       in_local|       pointer|
|out_local_din     |  out|  100|     ap_fifo|      out_local|       pointer|
|out_local_full_n  |   in|    1|     ap_fifo|      out_local|       pointer|
|out_local_write   |  out|    1|     ap_fifo|      out_local|       pointer|
|ap_clk            |   in|    1|  ap_ctrl_hs|  wedrowiec_hls|  return value|
|ap_rst            |   in|    1|  ap_ctrl_hs|  wedrowiec_hls|  return value|
|ap_start          |   in|    1|  ap_ctrl_hs|  wedrowiec_hls|  return value|
|ap_done           |  out|    1|  ap_ctrl_hs|  wedrowiec_hls|  return value|
|ap_ready          |  out|    1|  ap_ctrl_hs|  wedrowiec_hls|  return value|
|ap_idle           |  out|    1|  ap_ctrl_hs|  wedrowiec_hls|  return value|
|ap_continue       |   in|    1|  ap_ctrl_hs|  wedrowiec_hls|  return value|
+------------------+-----+-----+------------+---------------+--------------+

